D/dalvikvm(  797): VFY: replacing opcode 0x6e at 0x0006
I/dalvikvm(  797): Could not find method android.transition.Transition.getTargetNames, referenced from method ly.a
W/dalvikvm(  797): VFY: unable to resolve virtual method 6210: Landroid/transition/Transition;.getTargetNames ()Ljava/util/List;
D/dalvikvm(  797): VFY: replacing opcode 0x6e at 0x000a
I/dalvikvm(  797): Could not find method android.view.ViewParent.onNestedPreFling, referenced from method ly.a
W/dalvikvm(  797): VFY: unable to resolve interface method 6833: Landroid/view/ViewParent;.onNestedPreFling (Landroid/view/View;FF)Z
D/dalvikvm(  797): VFY: replacing opcode 0x72 at 0x0000
I/dalvikvm(  797): Could not find method android.view.ViewParent.onNestedFling, referenced from method ly.a
W/dalvikvm(  797): VFY: unable to resolve interface method 6832: Landroid/view/ViewParent;.onNestedFling (Landroid/view/View;FFZ)Z
D/dalvikvm(  797): VFY: replacing opcode 0x72 at 0x0000
I/dalvikvm(  797): Could not find method android.view.ViewParent.onStartNestedScroll, referenced from method ly.a
W/dalvikvm(  797): VFY: unable to resolve interface method 6837: Landroid/view/ViewParent;.onStartNestedScroll (Landroid/view/View;Landroid/view/View;I)Z
D/dalvikvm(  797): VFY: replacing opcode 0x72 at 0x0000
I/dalvikvm(  797): Could not find method android.widget.EdgeEffect.onPull, referenced from method ly.a
W/dalvikvm(  797): VFY: unable to resolve virtual method 7260: Landroid/widget/EdgeEffect;.onPull (FF)V
D/dalvikvm(  797): VFY: replacing opcode 0x6e at 0x0002
W/dalvikvm(  797): VFY: unable to find class referenced in signature ([Landroid/app/RemoteInput;)
E/dalvikvm(  797): Could not find class 'android.app.RemoteInput[]', referenced from method ly.a
W/dalvikvm(  797): VFY: unable to resolve new-array 14049 ([Landroid/app/RemoteInput;) in Lly;
D/dalvikvm(  797): VFY: replacing opcode 0x23 at 0x0005
I/dalvikvm(  797): Could not find method android.content.Context.getColor, referenced from method ly.b
W/dalvikvm(  797): VFY: unable to resolve virtual method 3237: Landroid/content/Context;.getColor (I)I
D/dalvikvm(  797): VFY: replacing opcode 0x6e at 0x0000
I/dalvikvm(  797): Could not find method android.view.View.getTransitionName, referenced from method ly.b
W/dalvikvm(  797): VFY: unable to resolve virtual method 6583: Landroid/view/View;.getTransitionName ()Ljava/lang/String;
D/dalvikvm(  797): VFY: replacing opcode 0x6e at 0x0000
I/dalvikvm(  797): Could not find method android.view.ViewParent.onNestedScrollAccepted, referenced from method ly.b
W/dalvikvm(  797): VFY: unable to resolve interface method 6836: Landroid/view/ViewParent;.onNestedScrollAccepted (Landroid/view/View;Landroid/view/View;I)V
D/dalvikvm(  797): VFY: replacing opcode 0x72 at 0x0000
E/dalvikvm(  797): Could not find class 'android.media.MediaDescription$Builder', referenced from method ly.b
W/dalvikvm(  797): VFY: unable to resolve check-cast 599 (Landroid/media/MediaDescription$Builder;) in Lly;
D/dalvikvm(  797): VFY: replacing opcode 0x1f at 0x0000
I/dalvikvm(  797): Could not find method android.transition.TransitionSet.getTransitionCount, referenced from method ly.b
W/dalvikvm(  797): VFY: unable to resolve virtual method 6220: Landroid/transition/TransitionSet;.getTransitionCount ()I
D/dalvikvm(  797): VFY: replacing opcode 0x6e at 0x0009
E/dalvikvm(  797): Could not find class 'android.view.accessibility.AccessibilityNodeInfo$AccessibilityAction', referenced from method ly.b
W/dalvikvm(  797): VFY: unable to resolve check-cast 906 (Landroid/view/accessibility/AccessibilityNodeInfo$AccessibilityAction;) in Lly;
D/dalvikvm(  797): VFY: replacing opcode 0x1f at 0x0002
E/dalvikvm(  797): Could not find class 'android.media.MediaDescription', referenced from method ly.c
W/dalvikvm(  797): VFY: unable to resolve check-cast 600 (Landroid/media/MediaDescription;) in Lly;
D/dalvikvm(  797): VFY: replacing opcode 0x1f at 0x0000
I/dalvikvm(  797): Could not find method android.app.AppOpsManager.permissionToOp, referenced from method ly.c
W/dalvikvm(  797): VFY: unable to resolve static method 2962: Landroid/app/AppOpsManager;.permissionToOp (Ljava/lang/String;)Ljava/lang/String;
D/dalvikvm(  797): VFY: replacing opcode 0x71 at 0x0000
E/dalvikvm(  797): Could not find class 'android.media.MediaDescription$Builder', referenced from method ly.c
W/dalvikvm(  797): VFY: unable to resolve check-cast 599 (Landroid/media/MediaDescription$Builder;) in Lly;
D/dalvikvm(  797): VFY: replacing opcode 0x1f at 0x0000
E/dalvikvm(  797): Could not find class 'android.media.MediaDescription', referenced from method ly.d
W/dalvikvm(  797): VFY: unable to resolve check-cast 600 (Landroid/media/MediaDescription;) in Lly;
D/dalvikvm(  797): VFY: replacing opcode 0x1f at 0x0000
E/dalvikvm(  797): Could not find class 'android.media.MediaDescription', referenced from method ly.e
W/dalvikvm(  797): VFY: unable to resolve check-cast 600 (Landroid/media/MediaDescription;) in Lly;
D/dalvikvm(  797): VFY: replacing opcode 0x1f at 0x0000
E/dalvikvm(  797): Could not find class 'android.media.MediaDescription', referenced from method ly.f
W/dalvikvm(  797): VFY: unable to resolve check-cast 600 (Landroid/media/MediaDescription;) in Lly;
D/dalvikvm(  797): VFY: replacing opcode 0x1f at 0x0000
E/dalvikvm(  797): Could not find class 'android.media.MediaDescription', referenced from method ly.g
W/dalvikvm(  797): VFY: unable to resolve check-cast 600 (Landroid/media/MediaDescription;) in Lly;
D/dalvikvm(  797): VFY: replacing opcode 0x1f at 0x0000
E/dalvikvm(  797): Could not find class 'android.media.MediaDescription', referenced from method ly.h
W/dalvikvm(  797): VFY: unable to resolve check-cast 600 (Landroid/media/MediaDescription;) in Lly;
D/dalvikvm(  797): VFY: replacing opcode 0x1f at 0x0000
E/dalvikvm(  797): Could not find class 'android.media.MediaDescription', referenced from method ly.i
W/dalvikvm(  797): VFY: unable to resolve check-cast 600 (Landroid/media/MediaDescription;) in Lly;
D/dalvikvm(  797): VFY: replacing opcode 0x1f at 0x0000
E/dalvikvm(  797): Could not find class 'android.media.MediaDescription$Builder', referenced from method ly.j
W/dalvikvm(  797): VFY: unable to resolve check-cast 599 (Landroid/media/MediaDescription$Builder;) in Lly;
D/dalvikvm(  797): VFY: replacing opcode 0x1f at 0x0000
E/dalvikvm(  797): Could not find class 'android.media.session.MediaController', referenced from method ly.k
W/dalvikvm(  797): VFY: unable to resolve check-cast 624 (Landroid/media/session/MediaController;) in Lly;
D/dalvikvm(  797): VFY: replacing opcode 0x1f at 0x0000
E/dalvikvm(  797): Could not find class 'android.media.session.MediaController', referenced from method ly.l
W/dalvikvm(  797): VFY: unable to resolve check-cast 624 (Landroid/media/session/MediaController;) in Lly;
D/dalvikvm(  797): VFY: replacing opcode 0x1f at 0x0000
E/dalvikvm(  797): Could not find class 'android.media.session.MediaController', referenced from method ly.m
W/dalvikvm(  797): VFY: unable to resolve check-cast 624 (Landroid/media/session/MediaController;) in Lly;
D/dalvikvm(  797): VFY: replacing opcode 0x1f at 0x0000
E/dalvikvm(  797): Could not find class 'android.media.session.MediaController', referenced from method ly.n
W/dalvikvm(  797): VFY: unable to resolve check-cast 624 (Landroid/media/session/MediaController;) in Lly;
D/dalvikvm(  797): VFY: replacing opcode 0x1f at 0x0000
E/dalvikvm(  797): Could not find class 'android.media.session.MediaController$TransportControls', referenced from method ly.o
W/dalvikvm(  797): VFY: unable to resolve check-cast 623 (Landroid/media/session/MediaController$TransportControls;) in Lly;
D/dalvikvm(  797): VFY: replacing opcode 0x1f at 0x0000
E/dalvikvm(  797): Could not find class 'android.media.session.MediaController$TransportControls', referenced from method ly.p
W/dalvikvm(  797): VFY: unable to resolve check-cast 623 (Landroid/media/session/MediaController$TransportControls;) in Lly;
D/dalvikvm(  797): VFY: replacing opcode 0x1f at 0x0000
E/dalvikvm(  797): Could not find class 'android.media.session.PlaybackState', referenced from method ly.q
W/dalvikvm(  797): VFY: unable to resolve check-cast 627 (Landroid/media/session/PlaybackState;) in Lly;
D/dalvikvm(  797): VFY: replacing opcode 0x1f at 0x0000
I/dalvikvm(  797): Could not find method android.content.Context.getNoBackupFilesDir, referenced from method ly.q
W/dalvikvm(  797): VFY: unable to resolve virtual method 3248: Landroid/content/Context;.getNoBackupFilesDir ()Ljava/io/File;
D/dalvikvm(  797): VFY: replacing opcode 0x6e at 0x0006
E/dalvikvm(  797): Could not find class 'android.media.session.PlaybackState', referenced from method ly.r
W/dalvikvm(  797): VFY: unable to resolve check-cast 627 (Landroid/media/session/PlaybackState;) in Lly;
D/dalvikvm(  797): VFY: replacing opcode 0x1f at 0x0000
E/dalvikvm(  797): Could not find class 'android.media.session.PlaybackState', referenced from method ly.s
W/dalvikvm(  797): VFY: unable to resolve check-cast 627 (Landroid/media/session/PlaybackState;) in Lly;
D/dalvikvm(  797): VFY: replacing opcode 0x1f at 0x0000
E/dalvikvm(  797): Could not find class 'android.media.session.PlaybackState', referenced from method ly.t
W/dalvikvm(  797): VFY: unable to resolve check-cast 627 (Landroid/media/session/PlaybackState;) in Lly;
D/dalvikvm(  797): VFY: replacing opcode 0x1f at 0x0000
E/dalvikvm(  797): Could not find class 'android.media.session.PlaybackState', referenced from method ly.u
W/dalvikvm(  797): VFY: unable to resolve check-cast 627 (Landroid/media/session/PlaybackState;) in Lly;
D/dalvikvm(  797): VFY: replacing opcode 0x1f at 0x0000
E/dalvikvm(  797): Could not find class 'android.media.session.PlaybackState', referenced from method ly.v
W/dalvikvm(  797): VFY: unable to resolve check-cast 627 (Landroid/media/session/PlaybackState;) in Lly;
D/dalvikvm(  797): VFY: replacing opcode 0x1f at 0x0000
E/dalvikvm(  797): Could not find class 'android.media.session.PlaybackState', referenced from method ly.w
W/dalvikvm(  797): VFY: unable to resolve check-cast 627 (Landroid/media/session/PlaybackState;) in Lly;
D/dalvikvm(  797): VFY: replacing opcode 0x1f at 0x0000
E/dalvikvm(  797): Could not find class 'android.media.session.PlaybackState', referenced from method ly.x
W/dalvikvm(  797): VFY: unable to resolve check-cast 627 (Landroid/media/session/PlaybackState;) in Lly;
D/dalvikvm(  797): VFY: replacing opcode 0x1f at 0x0000
E/dalvikvm(  797): Could not find class 'android.media.session.PlaybackState', referenced from method ly.y
W/dalvikvm(  797): VFY: unable to resolve check-cast 627 (Landroid/media/session/PlaybackState;) in Lly;
D/dalvikvm(  797): VFY: replacing opcode 0x1f at 0x0000
D/dalvikvm(  536): GC_CONCURRENT freed 1913K, 46% free 9397K/17224K, paused 1ms+1ms, total 19ms
D/dalvikvm(21142): GC_CONCURRENT freed 1871K, 34% free 11399K/17224K, paused 4ms+6ms, total 50ms
D/dalvikvm(21142): WAIT_FOR_CONCURRENT_GC blocked 37ms
D/dalvikvm(  797): DexOpt: unable to opt direct call 0x0bc1 at 0x0e in Lly;.a
D/dalvikvm(  797): DexOpt: unable to opt direct call 0x0f99 at 0x0b in Lly;.a
D/dalvikvm(  797): DexOpt: unable to opt direct call 0x0fc5 at 0x02 in Lly;.a
D/dalvikvm(  797): DexOpt: unable to opt direct call 0x1b08 at 0x02 in Lly;.a
D/dalvikvm(  797): DexOpt: unable to opt direct call 0x1020 at 0x04 in Lly;.a
W/dalvikvm(  797): Unable to resolve superclass of Llx; (622)
W/dalvikvm(  797): Link of class 'Llx;' failed
D/dalvikvm(  797): DexOpt: unable to opt direct call 0xd4db at 0x02 in Lly;.a
D/dalvikvm(  797): DexOpt: unable to opt direct call 0x0bc1 at 0x0e in Lly;.a
W/dalvikvm(  797): Unable to resolve superclass of Lga; (802)
W/dalvikvm(  797): Link of class 'Lga;' failed
D/dalvikvm(  797): DexOpt: unable to opt direct call 0x8768 at 0x04 in Lly;.a
W/dalvikvm(  797): Unable to resolve superclass of Lfy; (802)
W/dalvikvm(  797): Link of class 'Lfy;' failed
D/dalvikvm(  797): DexOpt: unable to opt direct call 0x864b at 0x08 in Lly;.a
D/dalvikvm(  797): DexOpt: unable to opt direct call 0x0c19 at 0x13 in Lly;.a
E/dalvikvm(  797): Could not find class 'android.media.session.PlaybackState$CustomAction', referenced from method fsc.getAction
W/dalvikvm(  797): VFY: unable to resolve check-cast 626 (Landroid/media/session/PlaybackState$CustomAction;) in Lfsc;
D/dalvikvm(  797): VFY: replacing opcode 0x1f at 0x0000
I/dalvikvm(  797): Could not find method android.content.res.Resources.getDrawable, referenced from method fsc.getDrawable
W/dalvikvm(  797): VFY: unable to resolve virtual method 3477: Landroid/content/res/Resources;.getDrawable (ILandroid/content/res/Resources$Theme;)Landroid/graphics/drawable/Drawable;
D/dalvikvm(  797): VFY: replacing opcode 0x6e at 0x0000
E/dalvikvm(  797): Could not find class 'android.media.session.PlaybackState$CustomAction', referenced from method fsc.getExtras
W/dalvikvm(  797): VFY: unable to resolve check-cast 626 (Landroid/media/session/PlaybackState$CustomAction;) in Lfsc;
D/dalvikvm(  797): VFY: replacing opcode 0x1f at 0x0000
E/dalvikvm(  797): Could not find class 'android.media.session.PlaybackState$CustomAction', referenced from method fsc.getIcon
W/dalvikvm(  797): VFY: unable to resolve check-cast 626 (Landroid/media/session/PlaybackState$CustomAction;) in Lfsc;
D/dalvikvm(  797): VFY: replacing opcode 0x1f at 0x0000
E/dalvikvm(  797): Could not find class 'android.media.session.PlaybackState$CustomAction', referenced from method fsc.getName
W/dalvikvm(  797): VFY: unable to resolve check-cast 626 (Landroid/media/session/PlaybackState$CustomAction;) in Lfsc;
D/dalvikvm(  797): VFY: replacing opcode 0x1f at 0x0000
E/dalvikvm(  797): Could not find class 'android.media.MediaMetadata', referenced from method fsc.writeToParcel
W/dalvikvm(  797): VFY: unable to resolve check-cast 601 (Landroid/media/MediaMetadata;) in Lfsc;
D/dalvikvm(  797): VFY: replacing opcode 0x1f at 0x0000
I/iu.FingerprintManager(21142): Start processing media store URI: content://media/external/video/media
I/iu.FingerprintManager(21142): Start processing media store URI: content://media/phoneStorage/images/media
I/iu.FingerprintManager(21142): Start processing media store URI: content://media/phoneStorage/video/media
I/iu.FingerprintManager(21142): Finished generating fingerprints; 1.036 seconds
I/iu.FingerprintManager(21142):   numSeen=1607 numGenerated=1 numDeleted=0 numFailed=0
I/ActivityManager( 1070): Process com.motorola.MotGallery2 (pid 704) has died.
D/dalvikvm(21340): GC_CONCURRENT freed 5357K, 32% free 11755K/17224K, paused 4ms+13ms, total 64ms
I/ActivityManager( 1070): Process com.google.android.apps.uploader (pid 650) has died.
F/ProcessStats( 1070): Starting service ServiceState{449efdc0 com.google.android.wearable.datatransfer.DataSyncService pkg=com.google.android.music proc=449efdc0} without owner
I/Finsky  (21084): [1] com.google.android.finsky.utils.du.onTrimMemory(25): Memory trim requested to level 10
I/dalvikvm(  797): Could not find method android.os.BatteryManager.getIntProperty, referenced from method qtx.a
W/dalvikvm(  797): VFY: unable to resolve virtual method 4285: Landroid/os/BatteryManager;.getIntProperty (I)I
D/dalvikvm(  797): VFY: replacing opcode 0x6e at 0x001a
I/dalvikvm(  797): Could not find method android.os.BatteryManager.isCharging, referenced from method qud.a
W/dalvikvm(  797): VFY: unable to resolve virtual method 4286: Landroid/os/BatteryManager;.isCharging ()Z
D/dalvikvm(  797): VFY: replacing opcode 0x6e at 0x0011
I/dalvikvm(  797): Could not find method android.os.BatteryManager.isCharging, referenced from method qud.a
W/dalvikvm(  797): VFY: unable to resolve virtual method 4286: Landroid/os/BatteryManager;.isCharging ()Z
D/dalvikvm(  797): VFY: replacing opcode 0x6e at 0x0017
I/dalvikvm(  797): Could not find method android.content.pm.PackageManager.getPackageInstaller, referenced from method epb.a
W/dalvikvm(  797): VFY: unable to resolve virtual method 3427: Landroid/content/pm/PackageManager;.getPackageInstaller ()Landroid/content/pm/PackageInstaller;
D/dalvikvm(  797): VFY: replacing opcode 0x6e at 0x000c
I/ActivityManager( 1070): Process com.android.deskclock (pid 32739) has died.
D/dalvikvm( 1070): GC_EXPLICIT freed 1546K, 39% free 30239K/49332K, paused 7ms+16ms, total 168ms
W/dalvikvm(  797): No implementation found for native Lcom/google/android/libraries/social/jni/crashreporter/NativeCrashHandler;.setup:()V
D/dalvikvm(  797): Trying to load lib /data/app-lib/com.google.android.apps.plus-2/libcrashreporterer.so 0x426c08d8
D/dalvikvm(  797): Added shared lib /data/app-lib/com.google.android.apps.plus-2/libcrashreporterer.so 0x426c08d8
I/dalvikvm(  797): Could not find method android.os.PowerManager.isInteractive, referenced from method ocr.onActivityPaused
W/dalvikvm(  797): VFY: unable to resolve virtual method 814: Landroid/os/PowerManager;.isInteractive ()Z
D/dalvikvm(  797): VFY: replacing opcode 0x6e at 0x0020
I/ActivityManager( 1070): Start proc android.process.acore for content provider com.android.providers.contacts/.ContactsProvider2: pid=853 uid=10009 gids={50009, 3003, 1028, 1015, 1023}
E/dalvikvm(  797): Could not find class 'android.media.session.PlaybackState', referenced from method org.chromium.net.CronetEngine$Builder$Pkp.a
W/dalvikvm(  797): VFY: unable to resolve check-cast 627 (Landroid/media/session/PlaybackState;) in Lorg/chromium/net/CronetEngine$Builder$Pkp;
D/dalvikvm(  797): VFY: replacing opcode 0x1f at 0x0000
I/dalvikvm(  797): Could not find method android.view.View.onApplyWindowInsets, referenced from method org.chromium.net.CronetEngine$Builder$Pkp.a
W/dalvikvm(  797): VFY: unable to resolve virtual method 6624: Landroid/view/View;.onApplyWindowInsets (Landroid/view/WindowInsets;)Landroid/view/WindowInsets;
D/dalvikvm(  797): VFY: replacing opcode 0x6e at 0x0009
I/dalvikvm(  797): Could not find method android.view.View.requestApplyInsets, referenced from method org.chromium.net.CronetEngine$Builder$Pkp.a
W/dalvikvm(  797): VFY: unable to resolve virtual method 6645: Landroid/view/View;.requestApplyInsets ()V
D/dalvikvm(  797): VFY: replacing opcode 0x6e at 0x0000
I/dalvikvm(  797): Could not find method android.view.View.setElevation, referenced from method org.chromium.net.CronetEngine$Builder$Pkp.a
W/dalvikvm(  797): VFY: unable to resolve virtual method 6670: Landroid/view/View;.setElevation (F)V
D/dalvikvm(  797): VFY: replacing opcode 0x6e at 0x0000
I/dalvikvm(  797): Could not find method android.view.View.setBackgroundTintList, referenced from method org.chromium.net.CronetEngine$Builder$Pkp.a
W/dalvikvm(  797): VFY: unable to resolve virtual method 6664: Landroid/view/View;.setBackgroundTintList (Landroid/content/res/ColorStateList;)V
D/dalvikvm(  797): VFY: replacing opcode 0x6e at 0x0000
I/dalvikvm(  797): Could not find method android.view.View.setBackgroundTintMode, referenced from method org.chromium.net.CronetEngine$Builder$Pkp.a
W/dalvikvm(  797): VFY: unable to resolve virtual method 6665: Landroid/view/View;.setBackgroundTintMode (Landroid/graphics/PorterDuff$Mode;)V
D/dalvikvm(  797): VFY: replacing opcode 0x6e at 0x0000
I/dalvikvm(  797): Could not find method android.view.View.getElevation, referenced from method org.chromium.net.CronetEngine$Builder$Pkp.b
W/dalvikvm(  797): VFY: unable to resolve virtual method 6544: Landroid/view/View;.getElevation ()F
D/dalvikvm(  797): VFY: replacing opcode 0x6e at 0x0000
I/dalvikvm(  797): Could not find method android.view.View.dispatchApplyWindowInsets, referenced from method org.chromium.net.CronetEngine$Builder$Pkp.b
W/dalvikvm(  797): VFY: unable to resolve virtual method 6524: Landroid/view/View;.dispatchApplyWindowInsets (Landroid/view/WindowInsets;)Landroid/view/WindowInsets;
D/dalvikvm(  797): VFY: replacing opcode 0x6e at 0x0009
I/dalvikvm(  797): Could not find method android.view.View.setOnApplyWindowInsetsListener, referenced from method org.chromium.net.CronetEngine$Builder$Pkp.b
W/dalvikvm(  797): VFY: unable to resolve virtual method 6682: Landroid/view/View;.setOnApplyWindowInsetsListener (Landroid/view/View$OnApplyWindowInsetsListener;)V
D/dalvikvm(  797): VFY: replacing opcode 0x6e at 0x0003
I/dalvikvm(  797): Failed resolving Lrn; interface 367 'Landroid/view/View$OnApplyWindowInsetsListener;'
W/dalvikvm(  797): Link of class 'Lrn;' failed
E/dalvikvm(  797): Could not find class 'rn', referenced from method org.chromium.net.CronetEngine$Builder$Pkp.b
W/dalvikvm(  797): VFY: unable to resolve new-instance 12834 (Lrn;) in Lorg/chromium/net/CronetEngine$Builder$Pkp;
D/dalvikvm(  797): VFY: replacing opcode 0x22 at 0x0007
I/dalvikvm(  797): Could not find method android.view.View.getTranslationZ, referenced from method org.chromium.net.CronetEngine$Builder$Pkp.c
W/dalvikvm(  797): VFY: unable to resolve virtual method 6586: Landroid/view/View;.getTranslationZ ()F
D/dalvikvm(  797): VFY: replacing opcode 0x6e at 0x0000
I/dalvikvm(  797): Could not find method android.view.View.getBackgroundTintList, referenced from method org.chromium.net.CronetEngine$Builder$Pkp.d
W/dalvikvm(  797): VFY: unable to resolve virtual method 6536: Landroid/view/View;.getBackgroundTintList ()Landroid/content/res/ColorStateList;
D/dalvikvm(  797): VFY: replacing opcode 0x6e at 0x0000
I/dalvikvm(  797): Could not find method android.view.View.getBackgroundTintMode, referenced from method org.chromium.net.CronetEngine$Builder$Pkp.e
W/dalvikvm(  797): VFY: unable to resolve virtual method 6537: Landroid/view/View;.getBackgroundTintMode ()Landroid/graphics/PorterDuff$Mode;
D/dalvikvm(  797): VFY: replacing opcode 0x6e at 0x0000
I/dalvikvm(  797): Could not find method android.view.View.isNestedScrollingEnabled, referenced from method org.chromium.net.CronetEngine$Builder$Pkp.f
W/dalvikvm(  797): VFY: unable to resolve virtual method 6613: Landroid/view/View;.isNestedScrollingEnabled ()Z
D/dalvikvm(  797): VFY: replacing opcode 0x6e at 0x0000
I/dalvikvm(  797): Could not find method android.view.View.stopNestedScroll, referenced from method org.chromium.net.CronetEngine$Builder$Pkp.g
W/dalvikvm(  797): VFY: unable to resolve virtual method 6706: Landroid/view/View;.stopNestedScroll ()V
D/dalvikvm(  797): VFY: replacing opcode 0x6e at 0x0000
I/dalvikvm(  797): Could not find method android.view.View.getZ, referenced from method org.chromium.net.CronetEngine$Builder$Pkp.h
W/dalvikvm(  797): VFY: unable to resolve virtual method 6595: Landroid/view/View;.getZ ()F
D/dalvikvm(  797): VFY: replacing opcode 0x6e at 0x0000
I/dalvikvm(  797): Failed resolving Lrn; interface 367 'Landroid/view/View$OnApplyWindowInsetsListener;'
W/dalvikvm(  797): Link of class 'Lrn;' failed
D/dalvikvm(  797): DexOpt: unable to opt direct call 0xf08f at 0x09 in Lorg/chromium/net/CronetEngine$Builder$Pkp;.b
I/ActivityManager( 1070): Start proc in.amazon.mShop.android.shopping for broadcast in.amazon.mShop.android.shopping/com.amazon.clouddrive.library.device.receivers.AutoUploadReceiverProxy: pid=884 uid=10185 gids={50185, 3003, 1028, 1015}
F/ProcessStats( 1070): Starting service ServiceState{449efdc0 com.google.android.wearable.datatransfer.DataSyncService pkg=com.google.android.music proc=449efdc0} without owner
I/ActivityManager( 1070): Process com.android.chrome (pid 725) has died.
F/ProcessStats( 1070): Starting service ServiceState{449efdc0 com.google.android.wearable.datatransfer.DataSyncService pkg=com.google.android.music proc=449efdc0} without owner
I/Finsky  (21084): [1] com.google.android.finsky.utils.du.onTrimMemory(25): Memory trim requested to level 10
I/ActivityManager( 1070): Process com.motorola.genie (pid 745) has died.
I/ContactLocale(  853): AddressBook Labels [en_AU]: [, A, B, C, D, E, F, G, H, I, J, K, L, M, N, O, P, Q, R, S, T, U, V, W, X, Y, Z, , , , , , , , , , , , , , , , , , , , , , , , , , , , , , , , , , , , , , , , , , , , , , , , , , , , , , , , , , , , , , , , , , , , , , , , , , , , , , , , , , , , , , , , , , , , , , , , , , , , , , , , , , , , , , , , , , , , , , , , , , , , , , , , , , , , , , , , , , , , , , , , , , , , , , , , , , , , , , , , , , , , , , , , , , , , , , , , , , , , , , #, ]
V/ApplicationStateListener(  884): Application is created at time: 1471299332862
D/ApkRootDexFileLoader(  884): Found 17 dex files
V/DexElementCompatibility(  884): ElementObjectFileFileDexFile is not the right one for this platform
V/DexElementCompatibility(  884): ElementObjectFileZipFileDexFile is not the right one for this platform
W/dalvikvm(  884): VFY: unable to find class referenced in signature (Landroid/os/PersistableBundle;)
E/dalvikvm(  884): Could not find class 'android.content.RestrictionsManager', referenced from method com.amazon.mShop.parentalControlsService.ParentalControlsServiceImpl.requestPermission
W/dalvikvm(  884): VFY: unable to resolve check-cast 11 (Landroid/content/RestrictionsManager;) in Lcom/amazon/mShop/parentalControlsService/ParentalControlsServiceImpl;
D/dalvikvm(  884): VFY: replacing opcode 0x1f at 0x0006
E/dalvikvm(  884): Could not find class 'android.os.PersistableBundle', referenced from method com.amazon.mShop.parentalControlsService.ParentalControlsServiceImpl.checkForPurchase
W/dalvikvm(  884): VFY: unable to resolve new-instance 25 (Landroid/os/PersistableBundle;) in Lcom/amazon/mShop/parentalControlsService/ParentalControlsServiceImpl;
D/dalvikvm(  884): VFY: replacing opcode 0x22 at 0x0036
E/dalvikvm(  884): Could not find class 'android.os.PersistableBundle', referenced from method com.amazon.mShop.parentalControlsService.ParentalControlsServiceImpl.startAmazonApp
W/dalvikvm(  884): VFY: unable to resolve new-instance 25 (Landroid/os/PersistableBundle;) in Lcom/amazon/mShop/parentalControlsService/ParentalControlsServiceImpl;
D/dalvikvm(  884): VFY: replacing opcode 0x22 at 0x004c
D/dalvikvm(  884): DexOpt: unable to opt direct call 0x002a at 0x38 in Lcom/amazon/mShop/parentalControlsService/ParentalControlsServiceImpl;.checkForPurchase
D/dalvikvm(  884): DexOpt: unable to opt direct call 0x002a at 0x4e in Lcom/amazon/mShop/parentalControlsService/ParentalControlsServiceImpl;.startAmazonApp
I/DPLogger(  884): DPLogger - Name was too long. Truncating; original name: BaseMetricsServiceFactory, truncated name: BaseMetricsServiceFacto
I/DPLogger(  884): DPLogger - Name was too long. Truncating; original name: MetricsConfigurationParser, truncated name: MetricsConfigurationPar
I/MetricsConfigurationPar(  884): MetricsConfigurationParser - Picking configuration; Domain: prod, Build: user, isDebuggable: false
I/DPLogger(  884): DPLogger - Name was too long. Truncating; original name: TComm.HttpClientSrrManager, truncated name: TComm.HttpClientSrrMana
I/DPLogger(  884): DPLogger - Name was too long. Truncating; original name: AndroidDeviceInfoManager, truncated name: AndroidDeviceInfoManage
I/DPLogger(  884): DPLogger - Name was too long. Truncating; original name: Metrics:BoundedByteArrayQueue, truncated name: Metrics:BoundedByteArra
I/DPLogger(  884): DPLogger - Name was too long. Truncating; original name: Metrics:NonVolatileBoundedByteArrayQueue, truncated name: Metrics:NonVolatileBoun
I/DPLogger(  884): DPLogger - Name was too long. Truncating; original name: Metrics:BatchTransmitter, truncated name: Metrics:BatchTransmitte
I/DPLogger(  884): DPLogger - Name was too long. Truncating; original name: Metrics:ThreadPoolBatchTransmitter, truncated name: Metrics:ThreadPoolBatch
I/DPLogger(  884): DPLogger - Name was too long. Truncating; original name: PeriodicBatchTransmitter, truncated name: PeriodicBatchTransmitte
I/DPLogger(  884): DPLogger - Name was too long. Truncating; original name: Metrics:UrgentBatchTransmitter, truncated name: Metrics:UrgentBatchTran
W/BaseMetricsServiceFacto(  884): createMetricsService - Skipping batch pipeline setup for ; RESERVED_FOR_LOCATION_SERVICE:  because no configuration is provided.
I/DPLogger(  884): DPLogger - Name was too long. Truncating; original name: OverridingDeviceInfoManager, truncated name: OverridingDeviceInfoMan
I/Metrics:BatchTransmitte(  884): QueuePusher.sendBatches - Drained batch queue.; Number of HIGH queue batches sent: 0
I/Metrics:BatchTransmitte(  884): QueuePusher.sendBatches - Drained batch queue.; Number of NORMAL queue batches sent: 0
I/Metrics:BatchTransmitte(  884): QueuePusher.sendBatches - Drained batch queue.; Number of RESERVED_FOR_NON_ANONYMOUS_METRICS queue batches sent: 0
I/DPLogger(  884): DPLogger - Name was too long. Truncating; original name: MetricsBroadcastReceiver, truncated name: MetricsBroadcastReceive
I/WebViewSuspensionPolicy(  884): Registering timer controller
D/dalvikvm(  536): GC_CONCURRENT freed 1788K, 45% free 9552K/17224K, paused 1ms+2ms, total 21ms
V/WebViewChromiumFactoryProvider(  884): Binding Chromium to main looper Looper (main, tid 1) {426b9d88}
I/LibraryLoader(  884): Expected native library version number "",actual native library version number ""
I/chromium(  884): [INFO:library_loader_hooks.cc(116)] Chromium logging enabled: level = 0, default verbosity = 0
I/BrowserStartupController(  884): Initializing chromium process, renderers=0
E/AudioManagerAndroid(  884): BLUETOOTH permission is missing!
I/Adreno-EGL(  884): <qeglDrvAPI_eglInitialize:410>: EGL 1.4 QUALCOMM build: AU_LINUX_ANDROID_LNX.LA.3.5.1_RB1.04.04.02.048.018_msm8226_LNX.LA.3.5.1_RB1__release_AU ()
I/Adreno-EGL(  884): OpenGL ES Shader Compiler Version: E031.24.00.08
I/Adreno-EGL(  884): Build Date: 03/07/14 Fri
I/Adreno-EGL(  884): Local Branch: 
I/Adreno-EGL(  884): Remote Branch: quic/LNX.LA.3.5.1_RB1.1
I/Adreno-EGL(  884): Local Patches: NONE
I/Adreno-EGL(  884): Reconstruct Branch: AU_LINUX_ANDROID_LNX.LA.3.5.1_RB1.04.04.02.048.018 + f2fd134 +  NOTHING
W/chromium(  884): [WARNING:proxy_service.cc(890)] PAC support disabled because there is no system implementation
I/CordovaLog(  884): Changing log level to 6
I/...h.device.api.MAPInit(  884): Initializing MAP (130050002 / MAPAndroidLib-1.0.1385.1) for app in.amazon.mShop.android.shopping
V/AmazonApplication(  884): Unable to execute setConfigCallbackForViewRoot on Android Platform4.4.4
I/...ing.PlatformSettings(  884): DCP settings not available; using defaults
D/WifiService( 1070): New client listening to asynchronous messages
I/...ures.FeatureSetCache(  884): Caching feature IsolateApplication as false
I/com.amazon.device.crashmanager.CrashDetectionHelper(  884): Installing crash detector as default exception handler.
I/com.amazon.device.crashmanager.CrashDetectionHelper(  884): Skipping crash report upload. WiFi/Ethernet is not connected AND upload over WAN is not allowed
D/SecondDexEntry(  884): Copying jar has error
D/SecondDexEntry(  884): java.io.FileNotFoundException: dependencies/jarlist.txt
D/SecondDexEntry(  884): 	at android.content.res.AssetManager.openAsset(Native Method)
D/SecondDexEntry(  884): 	at android.content.res.AssetManager.open(AssetManager.java:316)
D/SecondDexEntry(  884): 	at android.content.res.AssetManager.open(AssetManager.java:290)
D/SecondDexEntry(  884): 	at com.amazon.mShop.android.platform.dex.DexUtils.getDexFileListFromAssets(DexUtils.java:115)
D/SecondDexEntry(  884): 	at com.amazon.mShop.android.platform.dex.DexUtils.copyJarsToAppPrivateFolder(DexUtils.java:51)
D/SecondDexEntry(  884): 	at com.amazon.mShop.android.platform.dex.SecondDexEntry.extractDexAndLoad(SecondDexEntry.java:275)
D/SecondDexEntry(  884): 	at com.amazon.mShop.android.platform.dex.SecondDexEntry$ExtractAndFillClassLoader.run(SecondDexEntry.java:300)
D/SecondDexEntry(  884): 	at java.lang.Thread.run(Thread.java:841)
I/...tils.CentralApkUtils(  884): Cannot find amazon authenticator. returning null
I/...tils.CentralApkUtils(  884): No central apk detected. This should be a 3P device.
I/...taStorageFactoryImpl(  884): Creating new DataStorageFactoryImpl
I/...taStorageFactoryImpl(  884): Initializing new DataStorage
I/...DeviceAttributeCache(  884): Setting device attribute CentralAPK to false
I/...taStorageFactoryImpl(  884): Creating and using new DistributedDataStorage
I/...amework.MAPInitTasks(  884): Get DataStorage instance for initialization
I/...amework.MAPInitTasks(  884): Initialize DataStorage instance
I/...amework.MAPInitTasks(  884): Setup DataStorage instance
D/PartnerInitializer(  884): com.amazon.mShop.treasuretruck.TreasureTruckStartUp does not exist in this build
D/PartnerInitializer(  884): com.amazon.mShop.fresh.FreshStartUp does not exist in this build
D/PartnerInitializer(  884): com.amazon.mShop.fling.FlingInitializer does not exist in this build
D/PartnerInitializer(  884): com.amazon.mShop.fling.wishListBottomSheet.WishListBottomSheetInitializer does not exist in this build
D/PartnerInitializer(  884): com.amazon.mShop.alexa.shopping.AlexaShoppingStartUp does not exist in this build
V/ApplicationStateListener(  884): Is Application.onCreate() for foreground: false
I/ActivityManager( 1070): Process com.motorola.contextual.smartrules2 (pid 775) has died.
I/...eAccountPluginHolder(  884): Returning Default multiple profile settings
D/LOADGENERATOR(32684): 
D/LOADGENERATOR(32684):  EventRunner : 
D/AbstractMetricsFactoryImpl(  884): record : No data points in metrics event
E/Cataloger(21174): syncFile:/storage/emulated/0/loadgenerator/logs/Debug_logs
D/LOADGENERATOR(32684): java.lang.NullPointerException
D/LOADGENERATOR(32684):  ConnectionManager Read : Caught an exception 2 in socket read java.lang.NullPointerExceptionThe received data is :null
E/Cataloger(21174): need not sync path:/storage/emulated/0/loadgenerator/logs/Debug_logs
E/Cataloger(21174): syncFile:/storage/emulated/0/loadgenerator/logs/Debug_logs
E/Cataloger(21174): need not sync path:/storage/emulated/0/loadgenerator/logs/Debug_logs
W/ContextImpl( 1693): Calling a method in the system process without a qualified user: android.app.ContextImpl.startService:1608 android.content.ContextWrapper.startService:494 android.content.ContextWrapper.startService:494 com.motorola.motocare.internal.batterystats.BatteryStatsAction.onReceive:33 android.app.ActivityThread.handleReceiver:2434 
D/CCE     ( 2860): App motocare requested CCE to send settings
W/BroadcastQueue( 1070): Permission Denial: broadcasting Intent { act=com.motorola.cce.Actions.CCE_SEND_SETTINGS flg=0x10 (has extras) } from com.motorola.genie (pid=745, uid=10026) is not exported from uid 10033 due to receiver com.motorola.MotGallery2/com.motorola.blur.service.blur.SharedSettingsReceiver
D/DropBoxEntryAddedChimeraService(21142): User is not opted-in to Usage & Diagnostics or Lockbox.
I/FWQAActionReceiver( 1693): Receiver invoked with intent #Intent;action=com.motorola.contextual.actions.Sync;launchFlags=0x30;component=com.motorola.contextual.fw/.actions.ActionReceiver;S.com.motorola.smartactions.intent.extra.EVENT=fire_request;d.com.motorola.smartactions.intent.extra.VERSION=1.0;S.com.motorola.smartactions.intent.extra.REQUEST_ID=com.motorola.smartactions.low_battery.action.1.child.1%3A21;B.com.motorola.smartactions.intent.extra.SAVE_DEFAULT=true;S.com.motorola.smartactions.intent.extra.CONFIG=%23Intent%3Bd.com.motorola.smartactions.intent.extra.CONFIG_VERSION%3D1.0%3BB.state%3Dtrue%3Bend;end
W/ContextImpl( 1693): Calling a method in the system process without a qualified user: android.app.ContextImpl.startService:1608 android.content.ContextWrapper.startService:494 android.content.ContextWrapper.startService:494 com.motorola.contextual.fw.actions.StatefulActionHelper.registerForSettingChanges:81 com.motorola.contextual.fw.actions.Sync.registerForSettingChanges:214 
W/ContextImpl( 1693): Calling a method in the system process without a qualified user: android.app.ContextImpl.startService:1608 android.content.ContextWrapper.startService:494 android.content.ContextWrapper.startService:494 com.motorola.contextual.fw.actions.Utils.writeToDebugService:174 com.motorola.contextual.fw.actions.StatefulAction.setState:261 
I/FWQASync( 1693): removePendingAction
I/FWQASync( 1693): Sync state to be set to true
I/FWQASync( 1693): Old state is true
W/ContextImpl( 1693): Calling a method in the system process without a qualified user: android.app.ContextImpl.startService:1608 android.content.ContextWrapper.startService:494 android.content.ContextWrapper.startService:494 com.motorola.contextual.fw.actions.Utils.writeToDebugService:174 com.motorola.contextual.fw.actions.StatefulAction.setState:278 
I/FWQAActionReceiver( 1693): Sending response intent: #Intent;action=com.motorola.smartactions.intent.action.ACTION_PUBLISHER_EVENT;S.com.motorola.smartactions.intent.extra.EVENT=fire_response;S.com.motorola.smartactions.intent.extra.RESPONSE_ID=com.motorola.smartactions.low_battery.action.1.child.1%3A21;S.com.motorola.smartactions.intent.extra.PUBLISHER_KEY=com.motorola.contextual.actions.Sync;S.com.motorola.smartactions.intent.extra.STATUS=success;end
W/ContextImpl( 1693): Calling a method in the system process without a qualified user: android.app.ContextImpl.sendBroadcast:1252 android.content.ContextWrapper.sendBroadcast:365 android.content.ContextWrapper.sendBroadcast:365 com.motorola.contextual.fw.actions.ActionReceiver.onReceive:80 android.app.ActivityThread.handleReceiver:2434 
I/FWQASettingsService( 1693): In onStartCommand with intent Intent { cmp=com.motorola.contextual.fw/.actions.SettingsService (has extras) }
I/FWQASettingsService( 1693): Setting already registered
W/FWQASettingsService( 1693): Duplicate request
I/FWQADebugService( 1693): MM to QA fire_request com.motorola.contextual.actions.Sync com.motorola.smartactions.low_battery.action.1.child.1:21 1471299334465 
I/ActivityManager( 1070): Start proc com.motorola.contextual.smartrules2 for broadcast com.motorola.contextual.smartrules2/com.motorola.checkin.AnalyticsReceiver: pid=1019 uid=10034 gids={50034, 3003, 1028, 1015, 3001, 3002}
E/ActivityThread( 1693): Failed to find provider info for com.motorola.contextual.analytics
E/FWQADebugQA( 1693): Error: Cannot write to Debug Provider :java.lang.IllegalArgumentException: Unknown URL content://com.motorola.contextual.analytics/debug
I/FWQADebugService( 1693): QA to MM true com.motorola.contextual.actions.Sync com.motorola.smartactions.low_battery.action.1.child.1:21 1471299334465 success
E/ActivityThread( 1693): Failed to find provider info for com.motorola.contextual.analytics
E/FWQADebugQA( 1693): Error: Cannot write to Debug Provider :java.lang.IllegalArgumentException: Unknown URL content://com.motorola.contextual.analytics/debug
I/FWQADebugService( 1693):  onDestroy
D/DropBoxEntryAddedChimeraService(21142): User is not opted-in to Usage & Diagnostics or Lockbox.
D/DropBoxEntryAddedChimeraService(21142): User is not opted-in to Usage & Diagnostics or Lockbox.
D/DropBoxEntryAddedChimeraService(21142): User is not opted-in to Usage & Diagnostics or Lockbox.
D/dalvikvm( 1693): GC_CONCURRENT freed 2081K, 44% free 9707K/17224K, paused 2ms+2ms, total 30ms
D/dalvikvm( 1693): WAIT_FOR_CONCURRENT_GC blocked 27ms
W/ContextImpl( 1693): Calling a method in the system process without a qualified user: android.app.ContextImpl.startService:1608 android.content.ContextWrapper.startService:494 android.content.ContextWrapper.startService:494 com.motorola.motocare.internal.batterystats.BatteryStatsAction.onReceive:33 android.app.ActivityThread.handleReceiver:2434 
D/Checkin ( 1019): publish the event [tag = SMART_ACTIONS event name = ACTION]
D/DropBoxEntryAddedChimeraService(21142): User is not opted-in to Usage & Diagnostics or Lockbox.
D/Checkin ( 1019): publish the event [tag = SMART_ACTIONS event name = ACTION]
D/dalvikvm(21198): GC_EXPLICIT freed 858K, 38% free 10753K/17224K, paused 3ms+5ms, total 43ms
I/ActivityManager( 1070): Process android.process.acore (pid 853) has died.
D/DropBoxEntryAddedChimeraService(21142): User is not opted-in to Usage & Diagnostics or Lockbox.
D/DropBoxEntryAddedChimeraService(21142): User is not opted-in to Usage & Diagnostics or Lockbox.
D/SBar.MSimNetwCntrl( 1146): updateTelephonySignalStrength[1]: iconList[iconLevel]=7f020299/zz_moto_stat_sys_signal_4_fully_wide iconLevel=4 mMSimMobileInetCondition=0 mMSimMobileInetConditionSB=1
D/SBar.MSimNetwCntrl( 1146): updateDataNetType[1]: subscription1 is not DDS(=subscription0)!
D/SBar.MSimNetwCntrl( 1146): updateDataIcon[1]: subscription=1
D/SBar.MSimNetwCntrl( 1146): updateDataIcon[1]: dataSub=0
D/SBar.MSimNetwCntrl( 1146): updateDataIcon[1]: subscription=1 is not DDS.  Clear the mMSimDataConnected Flag and return
I/SBar.MSimNetwCntrl( 1146): notifySignalsChangedCallbacks[1]: isEmergencyOnly(1)=false enabled=true sim=(none)="(empty)" signal=zz_moto_stat_sys_signal_4_wide="Phone signal full." roaming=(none)="Not roaming."
I/SBar.MSimNetwCntrl( 1146):  type=(none)="No data." activity=(none)="(empty)"
I/SBar.MSimNetwCntrl( 1146):  slot=2="2" network="Vodafone IN"
D/dalvikvm( 3306): GC_CONCURRENT freed 1885K, 44% free 9709K/17224K, paused 3ms+6ms, total 25ms
D/DropBoxEntryAddedChimeraService(21142): User is not opted-in to Usage & Diagnostics or Lockbox.
D/DropBoxEntryAddedChimeraService(21142): User is not opted-in to Usage & Diagnostics or Lockbox.
D/dalvikvm( 1693): GC_CONCURRENT freed 2017K, 44% free 9703K/17224K, paused 2ms+2ms, total 22ms
V/AlarmManager( 1070): sending alarm Alarm{44993028 type 3 com.avast.android.mobilesecurity}
D/SBar.MSimNetwCntrl( 1146): updateTelephonySignalStrength[1]: iconList[iconLevel]=7f020299/zz_moto_stat_sys_signal_4_fully_wide iconLevel=4 mMSimMobileInetCondition=0 mMSimMobileInetConditionSB=1
D/SBar.MSimNetwCntrl( 1146): updateDataNetType[1]: subscription1 is not DDS(=subscription0)!
D/SBar.MSimNetwCntrl( 1146): updateDataIcon[1]: subscription=1
D/SBar.MSimNetwCntrl( 1146): updateDataIcon[1]: dataSub=0
D/SBar.MSimNetwCntrl( 1146): updateDataIcon[1]: subscription=1 is not DDS.  Clear the mMSimDataConnected Flag and return
I/SBar.MSimNetwCntrl( 1146): notifySignalsChangedCallbacks[1]: isEmergencyOnly(1)=false enabled=true sim=(none)="(empty)" signal=zz_moto_stat_sys_signal_4_wide="Phone signal full." roaming=(none)="Not roaming."
I/SBar.MSimNetwCntrl( 1146):  type=(none)="No data." activity=(none)="(empty)"
I/SBar.MSimNetwCntrl( 1146):  slot=2="2" network="Vodafone IN"
D/LOADGENERATOR(32684): 
D/LOADGENERATOR(32684):  EventRunner : 
E/Cataloger(21174): syncFile:/storage/emulated/0/loadgenerator/logs/Debug_logs
E/Cataloger(21174): need not sync path:/storage/emulated/0/loadgenerator/logs/Debug_logs
D/LOADGENERATOR(32684): java.lang.NullPointerException
D/LOADGENERATOR(32684):  ConnectionManager Read : Caught an exception 2 in socket read java.lang.NullPointerExceptionThe received data is :null
E/Cataloger(21174): syncFile:/storage/emulated/0/loadgenerator/logs/Debug_logs
E/Cataloger(21174): need not sync path:/storage/emulated/0/loadgenerator/logs/Debug_logs
I/InputReader( 1070): Reconfiguring input devices.  changes=0x00000010
I/PackageManager( 1070): Adding preferred activity ComponentInfo{com.android.mms/com.android.mms.ui.ComposeMessageActivity} for user 0 :
I/PackageManager( 1070):   Action: "android.intent.action.SENDTO"
I/PackageManager( 1070):   Category: "android.intent.category.DEFAULT"
I/PackageManager( 1070):   Scheme: "sms"
I/ActivityManager( 1070): Start proc android.process.acore for broadcast com.android.providers.contacts/.PackageIntentReceiver: pid=1047 uid=10009 gids={50009, 3003, 1028, 1015, 1023}
I/PackageManager( 1070): Adding preferred activity ComponentInfo{com.android.mms/com.android.mms.ui.ComposeMessageActivity} for user 0 :
I/PackageManager( 1070):   Action: "android.intent.action.SENDTO"
I/PackageManager( 1070):   Category: "android.intent.category.DEFAULT"
I/PackageManager( 1070):   Scheme: "smsto"
I/PackageManager( 1070): Adding preferred activity ComponentInfo{com.android.mms/com.android.mms.ui.ComposeMessageActivity} for user 0 :
I/PackageManager( 1070):   Action: "android.intent.action.SENDTO"
I/PackageManager( 1070):   Category: "android.intent.category.DEFAULT"
I/PackageManager( 1070):   Scheme: "mms"
I/Launcher(17885): Deferring update until onResume
I/PackageManager( 1070): Adding preferred activity ComponentInfo{com.android.mms/com.android.mms.ui.ComposeMessageActivity} for user 0 :
I/PackageManager( 1070):   Action: "android.intent.action.SENDTO"
I/PackageManager( 1070):   Category: "android.intent.category.DEFAULT"
I/PackageManager( 1070):   Scheme: "mmsto"
I/PackageManager( 1070): Adding preferred activity ComponentInfo{com.android.mms/com.android.mms.ui.ComposeMessageActivity} for user 0 :
I/PackageManager( 1070):   Action: "android.intent.action.SENDTO"
I/PackageManager( 1070):   Category: "android.intent.category.DEFAULT"
I/PackageManager( 1070):   Scheme: "sms"
I/PackageManager( 1070): Adding preferred activity ComponentInfo{com.android.mms/com.android.mms.ui.ComposeMessageActivity} for user 0 :
I/PackageManager( 1070):   Action: "android.intent.action.SENDTO"
I/PackageManager( 1070):   Category: "android.intent.category.DEFAULT"
I/PackageManager( 1070):   Scheme: "smsto"
I/PackageManager( 1070): Adding preferred activity ComponentInfo{com.android.mms/com.android.mms.ui.ComposeMessageActivity} for user 0 :
I/PackageManager( 1070):   Action: "android.intent.action.SENDTO"
I/PackageManager( 1070):   Category: "android.intent.category.DEFAULT"
I/PackageManager( 1070):   Scheme: "mms"
I/PackageManager( 1070): Adding preferred activity ComponentInfo{com.android.mms/com.android.mms.ui.ComposeMessageActivity} for user 0 :
I/PackageManager( 1070):   Action: "android.intent.action.SENDTO"
I/PackageManager( 1070):   Category: "android.intent.category.DEFAULT"
I/PackageManager( 1070):   Scheme: "mmsto"
I/ActivityManager( 1070): Start proc com.motorola.MotGallery2 for broadcast com.motorola.MotGallery2/com.android.gallery3d.app.PackagesMonitor: pid=1096 uid=10033 gids={50033, 3003, 1028, 1015}
I/ContactLocale( 1047): AddressBook Labels [en_AU]: [, A, B, C, D, E, F, G, H, I, J, K, L, M, N, O, P, Q, R, S, T, U, V, W, X, Y, Z, , , , , , , , , , , , , , , , , , , , , , , , , , , , , , , , , , , , , , , , , , , , , , , , , , , , , , , , , , , , , , , , , , , , , , , , , , , , , , , , , , , , , , , , , , , , , , , , , , , , , , , , , , , , , , , , , , , , , , , , , , , , , , , , , , , , , , , , , , , , , , , , , , , , , , , , , , , , , , , , , , , , , , , , , , , , , , , , , , , , , , #, ]
D/PkgBroadcastIntentOp(21142): Received broadcast action=android.intent.action.PACKAGE_CHANGED and uri=com.motorola.genie
I/ActivityManager( 1070): Start proc com.google.android.googlequicksearchbox:search for broadcast com.google.android.googlequicksearchbox/com.google.android.apps.gsa.search.core.icingsync.IcingCorporaChangedReceiver: pid=1149 uid=10044 gids={50044, 3003, 1028, 3002, 1015}
D/dalvikvm(  271): GC_EXPLICIT freed 43K, 48% free 9012K/17224K, paused 1ms+3ms, total 23ms
D/dalvikvm(  271): GC_EXPLICIT freed <1K, 48% free 9012K/17224K, paused 2ms+3ms, total 19ms
D/dalvikvm(  271): GC_EXPLICIT freed <1K, 48% free 9012K/17224K, paused 1ms+2ms, total 18ms
D/MS_IntentHandler(21142): Package broadcast action=android.intent.action.PACKAGE_CHANGED and uri=com.motorola.genie
D/WearableController(21142): Received broadcast action=android.intent.action.PACKAGE_CHANGED and uri=com.motorola.genie
I/Launcher(17885): Deferring update until onResume
F/ProcessStats( 1070): Starting service ServiceState{449efdc0 com.google.android.wearable.datatransfer.DataSyncService pkg=com.google.android.music proc=449efdc0} without owner
W/IcingInternalCorpora(21142): getNumBytesRead when not calculated.
W/SearchableInfo( 1070): Invalid searchable metadata for com.bt.bms/.activities.GlobalSearchActivity: Search label must be a resource reference.
D/dalvikvm( 1149): DexOpt: couldn't find static field Landroid/os/Build;.SUPPORTED_ABIS
W/dalvikvm( 1149): VFY: unable to resolve static field 266 (SUPPORTED_ABIS) in Landroid/os/Build;
D/dalvikvm( 1149): VFY: replacing opcode 0x62 at 0x0095
I/MultiDex( 1149): VM with version 1.6.0 does not have multidex support
I/MultiDex( 1149): install
I/MultiDex( 1149): MultiDexExtractor.load(/data/app/com.google.android.googlequicksearchbox-2.apk, false)
I/MultiDex( 1149): loading existing secondary dex files
I/MultiDex( 1149): load found 1 secondary dex files
I/MultiDex( 1149): install done
W/SearchableInfo( 1070): Invalid searchable metadata for com.imo.android.imoim/.activities.Searchable: Search label must be a resource reference.
W/dalvikvm( 1149): Unable to resolve superclass of Lcom/google/android/apps/gsa/assist/GsaVoiceInteractionSession; (507)
W/dalvikvm( 1149): Link of class 'Lcom/google/android/apps/gsa/assist/GsaVoiceInteractionSession;' failed
E/dalvikvm( 1149): Could not find class 'com.google.android.apps.gsa.assist.GsaVoiceInteractionSession', referenced from method com.google.android.apps.gsa.assist.GsaVoiceInteractionSession_MembersInjector.at
W/dalvikvm( 1149): VFY: unable to resolve check-cast 3007 (Lcom/google/android/apps/gsa/assist/GsaVoiceInteractionSession;) in Lcom/google/android/apps/gsa/assist/GsaVoiceInteractionSession_MembersInjector;
D/dalvikvm( 1149): VFY: replacing opcode 0x1f at 0x0000
W/dalvikvm( 1149): Unable to resolve superclass of Lcom/google/android/apps/gsa/assist/GsaVoiceInteractionSession; (507)
W/dalvikvm( 1149): Link of class 'Lcom/google/android/apps/gsa/assist/GsaVoiceInteractionSession;' failed
I/dalvikvm( 1149): DexOpt: unable to optimize instance field ref 0x26a2 at 0x14 in Lcom/google/android/apps/gsa/assist/GsaVoiceInteractionSession_MembersInjector;.at
W/dalvikvm( 1149): Unable to resolve superclass of Lcom/google/android/apps/gsa/assist/GsaVoiceInteractionSession; (507)
W/dalvikvm( 1149): Link of class 'Lcom/google/android/apps/gsa/assist/GsaVoiceInteractionSession;' failed
I/dalvikvm( 1149): DexOpt: unable to optimize instance field ref 0x269e at 0x1e in Lcom/google/android/apps/gsa/assist/GsaVoiceInteractionSession_MembersInjector;.at
W/dalvikvm( 1149): Unable to resolve superclass of Lcom/google/android/apps/gsa/assist/GsaVoiceInteractionSession; (507)
