I/GAv4    (11051): Google Analytics 8.2.98 is starting up. To enable debug logging on a device run:
I/GAv4    (11051):   adb shell setprop log.tag.GAv4 DEBUG
I/GAv4    (11051):   adb logcat -s GAv4
W/GAv4    (11051): CampaignTrackingReceiver is not registered, not exported or is disabled. Installation campaign tracking is not possible. See http://goo.gl/8Rd3yj for instructions.
I/CrashlyticsCore(11051): Initializing Crashlytics 2.3.8.97
D/dalvikvm( 1636): GC_EXPLICIT freed 1716K, 26% free 12852K/17224K, paused 4ms+16ms, total 78ms
W/GCoreFlp( 1636): No location to return for getLastLocation()
I/dalvikvm(11051): Total arena pages for JIT: 11
I/dalvikvm(11051): Total arena pages for JIT: 12
I/dalvikvm(11051): Total arena pages for JIT: 13
I/dalvikvm(11051): Total arena pages for JIT: 14
I/dalvikvm(11051): Total arena pages for JIT: 15
I/dalvikvm(11051): Total arena pages for JIT: 16
I/dalvikvm(11051): Total arena pages for JIT: 17
I/dalvikvm(11051): Total arena pages for JIT: 18
I/dalvikvm(11051): Total arena pages for JIT: 19
I/dalvikvm(11051): Total arena pages for JIT: 20
I/dalvikvm(11051): Total arena pages for JIT: 21
I/dalvikvm(11051): Total arena pages for JIT: 22
I/dalvikvm(11051): Total arena pages for JIT: 23
I/dalvikvm(11051): Total arena pages for JIT: 24
I/dalvikvm(11051): Total arena pages for JIT: 25
I/dalvikvm(11051): Total arena pages for JIT: 26
I/dalvikvm(11051): Total arena pages for JIT: 27
I/dalvikvm(11051): Total arena pages for JIT: 28
I/dalvikvm(11051): Total arena pages for JIT: 29
I/dalvikvm(11051): Total arena pages for JIT: 30
I/dalvikvm(11051): Total arena pages for JIT: 31
I/dalvikvm(11051): Total arena pages for JIT: 32
I/dalvikvm(11051): Total arena pages for JIT: 33
I/dalvikvm(11051): Total arena pages for JIT: 34
I/dalvikvm(11051): Total arena pages for JIT: 35
I/dalvikvm(11051): Total arena pages for JIT: 36
I/dalvikvm(11051): Total arena pages for JIT: 37
I/dalvikvm(11051): Total arena pages for JIT: 38
I/dalvikvm(11051): Total arena pages for JIT: 39
I/dalvikvm(11051): Total arena pages for JIT: 40
I/dalvikvm(11051): Total arena pages for JIT: 41
I/dalvikvm(11051): Total arena pages for JIT: 42
I/dalvikvm(11051): Total arena pages for JIT: 43
I/dalvikvm(11051): Total arena pages for JIT: 44
I/dalvikvm(11051): Total arena pages for JIT: 45
D/TCMD    (  491): NL - Read 56 bytes from update socket.
D/TCMD    (  491): NL - message type is RTM_NEWLINK
D/TCMD    (  491): Listening for incoming client connection request
D/MDMCTBK (  419): reply_len: 40 reply is = IFNAME=wlan0 <3>CTRL-EVENT-BSS-REMOVED 5
D/MDMCTBK (  419): Event received = CTRL-EVENT-BSS-REMOVED 5
D/MDMCTBK (  419): reply_len: 40 reply is = IFNAME=wlan0 <3>CTRL-EVENT-BSS-REMOVED 5
D/MDMCTBK (  419): Event received = CTRL-EVENT-BSS-REMOVED 5
D/MDMCTBK (  419): reply_len: 40 reply is = IFNAME=wlan0 <3>CTRL-EVENT-BSS-REMOVED 5
D/MDMCTBK (  419): Event received = CTRL-EVENT-BSS-REMOVED 5
D/MDMCTBK (  419): reply_len: 40 reply is = IFNAME=wlan0 <3>CTRL-EVENT-SCAN-RESULTS 
D/MDMCTBK (  419): Event received = CTRL-EVENT-SCAN-RESULTS 
D/WifiStateMachine( 1070): handleMessage: E msg.what=147461
D/WifiStateMachine( 1070): processMsg: ConnectedState
D/WifiStateMachine( 1070): processMsg: L2ConnectedState
D/WifiStateMachine( 1070): processMsg: ConnectModeState
D/WifiStateMachine( 1070): processMsg: DriverStartedState
D/WifiStateMachine( 1070): processMsg: SupplicantStartedState
D/WifiStateMachine( 1070): handleMessage: X
I/dalvikvm(11051): Could not find method android.content.Context.checkSelfPermission, referenced from method com.freshdesk.hotline.util.p.j
W/dalvikvm(11051): VFY: unable to resolve virtual method 566: Landroid/content/Context;.checkSelfPermission (Ljava/lang/String;)I
D/dalvikvm(11051): VFY: replacing opcode 0x6e at 0x000c
D/LOADGENERATOR(28095):  WiFiScan : 
E/Cataloger( 1866): syncFile:/storage/emulated/0/loadgenerator/logs/Debug_logs
E/Cataloger( 1866): need not sync path:/storage/emulated/0/loadgenerator/logs/Debug_logs
D/LOADGENERATOR(28095):  ***************** f4:f1:e1:51:47:ef
D/LOADGENERATOR(28095):  ############### new mac for version 6..F4:F1:E1:51:47:EF
D/LOADGENERATOR(28095):  ConnectionManager Write: Length : 691 Data :{"port":"","processorSpeed":"1190","bssid":"18:64:72:6a:f3:90","linkSpeed":"65","bssidList":"ABC, 98:fc:11:b1:0a:64, -89;IITB-Wireless, 18:64:72:6a:f3:90, -50;eduroam, 18:64:72:6a:f3:91, -51;IITB-Wireless, 18:64:72:6a:fb:40, -52;eduroam, 18:64:72:6a:fb:41, -52;IITB-Guest, 18:64:72:6a:f3:92, -51;IITB-Guest, 18:64:72:6a:fb:42, -52;eduroam, 18:64:72:6a:fb:21, -81;Researchlab, 20:aa:4b:cb:dc:f0, -79;IITB-Guest, 18:64:72:6a:fb:22, -76;IITB-Wireless, 18:64:72:6a:fb:20, -78;, 18:64:72:6a:fb:43, -68;, 18:64:72:6a:f3:93, -52;","action":"heartBeat","ssid":"IITB-Wireless","rssi":"-50","macAddress":"f4:f1:e1:51:47:ef","numberOfCores":"4","memory":"882","storageSpace":"-242","ip":"10.196.19.53"} Caught an exception 2 while writing to Socketjava.lang.NullPointerException
D/LOADGENERATOR(28095):  response Code : -1
E/Cataloger( 1866): syncFile:/storage/emulated/0/loadgenerator/logs/Debug_logs
E/Cataloger( 1866): need not sync path:/storage/emulated/0/loadgenerator/logs/Debug_logs
E/Cataloger( 1866): syncFile:/storage/emulated/0/loadgenerator/logs/Debug_logs
E/Cataloger( 1866): need not sync path:/storage/emulated/0/loadgenerator/logs/Debug_logs
I/HOTLINE_SERVICE(11051): Now Processing HandleBacklogRequest
I/HOTLINE_SERVICE(11051): Now Processing InitializeRequest
I/HOTLINE_SERVICE(11051): Now Processing FetchChannelsRequest
I/HOTLINE_SERVICE(11051): Now Processing FetchMessagesRequest
D/LOADGENERATOR(28095): 
D/LOADGENERATOR(28095):  EventRunner : 
E/Cataloger( 1866): syncFile:/storage/emulated/0/loadgenerator/logs/Debug_logs
E/Cataloger( 1866): need not sync path:/storage/emulated/0/loadgenerator/logs/Debug_logs
I/HOTLINE_SERVICE(11051): Now Processing FetchSolutionsRequest
I/HOTLINE_SERVICE(11051): Now Processing UpdateVersionRequest
D/dalvikvm( 3987): GC_CONCURRENT freed 2362K, 28% free 16047K/22080K, paused 7ms+3ms, total 51ms
I/HOTLINE_SERVICE(11051): Now Processing AlarmSetupRequest
I/ActivityManager( 1070): Process com.application.zomato (pid 11051) has died.
E/Cataloger( 1866): syncFile:/storage/emulated/0/Android/data/com.application.zomato/cache/uil-images/journal
E/Cataloger( 1866): need not sync path:/storage/emulated/0/Android/data/com.application.zomato/cache/uil-images/journal
V/AlarmManager( 1070): sending alarm Alarm{43418010 type 0 com.application.zomato}
V/AlarmManager( 1070): sending alarm Alarm{438854c8 type 0 com.android.email}
I/ActivityManager( 1070): Start proc com.application.zomato for broadcast com.application.zomato/com.freshdesk.hotline.receiver.HotlineReceiver: pid=11204 uid=10125 gids={50125, 3003, 1028, 1015}
I/MultiDex(11204): VM with version 1.6.0 does not have multidex support
I/MultiDex(11204): install
I/MultiDex(11204): MultiDexExtractor.load(/data/app/com.application.zomato-1.apk, false)
I/MultiDex(11204): loading existing secondary dex files
I/MultiDex(11204): load found 1 secondary dex files
I/MultiDex(11204): install done
I/dalvikvm(11204): Could not find method android.app.Notification$Builder.setLocalOnly, referenced from method com.google.android.gms.common.GooglePlayServicesUtil.zza
W/dalvikvm(11204): VFY: unable to resolve virtual method 422: Landroid/app/Notification$Builder;.setLocalOnly (Z)Landroid/app/Notification$Builder;
D/dalvikvm(11204): VFY: replacing opcode 0x6e at 0x00c8
I/dalvikvm(11204): Could not find method android.content.pm.PackageManager.getPackageInstaller, referenced from method com.google.android.gms.common.GooglePlayServicesUtil.zzh
W/dalvikvm(11204): VFY: unable to resolve virtual method 740: Landroid/content/pm/PackageManager;.getPackageInstaller ()Landroid/content/pm/PackageInstaller;
D/dalvikvm(11204): VFY: replacing opcode 0x6e at 0x000b
I/GMPM    (11204): App measurement is starting up
I/Email   ( 2633): Error loading attachment
I/Email   ( 2633): com.android.emailcommon.mail.MessagingException: java.net.SocketTimeoutException: failed to connect to imap.gmail.com/74.125.68.109 (port 993) after 10000ms
I/Email   ( 2633): 	at com.android.email.mail.transport.MailTransport.open(MailTransport.java:136)
I/Email   ( 2633): 	at com.android.email.mail.store.ImapConnection.open(ImapConnection.java:108)
I/Email   ( 2633): 	at com.android.email.mail.store.ImapConnection.sendCommand(ImapConnection.java:241)
I/Email   ( 2633): 	at com.android.email.mail.store.ImapConnection.executeSimpleCommand(ImapConnection.java:323)
I/Email   ( 2633): 	at com.android.email.mail.store.ImapConnection.executeSimpleCommand(ImapConnection.java:285)
I/Email   ( 2633): 	at com.android.email.mail.store.ImapFolder.doSelect(ImapFolder.java:1195)
I/Email   ( 2633): 	at com.android.email.mail.store.ImapFolder.open(ImapFolder.java:130)
I/Email   ( 2633): 	at com.android.email.service.EmailServiceStub.loadAttachment(EmailServiceStub.java:188)
I/Email   ( 2633): 	at com.android.emailcommon.service.EmailServiceProxy$1.run(EmailServiceProxy.java:124)
I/Email   ( 2633): 	at com.android.emailcommon.service.ServiceProxy$ProxyConnection$1.doInBackground(ServiceProxy.java:114)
I/Email   ( 2633): 	at com.android.emailcommon.service.ServiceProxy$ProxyConnection$1.doInBackground(ServiceProxy.java:110)
I/Email   ( 2633): 	at android.os.AsyncTask$2.call(AsyncTask.java:288)
I/Email   ( 2633): 	at java.util.concurrent.FutureTask.run(FutureTask.java:237)
I/Email   ( 2633): 	at android.os.AsyncTask$SerialExecutor$1.run(AsyncTask.java:231)
I/Email   ( 2633): 	at java.util.concurrent.ThreadPoolExecutor.runWorker(ThreadPoolExecutor.java:1112)
I/Email   ( 2633): 	at java.util.concurrent.ThreadPoolExecutor$Worker.run(ThreadPoolExecutor.java:587)
I/Email   ( 2633): 	at java.lang.Thread.run(Thread.java:841)
I/GAv4    (11204): Google Analytics 8.2.98 is starting up. To enable debug logging on a device run:
I/GAv4    (11204):   adb shell setprop log.tag.GAv4 DEBUG
I/GAv4    (11204):   adb logcat -s GAv4
W/GAv4    (11204): CampaignTrackingReceiver is not registered, not exported or is disabled. Installation campaign tracking is not possible. See http://goo.gl/8Rd3yj for instructions.
W/GCoreFlp( 1636): No location to return for getLastLocation()
D/dalvikvm(28095): GC_FOR_ALLOC freed 2094K, 47% free 9151K/17224K, paused 19ms, total 20ms
D/Utils   (28095): Exceptionwhile creating a new connectionjava.net.ConnectException: failed to connect to /10.129.26.217 (port 8001): connect failed: EHOSTUNREACH (No route to host)
D/Utils New COnnection :(28095): I am in post Exceute
D/LOADGENERATOR(28095): java.lang.NullPointerException
D/LOADGENERATOR(28095):  ConnectionManager Read : Caught an exception 2 in socket read java.lang.NullPointerExceptionThe received data is :null
E/Cataloger( 1866): syncFile:/storage/emulated/0/loadgenerator/logs/Debug_logs
E/Cataloger( 1866): need not sync path:/storage/emulated/0/loadgenerator/logs/Debug_logs
I/CrashlyticsCore(11204): Initializing Crashlytics 2.3.8.97
I/dalvikvm(11204): Could not find method android.content.Context.checkSelfPermission, referenced from method com.freshdesk.hotline.util.p.j
W/dalvikvm(11204): VFY: unable to resolve virtual method 566: Landroid/content/Context;.checkSelfPermission (Ljava/lang/String;)I
D/dalvikvm(11204): VFY: replacing opcode 0x6e at 0x000c
I/HOTLINE_SERVICE(11204): Now Processing HandleBacklogRequest
I/dalvikvm(11204): Total arena pages for JIT: 11
I/dalvikvm(11204): Total arena pages for JIT: 12
I/dalvikvm(11204): Total arena pages for JIT: 13
I/dalvikvm(11204): Total arena pages for JIT: 14
I/HOTLINE_SERVICE(11204): Now Processing InitializeRequest
I/HOTLINE_SERVICE(11204): Now Processing FetchChannelsRequest
I/HOTLINE_SERVICE(11204): Now Processing FetchMessagesRequest
I/HOTLINE_SERVICE(11204): Now Processing FetchSolutionsRequest
I/HOTLINE_SERVICE(11204): Now Processing UpdateVersionRequest
I/HOTLINE_SERVICE(11204): Now Processing AlarmSetupRequest
I/ActivityManager( 1070): Process com.application.zomato (pid 11204) has died.
E/Cataloger( 1866): syncFile:/storage/emulated/0/Android/data/com.application.zomato/cache/uil-images/journal
E/Cataloger( 1866): need not sync path:/storage/emulated/0/Android/data/com.application.zomato/cache/uil-images/journal
D/MobileDataStateTracker( 1070): default: setPolicyDataEnable(enabled=true)
D/LOADGENERATOR(28095): 
D/LOADGENERATOR(28095):  EventRunner : 
E/Cataloger( 1866): syncFile:/storage/emulated/0/loadgenerator/logs/Debug_logs
E/Cataloger( 1866): need not sync path:/storage/emulated/0/loadgenerator/logs/Debug_logs
D/LOADGENERATOR(28095): java.lang.NullPointerException
D/LOADGENERATOR(28095):  ConnectionManager Read : Caught an exception 2 in socket read java.lang.NullPointerExceptionThe received data is :null
E/Cataloger( 1866): syncFile:/storage/emulated/0/loadgenerator/logs/Debug_logs
E/Cataloger( 1866): need not sync path:/storage/emulated/0/loadgenerator/logs/Debug_logs
W/System.err(28095): java.net.ConnectException: failed to connect to /10.129.26.217 (port 8001): connect failed: EHOSTUNREACH (No route to host)
W/System.err(28095): 	at libcore.io.IoBridge.connect(IoBridge.java:114)
W/System.err(28095): 	at java.net.PlainSocketImpl.connect(PlainSocketImpl.java:192)
W/System.err(28095): 	at java.net.PlainSocketImpl.connect(PlainSocketImpl.java:172)
W/System.err(28095): 	at java.net.Socket.startupSocket(Socket.java:566)
W/System.err(28095): 	at java.net.Socket.tryAllAddresses(Socket.java:128)
W/System.err(28095): 	at java.net.Socket.<init>(Socket.java:178)
W/System.err(28095): 	at java.net.Socket.<init>(Socket.java:150)
W/System.err(28095): 	at com.iitb.loadgen.WifiScan$1.run(WifiScan.java:64)
W/System.err(28095): Caused by: libcore.io.ErrnoException: connect failed: EHOSTUNREACH (No route to host)
W/System.err(28095): 	at libcore.io.Posix.connect(Native Method)
W/System.err(28095): 	at libcore.io.BlockGuardOs.connect(BlockGuardOs.java:85)
W/System.err(28095): 	at libcore.io.IoBridge.connectErrno(IoBridge.java:127)
W/System.err(28095): 	at libcore.io.IoBridge.connect(IoBridge.java:112)
W/System.err(28095): 	... 7 more
E/Cataloger( 1866): syncFile:/storage/emulated/0/loadgenerator/logs/Debug_logs
E/Cataloger( 1866): need not sync path:/storage/emulated/0/loadgenerator/logs/Debug_logs
D/LOADGENERATOR(28095): WiFiScan : Sending Device Info Thread Status Code-1
D/LOADGENERATOR(28095):  Exception handling while creating a new connectionjava.net.ConnectException: failed to connect to /10.129.26.217 (port 8001): connect failed: EHOSTUNREACH (No route to host)
V/AlarmManager( 1070): sending alarm Alarm{431aea00 type 0 com.application.zomato}
V/AlarmManager( 1070): sending alarm Alarm{432b5b68 type 0 com.android.email}
I/ActivityManager( 1070): Start proc com.application.zomato for broadcast com.application.zomato/com.freshdesk.hotline.receiver.HotlineReceiver: pid=11435 uid=10125 gids={50125, 3003, 1028, 1015}
D/dalvikvm(  271): GC_EXPLICIT freed 42K, 48% free 9012K/17224K, paused 2ms+3ms, total 43ms
I/MultiDex(11435): VM with version 1.6.0 does not have multidex support
I/MultiDex(11435): install
I/MultiDex(11435): MultiDexExtractor.load(/data/app/com.application.zomato-1.apk, false)
I/MultiDex(11435): loading existing secondary dex files
I/MultiDex(11435): load found 1 secondary dex files
I/MultiDex(11435): install done
D/dalvikvm(  271): GC_EXPLICIT freed <1K, 48% free 9012K/17224K, paused 1ms+2ms, total 38ms
I/dalvikvm(11435): Could not find method android.app.Notification$Builder.setLocalOnly, referenced from method com.google.android.gms.common.GooglePlayServicesUtil.zza
W/dalvikvm(11435): VFY: unable to resolve virtual method 422: Landroid/app/Notification$Builder;.setLocalOnly (Z)Landroid/app/Notification$Builder;
D/dalvikvm(11435): VFY: replacing opcode 0x6e at 0x00c8
D/dalvikvm(  271): GC_EXPLICIT freed <1K, 48% free 9012K/17224K, paused 1ms+3ms, total 32ms
I/dalvikvm(11435): Could not find method android.content.pm.PackageManager.getPackageInstaller, referenced from method com.google.android.gms.common.GooglePlayServicesUtil.zzh
D/LOADGENERATOR(28095): 
D/LOADGENERATOR(28095):  EventRunner : 
W/dalvikvm(11435): VFY: unable to resolve virtual method 740: Landroid/content/pm/PackageManager;.getPackageInstaller ()Landroid/content/pm/PackageInstaller;
D/dalvikvm(11435): VFY: replacing opcode 0x6e at 0x000b
E/Cataloger( 1866): syncFile:/storage/emulated/0/loadgenerator/logs/Debug_logs
E/Cataloger( 1866): need not sync path:/storage/emulated/0/loadgenerator/logs/Debug_logs
D/LOADGENERATOR(28095): java.lang.NullPointerException
D/LOADGENERATOR(28095):  ConnectionManager Read : Caught an exception 2 in socket read java.lang.NullPointerExceptionThe received data is :null
E/Cataloger( 1866): syncFile:/storage/emulated/0/loadgenerator/logs/Debug_logs
E/Cataloger( 1866): need not sync path:/storage/emulated/0/loadgenerator/logs/Debug_logs
I/GMPM    (11435): App measurement is starting up
I/GAv4    (11435): Google Analytics 8.2.98 is starting up. To enable debug logging on a device run:
I/GAv4    (11435):   adb shell setprop log.tag.GAv4 DEBUG
I/GAv4    (11435):   adb logcat -s GAv4
W/GAv4    (11435): CampaignTrackingReceiver is not registered, not exported or is disabled. Installation campaign tracking is not possible. See http://goo.gl/8Rd3yj for instructions.
W/GCoreFlp( 1636): No location to return for getLastLocation()
I/CrashlyticsCore(11435): Initializing Crashlytics 2.3.8.97
D/dalvikvm(18078): GC_CONCURRENT freed 2026K, 31% free 12047K/17224K, paused 5ms+5ms, total 80ms
I/dalvikvm(11435): Total arena pages for JIT: 11
I/dalvikvm(11435): Total arena pages for JIT: 12
I/dalvikvm(11435): Total arena pages for JIT: 13
I/dalvikvm(11435): Total arena pages for JIT: 14
I/dalvikvm(11435): Total arena pages for JIT: 15
I/dalvikvm(11435): Total arena pages for JIT: 16
I/dalvikvm(11435): Total arena pages for JIT: 17
I/dalvikvm(11435): Total arena pages for JIT: 18
I/dalvikvm(11435): Total arena pages for JIT: 19
I/dalvikvm(11435): Total arena pages for JIT: 20
I/dalvikvm(11435): Total arena pages for JIT: 21
I/dalvikvm(11435): Total arena pages for JIT: 22
I/dalvikvm(11435): Total arena pages for JIT: 23
I/dalvikvm(11435): Total arena pages for JIT: 24
I/dalvikvm(11435): Total arena pages for JIT: 25
I/dalvikvm(11435): Total arena pages for JIT: 26
I/dalvikvm(11435): Total arena pages for JIT: 27
I/dalvikvm(11435): Total arena pages for JIT: 28
I/dalvikvm(11435): Total arena pages for JIT: 29
I/dalvikvm(11435): Total arena pages for JIT: 30
I/dalvikvm(11435): Total arena pages for JIT: 31
I/dalvikvm(11435): Total arena pages for JIT: 32
I/dalvikvm(11435): Total arena pages for JIT: 33
I/dalvikvm(11435): Total arena pages for JIT: 34
I/dalvikvm(11435): Total arena pages for JIT: 35
I/dalvikvm(11435): Total arena pages for JIT: 36
I/dalvikvm(11435): Total arena pages for JIT: 37
I/dalvikvm(11435): Total arena pages for JIT: 38
I/dalvikvm(11435): Total arena pages for JIT: 39
I/dalvikvm(11435): Total arena pages for JIT: 40
I/dalvikvm(11435): Total arena pages for JIT: 41
I/dalvikvm(11435): Total arena pages for JIT: 42
I/dalvikvm(11435): Total arena pages for JIT: 43
I/dalvikvm(11435): Total arena pages for JIT: 44
I/dalvikvm(11435): Total arena pages for JIT: 45
I/dalvikvm(11435): Could not find method android.content.Context.checkSelfPermission, referenced from method com.freshdesk.hotline.util.p.j
W/dalvikvm(11435): VFY: unable to resolve virtual method 566: Landroid/content/Context;.checkSelfPermission (Ljava/lang/String;)I
D/dalvikvm(11435): VFY: replacing opcode 0x6e at 0x000c
I/HOTLINE_SERVICE(11435): Now Processing HandleBacklogRequest
I/HOTLINE_SERVICE(11435): Now Processing InitializeRequest
I/HOTLINE_SERVICE(11435): Now Processing FetchChannelsRequest
I/HOTLINE_SERVICE(11435): Now Processing FetchMessagesRequest
I/HOTLINE_SERVICE(11435): Now Processing FetchSolutionsRequest
I/HOTLINE_SERVICE(11435): Now Processing UpdateVersionRequest
I/HOTLINE_SERVICE(11435): Now Processing AlarmSetupRequest
I/ActivityManager( 1070): Process com.application.zomato (pid 11435) has died.
E/Cataloger( 1866): syncFile:/storage/emulated/0/Android/data/com.application.zomato/cache/uil-images/journal
E/Cataloger( 1866): need not sync path:/storage/emulated/0/Android/data/com.application.zomato/cache/uil-images/journal
D/LOADGENERATOR(28095): 
D/LOADGENERATOR(28095):  EventRunner : 
E/Cataloger( 1866): syncFile:/storage/emulated/0/loadgenerator/logs/Debug_logs
E/Cataloger( 1866): need not sync path:/storage/emulated/0/loadgenerator/logs/Debug_logs
D/LOADGENERATOR(28095): java.lang.NullPointerException
D/LOADGENERATOR(28095):  ConnectionManager Read : Caught an exception 2 in socket read java.lang.NullPointerExceptionThe received data is :null
E/Cataloger( 1866): syncFile:/storage/emulated/0/loadgenerator/logs/Debug_logs
E/Cataloger( 1866): need not sync path:/storage/emulated/0/loadgenerator/logs/Debug_logs
V/AlarmManager( 1070): sending alarm Alarm{42729610 type 3 com.avast.android.mobilesecurity}
V/AlarmManager( 1070): sending alarm Alarm{42716d40 type 0 com.iitb.loadgen}
V/AlarmManager( 1070): sending alarm Alarm{43410a20 type 0 com.application.zomato}
D/LOADGENERATOR(28095):  Alram Receiver entered.....
D/LOADGENERATOR(28095):  In alarm Receiver server connection is null 
D/LOADGENERATOR(28095):  Alram Receiver exited.....
E/Cataloger( 1866): syncFile:/storage/emulated/0/loadgenerator/logs/Debug_logs
E/Cataloger( 1866): need not sync path:/storage/emulated/0/loadgenerator/logs/Debug_logs
D/WifiStateMachine( 1070): handleMessage: E msg.what=131143
I/ActivityManager( 1070): Start proc com.application.zomato for broadcast com.application.zomato/com.freshdesk.hotline.receiver.HotlineReceiver: pid=11607 uid=10125 gids={50125, 3003, 1028, 1015}
D/WifiStateMachine( 1070): processMsg: ConnectedState
D/WifiStateMachine( 1070): processMsg: L2ConnectedState
D/WifiStateMachine( 1070): handleMessage: X
D/LOADGENERATOR(28095): DeviceInfo : Starting Wifi Scan.
E/Cataloger( 1866): syncFile:/storage/emulated/0/loadgenerator/logs/Debug_logs
E/Cataloger( 1866): need not sync path:/storage/emulated/0/loadgenerator/logs/Debug_logs
I/MultiDex(11607): VM with version 1.6.0 does not have multidex support
I/MultiDex(11607): install
I/MultiDex(11607): MultiDexExtractor.load(/data/app/com.application.zomato-1.apk, false)
I/MultiDex(11607): loading existing secondary dex files
I/MultiDex(11607): load found 1 secondary dex files
I/MultiDex(11607): install done
I/dalvikvm(11607): Could not find method android.app.Notification$Builder.setLocalOnly, referenced from method com.google.android.gms.common.GooglePlayServicesUtil.zza
W/dalvikvm(11607): VFY: unable to resolve virtual method 422: Landroid/app/Notification$Builder;.setLocalOnly (Z)Landroid/app/Notification$Builder;
D/dalvikvm(11607): VFY: replacing opcode 0x6e at 0x00c8
I/dalvikvm(11607): Could not find method android.content.pm.PackageManager.getPackageInstaller, referenced from method com.google.android.gms.common.GooglePlayServicesUtil.zzh
W/dalvikvm(11607): VFY: unable to resolve virtual method 740: Landroid/content/pm/PackageManager;.getPackageInstaller ()Landroid/content/pm/PackageInstaller;
D/dalvikvm(11607): VFY: replacing opcode 0x6e at 0x000b
D/dalvikvm( 1070): GC_EXPLICIT freed 910K, 41% free 29261K/49160K, paused 4ms+16ms, total 145ms
I/GMPM    (11607): App measurement is starting up
I/GAv4    (11607): Google Analytics 8.2.98 is starting up. To enable debug logging on a device run:
I/GAv4    (11607):   adb shell setprop log.tag.GAv4 DEBUG
I/GAv4    (11607):   adb logcat -s GAv4
W/GAv4    (11607): CampaignTrackingReceiver is not registered, not exported or is disabled. Installation campaign tracking is not possible. See http://goo.gl/8Rd3yj for instructions.
W/GCoreFlp( 1636): No location to return for getLastLocation()
I/CrashlyticsCore(11607): Initializing Crashlytics 2.3.8.97
D/TCMD    (  491): NL - Read 56 bytes from update socket.
D/TCMD    (  491): NL - message type is RTM_NEWLINK
D/TCMD    (  491): Listening for incoming client connection request
D/MDMCTBK (  419): reply_len: 40 reply is = IFNAME=wlan0 <3>CTRL-EVENT-BSS-ADDED 551
D/MDMCTBK (  419): Event received = CTRL-EVENT-BSS-ADDED 551
D/MDMCTBK (  419): reply_len: 40 reply is = IFNAME=wlan0 <3>CTRL-EVENT-BSS-ADDED 551
D/MDMCTBK (  419): Event received = CTRL-EVENT-BSS-ADDED 551
D/MDMCTBK (  419): reply_len: 40 reply is = IFNAME=wlan0 <3>CTRL-EVENT-BSS-ADDED 551
D/MDMCTBK (  419): Event received = CTRL-EVENT-BSS-ADDED 551
D/MDMCTBK (  419): reply_len: 40 reply is = IFNAME=wlan0 <3>CTRL-EVENT-BSS-ADDED 551
D/MDMCTBK (  419): Event received = CTRL-EVENT-BSS-ADDED 551
D/MDMCTBK (  419): reply_len: 40 reply is = IFNAME=wlan0 <3>CTRL-EVENT-BSS-REMOVED 5
D/MDMCTBK (  419): Event received = CTRL-EVENT-BSS-REMOVED 5
D/MDMCTBK (  419): reply_len: 40 reply is = IFNAME=wlan0 <3>CTRL-EVENT-BSS-REMOVED 5
D/MDMCTBK (  419): Event received = CTRL-EVENT-BSS-REMOVED 5
D/MDMCTBK (  419): reply_len: 40 reply is = IFNAME=wlan0 <3>CTRL-EVENT-SCAN-RESULTS 
D/MDMCTBK (  419): Event received = CTRL-EVENT-SCAN-RESULTS 
D/WifiStateMachine( 1070): handleMessage: E msg.what=147461
D/WifiStateMachine( 1070): processMsg: ConnectedState
D/WifiStateMachine( 1070): processMsg: L2ConnectedState
D/WifiStateMachine( 1070): processMsg: ConnectModeState
D/WifiStateMachine( 1070): processMsg: DriverStartedState
D/WifiStateMachine( 1070): processMsg: SupplicantStartedState
D/WifiStateMachine( 1070): handleMessage: X
E/Cataloger( 1866): syncFile:/storage/emulated/0/loadgenerator/logs/Debug_logs
E/Cataloger( 1866): need not sync path:/storage/emulated/0/loadgenerator/logs/Debug_logs
D/LOADGENERATOR(28095):  WiFiScan : 
D/LOADGENERATOR(28095):  ***************** f4:f1:e1:51:47:ef
D/LOADGENERATOR(28095):  ############### new mac for version 6..F4:F1:E1:51:47:EF
D/LOADGENERATOR(28095):  ConnectionManager Write: Length : 768 Data :{"port":"","processorSpeed":"1190","bssid":"18:64:72:6a:f3:90","linkSpeed":"65","bssidList":"IITB-Wireless, 18:64:72:6a:f3:90, -50;eduroam, 18:64:72:6a:f3:91, -51;IITB-Wireless, 18:64:72:6a:fb:40, -62;eduroam, 18:64:72:6a:fb:41, -61;IITB-Guest, 18:64:72:6a:f3:92, -55;IITB-Guest, 18:64:72:6a:fb:42, -60;eduroam, 18:64:72:6a:fb:21, -81;Researchlab, 20:aa:4b:cb:dc:f0, -77;IITB-Guest, 18:64:72:6a:fb:22, -80;IITB-Wireless, 18:64:72:6a:fb:20, -81;, 18:64:72:6a:f3:93, -52;, 18:64:72:6a:fb:23, -81;eduroam, 18:64:72:6a:ee:d1, -88;IITB-Wireless, 18:64:72:6a:ee:d0, -92;IITB-Guest, 18:64:72:6a:ee:d2, -91;","action":"heartBeat","ssid":"IITB-Wireless","rssi":"-50","macAddress":"f4:f1:e1:51:47:ef","numberOfCores":"4","memory":"882","storageSpace":"-242","ip":"10.196.19.53"} Caught an exception 2 while writing to Socketjava.lang.NullPointerException
D/LOADGENERATOR(28095):  response Code : -1
E/Cataloger( 1866): syncFile:/storage/emulated/0/loadgenerator/logs/Debug_logs
E/Cataloger( 1866): need not sync path:/storage/emulated/0/loadgenerator/logs/Debug_logs
E/Cataloger( 1866): syncFile:/storage/emulated/0/loadgenerator/logs/Debug_logs
E/Cataloger( 1866): need not sync path:/storage/emulated/0/loadgenerator/logs/Debug_logs
I/dalvikvm(11607): Total arena pages for JIT: 11
I/dalvikvm(11607): Total arena pages for JIT: 12
I/dalvikvm(11607): Total arena pages for JIT: 13
I/dalvikvm(11607): Total arena pages for JIT: 14
I/dalvikvm(11607): Total arena pages for JIT: 15
I/dalvikvm(11607): Total arena pages for JIT: 16
I/dalvikvm(11607): Total arena pages for JIT: 17
I/dalvikvm(11607): Total arena pages for JIT: 18
I/dalvikvm(11607): Total arena pages for JIT: 19
I/dalvikvm(11607): Total arena pages for JIT: 20
I/dalvikvm(11607): Total arena pages for JIT: 21
I/dalvikvm(11607): Total arena pages for JIT: 22
I/dalvikvm(11607): Total arena pages for JIT: 23
I/dalvikvm(11607): Total arena pages for JIT: 24
I/dalvikvm(11607): Total arena pages for JIT: 25
I/dalvikvm(11607): Total arena pages for JIT: 26
I/dalvikvm(11607): Total arena pages for JIT: 27
I/dalvikvm(11607): Total arena pages for JIT: 28
I/dalvikvm(11607): Total arena pages for JIT: 29
I/dalvikvm(11607): Total arena pages for JIT: 30
I/dalvikvm(11607): Total arena pages for JIT: 31
I/dalvikvm(11607): Total arena pages for JIT: 32
I/dalvikvm(11607): Total arena pages for JIT: 33
I/dalvikvm(11607): Total arena pages for JIT: 34
I/dalvikvm(11607): Total arena pages for JIT: 35
I/dalvikvm(11607): Total arena pages for JIT: 36
I/dalvikvm(11607): Total arena pages for JIT: 37
I/dalvikvm(11607): Total arena pages for JIT: 38
I/dalvikvm(11607): Total arena pages for JIT: 39
I/dalvikvm(11607): Total arena pages for JIT: 40
I/dalvikvm(11607): Total arena pages for JIT: 41
I/dalvikvm(11607): Total arena pages for JIT: 42
I/dalvikvm(11607): Total arena pages for JIT: 43
I/dalvikvm(11607): Total arena pages for JIT: 44
I/dalvikvm(11607): Total arena pages for JIT: 45
I/dalvikvm(11607): Could not find method android.content.Context.checkSelfPermission, referenced from method com.freshdesk.hotline.util.p.j
W/dalvikvm(11607): VFY: unable to resolve virtual method 566: Landroid/content/Context;.checkSelfPermission (Ljava/lang/String;)I
D/dalvikvm(11607): VFY: replacing opcode 0x6e at 0x000c
I/HOTLINE_SERVICE(11607): Now Processing HandleBacklogRequest
I/HOTLINE_SERVICE(11607): Now Processing InitializeRequest
I/HOTLINE_SERVICE(11607): Now Processing FetchChannelsRequest
I/HOTLINE_SERVICE(11607): Now Processing FetchMessagesRequest
I/HOTLINE_SERVICE(11607): Now Processing FetchSolutionsRequest
I/HOTLINE_SERVICE(11607): Now Processing UpdateVersionRequest
I/HOTLINE_SERVICE(11607): Now Processing AlarmSetupRequest
D/LOADGENERATOR(28095): 
D/LOADGENERATOR(28095):  EventRunner : 
E/Cataloger( 1866): syncFile:/storage/emulated/0/loadgenerator/logs/Debug_logs
E/Cataloger( 1866): need not sync path:/storage/emulated/0/loadgenerator/logs/Debug_logs
D/Utils   (28095): Exceptionwhile creating a new connectionjava.net.ConnectException: failed to connect to /10.129.26.217 (port 8001): connect failed: EHOSTUNREACH (No route to host)
D/Utils New COnnection :(28095): I am in post Exceute
D/LOADGENERATOR(28095): java.lang.NullPointerException
D/LOADGENERATOR(28095):  ConnectionManager Read : Caught an exception 2 in socket read java.lang.NullPointerExceptionThe received data is :null
E/Cataloger( 1866): syncFile:/storage/emulated/0/loadgenerator/logs/Debug_logs
E/Cataloger( 1866): need not sync path:/storage/emulated/0/loadgenerator/logs/Debug_logs
D/LOADGENERATOR(28095): 
D/LOADGENERATOR(28095):  EventRunner : 
E/Cataloger( 1866): syncFile:/storage/emulated/0/loadgenerator/logs/Debug_logs
E/Cataloger( 1866): need not sync path:/storage/emulated/0/loadgenerator/logs/Debug_logs
D/LOADGENERATOR(28095): java.lang.NullPointerException
D/LOADGENERATOR(28095):  ConnectionManager Read : Caught an exception 2 in socket read java.lang.NullPointerExceptionThe received data is :null
E/Cataloger( 1866): syncFile:/storage/emulated/0/loadgenerator/logs/Debug_logs
E/Cataloger( 1866): need not sync path:/storage/emulated/0/loadgenerator/logs/Debug_logs
E/SntpClient(11607): request time failed: java.net.SocketTimeoutException
E/SntpClient(11607): request time failed: java.net.SocketTimeoutException
W/System.err(28095): java.net.ConnectException: failed to connect to /10.129.26.217 (port 8001): connect failed: EHOSTUNREACH (No route to host)
W/System.err(28095): 	at libcore.io.IoBridge.connect(IoBridge.java:114)
W/System.err(28095): 	at java.net.PlainSocketImpl.connect(PlainSocketImpl.java:192)
W/System.err(28095): 	at java.net.PlainSocketImpl.connect(PlainSocketImpl.java:172)
W/System.err(28095): 	at java.net.Socket.startupSocket(Socket.java:566)
W/System.err(28095): 	at java.net.Socket.tryAllAddresses(Socket.java:128)
W/System.err(28095): 	at java.net.Socket.<init>(Socket.java:178)
W/System.err(28095): 	at java.net.Socket.<init>(Socket.java:150)
W/System.err(28095): 	at com.iitb.loadgen.WifiScan$1.run(WifiScan.java:64)
W/System.err(28095): Caused by: libcore.io.ErrnoException: connect failed: EHOSTUNREACH (No route to host)
W/System.err(28095): 	at libcore.io.Posix.connect(Native Method)
W/System.err(28095): 	at libcore.io.BlockGuardOs.connect(BlockGuardOs.java:85)
W/System.err(28095): 	at libcore.io.IoBridge.connectErrno(IoBridge.java:127)
W/System.err(28095): 	at libcore.io.IoBridge.connect(IoBridge.java:112)
W/System.err(28095): 	... 7 more
E/Cataloger( 1866): syncFile:/storage/emulated/0/loadgenerator/logs/Debug_logs
E/Cataloger( 1866): need not sync path:/storage/emulated/0/loadgenerator/logs/Debug_logs
D/LOADGENERATOR(28095): WiFiScan : Sending Device Info Thread Status Code-1
D/LOADGENERATOR(28095):  Exception handling while creating a new connectionjava.net.ConnectException: failed to connect to /10.129.26.217 (port 8001): connect failed: EHOSTUNREACH (No route to host)
D/dalvikvm( 3987): GC_CONCURRENT freed 2277K, 27% free 16136K/22080K, paused 13ms+3ms, total 53ms
D/dalvikvm( 3987): WAIT_FOR_CONCURRENT_GC blocked 17ms
V/AlarmManager( 1070): sending alarm Alarm{441a5c30 type 1 com.application.zomato}
V/AlarmManager( 1070): sending alarm Alarm{43aa3aa0 type 0 com.application.zomato}
V/AlarmManager( 1070): sending alarm Alarm{4272d220 type 0 com.android.email}
D/dalvikvm(11607): GC_CONCURRENT freed 5679K, 34% free 11510K/17224K, paused 3ms+5ms, total 52ms
D/dalvikvm(11607): WAIT_FOR_CONCURRENT_GC blocked 33ms
I/Email   ( 2633): Error loading attachment
I/Email   ( 2633): com.android.emailcommon.mail.MessagingException: java.net.SocketTimeoutException: failed to connect to imap.gmail.com/74.125.68.109 (port 993) after 10000ms
I/Email   ( 2633): 	at com.android.email.mail.transport.MailTransport.open(MailTransport.java:136)
I/Email   ( 2633): 	at com.android.email.mail.store.ImapConnection.open(ImapConnection.java:108)
I/Email   ( 2633): 	at com.android.email.mail.store.ImapConnection.sendCommand(ImapConnection.java:241)
I/Email   ( 2633): 	at com.android.email.mail.store.ImapConnection.executeSimpleCommand(ImapConnection.java:323)
I/Email   ( 2633): 	at com.android.email.mail.store.ImapConnection.executeSimpleCommand(ImapConnection.java:285)
I/Email   ( 2633): 	at com.android.email.mail.store.ImapFolder.doSelect(ImapFolder.java:1195)
I/Email   ( 2633): 	at com.android.email.mail.store.ImapFolder.open(ImapFolder.java:130)
I/Email   ( 2633): 	at com.android.email.service.EmailServiceStub.loadAttachment(EmailServiceStub.java:188)
I/Email   ( 2633): 	at com.android.emailcommon.service.EmailServiceProxy$1.run(EmailServiceProxy.java:124)
I/Email   ( 2633): 	at com.android.emailcommon.service.ServiceProxy$ProxyConnection$1.doInBackground(ServiceProxy.java:114)
I/Email   ( 2633): 	at com.android.emailcommon.service.ServiceProxy$ProxyConnection$1.doInBackground(ServiceProxy.java:110)
I/Email   ( 2633): 	at android.os.AsyncTask$2.call(AsyncTask.java:288)
I/Email   ( 2633): 	at java.util.concurrent.FutureTask.run(FutureTask.java:237)
I/Email   ( 2633): 	at android.os.AsyncTask$SerialExecutor$1.run(AsyncTask.java:231)
I/Email   ( 2633): 	at java.util.concurrent.ThreadPoolExecutor.runWorker(ThreadPoolExecutor.java:1112)
I/Email   ( 2633): 	at java.util.concurrent.ThreadPoolExecutor$Worker.run(ThreadPoolExecutor.java:587)
I/Email   ( 2633): 	at java.lang.Thread.run(Thread.java:841)
I/HOTLINE_SERVICE(11607): Now Processing HandleBacklogRequest
I/ActivityManager( 1070): Process com.application.zomato (pid 11607) has died.
E/Cataloger( 1866): syncFile:/storage/emulated/0/Android/data/com.application.zomato/cache/uil-images/journal
E/Cataloger( 1866): need not sync path:/storage/emulated/0/Android/data/com.application.zomato/cache/uil-images/journal
D/LOADGENERATOR(28095): 
D/LOADGENERATOR(28095):  EventRunner : 
E/Cataloger( 1866): syncFile:/storage/emulated/0/loadgenerator/logs/Debug_logs
E/Cataloger( 1866): need not sync path:/storage/emulated/0/loadgenerator/logs/Debug_logs
D/LOADGENERATOR(28095): java.lang.NullPointerException
D/LOADGENERATOR(28095):  ConnectionManager Read : Caught an exception 2 in socket read java.lang.NullPointerExceptionThe received data is :null
E/Cataloger( 1866): syncFile:/storage/emulated/0/loadgenerator/logs/Debug_logs
E/Cataloger( 1866): need not sync path:/storage/emulated/0/loadgenerator/logs/Debug_logs
V/AlarmManager( 1070): sending alarm Alarm{438b1e08 type 3 android}
D/LOADGENERATOR(28095): 
D/LOADGENERATOR(28095):  EventRunner : 
E/Cataloger( 1866): syncFile:/storage/emulated/0/loadgenerator/logs/Debug_logs
E/Cataloger( 1866): need not sync path:/storage/emulated/0/loadgenerator/logs/Debug_logs
D/LOADGENERATOR(28095): java.lang.NullPointerException
D/LOADGENERATOR(28095):  ConnectionManager Read : Caught an exception 2 in socket read java.lang.NullPointerExceptionThe received data is :null
E/Cataloger( 1866): syncFile:/storage/emulated/0/loadgenerator/logs/Debug_logs
E/Cataloger( 1866): need not sync path:/storage/emulated/0/loadgenerator/logs/Debug_logs
D/LOADGENERATOR(28095): 
D/LOADGENERATOR(28095):  EventRunner : 
E/Cataloger( 1866): syncFile:/storage/emulated/0/loadgenerator/logs/Debug_logs
E/Cataloger( 1866): need not sync path:/storage/emulated/0/loadgenerator/logs/Debug_logs
D/LOADGENERATOR(28095): java.lang.NullPointerException
D/LOADGENERATOR(28095):  ConnectionManager Read : Caught an exception 2 in socket read java.lang.NullPointerExceptionThe received data is :null
E/Cataloger( 1866): syncFile:/storage/emulated/0/loadgenerator/logs/Debug_logs
E/Cataloger( 1866): need not sync path:/storage/emulated/0/loadgenerator/logs/Debug_logs
D/LOADGENERATOR(28095): 
D/LOADGENERATOR(28095):  EventRunner : 
E/Cataloger( 1866): syncFile:/storage/emulated/0/loadgenerator/logs/Debug_logs
E/Cataloger( 1866): need not sync path:/storage/emulated/0/loadgenerator/logs/Debug_logs
D/LOADGENERATOR(28095): java.lang.NullPointerException
D/LOADGENERATOR(28095):  ConnectionManager Read : Caught an exception 2 in socket read java.lang.NullPointerExceptionThe received data is :null
E/Cataloger( 1866): syncFile:/storage/emulated/0/loadgenerator/logs/Debug_logs
E/Cataloger( 1866): need not sync path:/storage/emulated/0/loadgenerator/logs/Debug_logs
V/AlarmManager( 1070): sending alarm Alarm{438b1c00 type 0 com.iitb.loadgen}
V/AlarmManager( 1070): sending alarm Alarm{438af578 type 0 com.application.zomato}
V/AlarmManager( 1070): sending alarm Alarm{435938b0 type 0 com.android.email}
D/LOADGENERATOR(28095):  Alram Receiver entered.....
D/LOADGENERATOR(28095):  In alarm Receiver server connection is null 
D/LOADGENERATOR(28095):  Alram Receiver exited.....
E/Cataloger( 1866): syncFile:/storage/emulated/0/loadgenerator/logs/Debug_logs
E/Cataloger( 1866): need not sync path:/storage/emulated/0/loadgenerator/logs/Debug_logs
D/WifiStateMachine( 1070): handleMessage: E msg.what=131143
D/WifiStateMachine( 1070): processMsg: ConnectedState
D/WifiStateMachine( 1070): processMsg: L2ConnectedState
D/WifiStateMachine( 1070): handleMessage: X
D/LOADGENERATOR(28095): DeviceInfo : Starting Wifi Scan.
E/Cataloger( 1866): syncFile:/storage/emulated/0/loadgenerator/logs/Debug_logs
E/Cataloger( 1866): need not sync path:/storage/emulated/0/loadgenerator/logs/Debug_logs
D/dalvikvm( 2633): GC_CONCURRENT freed 1879K, 42% free 10036K/17224K, paused 3ms+5ms, total 41ms
D/LOADGENERATOR(28095): 
D/LOADGENERATOR(28095):  EventRunner : 
E/Cataloger( 1866): syncFile:/storage/emulated/0/loadgenerator/logs/Debug_logs
E/Cataloger( 1866): need not sync path:/storage/emulated/0/loadgenerator/logs/Debug_logs
D/MDMCTBK (  419): reply_len: 40 reply is = IFNAME=wlan0 <3>CTRL-EVENT-BSS-ADDED 551
D/MDMCTBK (  419): Event received = CTRL-EVENT-BSS-ADDED 551
D/MDMCTBK (  419): reply_len: 40 reply is = IFNAME=wlan0 <3>CTRL-EVENT-SCAN-RESULTS 
D/MDMCTBK (  419): Event received = CTRL-EVENT-SCAN-RESULTS 
D/WifiStateMachine( 1070): handleMessage: E msg.what=147461
D/WifiStateMachine( 1070): processMsg: ConnectedState
D/WifiStateMachine( 1070): processMsg: L2ConnectedState
D/WifiStateMachine( 1070): processMsg: ConnectModeState
D/WifiStateMachine( 1070): processMsg: DriverStartedState
D/WifiStateMachine( 1070): processMsg: SupplicantStartedState
D/TCMD    (  491): NL - Read 56 bytes from update socket.
D/TCMD    (  491): NL - message type is RTM_NEWLINK
D/TCMD    (  491): Listening for incoming client connection request
D/WifiStateMachine( 1070): handleMessage: X
E/Cataloger( 1866): syncFile:/storage/emulated/0/loadgenerator/logs/Debug_logs
E/Cataloger( 1866): need not sync path:/storage/emulated/0/loadgenerator/logs/Debug_logs
D/LOADGENERATOR(28095):  WiFiScan : 
D/LOADGENERATOR(28095):  ***************** f4:f1:e1:51:47:ef
D/LOADGENERATOR(28095):  ############### new mac for version 6..F4:F1:E1:51:47:EF
D/LOADGENERATOR(28095):  ConnectionManager Write: Length : 796 Data :{"port":"","processorSpeed":"1190","bssid":"18:64:72:6a:f3:90","linkSpeed":"65","bssidList":"IITB-Wireless, 18:64:72:6a:f3:90, -50;eduroam, 18:64:72:6a:f3:91, -50;IITB-Wireless, 18:64:72:6a:fb:40, -65;eduroam, 18:64:72:6a:fb:41, -65;IITB-Guest, 18:64:72:6a:f3:92, -56;IITB-Guest, 18:64:72:6a:fb:42, -64;eduroam, 18:64:72:6a:fb:21, -77;Researchlab, 20:aa:4b:cb:dc:f0, -81;IITB-Guest, 18:64:72:6a:fb:22, -81;IITB-Wireless, 18:64:72:6a:fb:20, -77;, 18:64:72:6a:f3:93, -52;, 18:64:72:6a:fb:23, -82;eduroam, 18:64:72:6a:ee:d1, -89;IITB-Wireless, 18:64:72:6a:ee:d0, -92;IITB-Guest, 18:64:72:6a:ee:d2, -87;ABC, 98:fc:11:b1:0a:64, -89;","action":"heartBeat","ssid":"IITB-Wireless","rssi":"-50","macAddress":"f4:f1:e1:51:47:ef","numberOfCores":"4","memory":"882","storageSpace":"-242","ip":"10.196.19.53"} Caught an exception 2 while writing to Socketjava.lang.NullPointerException
D/LOADGENERATOR(28095):  response Code : -1
E/Cataloger( 1866): syncFile:/storage/emulated/0/loadgenerator/logs/Debug_logs
E/Cataloger( 1866): need not sync path:/storage/emulated/0/loadgenerator/logs/Debug_logs
E/Cataloger( 1866): syncFile:/storage/emulated/0/loadgenerator/logs/Debug_logs
E/Cataloger( 1866): need not sync path:/storage/emulated/0/loadgenerator/logs/Debug_logs
W/System.err(28095): java.net.ConnectException: failed to connect to /10.129.26.217 (port 8001): connect failed: EHOSTUNREACH (No route to host)
W/System.err(28095): 	at libcore.io.IoBridge.connect(IoBridge.java:114)
W/System.err(28095): 	at java.net.PlainSocketImpl.connect(PlainSocketImpl.java:192)
W/System.err(28095): 	at java.net.PlainSocketImpl.connect(PlainSocketImpl.java:172)
W/System.err(28095): 	at java.net.Socket.startupSocket(Socket.java:566)
W/System.err(28095): 	at java.net.Socket.tryAllAddresses(Socket.java:128)
W/System.err(28095): 	at java.net.Socket.<init>(Socket.java:178)
W/System.err(28095): 	at java.net.Socket.<init>(Socket.java:150)
W/System.err(28095): 	at com.iitb.loadgen.WifiScan$1.run(WifiScan.java:64)
W/System.err(28095): Caused by: libcore.io.ErrnoException: connect failed: EHOSTUNREACH (No route to host)
W/System.err(28095): 	at libcore.io.Posix.connect(Native Method)
W/System.err(28095): 	at libcore.io.BlockGuardOs.connect(BlockGuardOs.java:85)
W/System.err(28095): 	at libcore.io.IoBridge.connectErrno(IoBridge.java:127)
W/System.err(28095): 	at libcore.io.IoBridge.connect(IoBridge.java:112)
W/System.err(28095): 	... 7 more
E/Cataloger( 1866): syncFile:/storage/emulated/0/loadgenerator/logs/Debug_logs
E/Cataloger( 1866): need not sync path:/storage/emulated/0/loadgenerator/logs/Debug_logs
D/LOADGENERATOR(28095): WiFiScan : Sending Device Info Thread Status Code-1
D/LOADGENERATOR(28095):  Exception handling while creating a new connectionjava.net.ConnectException: failed to connect to /10.129.26.217 (port 8001): connect failed: EHOSTUNREACH (No route to host)
D/dalvikvm( 1693): GC_CONCURRENT freed 1906K, 46% free 9363K/17224K, paused 3ms+2ms, total 19ms
W/ContextImpl( 1693): Calling a method in the system process without a qualified user: android.app.ContextImpl.sendBroadcast:1252 android.content.ContextWrapper.sendBroadcast:365 com.motorola.motocare.util.TriggerHelper$TriggerBuilder.send:76 com.motorola.motocare.internal.frameworkevents.ProcessKillTrigger.sendTrigger:147 com.motorola.motocare.internal.frameworkevents.ProcessKillTrigger.handleLmkKill:337 
W/ContextImpl( 1693): Calling a method in the system process without a qualified user: android.app.ContextImpl.sendBroadcast:1252 android.content.ContextWrapper.sendBroadcast:365 com.motorola.motocare.util.TriggerHelper$TriggerBuilder.send:76 com.motorola.motocare.internal.frameworkevents.ProcessKillTrigger.sendTrigger:147 com.motorola.motocare.internal.frameworkevents.ProcessKillTrigger.handleLmkKill:337 
W/ContextImpl( 1693): Calling a method in the system process without a qualified user: android.app.ContextImpl.sendBroadcast:1252 android.content.ContextWrapper.sendBroadcast:365 com.motorola.motocare.util.TriggerHelper$TriggerBuilder.send:76 com.motorola.motocare.internal.frameworkevents.ProcessKillTrigger.sendTrigger:147 com.motorola.motocare.internal.frameworkevents.ProcessKillTrigger.handleLmkKill:337 
W/ContextImpl( 1693): Calling a method in the system process without a qualified user: android.app.ContextImpl.sendBroadcast:1252 android.content.ContextWrapper.sendBroadcast:365 com.motorola.motocare.util.TriggerHelper$TriggerBuilder.send:76 com.motorola.motocare.internal.frameworkevents.ProcessKillTrigger.sendTrigger:147 com.motorola.motocare.internal.frameworkevents.ProcessKillTrigger.handleLmkKill:337 
D/dalvikvm( 1693): GC_EXPLICIT freed 398K, 46% free 9338K/17224K, paused 2ms+2ms, total 25ms
D/Utils   (28095): Exceptionwhile creating a new connectionjava.net.ConnectException: failed to connect to /10.129.26.217 (port 8001): connect failed: EHOSTUNREACH (No route to host)
D/Utils New COnnection :(28095): I am in post Exceute
D/LOADGENERATOR(28095): java.lang.NullPointerException
D/LOADGENERATOR(28095):  ConnectionManager Read : Caught an exception 2 in socket read java.lang.NullPointerExceptionThe received data is :null
E/Cataloger( 1866): syncFile:/storage/emulated/0/loadgenerator/logs/Debug_logs
E/Cataloger( 1866): need not sync path:/storage/emulated/0/loadgenerator/logs/Debug_logs
V/AlarmManager( 1070): sending alarm Alarm{43557990 type 0 com.iitb.loadgen}
D/LOADGENERATOR(28095):  Alram Receiver entered.....
D/LOADGENERATOR(28095):  In alarm Receiver server connection is null 
D/LOADGENERATOR(28095):  Alram Receiver exited.....
E/Cataloger( 1866): syncFile:/storage/emulated/0/loadgenerator/logs/Debug_logs
E/Cataloger( 1866): need not sync path:/storage/emulated/0/loadgenerator/logs/Debug_logs
D/WifiStateMachine( 1070): handleMessage: E msg.what=131143
D/WifiStateMachine( 1070): processMsg: ConnectedState
D/WifiStateMachine( 1070): processMsg: L2ConnectedState
D/WifiStateMachine( 1070): handleMessage: X
D/LOADGENERATOR(28095): DeviceInfo : Starting Wifi Scan.
E/Cataloger( 1866): syncFile:/storage/emulated/0/loadgenerator/logs/Debug_logs
E/Cataloger( 1866): need not sync path:/storage/emulated/0/loadgenerator/logs/Debug_logs
D/MDMCTBK (  419): reply_len: 40 reply is = IFNAME=wlan0 <3>CTRL-EVENT-SCAN-RESULTS 
D/MDMCTBK (  419): Event received = CTRL-EVENT-SCAN-RESULTS 
D/TCMD    (  491): NL - Read 56 bytes from update socket.
D/TCMD    (  491): NL - message type is RTM_NEWLINK
D/TCMD    (  491): Listening for incoming client connection request
D/WifiStateMachine( 1070): handleMessage: E msg.what=147461
D/WifiStateMachine( 1070): processMsg: ConnectedState
D/WifiStateMachine( 1070): processMsg: L2ConnectedState
D/WifiStateMachine( 1070): processMsg: ConnectModeState
D/WifiStateMachine( 1070): processMsg: DriverStartedState
D/WifiStateMachine( 1070): processMsg: SupplicantStartedState
D/WifiStateMachine( 1070): handleMessage: X
E/Cataloger( 1866): syncFile:/storage/emulated/0/loadgenerator/logs/Debug_logs
E/Cataloger( 1866): need not sync path:/storage/emulated/0/loadgenerator/logs/Debug_logs
D/LOADGENERATOR(28095):  WiFiScan : 
D/LOADGENERATOR(28095):  ***************** f4:f1:e1:51:47:ef
D/dalvikvm(28095): GC_FOR_ALLOC freed 2020K, 47% free 9176K/17224K, paused 12ms, total 13ms
D/LOADGENERATOR(28095):  ############### new mac for version 6..F4:F1:E1:51:47:EF
D/LOADGENERATOR(28095):  ConnectionManager Write: Length : 796 Data :{"port":"","processorSpeed":"1190","bssid":"18:64:72:6a:f3:90","linkSpeed":"65","bssidList":"IITB-Wireless, 18:64:72:6a:f3:90, -50;eduroam, 18:64:72:6a:f3:91, -50;IITB-Wireless, 18:64:72:6a:fb:40, -57;eduroam, 18:64:72:6a:fb:41, -57;IITB-Guest, 18:64:72:6a:f3:92, -52;IITB-Guest, 18:64:72:6a:fb:42, -56;eduroam, 18:64:72:6a:fb:21, -80;Researchlab, 20:aa:4b:cb:dc:f0, -81;IITB-Guest, 18:64:72:6a:fb:22, -81;IITB-Wireless, 18:64:72:6a:fb:20, -77;, 18:64:72:6a:f3:93, -49;, 18:64:72:6a:fb:23, -82;eduroam, 18:64:72:6a:ee:d1, -89;IITB-Wireless, 18:64:72:6a:ee:d0, -92;IITB-Guest, 18:64:72:6a:ee:d2, -87;ABC, 98:fc:11:b1:0a:64, -88;","action":"heartBeat","ssid":"IITB-Wireless","rssi":"-50","macAddress":"f4:f1:e1:51:47:ef","numberOfCores":"4","memory":"882","storageSpace":"-242","ip":"10.196.19.53"} Caught an exception 2 while writing to Socketjava.lang.NullPointerException
D/LOADGENERATOR(28095):  response Code : -1
E/Cataloger( 1866): syncFile:/storage/emulated/0/loadgenerator/logs/Debug_logs
E/Cataloger( 1866): need not sync path:/storage/emulated/0/loadgenerator/logs/Debug_logs
E/Cataloger( 1866): syncFile:/storage/emulated/0/loadgenerator/logs/Debug_logs
E/Cataloger( 1866): need not sync path:/storage/emulated/0/loadgenerator/logs/Debug_logs
W/System.err(28095): java.net.ConnectException: failed to connect to /10.129.26.217 (port 8001): connect failed: EHOSTUNREACH (No route to host)
W/System.err(28095): 	at libcore.io.IoBridge.connect(IoBridge.java:114)
W/System.err(28095): 	at java.net.PlainSocketImpl.connect(PlainSocketImpl.java:192)
W/System.err(28095): 	at java.net.PlainSocketImpl.connect(PlainSocketImpl.java:172)
W/System.err(28095): 	at java.net.Socket.startupSocket(Socket.java:566)
W/System.err(28095): 	at java.net.Socket.tryAllAddresses(Socket.java:128)
W/System.err(28095): 	at java.net.Socket.<init>(Socket.java:178)
W/System.err(28095): 	at java.net.Socket.<init>(Socket.java:150)
