adb server is out of date.  killing...
* daemon started successfully *
--------- beginning of /dev/log/system
W/ContextImpl( 1693): Calling a method in the system process without a qualified user: android.app.ContextImpl.sendBroadcast:1252 android.content.ContextWrapper.sendBroadcast:365 com.motorola.motocare.util.TriggerHelper$TriggerBuilder.send:76 com.motorola.motocare.internal.frameworkevents.ProcessKillTrigger.sendTrigger:147 com.motorola.motocare.internal.frameworkevents.ProcessKillTrigger.handleLmkKill:337 
W/ContextImpl( 1693): Calling a method in the system process without a qualified user: android.app.ContextImpl.sendBroadcast:1252 android.content.ContextWrapper.sendBroadcast:365 com.motorola.motocare.util.TriggerHelper$TriggerBuilder.send:76 com.motorola.motocare.internal.frameworkevents.ProcessKillTrigger.sendTrigger:147 com.motorola.motocare.internal.frameworkevents.ProcessKillTrigger.handleLmkKill:337 
W/ContextImpl( 1693): Calling a method in the system process without a qualified user: android.app.ContextImpl.sendBroadcast:1252 android.content.ContextWrapper.sendBroadcast:365 com.motorola.motocare.util.TriggerHelper$TriggerBuilder.send:76 com.motorola.motocare.internal.frameworkevents.ProcessKillTrigger.sendTrigger:147 com.motorola.motocare.internal.frameworkevents.ProcessKillTrigger.handleLmkKill:337 
W/ContextImpl( 1693): Calling a method in the system process without a qualified user: android.app.ContextImpl.sendBroadcast:1252 android.content.ContextWrapper.sendBroadcast:365 com.motorola.motocare.util.TriggerHelper$TriggerBuilder.send:76 com.motorola.motocare.internal.frameworkevents.ProcessKillTrigger.sendTrigger:147 com.motorola.motocare.internal.frameworkevents.ProcessKillTrigger.handleLmkKill:337 
W/ContextImpl( 1693): Calling a method in the system process without a qualified user: android.app.ContextImpl.sendBroadcast:1252 android.content.ContextWrapper.sendBroadcast:365 com.motorola.motocare.util.TriggerHelper$TriggerBuilder.send:76 com.motorola.motocare.internal.frameworkevents.ProcessKillTrigger.sendTrigger:147 com.motorola.motocare.internal.frameworkevents.ProcessKillTrigger.handleLmkKill:337 
I/ActivityManager( 1070): Process com.google.android.apps.plus (pid 28053) has died.
W/ContextImpl( 1693): Calling a method in the system process without a qualified user: android.app.ContextImpl.sendBroadcast:1252 android.content.ContextWrapper.sendBroadcast:365 com.motorola.motocare.util.TriggerHelper$TriggerBuilder.send:76 com.motorola.motocare.internal.frameworkevents.ProcessKillTrigger.sendTrigger:147 com.motorola.motocare.internal.frameworkevents.ProcessKillTrigger.handleLmkKill:337 
I/ActivityManager( 1070): Process android.process.media (pid 28072) has died.
W/ContextImpl( 1693): Calling a method in the system process without a qualified user: android.app.ContextImpl.sendBroadcast:1252 android.content.ContextWrapper.sendBroadcast:365 com.motorola.motocare.util.TriggerHelper$TriggerBuilder.send:76 com.motorola.motocare.internal.frameworkevents.PauseResumeTrigger.handleFrameworkEvent:53 com.motorola.motocare.internal.frameworkevents.FwEventMonitor$FrameworkListener.processFrameworkEvent:114 
W/ContextImpl( 1693): Calling a method in the system process without a qualified user: android.app.ContextImpl.sendBroadcast:1252 android.content.ContextWrapper.sendBroadcast:365 com.motorola.motocare.util.TriggerHelper$TriggerBuilder.send:76 com.motorola.motocare.internal.frameworkevents.PauseResumeTrigger.handleFrameworkEvent:53 com.motorola.motocare.internal.frameworkevents.FwEventMonitor$FrameworkListener.processFrameworkEvent:114 
I/ActivityManager( 1070): Process android.process.acore (pid 28131) has died.
I/ActivityManager( 1070): START u0 {act=android.intent.action.MAIN cat=[android.intent.category.LAUNCHER] flg=0x10200000 cmp=com.android.dialer/.DialtactsActivity bnds=[40,1040][168,1168]} from pid 1720
W/ContextImpl( 1693): Calling a method in the system process without a qualified user: android.app.ContextImpl.sendBroadcast:1252 android.content.ContextWrapper.sendBroadcast:365 com.motorola.motocare.util.TriggerHelper$TriggerBuilder.send:76 com.motorola.motocare.internal.frameworkevents.PauseResumeTrigger.handleFrameworkEvent:53 com.motorola.motocare.internal.frameworkevents.FwEventMonitor$FrameworkListener.processFrameworkEvent:114 
I/ActivityManager( 1070): Start proc com.android.dialer for activity com.android.dialer/.DialtactsActivity: pid=28179 uid=10016 gids={50016, 3003, 1028, 1015, 1023}
I/ActivityManager( 1070): Process com.android.chrome (pid 6264) has died.
I/WindowState( 1070): WIN DEATH: Window{433fc258 u0 com.android.chrome/org.chromium.chrome.browser.ChromeTabbedActivity}
W/WindowManager( 1070): Force-removing child win Window{43500158 u0 SurfaceView} from container Window{433fc258 u0 com.android.chrome/org.chromium.chrome.browser.ChromeTabbedActivity}
W/ActivityManager( 1070): Service ServiceRecord{4449b460 u0 com.android.chrome/org.chromium.chrome.browser.download.DownloadNotificationService} in process ProcessRecord{449869e8 6264:com.android.chrome/u0a55} not same as in map: null
W/WindowManager( 1070): Failed looking up window
W/WindowManager( 1070): java.lang.IllegalArgumentException: Requested window android.os.BinderProxy@44a4d278 does not exist
W/WindowManager( 1070): 	at com.android.server.wm.WindowManagerService.windowForClientLocked(WindowManagerService.java:8008)
W/WindowManager( 1070): 	at com.android.server.wm.WindowManagerService.windowForClientLocked(WindowManagerService.java:7999)
W/WindowManager( 1070): 	at com.android.server.wm.WindowState$DeathRecipient.binderDied(WindowState.java:1047)
W/WindowManager( 1070): 	at android.os.BinderProxy.sendDeathNotice(Binder.java:493)
W/WindowManager( 1070): 	at dalvik.system.NativeStart.run(Native Method)
I/WindowState( 1070): WIN DEATH: null
I/ActivityManager( 1070): Killing 6303:com.android.chrome:sandboxed_process0/u0a55i0 (adj 0): isolated not needed
W/ContextImpl( 1693): Calling a method in the system process without a qualified user: android.app.ContextImpl.sendBroadcast:1252 android.content.ContextWrapper.sendBroadcast:365 com.motorola.motocare.util.TriggerHelper$TriggerBuilder.send:76 com.motorola.motocare.internal.frameworkevents.ProcessKillTrigger.sendTrigger:147 com.motorola.motocare.internal.frameworkevents.ProcessKillTrigger.handleFrameworkEvent:164 
W/ContextImpl( 1693): Calling a method in the system process without a qualified user: android.app.ContextImpl.sendBroadcast:1252 android.content.ContextWrapper.sendBroadcast:365 com.motorola.motocare.util.TriggerHelper$TriggerBuilder.send:76 com.motorola.motocare.internal.frameworkevents.PauseResumeTrigger.handleFrameworkEvent:53 com.motorola.motocare.internal.frameworkevents.FwEventMonitor$FrameworkListener.processFrameworkEvent:114 
I/ActivityManager( 1070): Process com.android.chrome:privileged_process0 (pid 6341) has died.
I/ActivityManager( 1070): Start proc com.motorola.android.providers.userpreferredsim for content provider com.motorola.android.providers.userpreferredsim/.UserPreferredSimProvider: pid=28205 uid=10043 gids={50043, 3003}
I/ActivityManager( 1070): Start proc cn.xender for broadcast cn.xender/.push.WifiNetWorkStatusReceiver: pid=28225 uid=10112 gids={50112, 1028, 1015, 3003}
I/ActivityManager( 1070): Start proc android.process.acore for content provider com.android.providers.contacts/.ContactsProvider2: pid=28239 uid=10009 gids={50009, 3003, 1028, 1015, 1023}
I/SFPerfTracer(  270):      triggers: (rate: 0:0) (45602 sw vsyncs) (0 skipped) (97:169033 vsyncs) (99:244903)
I/LaunchCheckinHandler( 1070): Displayed com.android.dialer/.DialtactsActivity,cp,ca,856
I/ActivityManager( 1070): Start proc com.iitb.cse.arkenstone.quizapp for broadcast com.iitb.cse.arkenstone.quizapp/.utils.broadcast_listeners.ConnectivityListener: pid=28269 uid=10193 gids={50193, 3003, 3002, 3001}
F/ProcessStats( 1070): Starting service ServiceState{449efdc0 com.google.android.wearable.datatransfer.DataSyncService pkg=com.google.android.music proc=449efdc0} without owner
F/ProcessStats( 1070): Starting service ServiceState{434ada08 com.facebook.mqttlite.MqttService pkg=com.facebook.groups proc=434ada08} without owner
I/ActivityManager( 1070): Start proc com.application.zomato for broadcast com.application.zomato/com.freshdesk.hotline.receiver.HotlineReceiver: pid=28294 uid=10125 gids={50125, 3003, 1028, 1015}
I/ActivityManager( 1070): START u0 {act=android.intent.action.CALL_PRIVILEGED dat=tel:xxxxxxxxxxx flg=0x10000000 cmp=com.android.phone/.PrivilegedOutgoingCallBroadcaster (has extras)} from pid 28179
W/ContextImpl( 1693): Calling a method in the system process without a qualified user: android.app.ContextImpl.sendBroadcast:1252 android.content.ContextWrapper.sendBroadcast:365 com.motorola.motocare.util.TriggerHelper$TriggerBuilder.send:76 com.motorola.motocare.internal.frameworkevents.PauseResumeTrigger.handleFrameworkEvent:53 com.motorola.motocare.internal.frameworkevents.FwEventMonitor$FrameworkListener.processFrameworkEvent:114 
W/ContextImpl( 1693): Calling a method in the system process without a qualified user: android.app.ContextImpl.sendBroadcast:1252 android.content.ContextWrapper.sendBroadcast:365 com.motorola.motocare.util.TriggerHelper$TriggerBuilder.send:76 com.motorola.motocare.internal.frameworkevents.PauseResumeTrigger.handleFrameworkEvent:53 com.motorola.motocare.internal.frameworkevents.FwEventMonitor$FrameworkListener.processFrameworkEvent:114 
I/ActivityManager( 1070): Process com.motorola.android.providers.userpreferredsim (pid 28205) has died.
F/ProcessStats( 1070): Starting service ServiceState{449efdc0 com.google.android.wearable.datatransfer.DataSyncService pkg=com.google.android.music proc=449efdc0} without owner
F/ProcessStats( 1070): Starting service ServiceState{434ada08 com.facebook.mqttlite.MqttService pkg=com.facebook.groups proc=434ada08} without owner
I/ActivityManager( 1070): START u0 {act=com.motorola.intent.action.CALL_VIA cmp=com.motorola.android.providers.userpreferredsim/com.motorola.smartsim.CallViaActivity (has extras)} from pid 1680
W/ContextImpl( 1693): Calling a method in the system process without a qualified user: android.app.ContextImpl.sendBroadcast:1252 android.content.ContextWrapper.sendBroadcast:365 com.motorola.motocare.util.TriggerHelper$TriggerBuilder.send:76 com.motorola.motocare.internal.frameworkevents.PauseResumeTrigger.handleFrameworkEvent:53 com.motorola.motocare.internal.frameworkevents.FwEventMonitor$FrameworkListener.processFrameworkEvent:114 
I/ActivityManager( 1070): Start proc com.motorola.android.providers.userpreferredsim for activity com.motorola.android.providers.userpreferredsim/com.motorola.smartsim.CallViaActivity: pid=28324 uid=10043 gids={50043, 3003}
F/ProcessStats( 1070): Starting service ServiceState{449efdc0 com.google.android.wearable.datatransfer.DataSyncService pkg=com.google.android.music proc=449efdc0} without owner
F/ProcessStats( 1070): Starting service ServiceState{434ada08 com.facebook.mqttlite.MqttService pkg=com.facebook.groups proc=434ada08} without owner
W/ContextImpl( 1693): Calling a method in the system process without a qualified user: android.app.ContextImpl.sendBroadcast:1252 android.content.ContextWrapper.sendBroadcast:365 com.motorola.motocare.util.TriggerHelper$TriggerBuilder.send:76 com.motorola.motocare.internal.frameworkevents.PauseResumeTrigger.handleFrameworkEvent:53 com.motorola.motocare.internal.frameworkevents.FwEventMonitor$FrameworkListener.processFrameworkEvent:114 
I/LaunchCheckinHandler( 1070): Displayed com.android.phone/.PrivilegedOutgoingCallBroadcaster,wp,ca,188
D/MobileDataStateTracker( 1070): default: setPolicyDataEnable(enabled=true)
I/LaunchCheckinHandler( 1070): Displayed com.motorola.android.providers.userpreferredsim/com.motorola.smartsim.CallViaActivity,cp,ca,348
I/LaunchCheckinHandler( 1070): Displayed com.android.phone/.PrivilegedOutgoingCallBroadcaster,cp,ca,470 (total)
W/ContextImpl( 1693): Calling a method in the system process without a qualified user: android.app.ContextImpl.sendBroadcast:1252 android.content.ContextWrapper.sendBroadcast:365 com.motorola.motocare.util.TriggerHelper$TriggerBuilder.send:76 com.motorola.motocare.internal.frameworkevents.PauseResumeTrigger.handleFrameworkEvent:53 com.motorola.motocare.internal.frameworkevents.FwEventMonitor$FrameworkListener.processFrameworkEvent:114 
W/ContextImpl( 1693): Calling a method in the system process without a qualified user: android.app.ContextImpl.sendBroadcast:1252 android.content.ContextWrapper.sendBroadcast:365 com.motorola.motocare.util.TriggerHelper$TriggerBuilder.send:76 com.motorola.motocare.internal.frameworkevents.PauseResumeTrigger.handleFrameworkEvent:53 com.motorola.motocare.internal.frameworkevents.FwEventMonitor$FrameworkListener.processFrameworkEvent:114 
F/ProcessStats( 1070): Starting service ServiceState{449efdc0 com.google.android.wearable.datatransfer.DataSyncService pkg=com.google.android.music proc=449efdc0} without owner
F/ProcessStats( 1070): Starting service ServiceState{434ada08 com.facebook.mqttlite.MqttService pkg=com.facebook.groups proc=434ada08} without owner
I/ActivityManager( 1070): Process com.bt.bms (pid 28145) has died.
F/ProcessStats( 1070): Starting service ServiceState{449efdc0 com.google.android.wearable.datatransfer.DataSyncService pkg=com.google.android.music proc=449efdc0} without owner
F/ProcessStats( 1070): Starting service ServiceState{434ada08 com.facebook.mqttlite.MqttService pkg=com.facebook.groups proc=434ada08} without owner
I/SFPerfTracer(  270):      triggers: (rate: 128:4886) (compose: 0:15) (post: 0:4) (render: 4:238) (6:60599 frames) (7:150761)
D/SFPerfTracer(  270):        layers: (5:15) (DimLayer: 0:75)* (DimLayer: 0:2)* (FocusedStackFrame: 1:1869)* (StatusBar: 0:21714) (NavigationBar: 0:16976) (com.android.systemui.ImageWallpaper: 0:741)* (DimLayer: 0:846)* (DimLayer: 0:32)* (com.facebook.orca/com.facebook.orca.auth.StartScreenActivity: 0:153)* (com.android.launcher/com.android.launcher2.Launcher: 0:30)* (Starting com.android.dialer: 0:34)* (com.android.dialer/com.android.dialer.DialtactsActivity: 0:16)* (Starting com.android.phone: 7:17) (com.android.phone/com.android.phone.PrivilegedOutgoingCallBroadcaster: 1:5) (com.motorola.android.providers.userpreferredsim/com.motorola.smartsim.CallViaActivity: 7:11) 
W/WindowManager( 1070): Rebuild removed 6 windows but added 5
W/WindowManager( 1070): java.lang.RuntimeException: here
W/WindowManager( 1070): 	at com.android.server.wm.WindowManagerService.rebuildAppWindowListLocked(WindowManagerService.java:8096)
W/WindowManager( 1070): 	at com.android.server.wm.WindowManagerService.rebuildAppWindowListLocked(WindowManagerService.java:8032)
W/WindowManager( 1070): 	at com.android.server.wm.WindowManagerService.handleAnimatingStoppedAndTransitionLocked(WindowManagerService.java:8776)
W/WindowManager( 1070): 	at com.android.server.wm.WindowManagerService.performLayoutAndPlaceSurfacesLockedInner(WindowManagerService.java:9311)
W/WindowManager( 1070): 	at com.android.server.wm.WindowManagerService.performLayoutAndPlaceSurfacesLockedLoop(WindowManagerService.java:8248)
W/WindowManager( 1070): 	at com.android.server.wm.WindowManagerService.performLayoutAndPlaceSurfacesLocked(WindowManagerService.java:8190)
W/WindowManager( 1070): 	at com.android.server.wm.WindowManagerService.access$300(WindowManagerService.java:165)
W/WindowManager( 1070): 	at com.android.server.wm.WindowManagerService$H.handleMessage(WindowManagerService.java:7224)
W/WindowManager( 1070): 	at android.os.Handler.dispatchMessage(Handler.java:102)
W/WindowManager( 1070): 	at android.os.Looper.loop(Looper.java:136)
W/WindowManager( 1070): 	at android.os.HandlerThread.run(HandlerThread.java:61)
W/WindowManager( 1070): This window was lost: Window{4294ebe8 u0 com.motorola.android.providers.userpreferredsim/com.motorola.smartsim.CallViaActivity}
W/WindowManager( 1070): mDisplayId=0 mSession=Session{44945840 28324:u0a10043} mClient=android.os.BinderProxy@44944bd0
W/WindowManager( 1070): mOwnerUid=10043 mShowToOwnerOnly=true package=com.motorola.android.providers.userpreferredsim appop=NONE
W/WindowManager( 1070): mAttrs=WM.LayoutParams{(0,0)(fillxfill) sim=#120 ty=1 fl=#a10100 pfl=0x8 fmt=-2 wanim=0x1030000}
W/WindowManager( 1070): Requested w=720 h=1184 mLayoutSeq=10132
W/WindowManager( 1070): mBaseLayer=21000 mSubLayer=0 mAnimLayer=21030+1000=21030 mLastLayer=22030
W/WindowManager( 1070): mToken=AppWindowToken{449a50a0 token=Token{433c13d8 ActivityRecord{434882a8 u0 com.motorola.android.providers.userpreferredsim/com.motorola.smartsim.CallViaActivity t134}}}
W/WindowManager( 1070): mRootToken=AppWindowToken{449a50a0 token=Token{433c13d8 ActivityRecord{434882a8 u0 com.motorola.android.providers.userpreferredsim/com.motorola.smartsim.CallViaActivity t134}}}
W/WindowManager( 1070): mAppToken=AppWindowToken{449a50a0 token=Token{433c13d8 ActivityRecord{434882a8 u0 com.motorola.android.providers.userpreferredsim/com.motorola.smartsim.CallViaActivity t134}}}
W/WindowManager( 1070): mViewVisibility=0x8 mHaveFrame=true mObscured=false
W/WindowManager( 1070): mSeq=0 mSystemUiVisibility=0x0
W/WindowManager( 1070): mGivenContentInsets=[0,0][0,0] mGivenVisibleInsets=[0,0][0,0]
W/WindowManager( 1070): mConfiguration={1.0 404mcc68mnc en_AU ldltr sw360dp w360dp h567dp 320dpi nrml port finger -keyb/v/h -nav/h s.6?spn}
W/WindowManager( 1070): mHasSurface=true mShownFrame=[65.58371,107.848785][785.58374,1291.8488] isReadyForDisplay()=false
W/WindowManager( 1070): mFrame=[0,0][720,1184] last=[0,0][720,1184]
W/WindowManager( 1070): mSystemDecorRect=[0,50][720,1184] last=[0,50][720,1184]
W/WindowManager( 1070): Frames: containing=[0,0][720,1184] parent=[0,0][720,1184]
W/WindowManager( 1070):     display=[0,0][720,1184] overscan=[0,0][720,1280]
W/WindowManager( 1070):     content=[0,50][720,1184] visible=[0,50][720,1184]
W/WindowManager( 1070):     decor=[0,50][720,1184]
W/WindowManager( 1070): Cur insets: overscan=[0,0][0,0] content=[0,50][0,0] visible=[0,50][0,0]
W/WindowManager( 1070): Lst insets: overscan=[0,0][0,0] content=[0,50][0,0] visible=[0,50][0,0]
W/WindowManager( 1070): WindowStateAnimator{44a15a38 com.motorola.android.providers.userpreferredsim/com.motorola.smartsim.CallViaActivity}:
W/WindowManager( 1070):   mSurface=Surface(name=com.motorola.android.providers.userpreferredsim/com.motorola.smartsim.CallViaActivity)
W/WindowManager( 1070):   mDrawState=HAS_DRAWN mLastHidden=true
W/WindowManager( 1070):   Surface: shown=false layer=22030 alpha=0.089114964 rect=(65.58371,107.848785) 720.0 x 1184.0
W/WindowManager( 1070):   mShownAlpha=0.089114964 mAlpha=1.0 mLastAlpha=0.089114964
W/WindowManager( 1070):   mGlobalScale=1.0 mDsDx=0.817823 mDtDx=0.0 mDsDy=0.0 mDtDy=0.817823
W/WindowManager( 1070): mExiting=false mRemoveOnExit=false mDestroying=true mRemoved=false
W/WindowManager( 1070): Current app token list:
V/WindowManager( 1070):   Display 0
V/WindowManager( 1070):   #9: Token{443e3900 ActivityRecord{4441eba8 u0 com.android.phone/.PrivilegedOutgoingCallBroadcaster t134}}
V/WindowManager( 1070):   #8: Token{43435548 ActivityRecord{42744c28 u0 com.android.dialer/.DialtactsActivity t133}}
V/WindowManager( 1070):   #7: Token{43101dd8 ActivityRecord{42fd41c8 u0 com.android.launcher/com.android.launcher2.Launcher t1}}
V/WindowManager( 1070):   #6: Token{43427828 ActivityRecord{4358c810 u0 com.facebook.orca/.auth.StartScreenActivity t132}}
V/WindowManager( 1070):   #5: Token{431e4250 ActivityRecord{433d3c70 u0 com.android.chrome/org.chromium.chrome.browser.ChromeTabbedActivity t131}}
V/WindowManager( 1070):   #4: Token{42745080 ActivityRecord{4321cd10 u0 com.whatsapp/.Conversation t130}}
V/WindowManager( 1070):   #3: Token{4324ba10 ActivityRecord{431a04e0 u0 com.whatsapp/.HomeActivity t130}}
V/WindowManager( 1070):   #2: Token{433d1af0 ActivityRecord{42769db0 u0 com.android.systemui/.recent.RecentsActivity t129}}
V/WindowManager( 1070):   #1: Token{4334def0 ActivityRecord{42734528 u0 com.android.mms/.ui.ConversationList t127}}
V/WindowManager( 1070):   #0: Token{432b4390 ActivityRecord{4270e268 u0 com.android.settings/.Settings$WifiSettingsActivity t116}}
W/WindowManager( 1070): Final window list:
V/WindowManager( 1070):   #0: Window{42774de8 u0 SearchPanel}
V/WindowManager( 1070):   #1: Window{4324a9b0 u0 NavigationBar}
V/WindowManager( 1070):   #2: Window{43225158 u0 StatusBar}
V/WindowManager( 1070):   #3: Window{4316b650 u0 Keyguard}
V/WindowManager( 1070):   #4: Window{4309d800 u0 KeyguardScrim}
V/WindowManager( 1070):   #5: Window{43386880 u0 InputMethod}
V/WindowManager( 1070):   #6: Window{43217568 u0 com.android.phone/com.android.phone.PrivilegedOutgoingCallBroadcaster}
V/WindowManager( 1070):   #7: Window{431a21b8 u0 com.android.dialer/com.android.dialer.DialtactsActivity}
V/WindowManager( 1070):   #8: Window{43562bc8 u0 com.android.launcher/com.android.launcher2.Launcher}
V/WindowManager( 1070):   #9: Window{42781618 u0 com.facebook.orca/com.facebook.orca.auth.StartScreenActivity}
V/WindowManager( 1070):   #10: Window{4350c9a8 u0 com.android.systemui/com.android.systemui.recent.RecentsActivity}
V/WindowManager( 1070):   #11: Window{4352fa50 u0 com.android.systemui.ImageWallpaper}
I/ActivityManager( 1070): Start proc com.qualcomm.qualcommsettings for broadcast com.qualcomm.qualcommsettings/.CdmaNwkAvoidance$OutgoingCallReceiver: pid=28371 uid=1000 gids={41000, 1028, 1015, 3002, 3001, 3003, 3006, 1021, 3004, 3005, 1000, 3009, 1023, 1010, 1004, 2002}
F/ProcessStats( 1070): Starting service ServiceState{449efdc0 com.google.android.wearable.datatransfer.DataSyncService pkg=com.google.android.music proc=449efdc0} without owner
F/ProcessStats( 1070): Starting service ServiceState{434ada08 com.facebook.mqttlite.MqttService pkg=com.facebook.groups proc=434ada08} without owner
I/ActivityManager( 1070): START u0 {act=com.android.phone.SIP_SELECT_PHONE dat=tel:xxxxxxxxxxx flg=0x10000000 cmp=com.android.phone/.SipCallOptionHandler (has extras)} from pid 1680
W/ContextImpl( 1693): Calling a method in the system process without a qualified user: android.app.ContextImpl.sendBroadcast:1252 android.content.ContextWrapper.sendBroadcast:365 com.motorola.motocare.util.TriggerHelper$TriggerBuilder.send:76 com.motorola.motocare.internal.frameworkevents.PauseResumeTrigger.handleFrameworkEvent:53 com.motorola.motocare.internal.frameworkevents.FwEventMonitor$FrameworkListener.processFrameworkEvent:114 
I/ActivityManager( 1070): Start proc com.myntra.android for broadcast com.myntra.android/com.parse.ParseBroadcastReceiver: pid=28392 uid=10142 gids={50142, 3003, 1028, 1015}
W/ContextImpl( 1693): Calling a method in the system process without a qualified user: android.app.ContextImpl.sendBroadcast:1252 android.content.ContextWrapper.sendBroadcast:365 com.motorola.motocare.util.TriggerHelper$TriggerBuilder.send:76 com.motorola.motocare.internal.frameworkevents.PauseResumeTrigger.handleFrameworkEvent:53 com.motorola.motocare.internal.frameworkevents.FwEventMonitor$FrameworkListener.processFrameworkEvent:114 
I/ActivityManager( 1070): START u0 {flg=0x10800000 cmp=com.android.phone/.ErrorDialogActivity (has extras)} from pid 1680
W/ContextImpl( 1693): Calling a method in the system process without a qualified user: android.app.ContextImpl.sendBroadcast:1252 android.content.ContextWrapper.sendBroadcast:365 com.motorola.motocare.util.TriggerHelper$TriggerBuilder.send:76 com.motorola.motocare.internal.frameworkevents.PauseResumeTrigger.handleFrameworkEvent:53 com.motorola.motocare.internal.frameworkevents.FwEventMonitor$FrameworkListener.processFrameworkEvent:114 
W/ContextImpl( 1693): Calling a method in the system process without a qualified user: android.app.ContextImpl.sendBroadcast:1252 android.content.ContextWrapper.sendBroadcast:365 com.motorola.motocare.util.TriggerHelper$TriggerBuilder.send:76 com.motorola.motocare.internal.frameworkevents.PauseResumeTrigger.handleFrameworkEvent:53 com.motorola.motocare.internal.frameworkevents.FwEventMonitor$FrameworkListener.processFrameworkEvent:114 
I/LaunchCheckinHandler( 1070): Displayed com.android.phone/.ErrorDialogActivity,wp,ca,182
I/LaunchCheckinHandler( 1070): Displayed com.android.phone/.SipCallOptionHandler,wp,ca,330 (total)
I/ActivityManager( 1070): Process cn.xender (pid 28225) has died.
W/ContextImpl( 1693): Calling a method in the system process without a qualified user: android.app.ContextImpl.sendBroadcast:1252 android.content.ContextWrapper.sendBroadcast:365 com.motorola.motocare.util.TriggerHelper$TriggerBuilder.send:76 com.motorola.motocare.internal.frameworkevents.PauseResumeTrigger.handleFrameworkEvent:53 com.motorola.motocare.internal.frameworkevents.FwEventMonitor$FrameworkListener.processFrameworkEvent:114 
F/ProcessStats( 1070): Starting service ServiceState{449efdc0 com.google.android.wearable.datatransfer.DataSyncService pkg=com.google.android.music proc=449efdc0} without owner
F/ProcessStats( 1070): Starting service ServiceState{434ada08 com.facebook.mqttlite.MqttService pkg=com.facebook.groups proc=434ada08} without owner
W/ContextImpl( 1693): Calling a method in the system process without a qualified user: android.app.ContextImpl.sendBroadcast:1252 android.content.ContextWrapper.sendBroadcast:365 com.motorola.motocare.util.TriggerHelper$TriggerBuilder.send:76 com.motorola.motocare.internal.frameworkevents.PauseResumeTrigger.handleFrameworkEvent:53 com.motorola.motocare.internal.frameworkevents.FwEventMonitor$FrameworkListener.processFrameworkEvent:114 
I/SFPerfTracer(  270):      triggers: (rate: 0:0) (45602 sw vsyncs) (0 skipped) (45:169136 vsyncs) (47:245028)
F/ProcessStats( 1070): Starting service ServiceState{449efdc0 com.google.android.wearable.datatransfer.DataSyncService pkg=com.google.android.music proc=449efdc0} without owner
F/ProcessStats( 1070): Starting service ServiceState{434ada08 com.facebook.mqttlite.MqttService pkg=com.facebook.groups proc=434ada08} without owner
I/ActivityManager( 1070): Process com.iitb.cse.arkenstone.quizapp (pid 28269) has died.
F/ProcessStats( 1070): Starting service ServiceState{449efdc0 com.google.android.wearable.datatransfer.DataSyncService pkg=com.google.android.music proc=449efdc0} without owner
F/ProcessStats( 1070): Starting service ServiceState{434ada08 com.facebook.mqttlite.MqttService pkg=com.facebook.groups proc=434ada08} without owner
I/ActivityManager( 1070): Process com.motorola.android.providers.userpreferredsim (pid 28324) has died.
I/ActivityManager( 1070): Start proc com.motorola.MotGallery2 for broadcast com.motorola.MotGallery2/com.android.gallery3d.app.PackagesMonitor: pid=28476 uid=10033 gids={50033, 3003, 1028, 1015}
I/ActivityManager( 1070): Start proc android.process.media for content provider com.android.providers.media/.MediaProvider: pid=28497 uid=10017 gids={50017, 1028, 1015, 1023, 1024, 2001, 3003, 3007}
I/ActivityManager( 1070): Start proc com.google.android.googlequicksearchbox:search for broadcast com.google.android.googlequicksearchbox/com.google.android.apps.gsa.search.core.icingsync.IcingCorporaChangedReceiver: pid=28517 uid=10044 gids={50044, 3003, 1028, 3002, 1015}
V/AlarmManager( 1070): sending alarm Alarm{4345b5f0 type 3 com.avast.android.mobilesecurity}
V/AlarmManager( 1070): sending alarm Alarm{434475f8 type 1 com.application.zomato}
V/AlarmManager( 1070): sending alarm Alarm{43447648 type 0 com.application.zomato}
V/AlarmManager( 1070): sending alarm Alarm{4343a1f0 type 0 com.iitb.loadgen}
V/AlarmManager( 1070): sending alarm Alarm{4343a240 type 0 com.application.zomato}
I/openssl (28497): Crypto mode not selected, openssl will run on its regular mode.
I/openssl (28497): Crypto mode 0 already enabled
W/ContextImpl( 1693): Calling a method in the system process without a qualified user: android.app.ContextImpl.sendBroadcast:1252 android.content.ContextWrapper.sendBroadcast:365 com.motorola.motocare.util.TriggerHelper$TriggerBuilder.send:76 com.motorola.motocare.internal.frameworkevents.PauseResumeTrigger.handleFrameworkEvent:53 com.motorola.motocare.internal.frameworkevents.FwEventMonitor$FrameworkListener.processFrameworkEvent:114 
W/ActivityManager( 1070): Duplicate finish request for ActivityRecord{4441eba8 u0 com.android.phone/.PrivilegedOutgoingCallBroadcaster t134 f}
W/ContextImpl( 1693): Calling a method in the system process without a qualified user: android.app.ContextImpl.sendBroadcast:1252 android.content.ContextWrapper.sendBroadcast:365 com.motorola.motocare.util.TriggerHelper$TriggerBuilder.send:76 com.motorola.motocare.internal.frameworkevents.PauseResumeTrigger.handleFrameworkEvent:53 com.motorola.motocare.internal.frameworkevents.FwEventMonitor$FrameworkListener.processFrameworkEvent:114 
I/ActivityManager( 1070): Process com.qualcomm.qualcommsettings (pid 28371) has died.
F/ProcessStats( 1070): Starting service ServiceState{449efdc0 com.google.android.wearable.datatransfer.DataSyncService pkg=com.google.android.music proc=449efdc0} without owner
F/ProcessStats( 1070): Starting service ServiceState{434ada08 com.facebook.mqttlite.MqttService pkg=com.facebook.groups proc=434ada08} without owner
I/ActivityManager( 1070): Start proc com.google.android.apps.plus for broadcast com.google.android.apps.plus/.service.PhotosAppTransitionMonitor: pid=28565 uid=10089 gids={50089, 3003, 3002, 1028, 1015}
D/WifiService( 1070): New client listening to asynchronous messages
F/ProcessStats( 1070): Starting service ServiceState{449efdc0 com.google.android.wearable.datatransfer.DataSyncService pkg=com.google.android.music proc=449efdc0} without owner
I/SFPerfTracer(  270):      triggers: (rate: 128:4887) (compose: 0:15) (post: 0:4) (render: 4:238) (23:60683 frames) (24:150869)
D/SFPerfTracer(  270):        layers: (4:15) (DimLayer: 0:75)* (DimLayer: 0:4)* (FocusedStackFrame: 0:1875)* (StatusBar: 1:21715) (NavigationBar: 0:16976) (com.android.systemui.ImageWallpaper: 0:741)* (DimLayer: 0:871)* (DimLayer: 0:36) (Starting com.android.phone: 0:19)* (com.android.phone/com.android.phone.PrivilegedOutgoingCallBroadcaster: 0:23)* (com.motorola.android.providers.userpreferredsim/com.motorola.smartsim.CallViaActivity: 0:14)* (com.android.phone/com.android.phone.SipCallOptionHandler: 0:11)* (com.android.phone/com.android.phone.ErrorDialogActivity: 0:21)* (com.android.phone/com.android.phone.ErrorDialogActivity: 0:26)* (com.android.dialer/com.android.dialer.DialtactsActivity: 24:44) 
F/ProcessStats( 1070): Starting service ServiceState{434ada08 com.facebook.mqttlite.MqttService pkg=com.facebook.groups proc=434ada08} without owner
I/ActivityManager( 1070): Process com.myntra.android (pid 28392) has died.
F/ProcessStats( 1070): Starting service ServiceState{449efdc0 com.google.android.wearable.datatransfer.DataSyncService pkg=com.google.android.music proc=449efdc0} without owner
F/ProcessStats( 1070): Starting service ServiceState{434ada08 com.facebook.mqttlite.MqttService pkg=com.facebook.groups proc=434ada08} without owner
I/SFPerfTracer(  270):      triggers: (rate: 0:0) (45602 sw vsyncs) (0 skipped) (68:169225 vsyncs) (70:245129)
F/ProcessStats( 1070): Starting service ServiceState{449efdc0 com.google.android.wearable.datatransfer.DataSyncService pkg=com.google.android.music proc=449efdc0} without owner
F/ProcessStats( 1070): Starting service ServiceState{434ada08 com.facebook.mqttlite.MqttService pkg=com.facebook.groups proc=434ada08} without owner
I/ActivityManager( 1070): Process com.motorola.MotGallery2 (pid 28476) has died.
F/ProcessStats( 1070): Starting service ServiceState{449efdc0 com.google.android.wearable.datatransfer.DataSyncService pkg=com.google.android.music proc=449efdc0} without owner
F/ProcessStats( 1070): Starting service ServiceState{434ada08 com.facebook.mqttlite.MqttService pkg=com.facebook.groups proc=434ada08} without owner
I/ActivityManager( 1070): START u0 {act=android.intent.action.CALL_PRIVILEGED dat=tel:xxxxxxxxxxx flg=0x10000000 cmp=com.android.phone/.PrivilegedOutgoingCallBroadcaster (has extras)} from pid 28179
W/ContextImpl( 1693): Calling a method in the system process without a qualified user: android.app.ContextImpl.sendBroadcast:1252 android.content.ContextWrapper.sendBroadcast:365 com.motorola.motocare.util.TriggerHelper$TriggerBuilder.send:76 com.motorola.motocare.internal.frameworkevents.PauseResumeTrigger.handleFrameworkEvent:53 com.motorola.motocare.internal.frameworkevents.FwEventMonitor$FrameworkListener.processFrameworkEvent:114 
W/ContextImpl( 1693): Calling a method in the system process without a qualified user: android.app.ContextImpl.sendBroadcast:1252 android.content.ContextWrapper.sendBroadcast:365 com.motorola.motocare.util.TriggerHelper$TriggerBuilder.send:76 com.motorola.motocare.internal.frameworkevents.PauseResumeTrigger.handleFrameworkEvent:53 com.motorola.motocare.internal.frameworkevents.FwEventMonitor$FrameworkListener.processFrameworkEvent:114 
I/ActivityManager( 1070): START u0 {act=android.intent.action.CALL_PRIVILEGED dat=tel:xxxxxxxxxxx flg=0x10000000 cmp=com.android.phone/.PrivilegedOutgoingCallBroadcaster (has extras)} from pid 28179
W/ContextImpl( 1693): Calling a method in the system process without a qualified user: android.app.ContextImpl.sendBroadcast:1252 android.content.ContextWrapper.sendBroadcast:365 com.motorola.motocare.util.TriggerHelper$TriggerBuilder.send:76 com.motorola.motocare.internal.frameworkevents.PauseResumeTrigger.handleFrameworkEvent:53 com.motorola.motocare.internal.frameworkevents.FwEventMonitor$FrameworkListener.processFrameworkEvent:114 
I/ActivityManager( 1070): START u0 {act=com.motorola.intent.action.CALL_VIA cmp=com.motorola.android.providers.userpreferredsim/com.motorola.smartsim.CallViaActivity (has extras)} from pid 1680
I/ActivityManager( 1070): Start proc com.motorola.android.providers.userpreferredsim for activity com.motorola.android.providers.userpreferredsim/com.motorola.smartsim.CallViaActivity: pid=28605 uid=10043 gids={50043, 3003}
F/ProcessStats( 1070): Starting service ServiceState{449efdc0 com.google.android.wearable.datatransfer.DataSyncService pkg=com.google.android.music proc=449efdc0} without owner
F/ProcessStats( 1070): Starting service ServiceState{434ada08 com.facebook.mqttlite.MqttService pkg=com.facebook.groups proc=434ada08} without owner
W/ContextImpl( 1693): Calling a method in the system process without a qualified user: android.app.ContextImpl.sendBroadcast:1252 android.content.ContextWrapper.sendBroadcast:365 com.motorola.motocare.util.TriggerHelper$TriggerBuilder.send:76 com.motorola.motocare.internal.frameworkevents.PauseResumeTrigger.handleFrameworkEvent:53 com.motorola.motocare.internal.frameworkevents.FwEventMonitor$FrameworkListener.processFrameworkEvent:114 
I/LaunchCheckinHandler( 1070): Displayed com.android.phone/.PrivilegedOutgoingCallBroadcaster,wp,ca,165
I/ActivityManager( 1070): START u0 {act=com.motorola.intent.action.CALL_VIA cmp=com.motorola.android.providers.userpreferredsim/com.motorola.smartsim.CallViaActivity (has extras)} from pid 1680
W/ContextImpl( 1693): Calling a method in the system process without a qualified user: android.app.ContextImpl.sendBroadcast:1252 android.content.ContextWrapper.sendBroadcast:365 com.motorola.motocare.util.TriggerHelper$TriggerBuilder.send:76 com.motorola.motocare.internal.frameworkevents.PauseResumeTrigger.handleFrameworkEvent:53 com.motorola.motocare.internal.frameworkevents.FwEventMonitor$FrameworkListener.processFrameworkEvent:114 
W/ContextImpl( 1693): Calling a method in the system process without a qualified user: android.app.ContextImpl.sendBroadcast:1252 android.content.ContextWrapper.sendBroadcast:365 com.motorola.motocare.util.TriggerHelper$TriggerBuilder.send:76 com.motorola.motocare.internal.frameworkevents.PauseResumeTrigger.handleFrameworkEvent:53 com.motorola.motocare.internal.frameworkevents.FwEventMonitor$FrameworkListener.processFrameworkEvent:114 
F/ProcessStats( 1070): Starting service ServiceState{449efdc0 com.google.android.wearable.datatransfer.DataSyncService pkg=com.google.android.music proc=449efdc0} without owner
F/ProcessStats( 1070): Starting service ServiceState{434ada08 com.facebook.mqttlite.MqttService pkg=com.facebook.groups proc=434ada08} without owner
W/ContextImpl( 1693): Calling a method in the system process without a qualified user: android.app.ContextImpl.sendBroadcast:1252 android.content.ContextWrapper.sendBroadcast:365 com.motorola.motocare.util.TriggerHelper$TriggerBuilder.send:76 com.motorola.motocare.internal.frameworkevents.PauseResumeTrigger.handleFrameworkEvent:53 com.motorola.motocare.internal.frameworkevents.FwEventMonitor$FrameworkListener.processFrameworkEvent:114 
I/ActivityManager( 1070): Process com.application.zomato (pid 28294) has died.
F/ProcessStats( 1070): Starting service ServiceState{449efdc0 com.google.android.wearable.datatransfer.DataSyncService pkg=com.google.android.music proc=449efdc0} without owner
F/ProcessStats( 1070): Starting service ServiceState{434ada08 com.facebook.mqttlite.MqttService pkg=com.facebook.groups proc=434ada08} without owner
W/ContextImpl( 1693): Calling a method in the system process without a qualified user: android.app.ContextImpl.sendBroadcast:1252 android.content.ContextWrapper.sendBroadcast:365 com.motorola.motocare.util.TriggerHelper$TriggerBuilder.send:76 com.motorola.motocare.internal.frameworkevents.PauseResumeTrigger.handleFrameworkEvent:53 com.motorola.motocare.internal.frameworkevents.FwEventMonitor$FrameworkListener.processFrameworkEvent:114 
D/WifiService( 1070): Client connection lost with reason: 4
I/LaunchCheckinHandler( 1070): Displayed com.motorola.android.providers.userpreferredsim/com.motorola.smartsim.CallViaActivity,cp,ca,393
I/LaunchCheckinHandler( 1070): Displayed com.android.phone/.PrivilegedOutgoingCallBroadcaster,cp,ca,490 (total)
I/ActivityManager( 1070): Process com.google.android.googlequicksearchbox:search (pid 28517) has died.
I/ActivityManager( 1070): Start proc com.qualcomm.qualcommsettings for broadcast com.qualcomm.qualcommsettings/.CdmaNwkAvoidance$OutgoingCallReceiver: pid=28635 uid=1000 gids={41000, 1028, 1015, 3002, 3001, 3003, 3006, 1021, 3004, 3005, 1000, 3009, 1023, 1010, 1004, 2002}
F/ProcessStats( 1070): Starting service ServiceState{449efdc0 com.google.android.wearable.datatransfer.DataSyncService pkg=com.google.android.music proc=449efdc0} without owner
F/ProcessStats( 1070): Starting service ServiceState{434ada08 com.facebook.mqttlite.MqttService pkg=com.facebook.groups proc=434ada08} without owner
I/ActivityManager( 1070): START u0 {act=com.android.phone.SIP_SELECT_PHONE dat=tel:xxxxxxxxxxx flg=0x10000000 cmp=com.android.phone/.SipCallOptionHandler (has extras)} from pid 1680
W/ContextImpl( 1693): Calling a method in the system process without a qualified user: android.app.ContextImpl.sendBroadcast:1252 android.content.ContextWrapper.sendBroadcast:365 com.motorola.motocare.util.TriggerHelper$TriggerBuilder.send:76 com.motorola.motocare.internal.frameworkevents.PauseResumeTrigger.handleFrameworkEvent:53 com.motorola.motocare.internal.frameworkevents.FwEventMonitor$FrameworkListener.processFrameworkEvent:114 
W/ContextImpl( 1693): Calling a method in the system process without a qualified user: android.app.ContextImpl.sendBroadcast:1252 android.content.ContextWrapper.sendBroadcast:365 com.motorola.motocare.util.TriggerHelper$TriggerBuilder.send:76 com.motorola.motocare.internal.frameworkevents.PauseResumeTrigger.handleFrameworkEvent:53 com.motorola.motocare.internal.frameworkevents.FwEventMonitor$FrameworkListener.processFrameworkEvent:114 
I/ActivityManager( 1070): START u0 {flg=0x10800000 cmp=com.android.phone/.ErrorDialogActivity (has extras)} from pid 1680
W/ContextImpl( 1693): Calling a method in the system process without a qualified user: android.app.ContextImpl.sendBroadcast:1252 android.content.ContextWrapper.sendBroadcast:365 com.motorola.motocare.util.TriggerHelper$TriggerBuilder.send:76 com.motorola.motocare.internal.frameworkevents.PauseResumeTrigger.handleFrameworkEvent:53 com.motorola.motocare.internal.frameworkevents.FwEventMonitor$FrameworkListener.processFrameworkEvent:114 
W/ContextImpl( 1693): Calling a method in the system process without a qualified user: android.app.ContextImpl.sendBroadcast:1252 android.content.ContextWrapper.sendBroadcast:365 com.motorola.motocare.util.TriggerHelper$TriggerBuilder.send:76 com.motorola.motocare.internal.frameworkevents.PauseResumeTrigger.handleFrameworkEvent:53 com.motorola.motocare.internal.frameworkevents.FwEventMonitor$FrameworkListener.processFrameworkEvent:114 
I/LaunchCheckinHandler( 1070): Displayed com.android.phone/.ErrorDialogActivity,wp,ca,128
I/LaunchCheckinHandler( 1070): Displayed com.android.phone/.SipCallOptionHandler,wp,ca,204 (total)
I/ActivityManager( 1070): Start proc com.google.android.keep for service com.google.android.keep/.service.CleanupService: pid=28661 uid=10136 gids={50136, 3003, 1028, 1015}
I/ActivityManager( 1070): Process com.google.android.apps.plus (pid 28565) has died.
F/ProcessStats( 1070): Starting service ServiceState{449efdc0 com.google.android.wearable.datatransfer.DataSyncService pkg=com.google.android.music proc=449efdc0} without owner
F/ProcessStats( 1070): Starting service ServiceState{434ada08 com.facebook.mqttlite.MqttService pkg=com.facebook.groups proc=434ada08} without owner
I/ActivityManager( 1070): Process android.process.media (pid 28497) has died.
W/ContextImpl( 1693): Calling a method in the system process without a qualified user: android.app.ContextImpl.sendBroadcast:1252 android.content.ContextWrapper.sendBroadcast:365 com.motorola.motocare.util.TriggerHelper$TriggerBuilder.send:76 com.motorola.motocare.internal.frameworkevents.PauseResumeTrigger.handleFrameworkEvent:53 com.motorola.motocare.internal.frameworkevents.FwEventMonitor$FrameworkListener.processFrameworkEvent:114 
W/ContextImpl( 1693): Calling a method in the system process without a qualified user: android.app.ContextImpl.sendBroadcast:1252 android.content.ContextWrapper.sendBroadcast:365 com.motorola.motocare.util.TriggerHelper$TriggerBuilder.send:76 com.motorola.motocare.internal.frameworkevents.PauseResumeTrigger.handleFrameworkEvent:53 com.motorola.motocare.internal.frameworkevents.FwEventMonitor$FrameworkListener.processFrameworkEvent:114 
D/ConnectivityService( 1070): handleInetConditionHoldEnd: net=1, condition=100, published condition=0
W/WindowManager( 1070): Rebuild removed 7 windows but added 6
W/WindowManager( 1070): java.lang.RuntimeException: here
W/WindowManager( 1070): 	at com.android.server.wm.WindowManagerService.rebuildAppWindowListLocked(WindowManagerService.java:8096)
W/WindowManager( 1070): 	at com.android.server.wm.WindowManagerService.rebuildAppWindowListLocked(WindowManagerService.java:8032)
W/WindowManager( 1070): 	at com.android.server.wm.WindowManagerService.handleAnimatingStoppedAndTransitionLocked(WindowManagerService.java:8776)
W/WindowManager( 1070): 	at com.android.server.wm.WindowManagerService.performLayoutAndPlaceSurfacesLockedInner(WindowManagerService.java:9311)
W/WindowManager( 1070): 	at com.android.server.wm.WindowManagerService.performLayoutAndPlaceSurfacesLockedLoop(WindowManagerService.java:8248)
W/WindowManager( 1070): 	at com.android.server.wm.WindowManagerService.performLayoutAndPlaceSurfacesLocked(WindowManagerService.java:8190)
W/WindowManager( 1070): 	at com.android.server.wm.WindowManagerService.access$300(WindowManagerService.java:165)
W/WindowManager( 1070): 	at com.android.server.wm.WindowManagerService$H.handleMessage(WindowManagerService.java:7224)
W/WindowManager( 1070): 	at android.os.Handler.dispatchMessage(Handler.java:102)
W/WindowManager( 1070): 	at android.os.Looper.loop(Looper.java:136)
W/WindowManager( 1070): 	at android.os.HandlerThread.run(HandlerThread.java:61)
W/WindowManager( 1070): This window was lost: Window{437c9228 u0 com.android.phone/com.android.phone.ErrorDialogActivity}
W/WindowManager( 1070): mDisplayId=0 mSession=Session{43813c90 1680:1001} mClient=android.os.BinderProxy@435e3860
W/WindowManager( 1070): mOwnerUid=1001 mShowToOwnerOnly=true package=com.android.phone appop=NONE
W/WindowManager( 1070): mAttrs=WM.LayoutParams{(0,0)(wrapxwrap) sim=#120 ty=1 fl=#1800002 pfl=0x8 fmt=-2 wanim=0x10302a1}
W/WindowManager( 1070): Requested w=0 h=0 mLayoutSeq=10202
W/WindowManager( 1070): mBaseLayer=21000 mSubLayer=0 mAnimLayer=21035+0=21035 mLastLayer=21035
W/WindowManager( 1070): mToken=AppWindowToken{437c99a8 token=Token{432f8ff8 ActivityRecord{4357ed88 u0 com.android.phone/.ErrorDialogActivity t137}}}
W/WindowManager( 1070): mRootToken=AppWindowToken{437c99a8 token=Token{432f8ff8 ActivityRecord{4357ed88 u0 com.android.phone/.ErrorDialogActivity t137}}}
W/WindowManager( 1070): mAppToken=AppWindowToken{437c99a8 token=Token{432f8ff8 ActivityRecord{4357ed88 u0 com.android.phone/.ErrorDialogActivity t137}}}
W/WindowManager( 1070): mViewVisibility=0x8 mHaveFrame=true mObscured=false
W/WindowManager( 1070): mSeq=0 mSystemUiVisibility=0x0
W/WindowManager( 1070): mGivenContentInsets=[0,0][0,0] mGivenVisibleInsets=[0,0][0,0]
W/WindowManager( 1070): mConfiguration={1.0 404mcc68mnc en_AU ldltr sw360dp w360dp h567dp 320dpi nrml port finger -keyb/v/h -nav/h s.6?spn}
W/WindowManager( 1070): mHasSurface=true mShownFrame=[360.0,1235.7189][360.0,1235.7189] isReadyForDisplay()=false
W/WindowManager( 1070): mFrame=[360,617][360,617] last=[360,617][360,617]
W/WindowManager( 1070): mSystemDecorRect=[0,0][0,0] last=[0,0][0,0]
W/WindowManager( 1070): Frames: containing=[0,50][720,1184] parent=[0,50][720,1184]
W/WindowManager( 1070):     display=[0,50][720,1184] overscan=[0,50][720,1184]
W/WindowManager( 1070):     content=[360,617][360,617] visible=[360,617][360,617]
W/WindowManager( 1070):     decor=[0,50][720,1184]
W/WindowManager( 1070): Cur insets: overscan=[0,0][0,0] content=[0,0][0,0] visible=[0,0][0,0]
W/WindowManager( 1070): Lst insets: overscan=[0,0][0,0] content=[0,0][0,0] visible=[0,0][0,0]
W/WindowManager( 1070): WindowStateAnimator{434d9620 com.android.phone/com.android.phone.ErrorDialogActivity}:
W/WindowManager( 1070):   mSurface=Surface(name=com.android.phone/com.android.phone.ErrorDialogActivity)
W/WindowManager( 1070):   mDrawState=HAS_DRAWN mLastHidden=true
W/WindowManager( 1070):   Surface: shown=false layer=21035 alpha=0.41222227 rect=(360.0,1235.7189) 1.0 x 1.0
W/WindowManager( 1070):   mShownAlpha=0.41222227 mAlpha=1.0 mLastAlpha=0.41222227
W/WindowManager( 1070):   mGlobalScale=1.0 mDsDx=0.70611113 mDtDx=0.0 mDsDy=0.0 mDtDy=0.70611113
W/WindowManager( 1070): mExiting=false mRemoveOnExit=false mDestroying=true mRemoved=false
W/WindowManager( 1070): Current app token list:
V/WindowManager( 1070):   Display 0
V/WindowManager( 1070):   #10: Token{442b30c8 ActivityRecord{43204208 u0 com.android.phone/.PrivilegedOutgoingCallBroadcaster t136}}
V/WindowManager( 1070):   #9: Token{4337a078 ActivityRecord{431c8fa0 u0 com.android.phone/.PrivilegedOutgoingCallBroadcaster t136}}
V/WindowManager( 1070):   #8: Token{43435548 ActivityRecord{42744c28 u0 com.android.dialer/.DialtactsActivity t133}}
V/WindowManager( 1070):   #7: Token{43101dd8 ActivityRecord{42fd41c8 u0 com.android.launcher/com.android.launcher2.Launcher t1}}
V/WindowManager( 1070):   #6: Token{43427828 ActivityRecord{4358c810 u0 com.facebook.orca/.auth.StartScreenActivity t132}}
V/WindowManager( 1070):   #5: Token{431e4250 ActivityRecord{433d3c70 u0 com.android.chrome/org.chromium.chrome.browser.ChromeTabbedActivity t131}}
V/WindowManager( 1070):   #4: Token{42745080 ActivityRecord{4321cd10 u0 com.whatsapp/.Conversation t130}}
V/WindowManager( 1070):   #3: Token{4324ba10 ActivityRecord{431a04e0 u0 com.whatsapp/.HomeActivity t130}}
V/WindowManager( 1070):   #2: Token{433d1af0 ActivityRecord{42769db0 u0 com.android.systemui/.recent.RecentsActivity t129}}
V/WindowManager( 1070):   #1: Token{4334def0 ActivityRecord{42734528 u0 com.android.mms/.ui.ConversationList t127}}
V/WindowManager( 1070):   #0: Token{432b4390 ActivityRecord{4270e268 u0 com.android.settings/.Settings$WifiSettingsActivity t116}}
W/WindowManager( 1070): Final window list:
V/WindowManager( 1070):   #0: Window{42774de8 u0 SearchPanel}
V/WindowManager( 1070):   #1: Window{4324a9b0 u0 NavigationBar}
V/WindowManager( 1070):   #2: Window{43225158 u0 StatusBar}
V/WindowManager( 1070):   #3: Window{4316b650 u0 Keyguard}
V/WindowManager( 1070):   #4: Window{4309d800 u0 KeyguardScrim}
V/WindowManager( 1070):   #5: Window{43386880 u0 InputMethod}
V/WindowManager( 1070):   #6: Window{42775dd8 u0 com.android.phone/com.android.phone.PrivilegedOutgoingCallBroadcaster}
V/WindowManager( 1070):   #7: Window{4272d850 u0 com.android.phone/com.android.phone.PrivilegedOutgoingCallBroadcaster}
V/WindowManager( 1070):   #8: Window{431a21b8 u0 com.android.dialer/com.android.dialer.DialtactsActivity}
V/WindowManager( 1070):   #9: Window{43562bc8 u0 com.android.launcher/com.android.launcher2.Launcher}
V/WindowManager( 1070):   #10: Window{42781618 u0 com.facebook.orca/com.facebook.orca.auth.StartScreenActivity}
V/WindowManager( 1070):   #11: Window{4350c9a8 u0 com.android.systemui/com.android.systemui.recent.RecentsActivity}
V/WindowManager( 1070):   #12: Window{4352fa50 u0 com.android.systemui.ImageWallpaper}
I/ActivityManager( 1070): Start proc com.google.android.configupdater for broadcast com.google.android.configupdater/.CertPin.CertPinUpdateRequestReceiver: pid=28689 uid=10008 gids={50008, 3003, 2001}
I/SFPerfTracer(  270):      triggers: (rate: 0:0) (45602 sw vsyncs) (0 skipped) (15:169315 vsyncs) (17:245236)
I/ActivityManager( 1070): Start proc com.google.android.partnersetup for broadcast com.google.android.partnersetup/.GservicesChangedReceiver: pid=28717 uid=10025 gids={50025, 3003}
D/MccTable( 1680): Not a Default subscription, ignoring mccmnc config update.
