I/MSimTelephonyRegistry( 1070): notifyServiceState: 0 1 roaming voice unknown data unknown Dolphin MTNL 40469 Dolphin MTNL 40469  GSM Unknown CSS not supported -1 -1 RoamInd=-1 DefRoamInd=-1 EmergOnly=false
F/ProcessStats( 1070): Starting service ServiceState{449efdc0 com.google.android.wearable.datatransfer.DataSyncService pkg=com.google.android.music proc=449efdc0} without owner
F/ProcessStats( 1070): Starting service ServiceState{434ada08 com.facebook.mqttlite.MqttService pkg=com.facebook.groups proc=434ada08} without owner
I/ActivityManager( 1070): Start proc com.google.android.setupwizard for broadcast com.google.android.setupwizard/.GservicesChangedReceiver: pid=28753 uid=10041 gids={50041, 3003}
I/ActivityManager( 1070): Process com.motorola.android.providers.userpreferredsim (pid 28605) has died.
F/ProcessStats( 1070): Starting service ServiceState{449efdc0 com.google.android.wearable.datatransfer.DataSyncService pkg=com.google.android.music proc=449efdc0} without owner
F/ProcessStats( 1070): Starting service ServiceState{434ada08 com.facebook.mqttlite.MqttService pkg=com.facebook.groups proc=434ada08} without owner
F/ProcessStats( 1070): Starting service ServiceState{449efdc0 com.google.android.wearable.datatransfer.DataSyncService pkg=com.google.android.music proc=449efdc0} without owner
F/ProcessStats( 1070): Starting service ServiceState{434ada08 com.facebook.mqttlite.MqttService pkg=com.facebook.groups proc=434ada08} without owner
W/ActivityManager( 1070): Duplicate finish request for ActivityRecord{43204208 u0 com.android.phone/.PrivilegedOutgoingCallBroadcaster t136 f}
W/ContextImpl( 1693): Calling a method in the system process without a qualified user: android.app.ContextImpl.sendBroadcast:1252 android.content.ContextWrapper.sendBroadcast:365 com.motorola.motocare.util.TriggerHelper$TriggerBuilder.send:76 com.motorola.motocare.internal.frameworkevents.PauseResumeTrigger.handleFrameworkEvent:53 com.motorola.motocare.internal.frameworkevents.FwEventMonitor$FrameworkListener.processFrameworkEvent:114 
W/ContextImpl( 1693): Calling a method in the system process without a qualified user: android.app.ContextImpl.sendBroadcast:1252 android.content.ContextWrapper.sendBroadcast:365 com.motorola.motocare.util.TriggerHelper$TriggerBuilder.send:76 com.motorola.motocare.internal.frameworkevents.PauseResumeTrigger.handleFrameworkEvent:53 com.motorola.motocare.internal.frameworkevents.FwEventMonitor$FrameworkListener.processFrameworkEvent:114 
I/ActivityManager( 1070): START u0 {act=com.android.phone.SIP_SELECT_PHONE dat=tel:xxxxxxxxxxx flg=0x10000000 cmp=com.android.phone/.SipCallOptionHandler (has extras)} from pid 1680
W/ContextImpl( 1693): Calling a method in the system process without a qualified user: android.app.ContextImpl.sendBroadcast:1252 android.content.ContextWrapper.sendBroadcast:365 com.motorola.motocare.util.TriggerHelper$TriggerBuilder.send:76 com.motorola.motocare.internal.frameworkevents.PauseResumeTrigger.handleFrameworkEvent:53 com.motorola.motocare.internal.frameworkevents.FwEventMonitor$FrameworkListener.processFrameworkEvent:114 
W/ContextImpl( 1693): Calling a method in the system process without a qualified user: android.app.ContextImpl.sendBroadcast:1252 android.content.ContextWrapper.sendBroadcast:365 com.motorola.motocare.util.TriggerHelper$TriggerBuilder.send:76 com.motorola.motocare.internal.frameworkevents.PauseResumeTrigger.handleFrameworkEvent:53 com.motorola.motocare.internal.frameworkevents.FwEventMonitor$FrameworkListener.processFrameworkEvent:114 
I/SFPerfTracer(  270):      triggers: (rate: 128:4887) (compose: 0:15) (post: 0:4) (render: 4:238) (4:60742 frames) (5:150972)
D/SFPerfTracer(  270):        layers: (4:18) (DimLayer: 0:75)* (DimLayer: 0:6)* (FocusedStackFrame: 0:1890)* (StatusBar: 0:21719) (NavigationBar: 0:16976) (com.android.systemui.ImageWallpaper: 0:741)* (DimLayer: 0:900)* (DimLayer: 0:43)* (com.android.dialer/com.android.dialer.DialtactsActivity: 0:54)* (Starting com.android.phone: 0:24)* (com.android.phone/com.android.phone.PrivilegedOutgoingCallBroadcaster: 0:24)* (com.android.phone/com.android.phone.PrivilegedOutgoingCallBroadcaster: 5:19) (com.motorola.android.providers.userpreferredsim/com.motorola.smartsim.CallViaActivity: 0:24)* (com.motorola.android.providers.userpreferredsim/com.motorola.smartsim.CallViaActivity: 0:6)* (com.android.phone/com.android.phone.SipCallOptionHandler: 0:9)* (com.android.phone/com.android.phone.ErrorDialogActivity: 0:39)* (com.android.phone/com.android.phone.ErrorDialogActivity: 0:37)* (com.android.phone/com.android.phone.PrivilegedOutgoingCallBroadcaster: 0:4) 
W/AppOps  ( 1070): Bad call: specified package qcamera under uid 1013 but it is really -1
I/ActivityManager( 1070): Start proc com.android.incallui for service com.android.dialer/com.android.incallui.CallHandlerService: pid=28776 uid=10016 gids={50016, 3003, 1028, 1015, 1023}
W/AppOps  ( 1070): Bad call: specified package qcamera under uid 1013 but it is really -1
I/PackageManager( 1070): Adding preferred activity ComponentInfo{com.android.mms/com.android.mms.ui.ComposeMessageActivity} for user 0 :
I/LaunchCheckinHandler( 1070): Displayed com.android.phone/.SipCallOptionHandler,wp,ca,616
I/PackageManager( 1070): Adding preferred activity ComponentInfo{com.android.mms/com.android.mms.ui.ComposeMessageActivity} for user 0 :
I/PackageManager( 1070): Adding preferred activity ComponentInfo{com.android.mms/com.android.mms.ui.ComposeMessageActivity} for user 0 :
I/ActivityManager( 1070): START u0 {act=android.intent.action.MAIN flg=0x10840000 cmp=com.android.dialer/com.android.incallui.InCallActivity} from pid 28776
I/PackageManager( 1070): Adding preferred activity ComponentInfo{com.android.mms/com.android.mms.ui.ComposeMessageActivity} for user 0 :
W/ContextImpl( 1693): Calling a method in the system process without a qualified user: android.app.ContextImpl.sendBroadcast:1252 android.content.ContextWrapper.sendBroadcast:365 com.motorola.motocare.util.TriggerHelper$TriggerBuilder.send:76 com.motorola.motocare.internal.frameworkevents.PauseResumeTrigger.handleFrameworkEvent:53 com.motorola.motocare.internal.frameworkevents.FwEventMonitor$FrameworkListener.processFrameworkEvent:114 
I/PackageManager( 1070): Adding preferred activity ComponentInfo{com.android.mms/com.android.mms.ui.ComposeMessageActivity} for user 0 :
I/PackageManager( 1070): Adding preferred activity ComponentInfo{com.android.mms/com.android.mms.ui.ComposeMessageActivity} for user 0 :
I/PackageManager( 1070): Adding preferred activity ComponentInfo{com.android.mms/com.android.mms.ui.ComposeMessageActivity} for user 0 :
I/PackageManager( 1070): Adding preferred activity ComponentInfo{com.android.mms/com.android.mms.ui.ComposeMessageActivity} for user 0 :
W/ContextImpl( 1693): Calling a method in the system process without a qualified user: android.app.ContextImpl.sendBroadcast:1252 android.content.ContextWrapper.sendBroadcast:365 com.motorola.motocare.util.TriggerHelper$TriggerBuilder.send:76 com.motorola.motocare.internal.frameworkevents.PauseResumeTrigger.handleFrameworkEvent:53 com.motorola.motocare.internal.frameworkevents.FwEventMonitor$FrameworkListener.processFrameworkEvent:114 
W/ActivityManager( 1070): Unable to start service Intent { cmp=com.google.android.gms/.analytics.service.RefreshEnabledStateService } U=0: not found
I/ActivityManager( 1070): Start proc com.android.contacts for service com.android.contacts/.ViewNotificationService: pid=28805 uid=10009 gids={50009, 3003, 1028, 1015, 1023}
I/ActivityManager( 1070): Start proc com.motorola.android.providers.userpreferredsim for content provider com.motorola.android.providers.userpreferredsim/.UserPreferredSimProvider: pid=28826 uid=10043 gids={50043, 3003}
I/LaunchCheckinHandler( 1070): Displayed com.android.dialer/com.android.incallui.InCallActivity,wp,ca,942
W/ActivityManager( 1070): Duplicate finish request for ActivityRecord{431c8fa0 u0 com.android.phone/.PrivilegedOutgoingCallBroadcaster t136 f}
I/ActivityManager( 1070): Start proc com.google.android.googlequicksearchbox:search for broadcast com.google.android.googlequicksearchbox/com.google.android.apps.gsa.search.core.GservicesBroadcastReceiver: pid=28842 uid=10044 gids={50044, 3003, 1028, 3002, 1015}
I/ActivityManager( 1070): Process com.google.android.keep (pid 28661) has died.
V/AlarmManager( 1070): sending alarm Alarm{4318e3c0 type 3 com.avast.android.mobilesecurity}
I/ActivityManager( 1070): Process com.google.android.partnersetup (pid 28717) has died.
I/ActivityManager( 1070): Process com.google.android.setupwizard (pid 28753) has died.
F/ProcessStats( 1070): Starting service ServiceState{449efdc0 com.google.android.wearable.datatransfer.DataSyncService pkg=com.google.android.music proc=449efdc0} without owner
F/ProcessStats( 1070): Starting service ServiceState{434ada08 com.facebook.mqttlite.MqttService pkg=com.facebook.groups proc=434ada08} without owner
F/ProcessStats( 1070): Starting service ServiceState{449efdc0 com.google.android.wearable.datatransfer.DataSyncService pkg=com.google.android.music proc=449efdc0} without owner
F/ProcessStats( 1070): Starting service ServiceState{434ada08 com.facebook.mqttlite.MqttService pkg=com.facebook.groups proc=434ada08} without owner
I/ActivityManager( 1070): Process com.google.android.configupdater (pid 28689) has died.
F/ProcessStats( 1070): Starting service ServiceState{449efdc0 com.google.android.wearable.datatransfer.DataSyncService pkg=com.google.android.music proc=449efdc0} without owner
F/ProcessStats( 1070): Starting service ServiceState{434ada08 com.facebook.mqttlite.MqttService pkg=com.facebook.groups proc=434ada08} without owner
D/WifiService( 1070): New client listening to asynchronous messages
I/ActivityManager( 1070): Process com.qualcomm.qualcommsettings (pid 28635) has died.
I/ActivityManager( 1070): Start proc com.google.android.partnersetup for content provider com.google.android.partnersetup/.RlzAppProvider: pid=28882 uid=10025 gids={50025, 3003}
I/ActivityManager( 1070): Start proc com.application.zomato for broadcast com.application.zomato/com.freshdesk.hotline.receiver.HotlineReceiver: pid=28899 uid=10125 gids={50125, 3003, 1028, 1015}
I/ActivityManager( 1070): Process com.android.contacts (pid 28805) has died.
F/ProcessStats( 1070): Starting service ServiceState{449efdc0 com.google.android.wearable.datatransfer.DataSyncService pkg=com.google.android.music proc=449efdc0} without owner
F/ProcessStats( 1070): Starting service ServiceState{434ada08 com.facebook.mqttlite.MqttService pkg=com.facebook.groups proc=434ada08} without owner
F/ProcessStats( 1070): Starting service ServiceState{449efdc0 com.google.android.wearable.datatransfer.DataSyncService pkg=com.google.android.music proc=449efdc0} without owner
F/ProcessStats( 1070): Starting service ServiceState{434ada08 com.facebook.mqttlite.MqttService pkg=com.facebook.groups proc=434ada08} without owner
I/ActivityManager( 1070): Process com.motorola.android.providers.userpreferredsim (pid 28826) has died.
F/ProcessStats( 1070): Starting service ServiceState{449efdc0 com.google.android.wearable.datatransfer.DataSyncService pkg=com.google.android.music proc=449efdc0} without owner
F/ProcessStats( 1070): Starting service ServiceState{434ada08 com.facebook.mqttlite.MqttService pkg=com.facebook.groups proc=434ada08} without owner
I/ActivityManager( 1070): Start proc com.google.android.talk for broadcast com.google.android.talk/com.google.android.apps.hangouts.service.broadcastreceiver.GcmStateReceiver: pid=28962 uid=10069 gids={50069, 3003, 1028, 1015, 3002}
V/AlarmManager( 1070): sending alarm Alarm{434ae658 type 2 android}
F/ProcessStats( 1070): Starting service ServiceState{449efdc0 com.google.android.wearable.datatransfer.DataSyncService pkg=com.google.android.music proc=449efdc0} without owner
F/ProcessStats( 1070): Starting service ServiceState{434ada08 com.facebook.mqttlite.MqttService pkg=com.facebook.groups proc=434ada08} without owner
I/ActivityManager( 1070): Process com.google.android.googlequicksearchbox:search (pid 28842) has died.
D/WifiService( 1070): Client connection lost with reason: 4
F/ProcessStats( 1070): Starting service ServiceState{449efdc0 com.google.android.wearable.datatransfer.DataSyncService pkg=com.google.android.music proc=449efdc0} without owner
F/ProcessStats( 1070): Starting service ServiceState{434ada08 com.facebook.mqttlite.MqttService pkg=com.facebook.groups proc=434ada08} without owner
I/ActivityManager( 1070): Start proc com.google.android.keep for service com.google.android.keep/.service.ExperimentConfigInitService: pid=29014 uid=10136 gids={50136, 3003, 1028, 1015}
I/ActivityManager( 1070): Start proc com.motorola.context for broadcast com.motorola.context/.publisher.missedcall.PhoneStateReceiver: pid=29029 uid=10010 gids={50010, 3003, 3002, 3001}
I/ActivityManager( 1070): Start proc com.iitb.cse.arkenstone.quizapp for broadcast com.iitb.cse.arkenstone.quizapp/.utils.broadcast_listeners.CallListener: pid=29055 uid=10193 gids={50193, 3003, 3002, 3001}
F/ProcessStats( 1070): Starting service ServiceState{449efdc0 com.google.android.wearable.datatransfer.DataSyncService pkg=com.google.android.music proc=449efdc0} without owner
F/ProcessStats( 1070): Starting service ServiceState{434ada08 com.facebook.mqttlite.MqttService pkg=com.facebook.groups proc=434ada08} without owner
I/ActivityManager( 1070): Process com.google.android.partnersetup (pid 28882) has died.
F/ProcessStats( 1070): Starting service ServiceState{449efdc0 com.google.android.wearable.datatransfer.DataSyncService pkg=com.google.android.music proc=449efdc0} without owner
F/ProcessStats( 1070): Starting service ServiceState{434ada08 com.facebook.mqttlite.MqttService pkg=com.facebook.groups proc=434ada08} without owner
F/ProcessStats( 1070): Starting service ServiceState{449efdc0 com.google.android.wearable.datatransfer.DataSyncService pkg=com.google.android.music proc=449efdc0} without owner
F/ProcessStats( 1070): Starting service ServiceState{434ada08 com.facebook.mqttlite.MqttService pkg=com.facebook.groups proc=434ada08} without owner
I/ActivityManager( 1070): Process com.google.android.talk (pid 28962) has died.
F/ProcessStats( 1070): Starting service ServiceState{449efdc0 com.google.android.wearable.datatransfer.DataSyncService pkg=com.google.android.music proc=449efdc0} without owner
F/ProcessStats( 1070): Starting service ServiceState{434ada08 com.facebook.mqttlite.MqttService pkg=com.facebook.groups proc=434ada08} without owner
D/ConnectivityService( 1070): handleInetConditionHoldEnd: net=1, condition=100, published condition=100
I/ActivityManager( 1070): Start proc com.mobond.mindicator for broadcast com.mobond.mindicator/.ui.safety.MissedCallReceiver: pid=29078 uid=10130 gids={50130, 3003, 1028, 1015}
F/ProcessStats( 1070): Starting service ServiceState{449efdc0 com.google.android.wearable.datatransfer.DataSyncService pkg=com.google.android.music proc=449efdc0} without owner
F/ProcessStats( 1070): Starting service ServiceState{434ada08 com.facebook.mqttlite.MqttService pkg=com.facebook.groups proc=434ada08} without owner
I/ActivityManager( 1070): Process com.motorola.context (pid 29029) has died.
F/ProcessStats( 1070): Starting service ServiceState{449efdc0 com.google.android.wearable.datatransfer.DataSyncService pkg=com.google.android.music proc=449efdc0} without owner
F/ProcessStats( 1070): Starting service ServiceState{434ada08 com.facebook.mqttlite.MqttService pkg=com.facebook.groups proc=434ada08} without owner
F/ProcessStats( 1070): Starting service ServiceState{449efdc0 com.google.android.wearable.datatransfer.DataSyncService pkg=com.google.android.music proc=449efdc0} without owner
F/ProcessStats( 1070): Starting service ServiceState{434ada08 com.facebook.mqttlite.MqttService pkg=com.facebook.groups proc=434ada08} without owner
I/ActivityManager( 1070): Start proc com.motorola.MotGallery2 for broadcast com.motorola.MotGallery2/com.android.gallery3d.app.PackagesMonitor: pid=29092 uid=10033 gids={50033, 3003, 1028, 1015}
I/ActivityManager( 1070): Process com.iitb.cse.arkenstone.quizapp (pid 29055) has died.
F/ProcessStats( 1070): Starting service ServiceState{449efdc0 com.google.android.wearable.datatransfer.DataSyncService pkg=com.google.android.music proc=449efdc0} without owner
F/ProcessStats( 1070): Starting service ServiceState{434ada08 com.facebook.mqttlite.MqttService pkg=com.facebook.groups proc=434ada08} without owner
F/ProcessStats( 1070): Starting service ServiceState{449efdc0 com.google.android.wearable.datatransfer.DataSyncService pkg=com.google.android.music proc=449efdc0} without owner
F/ProcessStats( 1070): Starting service ServiceState{434ada08 com.facebook.mqttlite.MqttService pkg=com.facebook.groups proc=434ada08} without owner
I/ActivityManager( 1070): Process com.application.zomato (pid 28899) has died.
F/ProcessStats( 1070): Starting service ServiceState{449efdc0 com.google.android.wearable.datatransfer.DataSyncService pkg=com.google.android.music proc=449efdc0} without owner
F/ProcessStats( 1070): Starting service ServiceState{434ada08 com.facebook.mqttlite.MqttService pkg=com.facebook.groups proc=434ada08} without owner
I/ActivityManager( 1070): Start proc android.process.media for content provider com.android.providers.media/.MediaProvider: pid=29105 uid=10017 gids={50017, 1028, 1015, 1023, 1024, 2001, 3003, 3007}
I/ActivityManager( 1070): Start proc com.google.android.googlequicksearchbox:search for broadcast com.google.android.googlequicksearchbox/com.google.android.apps.gsa.search.core.icingsync.IcingCorporaChangedReceiver: pid=29124 uid=10044 gids={50044, 3003, 1028, 3002, 1015}
F/ProcessStats( 1070): Starting service ServiceState{449efdc0 com.google.android.wearable.datatransfer.DataSyncService pkg=com.google.android.music proc=449efdc0} without owner
F/ProcessStats( 1070): Starting service ServiceState{434ada08 com.facebook.mqttlite.MqttService pkg=com.facebook.groups proc=434ada08} without owner
I/ActivityManager( 1070): Process com.google.android.keep (pid 29014) has died.
F/ProcessStats( 1070): Starting service ServiceState{449efdc0 com.google.android.wearable.datatransfer.DataSyncService pkg=com.google.android.music proc=449efdc0} without owner
F/ProcessStats( 1070): Starting service ServiceState{434ada08 com.facebook.mqttlite.MqttService pkg=com.facebook.groups proc=434ada08} without owner
I/openssl (29105): Crypto mode not selected, openssl will run on its regular mode.
I/openssl (29105): Crypto mode 0 already enabled
I/ActivityManager( 1070): Start proc com.google.android.apps.plus for broadcast com.google.android.apps.plus/.service.PhotosAppTransitionMonitor: pid=29146 uid=10089 gids={50089, 3003, 3002, 1028, 1015}
D/WifiService( 1070): New client listening to asynchronous messages
F/ProcessStats( 1070): Starting service ServiceState{449efdc0 com.google.android.wearable.datatransfer.DataSyncService pkg=com.google.android.music proc=449efdc0} without owner
F/ProcessStats( 1070): Starting service ServiceState{434ada08 com.facebook.mqttlite.MqttService pkg=com.facebook.groups proc=434ada08} without owner
I/ActivityManager( 1070): Process com.mobond.mindicator (pid 29078) has died.
F/ProcessStats( 1070): Starting service ServiceState{449efdc0 com.google.android.wearable.datatransfer.DataSyncService pkg=com.google.android.music proc=449efdc0} without owner
F/ProcessStats( 1070): Starting service ServiceState{434ada08 com.facebook.mqttlite.MqttService pkg=com.facebook.groups proc=434ada08} without owner
F/ProcessStats( 1070): Starting service ServiceState{449efdc0 com.google.android.wearable.datatransfer.DataSyncService pkg=com.google.android.music proc=449efdc0} without owner
F/ProcessStats( 1070): Starting service ServiceState{434ada08 com.facebook.mqttlite.MqttService pkg=com.facebook.groups proc=434ada08} without owner
I/ActivityManager( 1070): Process com.motorola.MotGallery2 (pid 29092) has died.
F/ProcessStats( 1070): Starting service ServiceState{449efdc0 com.google.android.wearable.datatransfer.DataSyncService pkg=com.google.android.music proc=449efdc0} without owner
F/ProcessStats( 1070): Starting service ServiceState{434ada08 com.facebook.mqttlite.MqttService pkg=com.facebook.groups proc=434ada08} without owner
F/ProcessStats( 1070): Starting service ServiceState{449efdc0 com.google.android.wearable.datatransfer.DataSyncService pkg=com.google.android.music proc=449efdc0} without owner
F/ProcessStats( 1070): Starting service ServiceState{434ada08 com.facebook.mqttlite.MqttService pkg=com.facebook.groups proc=434ada08} without owner
I/ActivityManager( 1070): Process com.google.android.googlequicksearchbox:search (pid 29124) has died.
F/ProcessStats( 1070): Starting service ServiceState{449efdc0 com.google.android.wearable.datatransfer.DataSyncService pkg=com.google.android.music proc=449efdc0} without owner
D/WifiService( 1070): Client connection lost with reason: 4
F/ProcessStats( 1070): Starting service ServiceState{434ada08 com.facebook.mqttlite.MqttService pkg=com.facebook.groups proc=434ada08} without owner
I/ActivityManager( 1070): Start proc com.google.android.keep for service com.google.android.keep/.provider.ImageRedecodeService: pid=29192 uid=10136 gids={50136, 3003, 1028, 1015}
F/ProcessStats( 1070): Starting service ServiceState{449efdc0 com.google.android.wearable.datatransfer.DataSyncService pkg=com.google.android.music proc=449efdc0} without owner
F/ProcessStats( 1070): Starting service ServiceState{434ada08 com.facebook.mqttlite.MqttService pkg=com.facebook.groups proc=434ada08} without owner
D/ConnectivityService( 1070): handleInetConditionHoldEnd: net=1, condition=100, published condition=100
V/AlarmManager( 1070): sending alarm Alarm{432d5000 type 3 com.avast.android.mobilesecurity}
V/AlarmManager( 1070): sending alarm Alarm{432d3fa8 type 0 com.application.zomato}
I/ActivityManager( 1070): Start proc com.application.zomato for broadcast com.application.zomato/com.freshdesk.hotline.receiver.HotlineReceiver: pid=29237 uid=10125 gids={50125, 3003, 1028, 1015}
I/ActivityManager( 1070): Process android.process.media (pid 29105) has died.
F/ProcessStats( 1070): Starting service ServiceState{449efdc0 com.google.android.wearable.datatransfer.DataSyncService pkg=com.google.android.music proc=449efdc0} without owner
F/ProcessStats( 1070): Starting service ServiceState{434ada08 com.facebook.mqttlite.MqttService pkg=com.facebook.groups proc=434ada08} without owner
D/MobileDataStateTracker( 1070): default: setPolicyDataEnable(enabled=true)
F/ProcessStats( 1070): Starting service ServiceState{449efdc0 com.google.android.wearable.datatransfer.DataSyncService pkg=com.google.android.music proc=449efdc0} without owner
F/ProcessStats( 1070): Starting service ServiceState{434ada08 com.facebook.mqttlite.MqttService pkg=com.facebook.groups proc=434ada08} without owner
I/ActivityManager( 1070): Process com.google.android.apps.plus (pid 29146) has died.
F/ProcessStats( 1070): Starting service ServiceState{449efdc0 com.google.android.wearable.datatransfer.DataSyncService pkg=com.google.android.music proc=449efdc0} without owner
F/ProcessStats( 1070): Starting service ServiceState{434ada08 com.facebook.mqttlite.MqttService pkg=com.facebook.groups proc=434ada08} without owner
I/SFPerfTracer(  270):      triggers: (rate: 128:4888) (compose: 0:15) (post: 0:4) (render: 4:238) (16:60800 frames) (17:151072)
D/SFPerfTracer(  270):        layers: (0:13) (DimLayer: 0:75)* (DimLayer: 0:6)* (FocusedStackFrame: 0:1899)* (StatusBar: 0:21729)* (NavigationBar: 0:16976)* (com.android.systemui.ImageWallpaper: 0:741)* (DimLayer: 0:900)* (DimLayer: 0:45)* (com.android.phone/com.android.phone.PrivilegedOutgoingCallBroadcaster: 0:32)* (com.android.phone/com.android.phone.PrivilegedOutgoingCallBroadcaster: 0:19)* (com.android.phone/com.android.phone.SipCallOptionHandler: 0:39)* (Starting com.android.dialer: 0:16)* (com.android.dialer/com.android.incallui.InCallActivity: 17:26)* 
V/AlarmManager( 1070): sending alarm Alarm{435f8600 type 3 com.avast.android.mobilesecurity}
V/AlarmManager( 1070): sending alarm Alarm{435e17c8 type 1 com.application.zomato}
V/AlarmManager( 1070): sending alarm Alarm{435e1818 type 0 com.application.zomato}
V/AlarmManager( 1070): sending alarm Alarm{435dc118 type 0 com.iitb.loadgen}
V/AlarmManager( 1070): sending alarm Alarm{426fb2c0 type 0 com.google.android.gms}
V/AlarmManager( 1070): sending alarm Alarm{426cce30 type 0 com.truecaller}
E/ActivityThread(18078): Failed to find provider info for com.google.android.wearable.settings
I/ActivityManager( 1070): Start proc com.google.android.gms.unstable for service com.google.android.gms/.droidguard.DroidGuardService: pid=29373 uid=10022 gids={50022, 3007, 2001, 3003, 1007, 3006, 1028, 1015, 3002, 3001}
I/ActivityManager( 1070): Process com.google.android.keep (pid 29192) has died.
V/AlarmManager( 1070): sending alarm Alarm{449a91f0 type 3 com.avast.android.mobilesecurity}
I/CertBlacklister( 1070): Certificate blacklist changed, updating...
I/CertBlacklister( 1070): Certificate blacklist updated
I/ActivityManager( 1070): Start proc com.google.android.configupdater for broadcast com.google.android.configupdater/.CertPin.CertPinUpdateRequestReceiver: pid=29432 uid=10008 gids={50008, 3003, 2001}
E/ActivityThread(18078): Failed to find provider info for com.google.android.wearable.settings
I/ActivityManager( 1070): Start proc com.google.android.partnersetup for broadcast com.google.android.partnersetup/.GservicesChangedReceiver: pid=29457 uid=10025 gids={50025, 3003}
F/ProcessStats( 1070): Starting service ServiceState{449efdc0 com.google.android.wearable.datatransfer.DataSyncService pkg=com.google.android.music proc=449efdc0} without owner
F/ProcessStats( 1070): Starting service ServiceState{434ada08 com.facebook.mqttlite.MqttService pkg=com.facebook.groups proc=434ada08} without owner
I/ActivityManager( 1070): Start proc com.google.android.setupwizard for broadcast com.google.android.setupwizard/.GservicesChangedReceiver: pid=29477 uid=10041 gids={50041, 3003}
I/ActivityManager( 1070): Process com.application.zomato (pid 29237) has died.
W/AppOps  ( 1070): Bad call: specified package qcamera under uid 1013 but it is really -1
W/AppOps  ( 1070): Bad call: specified package qcamera under uid 1013 but it is really -1
W/ActivityManager( 1070): Unable to start service Intent { cmp=com.google.android.gms/.analytics.service.RefreshEnabledStateService } U=0: not found
I/ActivityManager( 1070): Start proc com.google.android.googlequicksearchbox:search for broadcast com.google.android.googlequicksearchbox/com.google.android.apps.gsa.search.core.GservicesBroadcastReceiver: pid=29513 uid=10044 gids={50044, 3003, 1028, 3002, 1015}
F/ProcessStats( 1070): Starting service ServiceState{449efdc0 com.google.android.wearable.datatransfer.DataSyncService pkg=com.google.android.music proc=449efdc0} without owner
F/ProcessStats( 1070): Starting service ServiceState{434ada08 com.facebook.mqttlite.MqttService pkg=com.facebook.groups proc=434ada08} without owner
I/ActivityManager( 1070): Process com.google.android.gms.unstable (pid 29373) has died.
F/ProcessStats( 1070): Starting service ServiceState{449efdc0 com.google.android.wearable.datatransfer.DataSyncService pkg=com.google.android.music proc=449efdc0} without owner
F/ProcessStats( 1070): Starting service ServiceState{434ada08 com.facebook.mqttlite.MqttService pkg=com.facebook.groups proc=434ada08} without owner
D/WifiService( 1070): New client listening to asynchronous messages
I/PackageManager( 1070): Adding preferred activity ComponentInfo{com.android.mms/com.android.mms.ui.ComposeMessageActivity} for user 0 :
I/PackageManager( 1070): Adding preferred activity ComponentInfo{com.android.mms/com.android.mms.ui.ComposeMessageActivity} for user 0 :
I/PackageManager( 1070): Adding preferred activity ComponentInfo{com.android.mms/com.android.mms.ui.ComposeMessageActivity} for user 0 :
I/PackageManager( 1070): Adding preferred activity ComponentInfo{com.android.mms/com.android.mms.ui.ComposeMessageActivity} for user 0 :
I/PackageManager( 1070): Adding preferred activity ComponentInfo{com.android.mms/com.android.mms.ui.ComposeMessageActivity} for user 0 :
I/ActivityManager( 1070): Start proc com.google.android.keep for service com.google.android.keep/.provider.ImageRedecodeService: pid=29552 uid=10136 gids={50136, 3003, 1028, 1015}
I/ActivityManager( 1070): Process com.google.android.partnersetup (pid 29457) has died.
F/ProcessStats( 1070): Starting service ServiceState{449efdc0 com.google.android.wearable.datatransfer.DataSyncService pkg=com.google.android.music proc=449efdc0} without owner
F/ProcessStats( 1070): Starting service ServiceState{434ada08 com.facebook.mqttlite.MqttService pkg=com.facebook.groups proc=434ada08} without owner
I/PackageManager( 1070): Adding preferred activity ComponentInfo{com.android.mms/com.android.mms.ui.ComposeMessageActivity} for user 0 :
I/PackageManager( 1070): Adding preferred activity ComponentInfo{com.android.mms/com.android.mms.ui.ComposeMessageActivity} for user 0 :
I/PackageManager( 1070): Adding preferred activity ComponentInfo{com.android.mms/com.android.mms.ui.ComposeMessageActivity} for user 0 :
F/ProcessStats( 1070): Starting service ServiceState{449efdc0 com.google.android.wearable.datatransfer.DataSyncService pkg=com.google.android.music proc=449efdc0} without owner
F/ProcessStats( 1070): Starting service ServiceState{434ada08 com.facebook.mqttlite.MqttService pkg=com.facebook.groups proc=434ada08} without owner
I/ActivityManager( 1070): Process com.google.android.configupdater (pid 29432) has died.
F/ProcessStats( 1070): Starting service ServiceState{449efdc0 com.google.android.wearable.datatransfer.DataSyncService pkg=com.google.android.music proc=449efdc0} without owner
F/ProcessStats( 1070): Starting service ServiceState{434ada08 com.facebook.mqttlite.MqttService pkg=com.facebook.groups proc=434ada08} without owner
I/ActivityManager( 1070): Start proc com.motorola.MotGallery2 for broadcast com.motorola.MotGallery2/com.android.gallery3d.app.PackagesMonitor: pid=29571 uid=10033 gids={50033, 3003, 1028, 1015}
F/ProcessStats( 1070): Starting service ServiceState{449efdc0 com.google.android.wearable.datatransfer.DataSyncService pkg=com.google.android.music proc=449efdc0} without owner
F/ProcessStats( 1070): Starting service ServiceState{434ada08 com.facebook.mqttlite.MqttService pkg=com.facebook.groups proc=434ada08} without owner
I/ActivityManager( 1070): Process com.google.android.setupwizard (pid 29477) has died.
F/ProcessStats( 1070): Starting service ServiceState{449efdc0 com.google.android.wearable.datatransfer.DataSyncService pkg=com.google.android.music proc=449efdc0} without owner
F/ProcessStats( 1070): Starting service ServiceState{434ada08 com.facebook.mqttlite.MqttService pkg=com.facebook.groups proc=434ada08} without owner
I/ActivityManager( 1070): Start proc android.process.media for content provider com.android.providers.media/.MediaProvider: pid=29585 uid=10017 gids={50017, 1028, 1015, 1023, 1024, 2001, 3003, 3007}
F/ProcessStats( 1070): Starting service ServiceState{449efdc0 com.google.android.wearable.datatransfer.DataSyncService pkg=com.google.android.music proc=449efdc0} without owner
F/ProcessStats( 1070): Starting service ServiceState{434ada08 com.facebook.mqttlite.MqttService pkg=com.facebook.groups proc=434ada08} without owner
I/ActivityManager( 1070): Process com.google.android.keep (pid 29552) has died.
F/ProcessStats( 1070): Starting service ServiceState{449efdc0 com.google.android.wearable.datatransfer.DataSyncService pkg=com.google.android.music proc=449efdc0} without owner
F/ProcessStats( 1070): Starting service ServiceState{434ada08 com.facebook.mqttlite.MqttService pkg=com.facebook.groups proc=434ada08} without owner
I/ActivityManager( 1070): Start proc com.google.android.apps.plus for broadcast com.google.android.apps.plus/.service.PhotosAppTransitionMonitor: pid=29607 uid=10089 gids={50089, 3003, 3002, 1028, 1015}
I/openssl (29585): Crypto mode not selected, openssl will run on its regular mode.
I/openssl (29585): Crypto mode 0 already enabled
F/ProcessStats( 1070): Starting service ServiceState{449efdc0 com.google.android.wearable.datatransfer.DataSyncService pkg=com.google.android.music proc=449efdc0} without owner
F/ProcessStats( 1070): Starting service ServiceState{434ada08 com.facebook.mqttlite.MqttService pkg=com.facebook.groups proc=434ada08} without owner
I/ActivityManager( 1070): Process com.motorola.MotGallery2 (pid 29571) has died.
F/ProcessStats( 1070): Starting service ServiceState{449efdc0 com.google.android.wearable.datatransfer.DataSyncService pkg=com.google.android.music proc=449efdc0} without owner
F/ProcessStats( 1070): Starting service ServiceState{434ada08 com.facebook.mqttlite.MqttService pkg=com.facebook.groups proc=434ada08} without owner
F/ProcessStats( 1070): Starting service ServiceState{449efdc0 com.google.android.wearable.datatransfer.DataSyncService pkg=com.google.android.music proc=449efdc0} without owner
F/ProcessStats( 1070): Starting service ServiceState{434ada08 com.facebook.mqttlite.MqttService pkg=com.facebook.groups proc=434ada08} without owner
I/ActivityManager( 1070): Process com.google.android.googlequicksearchbox:search (pid 29513) has died.
D/WifiService( 1070): Client connection lost with reason: 4
F/ProcessStats( 1070): Starting service ServiceState{449efdc0 com.google.android.wearable.datatransfer.DataSyncService pkg=com.google.android.music proc=449efdc0} without owner
F/ProcessStats( 1070): Starting service ServiceState{434ada08 com.facebook.mqttlite.MqttService pkg=com.facebook.groups proc=434ada08} without owner
V/AlarmManager( 1070): sending alarm Alarm{433a5658 type 3 com.avast.android.mobilesecurity}
V/AlarmManager( 1070): sending alarm Alarm{433a2ef8 type 0 com.application.zomato}
V/AlarmManager( 1070): sending alarm Alarm{433a24d0 type 0 com.motorola.ccc.ota}
V/AlarmManager( 1070): sending alarm Alarm{4320e6b0 type 0 com.motorola.ccc.ota}
V/AlarmManager( 1070): sending alarm Alarm{43206f78 type 0 com.motorola.ccc.ota}
V/AlarmManager( 1070): sending alarm Alarm{43205de8 type 0 com.motorola.ccc.ota}
D/MobileDataStateTracker( 1070): default: setPolicyDataEnable(enabled=true)
I/ActivityManager( 1070): Start proc com.google.android.keep for service com.google.android.keep/.service.CleanupService: pid=29650 uid=10136 gids={50136, 3003, 1028, 1015}
F/ProcessStats( 1070): Starting service ServiceState{449efdc0 com.google.android.wearable.datatransfer.DataSyncService pkg=com.google.android.music proc=449efdc0} without owner
F/ProcessStats( 1070): Starting service ServiceState{434ada08 com.facebook.mqttlite.MqttService pkg=com.facebook.groups proc=434ada08} without owner
V/AlarmManager( 1070): sending alarm Alarm{431919a8 type 3 com.avast.android.mobilesecurity}
D/ConnectivityService( 1070): handleInetConditionHoldEnd: net=1, condition=100, published condition=100
V/AlarmManager( 1070): sending alarm Alarm{432ffb88 type 3 android}
I/ActivityManager( 1070): Process android.process.media (pid 29585) has died.
F/ProcessStats( 1070): Starting service ServiceState{449efdc0 com.google.android.wearable.datatransfer.DataSyncService pkg=com.google.android.music proc=449efdc0} without owner
F/ProcessStats( 1070): Starting service ServiceState{434ada08 com.facebook.mqttlite.MqttService pkg=com.facebook.groups proc=434ada08} without owner
V/AlarmManager( 1070): sending alarm Alarm{43275248 type 2 android}
V/AlarmManager( 1070): sending alarm Alarm{4326a318 type 0 com.iitb.loadgen}
V/AlarmManager( 1070): sending alarm Alarm{432686b8 type 3 com.avast.android.mobilesecurity}
W/ContextImpl( 1693): Calling a method in the system process without a qualified user: android.app.ContextImpl.sendBroadcast:1252 android.content.ContextWrapper.sendBroadcast:365 com.motorola.motocare.util.TriggerHelper$TriggerBuilder.send:76 com.motorola.motocare.internal.frameworkevents.ProcessKillTrigger.sendTrigger:147 com.motorola.motocare.internal.frameworkevents.ProcessKillTrigger.handleLmkKill:337 
W/ContextImpl( 1693): Calling a method in the system process without a qualified user: android.app.ContextImpl.sendBroadcast:1252 android.content.ContextWrapper.sendBroadcast:365 com.motorola.motocare.util.TriggerHelper$TriggerBuilder.send:76 com.motorola.motocare.internal.frameworkevents.ProcessKillTrigger.sendTrigger:147 com.motorola.motocare.internal.frameworkevents.ProcessKillTrigger.handleLmkKill:337 
W/ContextImpl( 1693): Calling a method in the system process without a qualified user: android.app.ContextImpl.sendBroadcast:1252 android.content.ContextWrapper.sendBroadcast:365 com.motorola.motocare.util.TriggerHelper$TriggerBuilder.send:76 com.motorola.motocare.internal.frameworkevents.ProcessKillTrigger.sendTrigger:147 com.motorola.motocare.internal.frameworkevents.ProcessKillTrigger.handleLmkKill:337 
W/ContextImpl( 1693): Calling a method in the system process without a qualified user: android.app.ContextImpl.sendBroadcast:1252 android.content.ContextWrapper.sendBroadcast:365 com.motorola.motocare.util.TriggerHelper$TriggerBuilder.send:76 com.motorola.motocare.internal.frameworkevents.ProcessKillTrigger.sendTrigger:147 com.motorola.motocare.internal.frameworkevents.ProcessKillTrigger.handleLmkKill:337 
W/ContextImpl( 1693): Calling a method in the system process without a qualified user: android.app.ContextImpl.sendBroadcast:1252 android.content.ContextWrapper.sendBroadcast:365 com.motorola.motocare.util.TriggerHelper$TriggerBuilder.send:76 com.motorola.motocare.internal.frameworkevents.ProcessKillTrigger.sendTrigger:147 com.motorola.motocare.internal.frameworkevents.ProcessKillTrigger.handleLmkKill:337 
W/ContextImpl( 1693): Calling a method in the system process without a qualified user: android.app.ContextImpl.sendBroadcast:1252 android.content.ContextWrapper.sendBroadcast:365 com.motorola.motocare.util.TriggerHelper$TriggerBuilder.send:76 com.motorola.motocare.internal.frameworkevents.ProcessKillTrigger.sendTrigger:147 com.motorola.motocare.internal.frameworkevents.ProcessKillTrigger.handleLmkKill:337 
W/ContextImpl( 1693): Calling a method in the system process without a qualified user: android.app.ContextImpl.sendBroadcast:1252 android.content.ContextWrapper.sendBroadcast:365 com.motorola.motocare.util.TriggerHelper$TriggerBuilder.send:76 com.motorola.motocare.internal.frameworkevents.ProcessKillTrigger.sendTrigger:147 com.motorola.motocare.internal.frameworkevents.ProcessKillTrigger.handleLmkKill:337 
W/ContextImpl( 1693): Calling a method in the system process without a qualified user: android.app.ContextImpl.sendBroadcast:1252 android.content.ContextWrapper.sendBroadcast:365 com.motorola.motocare.util.TriggerHelper$TriggerBuilder.send:76 com.motorola.motocare.internal.frameworkevents.ProcessKillTrigger.sendTrigger:147 com.motorola.motocare.internal.frameworkevents.ProcessKillTrigger.handleLmkKill:337 
W/ContextImpl( 1693): Calling a method in the system process without a qualified user: android.app.ContextImpl.sendBroadcast:1252 android.content.ContextWrapper.sendBroadcast:365 com.motorola.motocare.util.TriggerHelper$TriggerBuilder.send:76 com.motorola.motocare.internal.frameworkevents.ProcessKillTrigger.sendTrigger:147 com.motorola.motocare.internal.frameworkevents.ProcessKillTrigger.handleLmkKill:337 
W/ContextImpl( 1693): Calling a method in the system process without a qualified user: android.app.ContextImpl.sendBroadcast:1252 android.content.ContextWrapper.sendBroadcast:365 com.motorola.motocare.util.TriggerHelper$TriggerBuilder.send:76 com.motorola.motocare.internal.frameworkevents.ProcessKillTrigger.sendTrigger:147 com.motorola.motocare.internal.frameworkevents.ProcessKillTrigger.handleLmkKill:337 
W/ContextImpl( 1693): Calling a method in the system process without a qualified user: android.app.ContextImpl.sendBroadcast:1252 android.content.ContextWrapper.sendBroadcast:365 com.motorola.motocare.util.TriggerHelper$TriggerBuilder.send:76 com.motorola.motocare.internal.frameworkevents.ProcessKillTrigger.sendTrigger:147 com.motorola.motocare.internal.frameworkevents.ProcessKillTrigger.handleLmkKill:337 
W/ContextImpl( 1693): Calling a method in the system process without a qualified user: android.app.ContextImpl.sendBroadcast:1252 android.content.ContextWrapper.sendBroadcast:365 com.motorola.motocare.util.TriggerHelper$TriggerBuilder.send:76 com.motorola.motocare.internal.frameworkevents.ProcessKillTrigger.sendTrigger:147 com.motorola.motocare.internal.frameworkevents.ProcessKillTrigger.handleLmkKill:337 
W/ContextImpl( 1693): Calling a method in the system process without a qualified user: android.app.ContextImpl.sendBroadcast:1252 android.content.ContextWrapper.sendBroadcast:365 com.motorola.motocare.util.TriggerHelper$TriggerBuilder.send:76 com.motorola.motocare.internal.frameworkevents.ProcessKillTrigger.sendTrigger:147 com.motorola.motocare.internal.frameworkevents.ProcessKillTrigger.handleLmkKill:337 
W/ContextImpl( 1693): Calling a method in the system process without a qualified user: android.app.ContextImpl.sendBroadcast:1252 android.content.ContextWrapper.sendBroadcast:365 com.motorola.motocare.util.TriggerHelper$TriggerBuilder.send:76 com.motorola.motocare.internal.frameworkevents.ProcessKillTrigger.sendTrigger:147 com.motorola.motocare.internal.frameworkevents.ProcessKillTrigger.handleLmkKill:337 
W/ContextImpl( 1693): Calling a method in the system process without a qualified user: android.app.ContextImpl.sendBroadcast:1252 android.content.ContextWrapper.sendBroadcast:365 com.motorola.motocare.util.TriggerHelper$TriggerBuilder.send:76 com.motorola.motocare.internal.frameworkevents.ProcessKillTrigger.sendTrigger:147 com.motorola.motocare.internal.frameworkevents.ProcessKillTrigger.handleLmkKill:337 
W/ContextImpl( 1693): Calling a method in the system process without a qualified user: android.app.ContextImpl.sendBroadcast:1252 android.content.ContextWrapper.sendBroadcast:365 com.motorola.motocare.util.TriggerHelper$TriggerBuilder.send:76 com.motorola.motocare.internal.frameworkevents.ProcessKillTrigger.sendTrigger:147 com.motorola.motocare.internal.frameworkevents.ProcessKillTrigger.handleLmkKill:337 
W/ContextImpl( 1693): Calling a method in the system process without a qualified user: android.app.ContextImpl.sendBroadcast:1252 android.content.ContextWrapper.sendBroadcast:365 com.motorola.motocare.util.TriggerHelper$TriggerBuilder.send:76 com.motorola.motocare.internal.frameworkevents.ProcessKillTrigger.sendTrigger:147 com.motorola.motocare.internal.frameworkevents.ProcessKillTrigger.handleLmkKill:337 
W/ContextImpl( 1693): Calling a method in the system process without a qualified user: android.app.ContextImpl.sendBroadcast:1252 android.content.ContextWrapper.sendBroadcast:365 com.motorola.motocare.util.TriggerHelper$TriggerBuilder.send:76 com.motorola.motocare.internal.frameworkevents.ProcessKillTrigger.sendTrigger:147 com.motorola.motocare.internal.frameworkevents.ProcessKillTrigger.handleLmkKill:337 
W/ContextImpl( 1693): Calling a method in the system process without a qualified user: android.app.ContextImpl.sendBroadcast:1252 android.content.ContextWrapper.sendBroadcast:365 com.motorola.motocare.util.TriggerHelper$TriggerBuilder.send:76 com.motorola.motocare.internal.frameworkevents.ProcessKillTrigger.sendTrigger:147 com.motorola.motocare.internal.frameworkevents.ProcessKillTrigger.handleLmkKill:337 
W/ContextImpl( 1693): Calling a method in the system process without a qualified user: android.app.ContextImpl.sendBroadcast:1252 android.content.ContextWrapper.sendBroadcast:365 com.motorola.motocare.util.TriggerHelper$TriggerBuilder.send:76 com.motorola.motocare.internal.frameworkevents.ProcessKillTrigger.sendTrigger:147 com.motorola.motocare.internal.frameworkevents.ProcessKillTrigger.handleLmkKill:337 
W/ContextImpl( 1693): Calling a method in the system process without a qualified user: android.app.ContextImpl.sendBroadcast:1252 android.content.ContextWrapper.sendBroadcast:365 com.motorola.motocare.util.TriggerHelper$TriggerBuilder.send:76 com.motorola.motocare.internal.frameworkevents.ProcessKillTrigger.sendTrigger:147 com.motorola.motocare.internal.frameworkevents.ProcessKillTrigger.handleLmkKill:337 
W/ContextImpl( 1693): Calling a method in the system process without a qualified user: android.app.ContextImpl.sendBroadcast:1252 android.content.ContextWrapper.sendBroadcast:365 com.motorola.motocare.util.TriggerHelper$TriggerBuilder.send:76 com.motorola.motocare.internal.frameworkevents.ProcessKillTrigger.sendTrigger:147 com.motorola.motocare.internal.frameworkevents.ProcessKillTrigger.handleLmkKill:337 
W/ContextImpl( 1693): Calling a method in the system process without a qualified user: android.app.ContextImpl.sendBroadcast:1252 android.content.ContextWrapper.sendBroadcast:365 com.motorola.motocare.util.TriggerHelper$TriggerBuilder.send:76 com.motorola.motocare.internal.frameworkevents.ProcessKillTrigger.sendTrigger:147 com.motorola.motocare.internal.frameworkevents.ProcessKillTrigger.handleLmkKill:337 
W/ContextImpl( 1693): Calling a method in the system process without a qualified user: android.app.ContextImpl.sendBroadcast:1252 android.content.ContextWrapper.sendBroadcast:365 com.motorola.motocare.util.TriggerHelper$TriggerBuilder.send:76 com.motorola.motocare.internal.frameworkevents.ProcessKillTrigger.sendTrigger:147 com.motorola.motocare.internal.frameworkevents.ProcessKillTrigger.handleLmkKill:337 
W/ContextImpl( 1693): Calling a method in the system process without a qualified user: android.app.ContextImpl.sendBroadcast:1252 android.content.ContextWrapper.sendBroadcast:365 com.motorola.motocare.util.TriggerHelper$TriggerBuilder.send:76 com.motorola.motocare.internal.frameworkevents.ProcessKillTrigger.sendTrigger:147 com.motorola.motocare.internal.frameworkevents.ProcessKillTrigger.handleLmkKill:337 
W/ContextImpl( 1693): Calling a method in the system process without a qualified user: android.app.ContextImpl.sendBroadcast:1252 android.content.ContextWrapper.sendBroadcast:365 com.motorola.motocare.util.TriggerHelper$TriggerBuilder.send:76 com.motorola.motocare.internal.frameworkevents.ProcessKillTrigger.sendTrigger:147 com.motorola.motocare.internal.frameworkevents.ProcessKillTrigger.handleLmkKill:337 
W/ContextImpl( 1693): Calling a method in the system process without a qualified user: android.app.ContextImpl.sendBroadcast:1252 android.content.ContextWrapper.sendBroadcast:365 com.motorola.motocare.util.TriggerHelper$TriggerBuilder.send:76 com.motorola.motocare.internal.frameworkevents.ProcessKillTrigger.sendTrigger:147 com.motorola.motocare.internal.frameworkevents.ProcessKillTrigger.handleLmkKill:337 
W/ContextImpl( 1693): Calling a method in the system process without a qualified user: android.app.ContextImpl.sendBroadcast:1252 android.content.ContextWrapper.sendBroadcast:365 com.motorola.motocare.util.TriggerHelper$TriggerBuilder.send:76 com.motorola.motocare.internal.frameworkevents.ProcessKillTrigger.sendTrigger:147 com.motorola.motocare.internal.frameworkevents.ProcessKillTrigger.handleLmkKill:337 
W/ContextImpl( 1693): Calling a method in the system process without a qualified user: android.app.ContextImpl.sendBroadcast:1252 android.content.ContextWrapper.sendBroadcast:365 com.motorola.motocare.util.TriggerHelper$TriggerBuilder.send:76 com.motorola.motocare.internal.frameworkevents.ProcessKillTrigger.sendTrigger:147 com.motorola.motocare.internal.frameworkevents.ProcessKillTrigger.handleLmkKill:337 
W/ContextImpl( 1693): Calling a method in the system process without a qualified user: android.app.ContextImpl.sendBroadcast:1252 android.content.ContextWrapper.sendBroadcast:365 com.motorola.motocare.util.TriggerHelper$TriggerBuilder.send:76 com.motorola.motocare.internal.frameworkevents.ProcessKillTrigger.sendTrigger:147 com.motorola.motocare.internal.frameworkevents.ProcessKillTrigger.handleLmkKill:337 
W/ContextImpl( 1693): Calling a method in the system process without a qualified user: android.app.ContextImpl.sendBroadcast:1252 android.content.ContextWrapper.sendBroadcast:365 com.motorola.motocare.util.TriggerHelper$TriggerBuilder.send:76 com.motorola.motocare.internal.frameworkevents.ProcessKillTrigger.sendTrigger:147 com.motorola.motocare.internal.frameworkevents.ProcessKillTrigger.handleLmkKill:337 
W/ContextImpl( 1693): Calling a method in the system process without a qualified user: android.app.ContextImpl.sendBroadcast:1252 android.content.ContextWrapper.sendBroadcast:365 com.motorola.motocare.util.TriggerHelper$TriggerBuilder.send:76 com.motorola.motocare.internal.frameworkevents.ProcessKillTrigger.sendTrigger:147 com.motorola.motocare.internal.frameworkevents.ProcessKillTrigger.handleLmkKill:337 
W/ContextImpl( 1693): Calling a method in the system process without a qualified user: android.app.ContextImpl.sendBroadcast:1252 android.content.ContextWrapper.sendBroadcast:365 com.motorola.motocare.util.TriggerHelper$TriggerBuilder.send:76 com.motorola.motocare.internal.frameworkevents.ProcessKillTrigger.sendTrigger:147 com.motorola.motocare.internal.frameworkevents.ProcessKillTrigger.handleLmkKill:337 
W/ContextImpl( 1693): Calling a method in the system process without a qualified user: android.app.ContextImpl.sendBroadcast:1252 android.content.ContextWrapper.sendBroadcast:365 com.motorola.motocare.util.TriggerHelper$TriggerBuilder.send:76 com.motorola.motocare.internal.frameworkevents.ProcessKillTrigger.sendTrigger:147 com.motorola.motocare.internal.frameworkevents.ProcessKillTrigger.handleLmkKill:337 
