W/dalvikvm( 1149): Link of class 'Lcom/google/android/apps/gsa/assist/GsaVoiceInteractionSession;' failed
I/dalvikvm( 1149): DexOpt: unable to optimize instance field ref 0x26ac at 0x26 in Lcom/google/android/apps/gsa/assist/GsaVoiceInteractionSession_MembersInjector;.at
W/dalvikvm( 1149): Unable to resolve superclass of Lcom/google/android/apps/gsa/assist/GsaVoiceInteractionSession; (507)
W/dalvikvm( 1149): Link of class 'Lcom/google/android/apps/gsa/assist/GsaVoiceInteractionSession;' failed
I/dalvikvm( 1149): DexOpt: unable to optimize instance field ref 0x26ad at 0x2e in Lcom/google/android/apps/gsa/assist/GsaVoiceInteractionSession_MembersInjector;.at
W/dalvikvm( 1149): Unable to resolve superclass of Lcom/google/android/apps/gsa/assist/GsaVoiceInteractionSession; (507)
W/dalvikvm( 1149): Link of class 'Lcom/google/android/apps/gsa/assist/GsaVoiceInteractionSession;' failed
I/dalvikvm( 1149): DexOpt: unable to optimize instance field ref 0x26a0 at 0x38 in Lcom/google/android/apps/gsa/assist/GsaVoiceInteractionSession_MembersInjector;.at
W/dalvikvm( 1149): Unable to resolve superclass of Lcom/google/android/apps/gsa/assist/GsaVoiceInteractionSession; (507)
W/dalvikvm( 1149): Link of class 'Lcom/google/android/apps/gsa/assist/GsaVoiceInteractionSession;' failed
I/dalvikvm( 1149): DexOpt: unable to optimize instance field ref 0x26c2 at 0x40 in Lcom/google/android/apps/gsa/assist/GsaVoiceInteractionSession_MembersInjector;.at
W/dalvikvm( 1149): Unable to resolve superclass of Lcom/google/android/apps/gsa/assist/GsaVoiceInteractionSession; (507)
W/dalvikvm( 1149): Link of class 'Lcom/google/android/apps/gsa/assist/GsaVoiceInteractionSession;' failed
I/dalvikvm( 1149): DexOpt: unable to optimize instance field ref 0x26c3 at 0x48 in Lcom/google/android/apps/gsa/assist/GsaVoiceInteractionSession_MembersInjector;.at
W/dalvikvm( 1149): Unable to resolve superclass of Lcom/google/android/apps/gsa/assist/GsaVoiceInteractionSession; (507)
W/dalvikvm( 1149): Link of class 'Lcom/google/android/apps/gsa/assist/GsaVoiceInteractionSession;' failed
I/dalvikvm( 1149): DexOpt: unable to optimize instance field ref 0x26c4 at 0x50 in Lcom/google/android/apps/gsa/assist/GsaVoiceInteractionSession_MembersInjector;.at
W/dalvikvm( 1149): Unable to resolve superclass of Lcom/google/android/apps/gsa/assist/GsaVoiceInteractionSession; (507)
W/dalvikvm( 1149): Link of class 'Lcom/google/android/apps/gsa/assist/GsaVoiceInteractionSession;' failed
I/dalvikvm( 1149): DexOpt: unable to optimize instance field ref 0x26c5 at 0x5a in Lcom/google/android/apps/gsa/assist/GsaVoiceInteractionSession_MembersInjector;.at
W/dalvikvm( 1149): Unable to resolve superclass of Lcom/google/android/apps/gsa/assist/GsaVoiceInteractionSession; (507)
W/dalvikvm( 1149): Link of class 'Lcom/google/android/apps/gsa/assist/GsaVoiceInteractionSession;' failed
I/dalvikvm( 1149): DexOpt: unable to optimize instance field ref 0x26c6 at 0x64 in Lcom/google/android/apps/gsa/assist/GsaVoiceInteractionSession_MembersInjector;.at
W/dalvikvm( 1149): Unable to resolve superclass of Lcom/google/android/apps/gsa/assist/GsaVoiceInteractionSession; (507)
W/dalvikvm( 1149): Link of class 'Lcom/google/android/apps/gsa/assist/GsaVoiceInteractionSession;' failed
I/dalvikvm( 1149): DexOpt: unable to optimize instance field ref 0x26a4 at 0x6c in Lcom/google/android/apps/gsa/assist/GsaVoiceInteractionSession_MembersInjector;.at
W/dalvikvm( 1149): Unable to resolve superclass of Lcom/google/android/apps/gsa/assist/GsaVoiceInteractionSession; (507)
W/dalvikvm( 1149): Link of class 'Lcom/google/android/apps/gsa/assist/GsaVoiceInteractionSession;' failed
I/dalvikvm( 1149): DexOpt: unable to optimize instance field ref 0x26c7 at 0x74 in Lcom/google/android/apps/gsa/assist/GsaVoiceInteractionSession_MembersInjector;.at
W/dalvikvm( 1149): Unable to resolve superclass of Lcom/google/android/apps/gsa/assist/GsaVoiceInteractionSession; (507)
W/dalvikvm( 1149): Link of class 'Lcom/google/android/apps/gsa/assist/GsaVoiceInteractionSession;' failed
I/dalvikvm( 1149): DexOpt: unable to optimize instance field ref 0x26c8 at 0x7c in Lcom/google/android/apps/gsa/assist/GsaVoiceInteractionSession_MembersInjector;.at
W/dalvikvm( 1149): Unable to resolve superclass of Lcom/google/android/apps/gsa/assist/GsaVoiceInteractionSession; (507)
W/dalvikvm( 1149): Link of class 'Lcom/google/android/apps/gsa/assist/GsaVoiceInteractionSession;' failed
I/dalvikvm( 1149): DexOpt: unable to optimize instance field ref 0x26c9 at 0x86 in Lcom/google/android/apps/gsa/assist/GsaVoiceInteractionSession_MembersInjector;.at
W/dalvikvm( 1149): Unable to resolve superclass of Lcom/google/android/apps/gsa/assist/GsaVoiceInteractionSession; (507)
W/dalvikvm( 1149): Link of class 'Lcom/google/android/apps/gsa/assist/GsaVoiceInteractionSession;' failed
I/dalvikvm( 1149): DexOpt: unable to optimize instance field ref 0x26a3 at 0x90 in Lcom/google/android/apps/gsa/assist/GsaVoiceInteractionSession_MembersInjector;.at
W/dalvikvm( 1149): Unable to resolve superclass of Lcom/google/android/apps/gsa/assist/GsaVoiceInteractionSession; (507)
W/dalvikvm( 1149): Link of class 'Lcom/google/android/apps/gsa/assist/GsaVoiceInteractionSession;' failed
I/dalvikvm( 1149): DexOpt: unable to optimize instance field ref 0x269f at 0x9a in Lcom/google/android/apps/gsa/assist/GsaVoiceInteractionSession_MembersInjector;.at
W/dalvikvm( 1149): Unable to resolve superclass of Lcom/google/android/apps/gsa/assist/GsaVoiceInteractionSession; (507)
W/dalvikvm( 1149): Link of class 'Lcom/google/android/apps/gsa/assist/GsaVoiceInteractionSession;' failed
I/dalvikvm( 1149): DexOpt: unable to optimize instance field ref 0x26ca at 0xa4 in Lcom/google/android/apps/gsa/assist/GsaVoiceInteractionSession_MembersInjector;.at
W/dalvikvm( 1149): Unable to resolve superclass of Lcom/google/android/apps/gsa/assist/GsaVoiceInteractionSession; (507)
W/dalvikvm( 1149): Link of class 'Lcom/google/android/apps/gsa/assist/GsaVoiceInteractionSession;' failed
I/dalvikvm( 1149): DexOpt: unable to optimize instance field ref 0x26cb at 0xac in Lcom/google/android/apps/gsa/assist/GsaVoiceInteractionSession_MembersInjector;.at
W/dalvikvm( 1149): Unable to resolve superclass of Lcom/google/android/apps/gsa/assist/GsaVoiceInteractionSession; (507)
W/dalvikvm( 1149): Link of class 'Lcom/google/android/apps/gsa/assist/GsaVoiceInteractionSession;' failed
I/dalvikvm( 1149): DexOpt: unable to optimize instance field ref 0x26cc at 0xb6 in Lcom/google/android/apps/gsa/assist/GsaVoiceInteractionSession_MembersInjector;.at
W/dalvikvm( 1149): Unable to resolve superclass of Lcom/google/android/apps/gsa/assist/GsaVoiceInteractionSession; (507)
W/dalvikvm( 1149): Link of class 'Lcom/google/android/apps/gsa/assist/GsaVoiceInteractionSession;' failed
I/dalvikvm( 1149): DexOpt: unable to optimize instance field ref 0x26cd at 0xc0 in Lcom/google/android/apps/gsa/assist/GsaVoiceInteractionSession_MembersInjector;.at
W/dalvikvm( 1149): Unable to resolve superclass of Lcom/google/android/apps/gsa/assist/GsaVoiceInteractionSession; (507)
W/dalvikvm( 1149): Link of class 'Lcom/google/android/apps/gsa/assist/GsaVoiceInteractionSession;' failed
I/dalvikvm( 1149): DexOpt: unable to optimize instance field ref 0x26ce at 0xca in Lcom/google/android/apps/gsa/assist/GsaVoiceInteractionSession_MembersInjector;.at
W/dalvikvm( 1149): Unable to resolve superclass of Lcom/google/android/apps/gsa/assist/GsaVoiceInteractionSession; (507)
W/dalvikvm( 1149): Link of class 'Lcom/google/android/apps/gsa/assist/GsaVoiceInteractionSession;' failed
I/dalvikvm( 1149): DexOpt: unable to optimize instance field ref 0x26cf at 0xd4 in Lcom/google/android/apps/gsa/assist/GsaVoiceInteractionSession_MembersInjector;.at
W/dalvikvm( 1149): Unable to resolve superclass of Lcom/google/android/apps/gsa/assist/GsaVoiceInteractionSession; (507)
W/dalvikvm( 1149): Link of class 'Lcom/google/android/apps/gsa/assist/GsaVoiceInteractionSession;' failed
I/dalvikvm( 1149): DexOpt: unable to optimize instance field ref 0x26a1 at 0xde in Lcom/google/android/apps/gsa/assist/GsaVoiceInteractionSession_MembersInjector;.at
W/dalvikvm( 1149): Unable to resolve superclass of Lcom/google/android/apps/gsa/assist/GsaVoiceInteractionSession; (507)
W/dalvikvm( 1149): Link of class 'Lcom/google/android/apps/gsa/assist/GsaVoiceInteractionSession;' failed
I/dalvikvm( 1149): DexOpt: unable to optimize instance field ref 0x26d0 at 0xe8 in Lcom/google/android/apps/gsa/assist/GsaVoiceInteractionSession_MembersInjector;.at
W/dalvikvm( 1149): Unable to resolve superclass of Lcom/google/android/apps/gsa/tasks/VelvetBackgroundTasksJobService; (158)
W/dalvikvm( 1149): Link of class 'Lcom/google/android/apps/gsa/tasks/VelvetBackgroundTasksJobService;' failed
E/dalvikvm( 1149): Could not find class 'com.google.android.apps.gsa.tasks.VelvetBackgroundTasksJobService', referenced from method com.google.android.apps.gsa.tasks.n.at
W/dalvikvm( 1149): VFY: unable to resolve check-cast 9097 (Lcom/google/android/apps/gsa/tasks/VelvetBackgroundTasksJobService;) in Lcom/google/android/apps/gsa/tasks/n;
D/dalvikvm( 1149): VFY: replacing opcode 0x1f at 0x0000
W/dalvikvm( 1149): Unable to resolve superclass of Lcom/google/android/apps/gsa/tasks/VelvetBackgroundTasksJobService; (158)
W/dalvikvm( 1149): Link of class 'Lcom/google/android/apps/gsa/tasks/VelvetBackgroundTasksJobService;' failed
I/dalvikvm( 1149): DexOpt: unable to optimize instance field ref 0x6f78 at 0x12 in Lcom/google/android/apps/gsa/tasks/n;.at
D/dalvikvm( 1149): DexOpt: couldn't find static field Landroid/os/Build;.SUPPORTED_ABIS
W/dalvikvm( 1149): VFY: unable to resolve static field 266 (SUPPORTED_ABIS) in Landroid/os/Build;
D/dalvikvm( 1149): VFY: replacing opcode 0x62 at 0x0063
I/dalvikvm( 1149): Could not find method android.net.wifi.WifiInfo.getFrequency, referenced from method com.google.android.apps.gsa.shared.util.debug.k.dump
W/dalvikvm( 1149): VFY: unable to resolve virtual method 2119: Landroid/net/wifi/WifiInfo;.getFrequency ()I
D/dalvikvm( 1149): VFY: replacing opcode 0x6e at 0x00d5
I/dalvikvm( 1149): Could not find method android.os.UserManager.getUserProfiles, referenced from method com.google.android.apps.gsa.shared.util.ce.bg
W/dalvikvm( 1149): VFY: unable to resolve virtual method 2483: Landroid/os/UserManager;.getUserProfiles ()Ljava/util/List;
D/dalvikvm( 1149): VFY: replacing opcode 0x6e at 0x001c
I/UpdateIcingCorporaServi( 1149): Updating corpora: APPS=com.motorola.genie, CONTACTS=MAYBE
D/WifiService( 1070): New client listening to asynchronous messages
D/DropBoxEntryAddedChimeraService(21142): User is not opted-in to Usage & Diagnostics or Lockbox.
I/dalvikvm( 1149): Could not find method android.content.pm.PackageManager.getPackageInstaller, referenced from method com.google.android.gms.common.h.M
W/dalvikvm( 1149): VFY: unable to resolve virtual method 1160: Landroid/content/pm/PackageManager;.getPackageInstaller ()Landroid/content/pm/PackageInstaller;
D/dalvikvm( 1149): VFY: replacing opcode 0x6e at 0x000e
I/dalvikvm( 1149): Could not find method android.app.AlarmManager.setExactAndAllowWhileIdle, referenced from method com.google.android.apps.gsa.search.core.q.c.b
W/dalvikvm( 1149): VFY: unable to resolve virtual method 413: Landroid/app/AlarmManager;.setExactAndAllowWhileIdle (IJLandroid/app/PendingIntent;)V
D/dalvikvm( 1149): VFY: replacing opcode 0x6e at 0x000e
I/dalvikvm( 1149): Could not find method android.app.Notification$Builder.setLocalOnly, referenced from method com.google.android.gms.common.f.d
W/dalvikvm( 1149): VFY: unable to resolve virtual method 611: Landroid/app/Notification$Builder;.setLocalOnly (Z)Landroid/app/Notification$Builder;
D/dalvikvm( 1149): VFY: replacing opcode 0x6e at 0x00fd
I/dalvikvm( 1149): Could not find method android.app.Notification$Builder.setLocalOnly, referenced from method com.google.android.gms.common.f.e
W/dalvikvm( 1149): VFY: unable to resolve virtual method 611: Landroid/app/Notification$Builder;.setLocalOnly (Z)Landroid/app/Notification$Builder;
D/dalvikvm( 1149): VFY: replacing opcode 0x6e at 0x00ce
I/UpdateIcingCorporaServi( 1149): UpdateCorporaTask done [took 309 ms] updated apps [took 309 ms] 
I/Icing   (21142): Indexing E16BC797A0DB02C39DCA2E3E716C8E399251C7EF from com.google.android.gms
I/Icing   (21142): Indexing done E16BC797A0DB02C39DCA2E3E716C8E399251C7EF
D/dalvikvm( 1693): GC_CONCURRENT freed 2248K, 46% free 9378K/17224K, paused 3ms+2ms, total 28ms
V/AlarmManager( 1070): sending alarm Alarm{44990bf8 type 2 com.android.keyguard}
V/AlarmManager( 1070): sending alarm Alarm{44988d98 type 0 com.iitb.loadgen}
D/LOADGENERATOR(32684):  Alram Receiver entered.....
D/LOADGENERATOR(32684):  In alarm Receiver server connection is null 
D/LOADGENERATOR(32684):  Alram Receiver exited.....
E/Cataloger(21174): syncFile:/storage/emulated/0/loadgenerator/logs/Debug_logs
E/Cataloger(21174): need not sync path:/storage/emulated/0/loadgenerator/logs/Debug_logs
D/WifiStateMachine( 1070): handleMessage: E msg.what=131143
D/WifiStateMachine( 1070): processMsg: ScanModeState
D/LOADGENERATOR(32684): DeviceInfo : Starting Wifi Scan.
D/WifiStateMachine( 1070): handleMessage: X
E/Cataloger(21174): syncFile:/storage/emulated/0/loadgenerator/logs/Debug_logs
E/Cataloger(21174): need not sync path:/storage/emulated/0/loadgenerator/logs/Debug_logs
W/ContextImpl( 1693): Calling a method in the system process without a qualified user: android.app.ContextImpl.sendBroadcast:1252 android.content.ContextWrapper.sendBroadcast:365 com.motorola.motocare.util.TriggerHelper$TriggerBuilder.send:76 com.motorola.motocare.internal.frameworkevents.ProcessKillTrigger.sendTrigger:147 com.motorola.motocare.internal.frameworkevents.ProcessKillTrigger.handleLmkKill:337 
W/ContextImpl( 1693): Calling a method in the system process without a qualified user: android.app.ContextImpl.sendBroadcast:1252 android.content.ContextWrapper.sendBroadcast:365 com.motorola.motocare.util.TriggerHelper$TriggerBuilder.send:76 com.motorola.motocare.internal.frameworkevents.ProcessKillTrigger.sendTrigger:147 com.motorola.motocare.internal.frameworkevents.ProcessKillTrigger.handleLmkKill:337 
W/ContextImpl( 1693): Calling a method in the system process without a qualified user: android.app.ContextImpl.sendBroadcast:1252 android.content.ContextWrapper.sendBroadcast:365 com.motorola.motocare.util.TriggerHelper$TriggerBuilder.send:76 com.motorola.motocare.internal.frameworkevents.ProcessKillTrigger.sendTrigger:147 com.motorola.motocare.internal.frameworkevents.ProcessKillTrigger.handleLmkKill:337 
W/ContextImpl( 1693): Calling a method in the system process without a qualified user: android.app.ContextImpl.sendBroadcast:1252 android.content.ContextWrapper.sendBroadcast:365 com.motorola.motocare.util.TriggerHelper$TriggerBuilder.send:76 com.motorola.motocare.internal.frameworkevents.ProcessKillTrigger.sendTrigger:147 com.motorola.motocare.internal.frameworkevents.ProcessKillTrigger.handleLmkKill:337 
W/ContextImpl( 1693): Calling a method in the system process without a qualified user: android.app.ContextImpl.sendBroadcast:1252 android.content.ContextWrapper.sendBroadcast:365 com.motorola.motocare.util.TriggerHelper$TriggerBuilder.send:76 com.motorola.motocare.internal.frameworkevents.ProcessKillTrigger.sendTrigger:147 com.motorola.motocare.internal.frameworkevents.ProcessKillTrigger.handleLmkKill:337 
W/ContextImpl( 1693): Calling a method in the system process without a qualified user: android.app.ContextImpl.sendBroadcast:1252 android.content.ContextWrapper.sendBroadcast:365 com.motorola.motocare.util.TriggerHelper$TriggerBuilder.send:76 com.motorola.motocare.internal.frameworkevents.ProcessKillTrigger.sendTrigger:147 com.motorola.motocare.internal.frameworkevents.ProcessKillTrigger.handleLmkKill:337 
W/ContextImpl( 1693): Calling a method in the system process without a qualified user: android.app.ContextImpl.sendBroadcast:1252 android.content.ContextWrapper.sendBroadcast:365 com.motorola.motocare.util.TriggerHelper$TriggerBuilder.send:76 com.motorola.motocare.internal.frameworkevents.ProcessKillTrigger.sendTrigger:147 com.motorola.motocare.internal.frameworkevents.ProcessKillTrigger.handleLmkKill:337 
W/ContextImpl( 1693): Calling a method in the system process without a qualified user: android.app.ContextImpl.sendBroadcast:1252 android.content.ContextWrapper.sendBroadcast:365 com.motorola.motocare.util.TriggerHelper$TriggerBuilder.send:76 com.motorola.motocare.internal.frameworkevents.ProcessKillTrigger.sendTrigger:147 com.motorola.motocare.internal.frameworkevents.ProcessKillTrigger.handleLmkKill:337 
W/ContextImpl( 1693): Calling a method in the system process without a qualified user: android.app.ContextImpl.sendBroadcast:1252 android.content.ContextWrapper.sendBroadcast:365 com.motorola.motocare.util.TriggerHelper$TriggerBuilder.send:76 com.motorola.motocare.internal.frameworkevents.ProcessKillTrigger.sendTrigger:147 com.motorola.motocare.internal.frameworkevents.ProcessKillTrigger.handleLmkKill:337 
W/ContextImpl( 1693): Calling a method in the system process without a qualified user: android.app.ContextImpl.sendBroadcast:1252 android.content.ContextWrapper.sendBroadcast:365 com.motorola.motocare.util.TriggerHelper$TriggerBuilder.send:76 com.motorola.motocare.internal.frameworkevents.ProcessKillTrigger.sendTrigger:147 com.motorola.motocare.internal.frameworkevents.ProcessKillTrigger.handleLmkKill:337 
W/ContextImpl( 1693): Calling a method in the system process without a qualified user: android.app.ContextImpl.sendBroadcast:1252 android.content.ContextWrapper.sendBroadcast:365 com.motorola.motocare.util.TriggerHelper$TriggerBuilder.send:76 com.motorola.motocare.internal.frameworkevents.ProcessKillTrigger.sendTrigger:147 com.motorola.motocare.internal.frameworkevents.ProcessKillTrigger.handleLmkKill:337 
D/LOADGENERATOR(32684): 
D/LOADGENERATOR(32684):  EventRunner : 
E/Cataloger(21174): syncFile:/storage/emulated/0/loadgenerator/logs/Debug_logs
E/Cataloger(21174): need not sync path:/storage/emulated/0/loadgenerator/logs/Debug_logs
D/Utils   (32684): Exceptionwhile creating a new connectionjava.net.ConnectException: failed to connect to /10.129.26.217 (port 8001): connect failed: ENETUNREACH (Network is unreachable)
D/Utils New COnnection :(32684): I am in post Exceute
D/LOADGENERATOR(32684): java.lang.NullPointerException
D/LOADGENERATOR(32684):  ConnectionManager Read : Caught an exception 2 in socket read java.lang.NullPointerExceptionThe received data is :null
E/Cataloger(21174): syncFile:/storage/emulated/0/loadgenerator/logs/Debug_logs
E/Cataloger(21174): need not sync path:/storage/emulated/0/loadgenerator/logs/Debug_logs
D/dalvikvm( 1693): GC_EXPLICIT freed 524K, 46% free 9355K/17224K, paused 2ms+3ms, total 26ms
I/ActivityManager( 1070): Process in.amazon.mShop.android.shopping (pid 884) has died.
D/WifiService( 1070): Client connection lost with reason: 4
I/ActivityManager( 1070): Process android.process.acore (pid 1047) has died.
F/ProcessStats( 1070): Starting service ServiceState{449efdc0 com.google.android.wearable.datatransfer.DataSyncService pkg=com.google.android.music proc=449efdc0} without owner
E/dalvikvm( 1149): Could not find class 'android.content.pm.LauncherApps', referenced from method com.google.android.apps.gsa.search.shared.multiuser.l.connect
W/dalvikvm( 1149): VFY: unable to resolve check-cast 210 (Landroid/content/pm/LauncherApps;) in Lcom/google/android/apps/gsa/search/shared/multiuser/l;
D/dalvikvm( 1149): VFY: replacing opcode 0x1f at 0x0089
I/Finsky  (21084): [1] com.google.android.finsky.utils.du.onTrimMemory(25): Memory trim requested to level 10
I/MemoryTrimmer( 1149): Trimming objects from memory, since app is in the background.
I/ActivityManager( 1070): Process com.motorola.contextual.smartrules2 (pid 1019) has died.
D/dalvikvm(21142): GC_EXPLICIT freed 1740K, 35% free 11337K/17224K, paused 3ms+6ms, total 84ms
D/DropBoxEntryAddedChimeraService(21142): User is not opted-in to Usage & Diagnostics or Lockbox.
D/MDMCTBK (  419): reply_len: 40 reply is = IFNAME=wlan0 <3>CTRL-EVENT-BSS-REMOVED 7
D/MDMCTBK (  419): Event received = CTRL-EVENT-BSS-REMOVED 7
D/MDMCTBK (  419): reply_len: 40 reply is = IFNAME=wlan0 <3>CTRL-EVENT-SCAN-RESULTS 
D/MDMCTBK (  419): Event received = CTRL-EVENT-SCAN-RESULTS 
D/TCMD    (  491): NL - Read 56 bytes from update socket.
D/TCMD    (  491): NL - message type is RTM_NEWLINK
D/TCMD    (  491): Listening for incoming client connection request
D/WifiStateMachine( 1070): handleMessage: E msg.what=147461
D/WifiStateMachine( 1070): processMsg: ScanModeState
D/WifiStateMachine( 1070): processMsg: DriverStartedState
D/WifiStateMachine( 1070): processMsg: SupplicantStartedState
D/WifiStateMachine( 1070): handleMessage: X
D/LOADGENERATOR(32684):  WiFiScan : 
E/Cataloger(21174): syncFile:/storage/emulated/0/loadgenerator/logs/Debug_logs
E/Cataloger(21174): need not sync path:/storage/emulated/0/loadgenerator/logs/Debug_logs
D/LOADGENERATOR(32684): Utils: getmyDetailsJson() : bssid : Exception caught java.lang.NullPointerException
D/LOADGENERATOR(32684):  ConnectionManager Write: Length : 557 Data :{"port":"","processorSpeed":"1190","bssid":"","linkSpeed":"-1","bssidList":"eduroam, 04:bd:88:b2:d1:61, -70;IITB-Wireless, 04:bd:88:b2:d1:60, -70;IITB-Wireless, 04:bd:88:b2:d2:60, -81;eduroam, 04:bd:88:b2:d2:61, -81;IITB-Guest, 04:bd:88:b2:d1:62, -70;IITB-Guest, 04:bd:88:b2:d2:62, -81;IITB-Wireless, 04:bd:88:b2:d4:c0, -81;IITB-Guest, 04:bd:88:b2:d4:c2, -81;eduroam, 04:bd:88:b2:d4:c1, -86;","action":"heartBeat","ssid":"<unknown ssid>","rssi":"-200","macAddress":"f4:f1:e1:51:47:ef","numberOfCores":"4","memory":"882","storageSpace":"-241","ip":"0.0.0.0"} Caught an exception 2 while writing to Socketjava.lang.NullPointerException
D/LOADGENERATOR(32684):  response Code : -1
E/Cataloger(21174): syncFile:/storage/emulated/0/loadgenerator/logs/Debug_logs
E/Cataloger(21174): need not sync path:/storage/emulated/0/loadgenerator/logs/Debug_logs
W/System.err(32684): java.net.ConnectException: failed to connect to /10.129.26.217 (port 8001): connect failed: ENETUNREACH (Network is unreachable)
E/Cataloger(21174): syncFile:/storage/emulated/0/loadgenerator/logs/Debug_logs
E/Cataloger(21174): need not sync path:/storage/emulated/0/loadgenerator/logs/Debug_logs
W/System.err(32684): 	at libcore.io.IoBridge.connect(IoBridge.java:114)
W/System.err(32684): 	at java.net.PlainSocketImpl.connect(PlainSocketImpl.java:192)
W/System.err(32684): 	at java.net.PlainSocketImpl.connect(PlainSocketImpl.java:172)
W/System.err(32684): 	at java.net.Socket.startupSocket(Socket.java:566)
W/System.err(32684): 	at java.net.Socket.tryAllAddresses(Socket.java:128)
W/System.err(32684): 	at java.net.Socket.<init>(Socket.java:178)
W/System.err(32684): 	at java.net.Socket.<init>(Socket.java:150)
W/System.err(32684): 	at com.iitb.loadgen.WifiScan$1.run(WifiScan.java:64)
W/System.err(32684): Caused by: libcore.io.ErrnoException: connect failed: ENETUNREACH (Network is unreachable)
W/System.err(32684): 	at libcore.io.Posix.connect(Native Method)
W/System.err(32684): 	at libcore.io.BlockGuardOs.connect(BlockGuardOs.java:85)
W/System.err(32684): 	at libcore.io.IoBridge.connectErrno(IoBridge.java:127)
W/System.err(32684): 	at libcore.io.IoBridge.connect(IoBridge.java:112)
W/System.err(32684): 	... 7 more
D/LOADGENERATOR(32684): WiFiScan : Sending Device Info Thread Status Code-1
D/LOADGENERATOR(32684):  Exception handling while creating a new connectionjava.net.ConnectException: failed to connect to /10.129.26.217 (port 8001): connect failed: ENETUNREACH (Network is unreachable)
E/Cataloger(21174): syncFile:/storage/emulated/0/loadgenerator/logs/Debug_logs
E/Cataloger(21174): need not sync path:/storage/emulated/0/loadgenerator/logs/Debug_logs
D/dalvikvm(20988): GC_CONCURRENT freed 2103K, 32% free 13588K/19728K, paused 3ms+4ms, total 39ms
I/SBar.MSimNetwCntrl( 1146): onSignalStrengthsChanged[1]:SignalStrength: 23 0 -120 -160 -120 -1 -1 99 2147483647 2147483647 2147483647 2147483647 2147483647 gsm|lte 0 -108 -1 false 4 4 0 0 0 99 99 99 4 level=4
D/SBar.MSimNetwCntrl( 1146): updateTelephonySignalStrength[1]: iconList[iconLevel]=7f020299/zz_moto_stat_sys_signal_4_fully_wide iconLevel=4 mMSimMobileInetCondition=0 mMSimMobileInetConditionSB=1
D/SBar.MSimNetwCntrl( 1146): updateDataNetType[1]: subscription1 is not DDS(=subscription0)!
D/SBar.MSimNetwCntrl( 1146): updateDataIcon[1]: subscription=1
D/SBar.MSimNetwCntrl( 1146): updateDataIcon[1]: dataSub=0
D/SBar.MSimNetwCntrl( 1146): updateDataIcon[1]: subscription=1 is not DDS.  Clear the mMSimDataConnected Flag and return
I/SBar.MSimNetwCntrl( 1146): notifySignalsChangedCallbacks[1]: isEmergencyOnly(1)=false enabled=true sim=(none)="(empty)" signal=zz_moto_stat_sys_signal_4_wide="Phone signal full." roaming=(none)="Not roaming."
I/SBar.MSimNetwCntrl( 1146):  type=(none)="No data." activity=(none)="(empty)"
I/SBar.MSimNetwCntrl( 1146):  slot=2="2" network="Vodafone IN"
I/SBar.MSimNetwCntrl( 1146): refreshSignalCluster[1]: wifi: mWifiConnected=false Wifi=(none) Activity=(none) in=false out=false Accessibility="Wifi disconnected."
I/SBar.MSimNetwCntrl( 1146): refreshSignalCluster[1]: mobile: Signal=zz_moto_stat_sys_signal_4_fully_wide Roaming=(none) mMSimSimIconId[1]=(none) Accessibility="Phone signal full.","Not roaming.",""
I/SBar.MSimNetwCntrl( 1146): refreshSignalCluster[1]: mobile: mMSimHasMobileDataFeature[1]=true DataTypeShown=(none) Activity=(none) in=false out=false Accessibility="No data."
D/LOADGENERATOR(32684): 
D/LOADGENERATOR(32684):  EventRunner : 
E/Cataloger(21174): syncFile:/storage/emulated/0/loadgenerator/logs/Debug_logs
E/Cataloger(21174): need not sync path:/storage/emulated/0/loadgenerator/logs/Debug_logs
D/LOADGENERATOR(32684): java.lang.NullPointerException
D/LOADGENERATOR(32684):  ConnectionManager Read : Caught an exception 2 in socket read java.lang.NullPointerExceptionThe received data is :null
E/Cataloger(21174): syncFile:/storage/emulated/0/loadgenerator/logs/Debug_logs
E/Cataloger(21174): need not sync path:/storage/emulated/0/loadgenerator/logs/Debug_logs
D/LOADGENERATOR(32684): 
D/LOADGENERATOR(32684):  EventRunner : 
E/Cataloger(21174): syncFile:/storage/emulated/0/loadgenerator/logs/Debug_logs
E/Cataloger(21174): need not sync path:/storage/emulated/0/loadgenerator/logs/Debug_logs
D/LOADGENERATOR(32684): java.lang.NullPointerException
D/LOADGENERATOR(32684):  ConnectionManager Read : Caught an exception 2 in socket read java.lang.NullPointerExceptionThe received data is :null
E/Cataloger(21174): syncFile:/storage/emulated/0/loadgenerator/logs/Debug_logs
E/Cataloger(21174): need not sync path:/storage/emulated/0/loadgenerator/logs/Debug_logs
D/SBar.MSimNetwCntrl( 1146): updateTelephonySignalStrength[1]: iconList[iconLevel]=7f020299/zz_moto_stat_sys_signal_4_fully_wide iconLevel=4 mMSimMobileInetCondition=0 mMSimMobileInetConditionSB=1
D/SBar.MSimNetwCntrl( 1146): updateDataNetType[1]: subscription1 is not DDS(=subscription0)!
D/SBar.MSimNetwCntrl( 1146): updateDataIcon[1]: subscription=1
D/SBar.MSimNetwCntrl( 1146): updateDataIcon[1]: dataSub=0
D/SBar.MSimNetwCntrl( 1146): updateDataIcon[1]: subscription=1 is not DDS.  Clear the mMSimDataConnected Flag and return
I/SBar.MSimNetwCntrl( 1146): notifySignalsChangedCallbacks[1]: isEmergencyOnly(1)=false enabled=true sim=(none)="(empty)" signal=zz_moto_stat_sys_signal_4_wide="Phone signal full." roaming=(none)="Not roaming."
I/SBar.MSimNetwCntrl( 1146):  type=(none)="No data." activity=(none)="(empty)"
I/SBar.MSimNetwCntrl( 1146):  slot=2="2" network="Vodafone IN"
D/LOADGENERATOR(32684): 
D/LOADGENERATOR(32684):  EventRunner : 
E/Cataloger(21174): syncFile:/storage/emulated/0/loadgenerator/logs/Debug_logs
E/Cataloger(21174): need not sync path:/storage/emulated/0/loadgenerator/logs/Debug_logs
D/LOADGENERATOR(32684): java.lang.NullPointerException
D/LOADGENERATOR(32684):  ConnectionManager Read : Caught an exception 2 in socket read java.lang.NullPointerExceptionThe received data is :null
E/Cataloger(21174): syncFile:/storage/emulated/0/loadgenerator/logs/Debug_logs
E/Cataloger(21174): need not sync path:/storage/emulated/0/loadgenerator/logs/Debug_logs
I/PowerManagerService( 1070): Nap time...
I/PowerManagerService( 1070): Going to sleep due to screen timeout...
D/SurfaceFlinger(  270): Screen released, type=0 flinger=0xb70f5450
D/qdhwcomposer(  270): hwc_blank: Blanking display: 0
V/AlarmManager( 1070): sending alarm Alarm{44984678 type 3 android}
I/SFPerfTracer(  270):      triggers: (rate: 0:1) (924776 sw vsyncs) (0 skipped) (24:349909 vsyncs) (26:1331104)
D/qdhwcomposer(  270): hwc_blank: Done blanking display: 0
I/SFPerfTracer(  270):      triggers: (rate: 316:10174) (compose: 0:24) (post: 0:5) (render: 10:644) (22:122568 frames) (23:275676)
D/SFPerfTracer(  270):        layers: (4:11) (DimLayer: 0:442)* (DimLayer: 0:11)* (FocusedStackFrame: 0:2859)* (StatusBar: 0:33020) (NavigationBar: 0:29856) (com.android.systemui.ImageWallpaper: 0:1270)* (DimLayer: 0:6)* (com.iitb.loadgen/com.iitb.loadgen.MainActivity: 0:9) (ElectronBeam: 0:27)* (ElectronBeam: 23:25) 
D/SurfaceControl( 1070): Excessive delay in blankDisplay() while turning screen off: 4506ms
I/AonLTInterfaceService( 1693): AodLT package version: 1000000
W/ContextImpl( 1693): Calling a method in the system process without a qualified user: android.app.ContextImpl.sendBroadcast:1252 android.content.ContextWrapper.sendBroadcast:365 com.motorola.motocare.util.TriggerHelper$TriggerBuilder.send:76 com.motorola.motocare.internal.frameworkevents.PauseResumeTrigger.handleFrameworkEvent:53 com.motorola.motocare.internal.frameworkevents.FwEventMonitor$FrameworkListener.processFrameworkEvent:114 
F/ProcessStats( 1070): Starting service ServiceState{449efdc0 com.google.android.wearable.datatransfer.DataSyncService pkg=com.google.android.music proc=449efdc0} without owner
D/dalvikvm( 1070): GC_EXPLICIT freed 2182K, 39% free 30396K/49332K, paused 5ms+16ms, total 154ms
D/WifiStateMachine( 1070): handleScreenStateChanged: false
D/WifiStateMachine( 1070): handleMessage: E msg.what=131154
D/WifiStateMachine( 1070): processMsg: ScanModeState
D/WifiStateMachine( 1070): processMsg: DriverStartedState
D/WifiStateMachine( 1070): processMsg: SupplicantStartedState
D/WifiStateMachine( 1070): processMsg: DefaultState
D/WifiStateMachine( 1070): handleMessage: X
D/WifiStateMachine( 1070): handleMessage: E msg.what=131163
D/WifiStateMachine( 1070): processMsg: ScanModeState
D/WifiStateMachine( 1070): processMsg: DriverStartedState
D/WifiStateMachine( 1070): processMsg: SupplicantStartedState
D/WifiStateMachine( 1070): processMsg: DefaultState
D/WifiStateMachine( 1070): handleMessage: X
D/WifiStateMachine( 1070): handleMessage: E msg.what=131158
D/WifiStateMachine( 1070): processMsg: ScanModeState
D/WifiStateMachine( 1070): processMsg: DriverStartedState
D/WifiStateMachine( 1070): setSuspendOptimizationsNative: 4 true
D/Sensors ( 1070): AccelerationSensor: Set Sensors state 0x0
D/audio_hw_primary(  273): adev_set_parameters: enter: screen_state=off
V/msm8974_platform(  273): platform_set_parameters: enter: screen_state=off
V/msm8974_platform(  273): platform_set_parameters: exit with code(-2)
E/audio_a2dp_hw(  273): adev_set_parameters: ERROR: set param called even when stream out is null
D/WifiStateMachine( 1070): handleMessage: X
D/DropBoxEntryAddedChimeraService(21142): User is not opted-in to Usage & Diagnostics or Lockbox.
V/AlarmManager( 1070): sending alarm Alarm{44972f30 type 3 com.whatsapp}
V/AlarmManager( 1070): sending alarm Alarm{44972bb0 type 2 com.imo.android.imoim}
I/ActivityManager( 1070): Start proc com.whatsapp for broadcast com.whatsapp/.AlarmBroadcastReceiver: pid=1268 uid=10135 gids={50135, 3002, 3003, 1028, 1015}
I/GoogleInputMethod( 1620): onReceive() : Action = android.intent.action.SCREEN_OFF
I/dalvikvm( 1268): Could not find method android.app.AlarmManager.setExactAndAllowWhileIdle, referenced from method com.whatsapp.App.d
W/dalvikvm( 1268): VFY: unable to resolve virtual method 142: Landroid/app/AlarmManager;.setExactAndAllowWhileIdle (IJLandroid/app/PendingIntent;)V
D/dalvikvm( 1268): VFY: replacing opcode 0x6e at 0x0044
I/dalvikvm( 1268): Could not find method android.app.AlarmManager.setExactAndAllowWhileIdle, referenced from method com.whatsapp.AvailabilityTimeoutAlarmBroadcastReceiver.b
W/dalvikvm( 1268): VFY: unable to resolve virtual method 142: Landroid/app/AlarmManager;.setExactAndAllowWhileIdle (IJLandroid/app/PendingIntent;)V
D/dalvikvm( 1268): VFY: replacing opcode 0x6e at 0x0024
I/dalvikvm( 1268): Could not find method android.support.v7.widget.Toolbar.setElevation, referenced from method com.whatsapp.DialogToastActivity.l
W/dalvikvm( 1268): VFY: unable to resolve virtual method 12231: Landroid/support/v7/widget/Toolbar;.setElevation (F)V
D/dalvikvm( 1268): VFY: replacing opcode 0x6e at 0x0052
I/WhatsApp( 1268): LL_I D [1:main]App.java:2408 application launched in background: true
I/WhatsApp( 1268): LL_I D [1:main]App.java:724 ntp update processed; device time: Tue Aug 16 03:46:00 GMT+05:30 2016 ntp time: Tue Aug 16 03:46:00 GMT+05:30 2016
I/dalvikvm( 1268): Could not find method android.os.PowerManager.isPowerSaveMode, referenced from method com.whatsapp.BatteryReceiver.b
W/dalvikvm( 1268): VFY: unable to resolve virtual method 1794: Landroid/os/PowerManager;.isPowerSaveMode ()Z
D/dalvikvm( 1268): VFY: replacing opcode 0x6e at 0x000d
I/dalvikvm( 1268): Could not find method android.app.AlarmManager.setExactAndAllowWhileIdle, referenced from method com.whatsapp.messaging.e.d
W/dalvikvm( 1268): VFY: unable to resolve virtual method 142: Landroid/app/AlarmManager;.setExactAndAllowWhileIdle (IJLandroid/app/PendingIntent;)V
D/dalvikvm( 1268): VFY: replacing opcode 0x6e at 0x00a4
I/dalvikvm( 1268): Could not find method android.app.AlarmManager.setExactAndAllowWhileIdle, referenced from method com.whatsapp.messaging.e.g
W/dalvikvm( 1268): VFY: unable to resolve virtual method 142: Landroid/app/AlarmManager;.setExactAndAllowWhileIdle (IJLandroid/app/PendingIntent;)V
D/dalvikvm( 1268): VFY: replacing opcode 0x6e at 0x007b
I/dalvikvm( 1268): Could not find method android.app.AlarmManager.setExactAndAllowWhileIdle, referenced from method com.whatsapp.messaging.e.z
W/dalvikvm( 1268): VFY: unable to resolve virtual method 142: Landroid/app/AlarmManager;.setExactAndAllowWhileIdle (IJLandroid/app/PendingIntent;)V
D/dalvikvm( 1268): VFY: replacing opcode 0x6e at 0x003b
I/WhatsApp( 1268): LL_I D [1:main]u.java:10 message_handler/logged_flag/must_reconnect initialize to true
I/WhatsApp( 1268): LL_I D [1:main]u.java:10 message_handler/logged_flag/must_ignore_network_once initialize to false
I/WhatsApp( 1268): LL_I D [1:main]u.java:10 message_handler/logged_flag/disconnected initialize to true
I/WhatsApp( 1268): LL_I D [1:main]e.java:343 xmpp/handler/create
I/WhatsApp( 1268): LL_I D [1:main]d.java:107 updating cached dimensions from file
I/WhatsApp( 1268): LL_I D [1:main]d.java:326 cached dimensions read; dimensionDoubleMap.size()=178; dimensionStringMap.size()=25
D/Event   ( 1268): No subscribers registered for event class com.whatsapp.o8
D/Event   ( 1268): No subscribers registered for event class de.greenrobot.event.e
D/Event   ( 1268): No subscribers registered for event class com.whatsapp.aw7
D/Event   ( 1268): No subscribers registered for event class de.greenrobot.event.e
I/WhatsApp( 1268): LL_I D [1:main]aia.java:92 whatsapplocale/loadandapplyforcedlanguage/no language to load
D/dalvikvm( 1268): Trying to load lib /data/app-lib/com.whatsapp-1/libvlc.so 0x426b9b90
D/dalvikvm( 1268): Added shared lib /data/app-lib/com.whatsapp-1/libvlc.so 0x426b9b90
D/dalvikvm( 1268): No JNI_OnLoad found in /data/app-lib/com.whatsapp-1/libvlc.so 0x426b9b90, skipping init
D/dalvikvm( 1268): Trying to load lib /data/app-lib/com.whatsapp-1/libresample.so 0x426b9b90
D/dalvikvm( 1268): Added shared lib /data/app-lib/com.whatsapp-1/libresample.so 0x426b9b90
D/dalvikvm( 1268): No JNI_OnLoad found in /data/app-lib/com.whatsapp-1/libresample.so 0x426b9b90, skipping init
D/dalvikvm( 1268): Trying to load lib /data/app-lib/com.whatsapp-1/libwhatsapp.so 0x426b9b90
D/dalvikvm( 1268): Added shared lib /data/app-lib/com.whatsapp-1/libwhatsapp.so 0x426b9b90
I/WhatsApp( 1268): LL_I D [1:main]Runtime.java:421 03:46:01.043 os_core_unix.c !pjlib 2.2.1 for POSIX initialized
I/WhatsApp( 1268): LL_I D [1:main]Runtime.java:421 03:46:01.045      wa_call.c !init_media_endpt_and_codecs Enter
I/WhatsApp( 1268): LL_I D [1:main]Runtime.java:421 03:46:01.046 wa_audio_dev.c  WA Audio sound library initialized
I/WhatsApp( 1268): LL_I D [1:main]Runtime.java:421 03:46:01.047          pjlib  select() I/O Queue created (0x60375a2c)
I/WhatsApp( 1268): LL_I D [1:main]Runtime.java:421 03:46:01.047      wa_call.c  pjmedia_endpt_create = 0
I/WhatsApp( 1268): LL_I D [1:main]Runtime.java:421 03:46:01.048      wa_opus.c  pjmedia_codec_opus_init start
I/WhatsApp( 1268): LL_I D [1:main]Runtime.java:421 03:46:01.048      wa_opus.c  pjmedia_codec_opus_init success
I/WhatsApp( 1268): LL_I D [1:main]Runtime.java:421 03:46:01.049      wa_call.c  init_audio_codecs = 0
I/WhatsApp( 1268): LL_I D [1:main]Runtime.java:421 03:46:01.049      wa_call.c  init_media_endpt_and_codecs Exit
D/dalvikvm( 1268): Trying to load lib /data/app-lib/com.whatsapp-1/libcurve25519.so 0x426b9b90
D/dalvikvm( 1268): Added shared lib /data/app-lib/com.whatsapp-1/libcurve25519.so 0x426b9b90
D/dalvikvm( 1268): No JNI_OnLoad found in /data/app-lib/com.whatsapp-1/libcurve25519.so 0x426b9b90, skipping init
I/WhatsApp( 1268): LL_I D [1:main]WhatsAppLibLoader.java:7 native library usability testing in progress
I/WhatsApp( 1268): LL_I D [1:main]WhatsAppLibLoader.java:7 native library usability testing complete
I/WhatsApp( 1268): LL_I D [1:main]WhatsAppLibLoader.java:84 jniVersion: 2.16.207
I/WhatsApp( 1268): LL_I D [1:main]WhatsAppLibLoader.java:72 isLibraryUsable: True
I/dalvikvm( 1268): Could not find method android.support.v7.widget.Toolbar.setElevation, referenced from method com.whatsapp.DialogToastPreferenceActivity.setContentView
W/dalvikvm( 1268): VFY: unable to resolve virtual method 12231: Landroid/support/v7/widget/Toolbar;.setElevation (F)V
D/dalvikvm( 1268): VFY: replacing opcode 0x6e at 0x0029
I/IMONATIVE(  345): 1600824056 connect returned -1 fd: 60
I/IMONATIVE(  345): 1600824056 connect error: 101
D/GCM     (21198): GcmService start Intent { act=com.google.android.gcm.intent.SEND flg=0x10 pkg=com.google.android.gms cmp=com.google.android.gms/.gcm.GcmService (has extras) } com.google.android.gcm.intent.SEND
I/dalvikvm( 1268): Could not find method android.app.AlarmManager.setExactAndAllowWhileIdle, referenced from method com.whatsapp.AlarmService.a
W/dalvikvm( 1268): VFY: unable to resolve virtual method 142: Landroid/app/AlarmManager;.setExactAndAllowWhileIdle (IJLandroid/app/PendingIntent;)V
D/dalvikvm( 1268): VFY: replacing opcode 0x6e at 0x012c
I/dalvikvm( 1268): Could not find method android.app.AlarmManager.setExactAndAllowWhileIdle, referenced from method com.whatsapp.AlarmService.f
W/dalvikvm( 1268): VFY: unable to resolve virtual method 142: Landroid/app/AlarmManager;.setExactAndAllowWhileIdle (IJLandroid/app/PendingIntent;)V
D/dalvikvm( 1268): VFY: replacing opcode 0x6e at 0x006b
I/dalvikvm( 1268): Could not find method android.app.AlarmManager.setExactAndAllowWhileIdle, referenced from method com.whatsapp.AlarmService.j
W/dalvikvm( 1268): VFY: unable to resolve virtual method 142: Landroid/app/AlarmManager;.setExactAndAllowWhileIdle (IJLandroid/app/PendingIntent;)V
D/dalvikvm( 1268): VFY: replacing opcode 0x6e at 0x0074
I/dalvikvm( 1268): Could not find method android.content.pm.PackageManager.getPackageInstaller, referenced from method com.google.android.gms.common.GooglePlayServicesUtil.zzh
W/dalvikvm( 1268): VFY: unable to resolve virtual method 645: Landroid/content/pm/PackageManager;.getPackageInstaller ()Landroid/content/pm/PackageInstaller;
D/dalvikvm( 1268): VFY: replacing opcode 0x6e at 0x000d
I/dalvikvm( 1268): Could not find method android.app.AlarmManager.setExactAndAllowWhileIdle, referenced from method com.whatsapp.messaging.bp.a
W/dalvikvm( 1268): VFY: unable to resolve virtual method 142: Landroid/app/AlarmManager;.setExactAndAllowWhileIdle (IJLandroid/app/PendingIntent;)V
D/dalvikvm( 1268): VFY: replacing opcode 0x6e at 0x004c
V/AlarmManager( 1070): sending alarm Alarm{42fe7470 type 3 com.whatsapp}
I/dalvikvm( 1268): Could not find method android.app.AlarmManager.setExactAndAllowWhileIdle, referenced from method com.whatsapp.gx.a
W/dalvikvm( 1268): VFY: unable to resolve virtual method 142: Landroid/app/AlarmManager;.setExactAndAllowWhileIdle (IJLandroid/app/PendingIntent;)V
D/dalvikvm( 1268): VFY: replacing opcode 0x6e at 0x007a
I/dalvikvm( 1268): Could not find method android.view.Window.setStatusBarColor, referenced from method com.whatsapp.notification.PopupNotification.onCreate
W/dalvikvm( 1268): VFY: unable to resolve virtual method 13247: Landroid/view/Window;.setStatusBarColor (I)V
D/dalvikvm( 1268): VFY: replacing opcode 0x6e at 0x002e
W/ContextImpl( 1693): Calling a method in the system process without a qualified user: android.app.ContextImpl.startService:1608 android.content.ContextWrapper.startService:494 android.content.ContextWrapper.startService:494 com.motorola.motocare.internal.batterystats.BatteryStatsAction.onReceive:33 android.app.ActivityThread.handleReceiver:2434 
D/dalvikvm( 1693): GC_CONCURRENT freed 1707K, 45% free 9583K/17224K, paused 2ms+2ms, total 20ms
D/dalvikvm( 3306): GC_CONCURRENT freed 1997K, 44% free 9729K/17224K, paused 1ms+8ms, total 39ms
D/LOADGENERATOR(32684): 
D/LOADGENERATOR(32684):  EventRunner : 
E/Cataloger(21174): syncFile:/storage/emulated/0/loadgenerator/logs/Debug_logs
E/Cataloger(21174): need not sync path:/storage/emulated/0/loadgenerator/logs/Debug_logs
D/LOADGENERATOR(32684): java.lang.NullPointerException
D/LOADGENERATOR(32684):  ConnectionManager Read : Caught an exception 2 in socket read java.lang.NullPointerExceptionThe received data is :null
E/Cataloger(21174): syncFile:/storage/emulated/0/loadgenerator/logs/Debug_logs
E/Cataloger(21174): need not sync path:/storage/emulated/0/loadgenerator/logs/Debug_logs
I/ActivityManager( 1070): Process com.motorola.MotGallery2 (pid 1096) has died.
V/AlarmManager( 1070): sending alarm Alarm{427e0f98 type 3 com.whatsapp}
V/AlarmManager( 1070): sending alarm Alarm{427af5d0 type 2 com.google.android.gms}
I/MemoryTrimmer( 1149): Trimming objects from memory, since app is in the background.
D/ConnectivityService( 1070): handleInetConditionChange: no active default network - ignore
D/LOADGENERATOR(32684): 
D/LOADGENERATOR(32684):  EventRunner : 
E/Cataloger(21174): syncFile:/storage/emulated/0/loadgenerator/logs/Debug_logs
E/Cataloger(21174): need not sync path:/storage/emulated/0/loadgenerator/logs/Debug_logs
D/LOADGENERATOR(32684): java.lang.NullPointerException
D/LOADGENERATOR(32684):  ConnectionManager Read : Caught an exception 2 in socket read java.lang.NullPointerExceptionThe received data is :null
E/Cataloger(21174): syncFile:/storage/emulated/0/loadgenerator/logs/Debug_logs
E/Cataloger(21174): need not sync path:/storage/emulated/0/loadgenerator/logs/Debug_logs
V/AlarmManager( 1070): sending alarm Alarm{427ae5b0 type 2 com.facebook.katana}
V/AlarmManager( 1070): sending alarm Alarm{427acd20 type 2 com.facebook.groups}
V/AlarmManager( 1070): sending alarm Alarm{427abb20 type 2 com.facebook.orca}
D/LOADGENERATOR(32684): 
D/LOADGENERATOR(32684):  EventRunner : 
E/Cataloger(21174): syncFile:/storage/emulated/0/loadgenerator/logs/Debug_logs
E/Cataloger(21174): need not sync path:/storage/emulated/0/loadgenerator/logs/Debug_logs
D/LOADGENERATOR(32684): java.lang.NullPointerException
D/LOADGENERATOR(32684):  ConnectionManager Read : Caught an exception 2 in socket read java.lang.NullPointerExceptionThe received data is :null
E/Cataloger(21174): syncFile:/storage/emulated/0/loadgenerator/logs/Debug_logs
E/Cataloger(21174): need not sync path:/storage/emulated/0/loadgenerator/logs/Debug_logs
D/LOADGENERATOR(32684): 
D/LOADGENERATOR(32684):  EventRunner : 
E/Cataloger(21174): syncFile:/storage/emulated/0/loadgenerator/logs/Debug_logs
E/Cataloger(21174): need not sync path:/storage/emulated/0/loadgenerator/logs/Debug_logs
D/LOADGENERATOR(32684): java.lang.NullPointerException
D/LOADGENERATOR(32684):  ConnectionManager Read : Caught an exception 2 in socket read java.lang.NullPointerExceptionThe received data is :null
E/Cataloger(21174): syncFile:/storage/emulated/0/loadgenerator/logs/Debug_logs
E/Cataloger(21174): need not sync path:/storage/emulated/0/loadgenerator/logs/Debug_logs
D/LOADGENERATOR(32684): 
D/LOADGENERATOR(32684):  EventRunner : 
E/Cataloger(21174): syncFile:/storage/emulated/0/loadgenerator/logs/Debug_logs
E/Cataloger(21174): need not sync path:/storage/emulated/0/loadgenerator/logs/Debug_logs
D/LOADGENERATOR(32684): java.lang.NullPointerException
D/LOADGENERATOR(32684):  ConnectionManager Read : Caught an exception 2 in socket read java.lang.NullPointerExceptionThe received data is :null
E/Cataloger(21174): syncFile:/storage/emulated/0/loadgenerator/logs/Debug_logs
E/Cataloger(21174): need not sync path:/storage/emulated/0/loadgenerator/logs/Debug_logs
D/LOADGENERATOR(32684): 
D/LOADGENERATOR(32684):  EventRunner : 
E/Cataloger(21174): syncFile:/storage/emulated/0/loadgenerator/logs/Debug_logs
E/Cataloger(21174): need not sync path:/storage/emulated/0/loadgenerator/logs/Debug_logs
D/LOADGENERATOR(32684): java.lang.NullPointerException
D/LOADGENERATOR(32684):  ConnectionManager Read : Caught an exception 2 in socket read java.lang.NullPointerExceptionThe received data is :null
E/Cataloger(21174): syncFile:/storage/emulated/0/loadgenerator/logs/Debug_logs
E/Cataloger(21174): need not sync path:/storage/emulated/0/loadgenerator/logs/Debug_logs
V/AlarmManager( 1070): sending alarm Alarm{427a06e0 type 2 com.android.keyguard}
D/KeyguardViewMediator( 1146): USER_LOCKED intent sent
D/UsbDeviceManager( 1070): MSG_USER_LOCKED
V/KeyguardHostView( 1146): Initial transport state: 0, pbstate=0
D/KeyguardHostView( 1146): showSecurityScreen(PIN)
D/KeyguardHostView( 1146): getSecurityView(Invalid)
D/KeyguardHostView( 1146): getSecurityView(PIN)
V/KeyguardHostView( 1146): hide transport, gen:151
V/KeyguardHostView( 1146): music state changed: 0
D/MSimCarrierText( 1146): updateCarrierText: text = Dolphin  DOLPHIN
D/MSimCarrierText( 1146): updateCarrierText: text = Dolphin  DOLPHIN
D/MSimCarrierText( 1146): updateCarrierText: text = Dolphin  DOLPHIN, Vodafone IN
D/MSimCarrierText( 1146): updateCarrierText: text = Dolphin  DOLPHIN, Vodafone IN
D/KeyguardHostView( 1146): showSecurityScreen(PIN)
W/View    ( 1146): requestLayout() improperly called by android.widget.TextClock{427146c8 V.ED.... ......ID 148,0-440,213 #7f0a004b app:id/clock_view} during layout: running second layout pass
W/View    ( 1146): requestLayout() improperly called by android.widget.TextClock{42891eb8 V.ED.... ......ID 110,0-287,38 #7f0a0050 app:id/date_view} during layout: running second layout pass
W/View    ( 1146): requestLayout() improperly called by android.widget.TextView{42a26850 V.ED.... ......ID 303,0-478,38 #7f0a0051 app:id/alarm_status} during layout: running second layout pass
D/PhoneStatusBar( 1146): disable: < EXPAND* icons alerts TICKER* system_info BACK* HOME* RECENT* CLOCK* search >
V/AlarmManager( 1070): sending alarm Alarm{4279ff10 type 3 android}
V/AlarmManager( 1070): sending alarm Alarm{4279e550 type 2 com.google.android.gms}
D/MobileDataStateTracker( 1070): default: setPolicyDataEnable(enabled=true)
D/LOADGENERATOR(32684): 
D/LOADGENERATOR(32684):  EventRunner : 
E/Cataloger(21174): syncFile:/storage/emulated/0/loadgenerator/logs/Debug_logs
E/Cataloger(21174): need not sync path:/storage/emulated/0/loadgenerator/logs/Debug_logs
D/LOADGENERATOR(32684): java.lang.NullPointerException
D/LOADGENERATOR(32684):  ConnectionManager Read : Caught an exception 2 in socket read java.lang.NullPointerExceptionThe received data is :null
E/Cataloger(21174): syncFile:/storage/emulated/0/loadgenerator/logs/Debug_logs
E/Cataloger(21174): need not sync path:/storage/emulated/0/loadgenerator/logs/Debug_logs
D/LOADGENERATOR(32684): 
D/LOADGENERATOR(32684):  EventRunner : 
E/Cataloger(21174): syncFile:/storage/emulated/0/loadgenerator/logs/Debug_logs
E/Cataloger(21174): need not sync path:/storage/emulated/0/loadgenerator/logs/Debug_logs
D/LOADGENERATOR(32684): java.lang.NullPointerException
D/LOADGENERATOR(32684):  ConnectionManager Read : Caught an exception 2 in socket read java.lang.NullPointerExceptionThe received data is :null
E/Cataloger(21174): syncFile:/storage/emulated/0/loadgenerator/logs/Debug_logs
E/Cataloger(21174): need not sync path:/storage/emulated/0/loadgenerator/logs/Debug_logs
D/dalvikvm(20988): GC_CONCURRENT freed 2027K, 32% free 13596K/19728K, paused 3ms+5ms, total 40ms
D/dalvikvm(20988): WAIT_FOR_CONCURRENT_GC blocked 23ms
V/AlarmManager( 1070): sending alarm Alarm{4279c988 type 2 com.imo.android.imoim}
V/AlarmManager( 1070): sending alarm Alarm{447cc6e8 type 2 com.imo.android.imoim}
D/LOADGENERATOR(32684): 
D/LOADGENERATOR(32684):  EventRunner : 
E/Cataloger(21174): syncFile:/storage/emulated/0/loadgenerator/logs/Debug_logs
E/Cataloger(21174): need not sync path:/storage/emulated/0/loadgenerator/logs/Debug_logs
D/LOADGENERATOR(32684): java.lang.NullPointerException
D/LOADGENERATOR(32684):  ConnectionManager Read : Caught an exception 2 in socket read java.lang.NullPointerExceptionThe received data is :null
E/Cataloger(21174): syncFile:/storage/emulated/0/loadgenerator/logs/Debug_logs
E/Cataloger(21174): need not sync path:/storage/emulated/0/loadgenerator/logs/Debug_logs
D/dalvikvm( 1693): GC_CONCURRENT freed 2126K, 46% free 9378K/17224K, paused 1ms+2ms, total 16ms
