W/ContextImpl( 1693): Calling a method in the system process without a qualified user: android.app.ContextImpl.sendBroadcast:1252 android.content.ContextWrapper.sendBroadcast:365 com.motorola.motocare.util.TriggerHelper$TriggerBuilder.send:76 com.motorola.motocare.internal.frameworkevents.ProcessKillTrigger.sendTrigger:147 com.motorola.motocare.internal.frameworkevents.ProcessKillTrigger.handleLmkKill:337 
W/ContextImpl( 1693): Calling a method in the system process without a qualified user: android.app.ContextImpl.sendBroadcast:1252 android.content.ContextWrapper.sendBroadcast:365 com.motorola.motocare.util.TriggerHelper$TriggerBuilder.send:76 com.motorola.motocare.internal.frameworkevents.ProcessKillTrigger.sendTrigger:147 com.motorola.motocare.internal.frameworkevents.ProcessKillTrigger.handleLmkKill:337 
W/ContextImpl( 1693): Calling a method in the system process without a qualified user: android.app.ContextImpl.sendBroadcast:1252 android.content.ContextWrapper.sendBroadcast:365 com.motorola.motocare.util.TriggerHelper$TriggerBuilder.send:76 com.motorola.motocare.internal.frameworkevents.ProcessKillTrigger.sendTrigger:147 com.motorola.motocare.internal.frameworkevents.ProcessKillTrigger.handleLmkKill:337 
W/ContextImpl( 1693): Calling a method in the system process without a qualified user: android.app.ContextImpl.sendBroadcast:1252 android.content.ContextWrapper.sendBroadcast:365 com.motorola.motocare.util.TriggerHelper$TriggerBuilder.send:76 com.motorola.motocare.internal.frameworkevents.ProcessKillTrigger.sendTrigger:147 com.motorola.motocare.internal.frameworkevents.ProcessKillTrigger.handleLmkKill:337 
D/dalvikvm( 1693): GC_EXPLICIT freed 440K, 46% free 9353K/17224K, paused 2ms+5ms, total 28ms
D/LOADGENERATOR(32684): 
D/LOADGENERATOR(32684):  EventRunner : 
E/Cataloger(21174): syncFile:/storage/emulated/0/loadgenerator/logs/Debug_logs
E/Cataloger(21174): need not sync path:/storage/emulated/0/loadgenerator/logs/Debug_logs
D/LOADGENERATOR(32684): java.lang.NullPointerException
D/LOADGENERATOR(32684):  ConnectionManager Read : Caught an exception 2 in socket read java.lang.NullPointerExceptionThe received data is :null
E/Cataloger(21174): syncFile:/storage/emulated/0/loadgenerator/logs/Debug_logs
E/Cataloger(21174): need not sync path:/storage/emulated/0/loadgenerator/logs/Debug_logs
D/LOADGENERATOR(32684): 
D/LOADGENERATOR(32684):  EventRunner : 
E/Cataloger(21174): syncFile:/storage/emulated/0/loadgenerator/logs/Debug_logs
E/Cataloger(21174): need not sync path:/storage/emulated/0/loadgenerator/logs/Debug_logs
D/LOADGENERATOR(32684): java.lang.NullPointerException
D/LOADGENERATOR(32684):  ConnectionManager Read : Caught an exception 2 in socket read java.lang.NullPointerExceptionThe received data is :null
E/Cataloger(21174): syncFile:/storage/emulated/0/loadgenerator/logs/Debug_logs
E/Cataloger(21174): need not sync path:/storage/emulated/0/loadgenerator/logs/Debug_logs
V/AlarmManager( 1070): sending alarm Alarm{42bfd328 type 3 com.avast.android.mobilesecurity}
V/AlarmManager( 1070): sending alarm Alarm{42bfd3c0 type 0 com.iitb.loadgen}
D/LOADGENERATOR(32684):  Alram Receiver entered.....
D/LOADGENERATOR(32684):  In alarm Receiver server connection is null 
D/LOADGENERATOR(32684):  Alram Receiver exited.....
D/WifiStateMachine( 1070): handleMessage: E msg.what=131143
D/WifiStateMachine( 1070): processMsg: ScanModeState
D/LOADGENERATOR(32684): DeviceInfo : Starting Wifi Scan.
D/WifiStateMachine( 1070): handleMessage: X
E/Cataloger(21174): syncFile:/storage/emulated/0/loadgenerator/logs/Debug_logs
E/Cataloger(21174): need not sync path:/storage/emulated/0/loadgenerator/logs/Debug_logs
E/Cataloger(21174): syncFile:/storage/emulated/0/loadgenerator/logs/Debug_logs
E/Cataloger(21174): need not sync path:/storage/emulated/0/loadgenerator/logs/Debug_logs
D/MDMCTBK (  419): reply_len: 40 reply is = IFNAME=wlan0 <3>CTRL-EVENT-BSS-ADDED 715
D/MDMCTBK (  419): Event received = CTRL-EVENT-BSS-ADDED 715
D/TCMD    (  491): NL - Read 56 bytes from update socket.
D/TCMD    (  491): NL - message type is RTM_NEWLINK
D/TCMD    (  491): Listening for incoming client connection request
D/MDMCTBK (  419): reply_len: 40 reply is = IFNAME=wlan0 <3>CTRL-EVENT-BSS-ADDED 715
D/MDMCTBK (  419): Event received = CTRL-EVENT-BSS-ADDED 715
D/MDMCTBK (  419): reply_len: 40 reply is = IFNAME=wlan0 <3>CTRL-EVENT-BSS-ADDED 715
D/MDMCTBK (  419): Event received = CTRL-EVENT-BSS-ADDED 715
D/MDMCTBK (  419): reply_len: 40 reply is = IFNAME=wlan0 <3>CTRL-EVENT-SCAN-RESULTS 
D/MDMCTBK (  419): Event received = CTRL-EVENT-SCAN-RESULTS 
D/WifiStateMachine( 1070): handleMessage: E msg.what=147461
D/WifiStateMachine( 1070): processMsg: ScanModeState
D/WifiStateMachine( 1070): processMsg: DriverStartedState
D/WifiStateMachine( 1070): processMsg: SupplicantStartedState
D/WifiStateMachine( 1070): handleMessage: X
D/LOADGENERATOR(32684):  WiFiScan : 
D/LOADGENERATOR(32684): Utils: getmyDetailsJson() : bssid : Exception caught java.lang.NullPointerException
D/LOADGENERATOR(32684):  ConnectionManager Write: Length : 662 Data :{"port":"","processorSpeed":"1190","bssid":"","linkSpeed":"-1","bssidList":"eduroam, 04:bd:88:b2:d1:61, -74;IITB-Wireless, 04:bd:88:b2:d1:60, -74;IITB-Wireless, 04:bd:88:b2:d2:60, -80;eduroam, 04:bd:88:b2:d2:61, -81;IITB-Guest, 04:bd:88:b2:d1:62, -74;IITB-Guest, 04:bd:88:b2:d2:62, -81;IITB-Wireless, 04:bd:88:b2:d4:c0, -81;IITB-Guest, 04:bd:88:b2:d4:c2, -94;eduroam, 04:bd:88:b2:d4:c1, -95;IITB-Wireless, 04:bd:88:b2:f4:c0, -92;eduroam, 04:bd:88:b2:f4:c1, -94;IITB-Guest, 04:bd:88:b2:f4:c2, -92;","action":"heartBeat","ssid":"<unknown ssid>","rssi":"-200","macAddress":"f4:f1:e1:51:47:ef","numberOfCores":"4","memory":"882","storageSpace":"-241","ip":"0.0.0.0"} Caught an exception 2 while writing to Socketjava.lang.NullPointerException
D/LOADGENERATOR(32684):  response Code : -1
E/Cataloger(21174): syncFile:/storage/emulated/0/loadgenerator/logs/Debug_logs
E/Cataloger(21174): need not sync path:/storage/emulated/0/loadgenerator/logs/Debug_logs
E/Cataloger(21174): syncFile:/storage/emulated/0/loadgenerator/logs/Debug_logs
E/Cataloger(21174): need not sync path:/storage/emulated/0/loadgenerator/logs/Debug_logs
W/System.err(32684): java.net.ConnectException: failed to connect to /10.129.26.217 (port 8001): connect failed: ENETUNREACH (Network is unreachable)
W/System.err(32684): 	at libcore.io.IoBridge.connect(IoBridge.java:114)
W/System.err(32684): 	at java.net.PlainSocketImpl.connect(PlainSocketImpl.java:192)
W/System.err(32684): 	at java.net.PlainSocketImpl.connect(PlainSocketImpl.java:172)
W/System.err(32684): 	at java.net.Socket.startupSocket(Socket.java:566)
W/System.err(32684): 	at java.net.Socket.tryAllAddresses(Socket.java:128)
W/System.err(32684): 	at java.net.Socket.<init>(Socket.java:178)
W/System.err(32684): 	at java.net.Socket.<init>(Socket.java:150)
W/System.err(32684): 	at com.iitb.loadgen.WifiScan$1.run(WifiScan.java:64)
W/System.err(32684): Caused by: libcore.io.ErrnoException: connect failed: ENETUNREACH (Network is unreachable)
W/System.err(32684): 	at libcore.io.Posix.connect(Native Method)
E/Cataloger(21174): syncFile:/storage/emulated/0/loadgenerator/logs/Debug_logs
E/Cataloger(21174): need not sync path:/storage/emulated/0/loadgenerator/logs/Debug_logs
W/System.err(32684): 	at libcore.io.BlockGuardOs.connect(BlockGuardOs.java:85)
W/System.err(32684): 	at libcore.io.IoBridge.connectErrno(IoBridge.java:127)
W/System.err(32684): 	at libcore.io.IoBridge.connect(IoBridge.java:112)
W/System.err(32684): 	... 7 more
D/LOADGENERATOR(32684): WiFiScan : Sending Device Info Thread Status Code-1
D/LOADGENERATOR(32684):  Exception handling while creating a new connectionjava.net.ConnectException: failed to connect to /10.129.26.217 (port 8001): connect failed: ENETUNREACH (Network is unreachable)
E/Cataloger(21174): syncFile:/storage/emulated/0/loadgenerator/logs/Debug_logs
E/Cataloger(21174): need not sync path:/storage/emulated/0/loadgenerator/logs/Debug_logs
D/LOADGENERATOR(32684): 
D/LOADGENERATOR(32684):  EventRunner : 
E/Cataloger(21174): syncFile:/storage/emulated/0/loadgenerator/logs/Debug_logs
E/Cataloger(21174): need not sync path:/storage/emulated/0/loadgenerator/logs/Debug_logs
D/Utils   (32684): Exceptionwhile creating a new connectionjava.net.ConnectException: failed to connect to /10.129.26.217 (port 8001): connect failed: ENETUNREACH (Network is unreachable)
D/Utils New COnnection :(32684): I am in post Exceute
D/LOADGENERATOR(32684): java.lang.NullPointerException
D/LOADGENERATOR(32684):  ConnectionManager Read : Caught an exception 2 in socket read java.lang.NullPointerExceptionThe received data is :null
E/Cataloger(21174): syncFile:/storage/emulated/0/loadgenerator/logs/Debug_logs
E/Cataloger(21174): need not sync path:/storage/emulated/0/loadgenerator/logs/Debug_logs
V/AlarmManager( 1070): sending alarm Alarm{427ae410 type 3 android}
D/LOADGENERATOR(32684): 
D/LOADGENERATOR(32684):  EventRunner : 
E/Cataloger(21174): syncFile:/storage/emulated/0/loadgenerator/logs/Debug_logs
E/Cataloger(21174): need not sync path:/storage/emulated/0/loadgenerator/logs/Debug_logs
D/LOADGENERATOR(32684): java.lang.NullPointerException
D/LOADGENERATOR(32684):  ConnectionManager Read : Caught an exception 2 in socket read java.lang.NullPointerExceptionThe received data is :null
E/Cataloger(21174): syncFile:/storage/emulated/0/loadgenerator/logs/Debug_logs
E/Cataloger(21174): need not sync path:/storage/emulated/0/loadgenerator/logs/Debug_logs
D/LOADGENERATOR(32684): 
D/LOADGENERATOR(32684):  EventRunner : 
E/Cataloger(21174): syncFile:/storage/emulated/0/loadgenerator/logs/Debug_logs
E/Cataloger(21174): need not sync path:/storage/emulated/0/loadgenerator/logs/Debug_logs
D/LOADGENERATOR(32684): java.lang.NullPointerException
D/LOADGENERATOR(32684):  ConnectionManager Read : Caught an exception 2 in socket read java.lang.NullPointerExceptionThe received data is :null
E/Cataloger(21174): syncFile:/storage/emulated/0/loadgenerator/logs/Debug_logs
E/Cataloger(21174): need not sync path:/storage/emulated/0/loadgenerator/logs/Debug_logs
D/LOADGENERATOR(32684): 
D/LOADGENERATOR(32684):  EventRunner : 
E/Cataloger(21174): syncFile:/storage/emulated/0/loadgenerator/logs/Debug_logs
E/Cataloger(21174): need not sync path:/storage/emulated/0/loadgenerator/logs/Debug_logs
D/LOADGENERATOR(32684): java.lang.NullPointerException
D/LOADGENERATOR(32684):  ConnectionManager Read : Caught an exception 2 in socket read java.lang.NullPointerExceptionThe received data is :null
E/Cataloger(21174): syncFile:/storage/emulated/0/loadgenerator/logs/Debug_logs
E/Cataloger(21174): need not sync path:/storage/emulated/0/loadgenerator/logs/Debug_logs
D/LOADGENERATOR(32684): 
D/LOADGENERATOR(32684):  EventRunner : 
E/Cataloger(21174): syncFile:/storage/emulated/0/loadgenerator/logs/Debug_logs
E/Cataloger(21174): need not sync path:/storage/emulated/0/loadgenerator/logs/Debug_logs
D/LOADGENERATOR(32684): java.lang.NullPointerException
D/LOADGENERATOR(32684):  ConnectionManager Read : Caught an exception 2 in socket read java.lang.NullPointerExceptionThe received data is :null
E/Cataloger(21174): syncFile:/storage/emulated/0/loadgenerator/logs/Debug_logs
E/Cataloger(21174): need not sync path:/storage/emulated/0/loadgenerator/logs/Debug_logs
D/LOADGENERATOR(32684): 
D/LOADGENERATOR(32684):  EventRunner : 
E/Cataloger(21174): syncFile:/storage/emulated/0/loadgenerator/logs/Debug_logs
E/Cataloger(21174): need not sync path:/storage/emulated/0/loadgenerator/logs/Debug_logs
D/LOADGENERATOR(32684): java.lang.NullPointerException
D/LOADGENERATOR(32684):  ConnectionManager Read : Caught an exception 2 in socket read java.lang.NullPointerExceptionThe received data is :null
E/Cataloger(21174): syncFile:/storage/emulated/0/loadgenerator/logs/Debug_logs
E/Cataloger(21174): need not sync path:/storage/emulated/0/loadgenerator/logs/Debug_logs
D/LOADGENERATOR(32684): 
D/LOADGENERATOR(32684):  EventRunner : 
E/Cataloger(21174): syncFile:/storage/emulated/0/loadgenerator/logs/Debug_logs
E/Cataloger(21174): need not sync path:/storage/emulated/0/loadgenerator/logs/Debug_logs
D/LOADGENERATOR(32684): java.lang.NullPointerException
D/LOADGENERATOR(32684):  ConnectionManager Read : Caught an exception 2 in socket read java.lang.NullPointerExceptionThe received data is :null
E/Cataloger(21174): syncFile:/storage/emulated/0/loadgenerator/logs/Debug_logs
E/Cataloger(21174): need not sync path:/storage/emulated/0/loadgenerator/logs/Debug_logs
D/dalvikvm(20988): GC_CONCURRENT freed 2004K, 32% free 13514K/19728K, paused 5ms+8ms, total 54ms
D/LOADGENERATOR(32684): 
D/LOADGENERATOR(32684):  EventRunner : 
E/Cataloger(21174): syncFile:/storage/emulated/0/loadgenerator/logs/Debug_logs
E/Cataloger(21174): need not sync path:/storage/emulated/0/loadgenerator/logs/Debug_logs
D/LOADGENERATOR(32684): java.lang.NullPointerException
D/LOADGENERATOR(32684):  ConnectionManager Read : Caught an exception 2 in socket read java.lang.NullPointerExceptionThe received data is :null
E/Cataloger(21174): syncFile:/storage/emulated/0/loadgenerator/logs/Debug_logs
E/Cataloger(21174): need not sync path:/storage/emulated/0/loadgenerator/logs/Debug_logs
D/LOADGENERATOR(32684): 
D/LOADGENERATOR(32684):  EventRunner : 
E/Cataloger(21174): syncFile:/storage/emulated/0/loadgenerator/logs/Debug_logs
E/Cataloger(21174): need not sync path:/storage/emulated/0/loadgenerator/logs/Debug_logs
D/LOADGENERATOR(32684): java.lang.NullPointerException
D/LOADGENERATOR(32684):  ConnectionManager Read : Caught an exception 2 in socket read java.lang.NullPointerExceptionThe received data is :null
E/Cataloger(21174): syncFile:/storage/emulated/0/loadgenerator/logs/Debug_logs
E/Cataloger(21174): need not sync path:/storage/emulated/0/loadgenerator/logs/Debug_logs
D/LOADGENERATOR(32684): 
D/LOADGENERATOR(32684):  EventRunner : 
E/Cataloger(21174): syncFile:/storage/emulated/0/loadgenerator/logs/Debug_logs
E/Cataloger(21174): need not sync path:/storage/emulated/0/loadgenerator/logs/Debug_logs
D/LOADGENERATOR(32684): java.lang.NullPointerException
D/LOADGENERATOR(32684):  ConnectionManager Read : Caught an exception 2 in socket read java.lang.NullPointerExceptionThe received data is :null
E/Cataloger(21174): syncFile:/storage/emulated/0/loadgenerator/logs/Debug_logs
E/Cataloger(21174): need not sync path:/storage/emulated/0/loadgenerator/logs/Debug_logs
D/dalvikvm(32684): Debugger has detached; object registry had 1 entries
I/AonLTInterfaceService( 1693): AodLT package version: 1000000
I/PowerManagerService( 1070): Waking up from sleep...
D/SurfaceFlinger(  270): Screen acquired, type=0 flinger=0xb70f5450
D/qdhwcomposer(  270): hwc_blank: Unblanking display: 0
I/AonLTInterfaceService( 1693): AodLT package version: 1000000
V/KeyguardServiceDelegate( 1070): onScreenTurnedOn(showListener = com.android.internal.policy.impl.PhoneWindowManager$20@4347a8d0)
D/KeyguardHostView( 1146): showSecurityScreen(PIN)
D/KeyguardHostView( 1146): getSecurityView(PIN)
D/WifiStateMachine( 1070): handleScreenStateChanged: true
D/WifiStateMachine( 1070): handleMessage: E msg.what=131154
D/WifiStateMachine( 1070): processMsg: ScanModeState
D/WifiStateMachine( 1070): processMsg: DriverStartedState
D/WifiStateMachine( 1070): processMsg: SupplicantStartedState
D/WifiStateMachine( 1070): processMsg: DefaultState
D/WifiStateMachine( 1070): handleMessage: X
D/WifiStateMachine( 1070): handleMessage: E msg.what=131163
V/KeyguardServiceDelegate( 1070): **** SHOWN CALLED ****
I/WindowManager( 1070): Lock screen displayed!
D/WifiStateMachine( 1070): processMsg: ScanModeState
D/DisplayPowerController( 1070): Unblocked screen on after 205314613 ms
D/WifiStateMachine( 1070): processMsg: DriverStartedState
D/WifiStateMachine( 1070): processMsg: SupplicantStartedState
D/WifiStateMachine( 1070): processMsg: DefaultState
D/WifiStateMachine( 1070): handleMessage: X
D/WifiStateMachine( 1070): handleMessage: E msg.what=131127
D/WifiStateMachine( 1070): processMsg: ScanModeState
D/WifiStateMachine( 1070): processMsg: DriverStartedState
D/WifiStateMachine( 1070): processMsg: SupplicantStartedState
D/WifiStateMachine( 1070): processMsg: DefaultState
D/WifiStateMachine( 1070): handleMessage: X
D/WifiStateMachine( 1070): handleMessage: E msg.what=131158
D/WifiStateMachine( 1070): processMsg: ScanModeState
D/WifiStateMachine( 1070): processMsg: DriverStartedState
D/WifiStateMachine( 1070): setSuspendOptimizationsNative: 4 false
D/WifiStateMachine( 1070): handleMessage: X
I/AonLTInterfaceService( 1693): AodLT package version: 1000000
D/qdhwcomposer(  270): hwc_blank: Done unblanking display: 0
D/SurfaceControl( 1070): Excessive delay in unblankDisplay() while turning screen on: 194ms
D/Sensors ( 1070): AccelerationSensor: Set Sensors state 0x1
D/Sensors ( 1070): AccelerationSensor: set delay 200
D/Sensors ( 1070): AccelerationSensor: set delay 200
D/audio_hw_primary(  273): adev_set_parameters: enter: screen_state=on
V/msm8974_platform(  273): platform_set_parameters: enter: screen_state=on
V/msm8974_platform(  273): platform_set_parameters: exit with code(-2)
E/audio_a2dp_hw(  273): adev_set_parameters: ERROR: set param called even when stream out is null
D/Ulp_jni ( 1070): JNI:system_update. Event-0
I/MemoryTrimmer( 1149): Trimming objects from memory, since app is in the background.
I/SFPerfTracer(  270):      triggers: (rate: 0:1) (924852 sw vsyncs) (0 skipped) (22:349933 vsyncs) (24:1331210)
W/ContextImpl( 1693): Calling a method in the system process without a qualified user: android.app.ContextImpl.startService:1608 android.content.ContextWrapper.startService:494 android.content.ContextWrapper.startService:494 com.motorola.motocare.internal.batterystats.BatteryStatsAction.onReceive:33 android.app.ActivityThread.handleReceiver:2434 
F/ProcessStats( 1070): Starting service ServiceState{449efdc0 com.google.android.wearable.datatransfer.DataSyncService pkg=com.google.android.music proc=449efdc0} without owner
W/ContextImpl( 1693): Calling a method in the system process without a qualified user: android.app.ContextImpl.sendBroadcast:1252 android.content.ContextWrapper.sendBroadcast:365 com.motorola.motocare.util.TriggerHelper$TriggerBuilder.send:76 com.motorola.motocare.internal.frameworkevents.PauseResumeTrigger.handleFrameworkEvent:53 com.motorola.motocare.internal.frameworkevents.FwEventMonitor$FrameworkListener.processFrameworkEvent:114 
D/dalvikvm( 1693): GC_CONCURRENT freed 1722K, 45% free 9566K/17224K, paused 6ms+3ms, total 30ms
D/3CDM.DeviceAdminPushReceiver( 2860): Received an Intent - Action: android.intent.action.USER_PRESENT
D/3CDM.DeviceAdminPushReceiver( 2860): Type: null
D/3CDM.DeviceAdminPushReceiver( 2860): Data: null
D/3CDM.Service( 2860): android.intent.action.USER_PRESENT
D/PhoneStatusBar( 1146): disable: < expand* icons alerts ticker* system_info back* home* recent* clock* search >
D/3CDM.Service( 2860): Phone was locked and now it is unlocked now.
W/InputMethodManagerService( 1070): Window already focused, ignoring focus gain of: com.android.internal.view.IInputMethodClient$Stub$Proxy@434ecd58 attribute=android.view.inputmethod.EditorInfo@448c0528, token = android.os.BinderProxy@435fc4a0
D/UsbDeviceManager( 1070): MSG_USER_PRESENT
D/dalvikvm( 1636): GC_EXPLICIT freed 1675K, 25% free 13081K/17224K, paused 15ms+18ms, total 114ms
D/DropBoxEntryAddedChimeraService(21142): User is not opted-in to Usage & Diagnostics or Lockbox.
I/SBar.MSimNetwCntrl( 1146): onSignalStrengthsChanged[1]:SignalStrength: 23 0 -120 -160 -120 -1 -1 99 2147483647 2147483647 2147483647 2147483647 2147483647 gsm|lte 0 -108 -1 false 4 4 0 0 0 99 99 99 4 level=4
D/SBar.MSimNetwCntrl( 1146): updateTelephonySignalStrength[1]: iconList[iconLevel]=7f020299/zz_moto_stat_sys_signal_4_fully_wide iconLevel=4 mMSimMobileInetCondition=0 mMSimMobileInetConditionSB=1
D/SBar.MSimNetwCntrl( 1146): updateDataNetType[1]: subscription1 is not DDS(=subscription0)!
D/SBar.MSimNetwCntrl( 1146): updateDataIcon[1]: subscription=1
D/SBar.MSimNetwCntrl( 1146): updateDataIcon[1]: dataSub=0
D/SBar.MSimNetwCntrl( 1146): updateDataIcon[1]: subscription=1 is not DDS.  Clear the mMSimDataConnected Flag and return
I/SBar.MSimNetwCntrl( 1146): notifySignalsChangedCallbacks[1]: isEmergencyOnly(1)=false enabled=true sim=(none)="(empty)" signal=zz_moto_stat_sys_signal_4_wide="Phone signal full." roaming=(none)="Not roaming."
I/SBar.MSimNetwCntrl( 1146):  type=(none)="No data." activity=(none)="(empty)"
I/SBar.MSimNetwCntrl( 1146):  slot=2="2" network="Vodafone IN"
I/SBar.MSimNetwCntrl( 1146): refreshSignalCluster[1]: wifi: mWifiConnected=false Wifi=(none) Activity=(none) in=false out=false Accessibility="Wifi disconnected."
I/SBar.MSimNetwCntrl( 1146): refreshSignalCluster[1]: mobile: Signal=zz_moto_stat_sys_signal_4_fully_wide Roaming=(none) mMSimSimIconId[1]=(none) Accessibility="Phone signal full.","Not roaming.",""
I/SBar.MSimNetwCntrl( 1146): refreshSignalCluster[1]: mobile: mMSimHasMobileDataFeature[1]=true DataTypeShown=(none) Activity=(none) in=false out=false Accessibility="No data."
I/ActivityManager( 1070): Start proc com.myntra.android for broadcast com.myntra.android/com.parse.ParseBroadcastReceiver: pid=2442 uid=10142 gids={50142, 3003, 1028, 1015}
I/MultiDex( 2442): VM with version 1.6.0 does not have multidex support
I/MultiDex( 2442): install
I/MultiDex( 2442): MultiDexExtractor.load(/data/app/com.myntra.android-2.apk, false)
I/MultiDex( 2442): loading existing secondary dex files
I/MultiDex( 2442): load found 1 secondary dex files
I/MultiDex( 2442): install done
I/dalvikvm( 2442): Could not find method android.app.Notification$Builder.setLocalOnly, referenced from method com.google.android.gms.common.GooglePlayServicesUtil.zza
W/dalvikvm( 2442): VFY: unable to resolve virtual method 294: Landroid/app/Notification$Builder;.setLocalOnly (Z)Landroid/app/Notification$Builder;
D/dalvikvm( 2442): VFY: replacing opcode 0x6e at 0x00cb
I/dalvikvm( 2442): Could not find method android.content.pm.PackageManager.getPackageInstaller, referenced from method com.google.android.gms.common.GooglePlayServicesUtil.zzh
W/dalvikvm( 2442): VFY: unable to resolve virtual method 563: Landroid/content/pm/PackageManager;.getPackageInstaller ()Landroid/content/pm/PackageInstaller;
D/dalvikvm( 2442): VFY: replacing opcode 0x6e at 0x000b
I/GMPM    ( 2442): App measurement is starting up
V/BackgroundThread( 2442): manual-handler-init-call
V/BackgroundThread( 2442): handler-init
V/BackgroundThread( 2442): onLooperPrepared-handler-init-call
W/System.err( 2442): com.myntra.retail.sdk.service.exception.MyntraException: Object is null .
W/System.err( 2442): 	at com.myntra.retail.sdk.model.landingpage.Layout.getLayoutList(Layout.java:28)
W/System.err( 2442): 	at com.myntra.android.retention.data.SkeletonModelGenerator.getSkeletonModelObject(SkeletonModelGenerator.java:89)
W/System.err( 2442): 	at com.myntra.android.retention.data.SkeletonModelGenerator.prepareSkeletonMap(SkeletonModelGenerator.java:55)
W/System.err( 2442): 	at com.myntra.android.retention.data.SkeletonModelGenerator.prepareSkeletonMap(SkeletonModelGenerator.java:61)
W/System.err( 2442): 	at com.myntra.android.retention.data.SkeletonModelGenerator.getSkeletonMap(SkeletonModelGenerator.java:139)
W/System.err( 2442): 	at com.myntra.android.retention.data.SkeletonModelGenerator.init(SkeletonModelGenerator.java:146)
W/System.err( 2442): 	at com.myntra.android.retention.data.provider.DPMYNSkeleton.init(DPMYNSkeleton.java:27)
W/System.err( 2442): 	at com.myntra.android.retention.D7Controller.initSkeleton(D7Controller.java:140)
W/System.err( 2442): 	at com.myntra.android.retention.D7Controller.access$100(D7Controller.java:59)
W/System.err( 2442): 	at com.myntra.android.retention.D7Controller$2.run(D7Controller.java:104)
W/System.err( 2442): 	at android.os.Handler.handleCallback(Handler.java:733)
W/System.err( 2442): 	at android.os.Handler.dispatchMessage(Handler.java:95)
W/System.err( 2442): 	at android.os.Looper.loop(Looper.java:136)
W/System.err( 2442): 	at android.os.HandlerThread.run(HandlerThread.java:61)
W/System.err( 2442): com.myntra.retail.sdk.service.exception.MyntraException: Object is null .
W/System.err( 2442): 	at com.myntra.retail.sdk.model.landingpage.Layout.getLayoutList(Layout.java:28)
W/System.err( 2442): 	at com.myntra.android.retention.data.SkeletonModelGenerator.getSkeletonModelObject(SkeletonModelGenerator.java:89)
W/System.err( 2442): 	at com.myntra.android.retention.data.SkeletonModelGenerator.prepareSkeletonMap(SkeletonModelGenerator.java:55)
W/System.err( 2442): 	at com.myntra.android.retention.data.SkeletonModelGenerator.prepareSkeletonMap(SkeletonModelGenerator.java:61)
W/System.err( 2442): 	at com.myntra.android.retention.data.SkeletonModelGenerator.getSkeletonMap(SkeletonModelGenerator.java:139)
W/System.err( 2442): 	at com.myntra.android.retention.data.SkeletonModelGenerator.init(SkeletonModelGenerator.java:146)
W/System.err( 2442): 	at com.myntra.android.retention.data.provider.DPMYNSkeleton.init(DPMYNSkeleton.java:27)
W/System.err( 2442): 	at com.myntra.android.retention.D7Controller.initSkeleton(D7Controller.java:140)
W/System.err( 2442): 	at com.myntra.android.retention.D7Controller.access$100(D7Controller.java:59)
W/System.err( 2442): 	at com.myntra.android.retention.D7Controller$2.run(D7Controller.java:104)
W/System.err( 2442): 	at android.os.Handler.handleCallback(Handler.java:733)
W/System.err( 2442): 	at android.os.Handler.dispatchMessage(Handler.java:95)
W/System.err( 2442): 	at android.os.Looper.loop(Looper.java:136)
W/System.err( 2442): 	at android.os.HandlerThread.run(HandlerThread.java:61)
W/System.err( 2442): com.myntra.retail.sdk.service.exception.MyntraException: Object is null .
W/System.err( 2442): 	at com.myntra.retail.sdk.model.landingpage.Layout.getLayoutList(Layout.java:28)
W/System.err( 2442): 	at com.myntra.android.retention.data.SkeletonModelGenerator.getSkeletonModelObject(SkeletonModelGenerator.java:89)
W/System.err( 2442): 	at com.myntra.android.retention.data.SkeletonModelGenerator.prepareSkeletonMap(SkeletonModelGenerator.java:55)
W/System.err( 2442): 	at com.myntra.android.retention.data.SkeletonModelGenerator.prepareSkeletonMap(SkeletonModelGenerator.java:61)
W/System.err( 2442): 	at com.myntra.android.retention.data.SkeletonModelGenerator.getSkeletonMap(SkeletonModelGenerator.java:139)
W/System.err( 2442): 	at com.myntra.android.retention.data.SkeletonModelGenerator.init(SkeletonModelGenerator.java:146)
W/System.err( 2442): 	at com.myntra.android.retention.data.provider.DPMYNSkeleton.init(DPMYNSkeleton.java:27)
W/System.err( 2442): 	at com.myntra.android.retention.D7Controller.initSkeleton(D7Controller.java:140)
W/System.err( 2442): 	at com.myntra.android.retention.D7Controller.access$100(D7Controller.java:59)
W/System.err( 2442): 	at com.myntra.android.retention.D7Controller$2.run(D7Controller.java:104)
W/System.err( 2442): 	at android.os.Handler.handleCallback(Handler.java:733)
W/System.err( 2442): 	at android.os.Handler.dispatchMessage(Handler.java:95)
W/System.err( 2442): 	at android.os.Looper.loop(Looper.java:136)
W/System.err( 2442): 	at android.os.HandlerThread.run(HandlerThread.java:61)
W/System.err( 2442): com.myntra.retail.sdk.service.exception.MyntraException: Object is null .
W/System.err( 2442): 	at com.myntra.retail.sdk.model.landingpage.Layout.getLayoutList(Layout.java:28)
W/System.err( 2442): 	at com.myntra.android.retention.data.SkeletonModelGenerator.getSkeletonModelObject(SkeletonModelGenerator.java:89)
W/System.err( 2442): 	at com.myntra.android.retention.data.SkeletonModelGenerator.prepareSkeletonMap(SkeletonModelGenerator.java:55)
W/System.err( 2442): 	at com.myntra.android.retention.data.SkeletonModelGenerator.prepareSkeletonMap(SkeletonModelGenerator.java:61)
W/System.err( 2442): 	at com.myntra.android.retention.data.SkeletonModelGenerator.getSkeletonMap(SkeletonModelGenerator.java:139)
W/System.err( 2442): 	at com.myntra.android.retention.data.SkeletonModelGenerator.init(SkeletonModelGenerator.java:146)
W/System.err( 2442): 	at com.myntra.android.retention.data.provider.DPMYNSkeleton.init(DPMYNSkeleton.java:27)
W/System.err( 2442): 	at com.myntra.android.retention.D7Controller.initSkeleton(D7Controller.java:140)
W/System.err( 2442): 	at com.myntra.android.retention.D7Controller.access$100(D7Controller.java:59)
W/System.err( 2442): 	at com.myntra.android.retention.D7Controller$2.run(D7Controller.java:104)
W/System.err( 2442): 	at android.os.Handler.handleCallback(Handler.java:733)
W/System.err( 2442): 	at android.os.Handler.dispatchMessage(Handler.java:95)
W/System.err( 2442): 	at android.os.Looper.loop(Looper.java:136)
W/System.err( 2442): 	at android.os.HandlerThread.run(HandlerThread.java:61)
V/myn-dispatcher( 2442): CORE_POOL_SIZE= 5MAXIMUM_POOL_SIZE= 9
V/myn-commons( 2442): mDeviceYear==  2011
V/connection-class( 2442): during registration bandwidth value= UNKNOWN
V/myn-commons( 2442): total-heap-size-MB==  256
V/PlansService( 2442): UserTypeUPGRADE_USER
V/myn-commons( 2442): cache-size-calculated== 16
I/CrashlyticsCore( 2442): Initializing Crashlytics 2.3.5.79
I/dalvikvm( 2442): Could not find method android.widget.ImageView.<init>, referenced from method com.facebook.drawee.view.DraweeView.<init>
W/dalvikvm( 2442): VFY: unable to resolve direct method 11648: Landroid/widget/ImageView;.<init> (Landroid/content/Context;Landroid/util/AttributeSet;II)V
D/dalvikvm( 2442): VFY: replacing opcode 0x70 at 0x0000
I/dalvikvm( 2442): Could not find method com.facebook.drawee.view.DraweeView.getImageTintList, referenced from method com.facebook.drawee.view.DraweeView.init
W/dalvikvm( 2442): VFY: unable to resolve virtual method 16593: Lcom/facebook/drawee/view/DraweeView;.getImageTintList ()Landroid/content/res/ColorStateList;
D/dalvikvm( 2442): VFY: replacing opcode 0x6e at 0x0015
I/ActivityManager( 1070): Process com.google.android.googlequicksearchbox:search (pid 1149) has died.
D/WifiService( 1070): Client connection lost with reason: 4
F/ProcessStats( 1070): Starting service ServiceState{449efdc0 com.google.android.wearable.datatransfer.DataSyncService pkg=com.google.android.music proc=449efdc0} without owner
I/Finsky  (21084): [1] com.google.android.finsky.utils.du.onTrimMemory(25): Memory trim requested to level 15
I/ActivityManager( 1070): Process com.google.android.apps.plus (pid 797) has died.
I/ActivityManager( 1070): Process com.whatsapp (pid 1268) has died.
D/LOADGENERATOR(32684): 
D/LOADGENERATOR(32684):  EventRunner : 
D/LOADGENERATOR(32684): java.lang.NullPointerException
D/LOADGENERATOR(32684):  ConnectionManager Read : Caught an exception 2 in socket read java.lang.NullPointerExceptionThe received data is :null
E/Cataloger(21174): syncFile:/storage/emulated/0/loadgenerator/logs/Debug_logs
E/Cataloger(21174): need not sync path:/storage/emulated/0/loadgenerator/logs/Debug_logs
E/Cataloger(21174): syncFile:/storage/emulated/0/loadgenerator/logs/Debug_logs
E/Cataloger(21174): need not sync path:/storage/emulated/0/loadgenerator/logs/Debug_logs
D/DropBoxEntryAddedChimeraService(21142): User is not opted-in to Usage & Diagnostics or Lockbox.
V/WebViewChromiumFactoryProvider( 2442): Binding Chromium to main looper Looper (main, tid 1) {426b4b38}
I/LibraryLoader( 2442): Expected native library version number "",actual native library version number ""
I/chromium( 2442): [INFO:library_loader_hooks.cc(116)] Chromium logging enabled: level = 0, default verbosity = 0
I/BrowserStartupController( 2442): Initializing chromium process, renderers=0
E/AudioManagerAndroid( 2442): BLUETOOTH permission is missing!
I/Adreno-EGL( 2442): <qeglDrvAPI_eglInitialize:410>: EGL 1.4 QUALCOMM build: AU_LINUX_ANDROID_LNX.LA.3.5.1_RB1.04.04.02.048.018_msm8226_LNX.LA.3.5.1_RB1__release_AU ()
I/Adreno-EGL( 2442): OpenGL ES Shader Compiler Version: E031.24.00.08
I/Adreno-EGL( 2442): Build Date: 03/07/14 Fri
I/Adreno-EGL( 2442): Local Branch: 
I/Adreno-EGL( 2442): Remote Branch: quic/LNX.LA.3.5.1_RB1.1
I/Adreno-EGL( 2442): Local Patches: NONE
I/Adreno-EGL( 2442): Reconstruct Branch: AU_LINUX_ANDROID_LNX.LA.3.5.1_RB1.04.04.02.048.018 + f2fd134 +  NOTHING
W/ContextImpl( 1693): Calling a method in the system process without a qualified user: android.app.ContextImpl.sendBroadcast:1252 android.content.ContextWrapper.sendBroadcast:365 com.motorola.motocare.util.TriggerHelper$TriggerBuilder.send:76 com.motorola.motocare.internal.frameworkevents.PauseResumeTrigger.handleFrameworkEvent:53 com.motorola.motocare.internal.frameworkevents.FwEventMonitor$FrameworkListener.processFrameworkEvent:114 
I/Process (32684): Sending signal. PID: 32684 SIG: 9
I/WindowState( 1070): WIN DEATH: Window{439bef18 u0 com.iitb.loadgen/com.iitb.loadgen.MainActivity}
I/ActivityManager( 1070): Process com.iitb.loadgen (pid 32684) has died.
D/WifiService( 1070): Client connection lost with reason: 4
W/ActivityManager( 1070): Scheduling restart of crashed service com.iitb.loadgen/.BackgroundServices in 1000ms
W/ActivityManager( 1070): Scheduling restart of crashed service com.iitb.loadgen/.Heartbeat in 11000ms
W/ContextImpl( 1693): Calling a method in the system process without a qualified user: android.app.ContextImpl.sendBroadcast:1252 android.content.ContextWrapper.sendBroadcast:365 com.motorola.motocare.util.TriggerHelper$TriggerBuilder.send:76 com.motorola.motocare.internal.frameworkevents.PauseResumeTrigger.handleFrameworkEvent:53 com.motorola.motocare.internal.frameworkevents.FwEventMonitor$FrameworkListener.processFrameworkEvent:114 
V/connection-class( 2442): average==  -1.0
V/connection-class( 2442): mapping=UNKNOWN
V/D7Controller( 2442): user_type== 4onfailure:plan restore-val=  trueonfailure:user-steps-restore=  true
I/Adreno-EGL(17885): <qeglDrvAPI_eglInitialize:410>: EGL 1.4 QUALCOMM build: AU_LINUX_ANDROID_LNX.LA.3.5.1_RB1.04.04.02.048.018_msm8226_LNX.LA.3.5.1_RB1__release_AU ()
I/Adreno-EGL(17885): OpenGL ES Shader Compiler Version: E031.24.00.08
I/Adreno-EGL(17885): Build Date: 03/07/14 Fri
I/Adreno-EGL(17885): Local Branch: 
I/Adreno-EGL(17885): Remote Branch: quic/LNX.LA.3.5.1_RB1.1
I/Adreno-EGL(17885): Local Patches: NONE
I/Adreno-EGL(17885): Reconstruct Branch: AU_LINUX_ANDROID_LNX.LA.3.5.1_RB1.04.04.02.048.018 + f2fd134 +  NOTHING
W/InputMethodManagerService( 1070): Got RemoteException sending setActive(false) notification to pid 32684 uid 10192
W/Binder  ( 1620): Caught a RuntimeException from the binder stub implementation.
W/Binder  ( 1620): java.lang.NullPointerException
W/Binder  ( 1620): 	at android.inputmethodservice.IInputMethodWrapper.setSessionEnabled(IInputMethodWrapper.java:280)
W/Binder  ( 1620): 	at com.android.internal.view.IInputMethod$Stub.onTransact(IInputMethod.java:129)
W/Binder  ( 1620): 	at android.os.Binder.execTransact(Binder.java:404)
W/Binder  ( 1620): 	at dalvik.system.NativeStart.run(Native Method)
V/RenderScript(17885): 0x5f29c190 Launching thread(s), CPUs 4
D/dalvikvm( 2582): Late-enabling CheckJNI
I/ActivityManager( 1070): Start proc com.iitb.loadgen for service com.iitb.loadgen/.BackgroundServices: pid=2582 uid=10192 gids={50192, 3003, 1028, 1015}
I/ActivityManager( 1070): START u0 {act=com.android.systemui.recent.action.TOGGLE_RECENTS flg=0x10800000 cmp=com.android.systemui/.recent.RecentsActivity} from pid 1146
W/ContextImpl( 1693): Calling a method in the system process without a qualified user: android.app.ContextImpl.sendBroadcast:1252 android.content.ContextWrapper.sendBroadcast:365 com.motorola.motocare.util.TriggerHelper$TriggerBuilder.send:76 com.motorola.motocare.internal.frameworkevents.PauseResumeTrigger.handleFrameworkEvent:53 com.motorola.motocare.internal.frameworkevents.FwEventMonitor$FrameworkListener.processFrameworkEvent:114 
W/ContextImpl( 1693): Calling a method in the system process without a qualified user: android.app.ContextImpl.sendBroadcast:1252 android.content.ContextWrapper.sendBroadcast:365 com.motorola.motocare.util.TriggerHelper$TriggerBuilder.send:76 com.motorola.motocare.internal.frameworkevents.PauseResumeTrigger.handleFrameworkEvent:53 com.motorola.motocare.internal.frameworkevents.FwEventMonitor$FrameworkListener.processFrameworkEvent:114 
D/SBar.MSimNetwCntrl( 1146): updateTelephonySignalStrength[1]: iconList[iconLevel]=7f020299/zz_moto_stat_sys_signal_4_fully_wide iconLevel=4 mMSimMobileInetCondition=0 mMSimMobileInetConditionSB=1
D/SBar.MSimNetwCntrl( 1146): updateDataNetType[1]: subscription1 is not DDS(=subscription0)!
D/SBar.MSimNetwCntrl( 1146): updateDataIcon[1]: subscription=1
D/SBar.MSimNetwCntrl( 1146): updateDataIcon[1]: dataSub=0
D/SBar.MSimNetwCntrl( 1146): updateDataIcon[1]: subscription=1 is not DDS.  Clear the mMSimDataConnected Flag and return
I/SBar.MSimNetwCntrl( 1146): notifySignalsChangedCallbacks[1]: isEmergencyOnly(1)=false enabled=true sim=(none)="(empty)" signal=zz_moto_stat_sys_signal_4_wide="Phone signal full." roaming=(none)="Not roaming."
I/SBar.MSimNetwCntrl( 1146):  type=(none)="No data." activity=(none)="(empty)"
I/SBar.MSimNetwCntrl( 1146):  slot=2="2" network="Vodafone IN"
D/dalvikvm( 1070): GC_EXPLICIT freed 4244K, 40% free 29916K/49332K, paused 9ms+16ms, total 176ms
D/Backgroundservices( 2582): Starting event Runner Async Task
D/Checking flow( 2582):  heartbeat: Initializing and registering everything.....
D/LOADGENERATOR( 2582): java.lang.NullPointerException
D/LOADGENERATOR( 2582):  ConnectionManager Read : Caught an exception 2 in socket read java.lang.NullPointerExceptionThe received data is :null
D/WifiService( 1070): New client listening to asynchronous messages
D/dalvikvm( 1146): GC_CONCURRENT freed 1551K, 22% free 13603K/17228K, paused 2ms+8ms, total 53ms
D/Heartbeat( 2582): Starting the background service
E/Cataloger(21174): syncFile:/storage/emulated/0/loadgenerator/logs/Debug_logs
I/LaunchCheckinHandler( 1070): Displayed com.android.systemui/.recent.RecentsActivity,wp,ca,303
I/ActivityManager( 1070): Displayed com.android.systemui/.recent.RecentsActivity: +303ms
E/Cataloger(21174): need not sync path:/storage/emulated/0/loadgenerator/logs/Debug_logs
E/Cataloger(21174): syncFile:/storage/emulated/0/loadgenerator/logs/Debug_logs
E/Cataloger(21174): need not sync path:/storage/emulated/0/loadgenerator/logs/Debug_logs
I/SFPerfTracer(  270):      triggers: (rate: 316:10177) (compose: 0:24) (post: 0:5) (render: 10:644) (0:122614 frames) (1:275776)
D/SFPerfTracer(  270):        layers: (4:13) (DimLayer: 0:442)* (DimLayer: 0:11)* (FocusedStackFrame: 0:2868)* (StatusBar: 0:33063) (NavigationBar: 1:29922) (com.android.systemui.ImageWallpaper: 0:1275) (DimLayer: 0:10)* (com.iitb.loadgen/com.iitb.loadgen.MainActivity: 0:28)* (ElectronBeam: 0:27)* (Keyguard: 0:25)* (com.android.launcher/com.android.launcher2.Launcher: 1:13) (com.android.systemui/com.android.systemui.recent.RecentsActivity: 1:5)* 
D/Heartbeat( 2582): Alarmscheduled.... :)
D/LOADGENERATOR( 2582): 
D/LOADGENERATOR( 2582):  WifiReceiver Don't have Wifi Connection
E/rsC++   (17885): RS Message thread exiting.
I/SFPerfTracer(  270):      triggers: (rate: 0:1) (924852 sw vsyncs) (0 skipped) (42:350055 vsyncs) (44:1331351)
W/ContextImpl( 1693): Calling a method in the system process without a qualified user: android.app.ContextImpl.sendBroadcast:1252 android.content.ContextWrapper.sendBroadcast:365 com.motorola.motocare.util.TriggerHelper$TriggerBuilder.send:76 com.motorola.motocare.internal.frameworkevents.PauseResumeTrigger.handleFrameworkEvent:53 com.motorola.motocare.internal.frameworkevents.FwEventMonitor$FrameworkListener.processFrameworkEvent:114 
I/ActivityManager( 1070): Killing 2582:com.iitb.loadgen/u0a192 (adj 5): remove task
W/ContextImpl( 1693): Calling a method in the system process without a qualified user: android.app.ContextImpl.sendBroadcast:1252 android.content.ContextWrapper.sendBroadcast:365 com.motorola.motocare.util.TriggerHelper$TriggerBuilder.send:76 com.motorola.motocare.internal.frameworkevents.ProcessKillTrigger.sendTrigger:147 com.motorola.motocare.internal.frameworkevents.ProcessKillTrigger.handleFrameworkEvent:164 
W/ContextImpl( 1693): Calling a method in the system process without a qualified user: android.app.ContextImpl.sendBroadcast:1252 android.content.ContextWrapper.sendBroadcast:365 com.motorola.motocare.util.TriggerHelper$TriggerBuilder.send:76 com.motorola.motocare.internal.frameworkevents.PauseResumeTrigger.handleFrameworkEvent:53 com.motorola.motocare.internal.frameworkevents.FwEventMonitor$FrameworkListener.processFrameworkEvent:114 
D/WifiService( 1070): Client connection lost with reason: 4
W/ActivityManager( 1070): Scheduling restart of crashed service com.iitb.loadgen/.BackgroundServices in 4000ms
W/ActivityManager( 1070): Scheduling restart of crashed service com.iitb.loadgen/.Heartbeat in 44000ms
I/Adreno-EGL(17885): <qeglDrvAPI_eglInitialize:410>: EGL 1.4 QUALCOMM build: AU_LINUX_ANDROID_LNX.LA.3.5.1_RB1.04.04.02.048.018_msm8226_LNX.LA.3.5.1_RB1__release_AU ()
I/Adreno-EGL(17885): OpenGL ES Shader Compiler Version: E031.24.00.08
I/Adreno-EGL(17885): Build Date: 03/07/14 Fri
I/Adreno-EGL(17885): Local Branch: 
I/Adreno-EGL(17885): Remote Branch: quic/LNX.LA.3.5.1_RB1.1
I/Adreno-EGL(17885): Local Patches: NONE
I/Adreno-EGL(17885): Reconstruct Branch: AU_LINUX_ANDROID_LNX.LA.3.5.1_RB1.04.04.02.048.018 + f2fd134 +  NOTHING
V/RenderScript(17885): 0x5f2c8010 Launching thread(s), CPUs 4
I/SBar.MSimNetwCntrl( 1146): onSignalStrengthsChanged[0]:SignalStrength: 13 0 -120 -160 -120 -1 -1 99 2147483647 2147483647 2147483647 2147483647 2147483647 gsm|lte 0 -108 -1 false 4 4 0 0 0 99 99 99 4 level=4
D/SBar.MSimNetwCntrl( 1146): updateTelephonySignalStrength[0]: iconList[iconLevel]=7f020299/zz_moto_stat_sys_signal_4_fully_wide iconLevel=4 mMSimMobileInetCondition=0 mMSimMobileInetConditionSB=1
D/SBar.MSimNetwCntrl( 1146): updateDataIcon[0]: subscription=0
D/SBar.MSimNetwCntrl( 1146): updateDataIcon[0]: dataSub=0
D/SBar.MSimNetwCntrl( 1146): updateDataIcon[0]: SimState=READY
I/SBar.MSimNetwCntrl( 1146): notifySignalsChangedCallbacks[0]: isEmergencyOnly(0)=false enabled=true sim=(none)="(empty)" signal=zz_moto_stat_sys_signal_4_wide="Phone signal full." roaming=zz_moto_ic_qs_signal_r_wide="Roaming."
I/SBar.MSimNetwCntrl( 1146):  type=(none)="No data." activity=(none)="(empty)"
I/SBar.MSimNetwCntrl( 1146):  slot=1="1" network="Dolphin|DOLPHIN"
I/SBar.MSimNetwCntrl( 1146): refreshSignalCluster[0]: wifi: mWifiConnected=false Wifi=(none) Activity=(none) in=false out=false Accessibility="Wifi disconnected."
I/SBar.MSimNetwCntrl( 1146): refreshSignalCluster[0]: mobile: Signal=zz_moto_stat_sys_signal_4_fully_wide Roaming=zz_moto_stat_sys_data_fully_connected_roam_wide mMSimSimIconId[0]=(none) Accessibility="Phone signal full.","Roaming.",""
I/SBar.MSimNetwCntrl( 1146): refreshSignalCluster[0]: mobile: mMSimHasMobileDataFeature[0]=true DataTypeShown=(none) Activity=(none) in=false out=false Accessibility="No data."
D/dalvikvm( 2711): Late-enabling CheckJNI
I/ActivityManager( 1070): Start proc com.iitb.loadgen for service com.iitb.loadgen/.BackgroundServices: pid=2711 uid=10192 gids={50192, 3003, 1028, 1015}
D/Backgroundservices( 2711): Starting event Runner Async Task
D/Checking flow( 2711):  heartbeat: Initializing and registering everything.....
D/LOADGENERATOR( 2711): java.lang.NullPointerException
D/LOADGENERATOR( 2711):  ConnectionManager Read : Caught an exception 2 in socket read java.lang.NullPointerExceptionThe received data is :null
D/WifiService( 1070): New client listening to asynchronous messages
E/Cataloger(21174): syncFile:/storage/emulated/0/loadgenerator/logs/Debug_logs
E/Cataloger(21174): need not sync path:/storage/emulated/0/loadgenerator/logs/Debug_logs
D/Heartbeat( 2711): Starting the background service
E/Cataloger(21174): syncFile:/storage/emulated/0/loadgenerator/logs/Debug_logs
E/Cataloger(21174): need not sync path:/storage/emulated/0/loadgenerator/logs/Debug_logs
D/Heartbeat( 2711): Alarmscheduled.... :)
D/LOADGENERATOR( 2711): 
D/LOADGENERATOR( 2711):  WifiReceiver Don't have Wifi Connection
D/SBar.MSimNetwCntrl( 1146): updateTelephonySignalStrength[1]: iconList[iconLevel]=7f020299/zz_moto_stat_sys_signal_4_fully_wide iconLevel=4 mMSimMobileInetCondition=0 mMSimMobileInetConditionSB=1
D/SBar.MSimNetwCntrl( 1146): updateDataNetType[1]: subscription1 is not DDS(=subscription0)!
D/SBar.MSimNetwCntrl( 1146): updateDataIcon[1]: subscription=1
D/SBar.MSimNetwCntrl( 1146): updateDataIcon[1]: dataSub=0
D/SBar.MSimNetwCntrl( 1146): updateDataIcon[1]: subscription=1 is not DDS.  Clear the mMSimDataConnected Flag and return
I/SBar.MSimNetwCntrl( 1146): notifySignalsChangedCallbacks[1]: isEmergencyOnly(1)=false enabled=true sim=(none)="(empty)" signal=zz_moto_stat_sys_signal_4_wide="Phone signal full." roaming=(none)="Not roaming."
I/SBar.MSimNetwCntrl( 1146):  type=(none)="No data." activity=(none)="(empty)"
I/SBar.MSimNetwCntrl( 1146):  slot=2="2" network="Vodafone IN"
V/AlarmManager( 1070): sending alarm Alarm{440e4670 type 3 android}
D/LOADGENERATOR( 2711): 
D/LOADGENERATOR( 2711):  EventRunner : 
E/Cataloger(21174): syncFile:/storage/emulated/0/loadgenerator/logs/Debug_logs
E/Cataloger(21174): need not sync path:/storage/emulated/0/loadgenerator/logs/Debug_logs
D/LOADGENERATOR( 2711): java.lang.NullPointerException
D/LOADGENERATOR( 2711):  ConnectionManager Read : Caught an exception 2 in socket read java.lang.NullPointerExceptionThe received data is :null
E/Cataloger(21174): syncFile:/storage/emulated/0/loadgenerator/logs/Debug_logs
E/Cataloger(21174): need not sync path:/storage/emulated/0/loadgenerator/logs/Debug_logs
D/LOADGENERATOR( 2711): 
D/LOADGENERATOR( 2711):  EventRunner : 
E/Cataloger(21174): syncFile:/storage/emulated/0/loadgenerator/logs/Debug_logs
E/Cataloger(21174): need not sync path:/storage/emulated/0/loadgenerator/logs/Debug_logs
D/LOADGENERATOR( 2711): java.lang.NullPointerException
D/LOADGENERATOR( 2711):  ConnectionManager Read : Caught an exception 2 in socket read java.lang.NullPointerExceptionThe received data is :null
E/Cataloger(21174): syncFile:/storage/emulated/0/loadgenerator/logs/Debug_logs
E/Cataloger(21174): need not sync path:/storage/emulated/0/loadgenerator/logs/Debug_logs
D/LOADGENERATOR( 2711): 
D/LOADGENERATOR( 2711):  EventRunner : 
E/Cataloger(21174)