D/ConnectivityService( 1070): handleCaptivePortalTrackerCheck: call captivePortalCheckComplete ni=NetworkInfo: type: WIFI[], state: CONNECTING/CAPTIVE_PORTAL_CHECK, reason: (unspecified), extra: "IITB-Wireless", roaming: false, failover: false, isAvailable: true, isConnectedToProvisioningNetwork: false
D/ConnectivityService( 1070): ConnectivityChange for WIFI: CONNECTED/CONNECTED
V/ConnectivityService( 1070): WiFi NOT Tethered!
E/ConnectivityService( 1070): Unexpected mtu value: android.net.wifi.WifiStateTracker@4326c348
D/ConnectivityService( 1070): handleConnectivityChange: address are the same reset per doReset linkProperty[1]: resetMask=0
D/Nat464Xlat( 1070): requiresClat: netType=1, hasIPv4Address=true
D/ConnectivityService( 1070): ConnectivityChange for WIFI: CONNECTED/CONNECTED
V/ConnectivityService( 1070): WiFi NOT Tethered!
E/ConnectivityService( 1070): Unexpected mtu value: android.net.wifi.WifiStateTracker@4326c348
D/ConnectivityService( 1070): handleConnectivityChange: address are the same reset per doReset linkProperty[1]: resetMask=0
D/Nat464Xlat( 1070): requiresClat: netType=1, hasIPv4Address=true
D/ConnectivityService( 1070): NetTransition Wakelock for ConnectedState released by timeout
I/ActivityManager( 1070): Start proc android.process.media for broadcast com.android.providers.downloads/.DownloadReceiver: pid=28379 uid=10017 gids={50017, 1028, 1015, 1023, 1024, 2001, 3003, 3007}
E/ActivityThread( 2860): Failed to find provider info for com.motorola.blur.setupprovider
E/ActivityThread( 2860): Failed to find provider info for com.motorola.blur.setupprovider
I/openssl (28379): Crypto mode not selected, openssl will run on its regular mode.
I/openssl (28379): Crypto mode 0 already enabled
I/ActivityManager( 1070): Start proc com.android.mms for broadcast com.android.mms/.transaction.MmsSystemEventReceiver: pid=28424 uid=10030 gids={50030, 3003, 1028, 1015}
I/ActivityManager( 1070): Start proc com.google.android.setupwizard for broadcast com.google.android.setupwizard/.MobileConnectivityChangeReceiver: pid=28445 uid=10041 gids={50041, 3003}
I/ActivityManager( 1070): Start proc com.motorola.android.providers.userpreferredsim for broadcast com.motorola.android.providers.userpreferredsim/com.motorola.smartsim.bestcost.SmartSimConnectivityReceiver: pid=28458 uid=10043 gids={50043, 3003}
I/ActivityManager( 1070): Start proc android.process.acore for content provider com.android.providers.contacts/.ContactsProvider2: pid=28471 uid=10009 gids={50009, 3003, 1028, 1015, 1023}
F/ProcessStats( 1070): Starting service ServiceState{449efdc0 com.google.android.wearable.datatransfer.DataSyncService pkg=com.google.android.music proc=449efdc0} without owner
F/ProcessStats( 1070): Starting service ServiceState{449efdc0 com.google.android.wearable.datatransfer.DataSyncService pkg=com.google.android.music proc=449efdc0} without owner
I/ActivityManager( 1070): Start proc com.google.android.apps.plus for broadcast com.google.android.apps.plus/com.google.android.libraries.social.autobackup.AutoBackupEnvironment$ConnectivityReceiver: pid=28491 uid=10089 gids={50089, 3003, 3002, 1028, 1015}
E/ActivityThread(21142): Failed to find provider info for com.google.android.wearable.settings
D/ConnectivityService( 1070): handleInetConditionHoldEnd: net=1, condition=100, published condition=0
I/ActivityManager( 1070): Start proc com.google.android.gms.unstable for service com.google.android.gms/.droidguard.DroidGuardService: pid=28505 uid=10022 gids={50022, 3007, 2001, 3003, 1007, 3006, 1028, 1015, 3002, 3001}
I/ActivityManager( 1070): Process com.android.mms (pid 28424) has died.
F/ProcessStats( 1070): Starting service ServiceState{449efdc0 com.google.android.wearable.datatransfer.DataSyncService pkg=com.google.android.music proc=449efdc0} without owner
I/ActivityManager( 1070): Start proc com.bt.bms for broadcast com.bt.bms/com.freshdesk.mobihelp.receiver.ConnectivityReceiver: pid=28543 uid=10122 gids={50122, 3003, 1028, 1015}
F/ProcessStats( 1070): Starting service ServiceState{449efdc0 com.google.android.wearable.datatransfer.DataSyncService pkg=com.google.android.music proc=449efdc0} without owner
I/ActivityManager( 1070): Process com.qualcomm.atfwd (pid 7092) has died.
W/ActivityManager( 1070): Scheduling restart of crashed service com.qualcomm.atfwd/.AtFwdService in 1000ms
I/ActivityManager( 1070): Process com.motorola.android.providers.userpreferredsim (pid 28458) has died.
I/ActivityManager( 1070): Process com.google.android.setupwizard (pid 28445) has died.
F/ProcessStats( 1070): Starting service ServiceState{449efdc0 com.google.android.wearable.datatransfer.DataSyncService pkg=com.google.android.music proc=449efdc0} without owner
F/ProcessStats( 1070): Starting service ServiceState{434ed378 com.qualcomm.atfwd.AtFwdService pkg=com.qualcomm.atfwd proc=434ed378} without owner
I/ActivityManager( 1070): Process com.android.deskclock (pid 28318) has died.
F/ProcessStats( 1070): Starting service ServiceState{449efdc0 com.google.android.wearable.datatransfer.DataSyncService pkg=com.google.android.music proc=449efdc0} without owner
F/ProcessStats( 1070): Starting service ServiceState{434ed378 com.qualcomm.atfwd.AtFwdService pkg=com.qualcomm.atfwd proc=434ed378} without owner
I/ActivityManager( 1070): Start proc cn.xender for broadcast cn.xender/.push.WifiNetWorkStatusReceiver: pid=28587 uid=10112 gids={50112, 1028, 1015, 3003}
F/ProcessStats( 1070): Starting service ServiceState{449efdc0 com.google.android.wearable.datatransfer.DataSyncService pkg=com.google.android.music proc=449efdc0} without owner
F/ProcessStats( 1070): Starting service ServiceState{434ed378 com.qualcomm.atfwd.AtFwdService pkg=com.qualcomm.atfwd proc=434ed378} without owner
I/ActivityManager( 1070): Start proc com.qualcomm.atfwd for service com.qualcomm.atfwd/.AtFwdService: pid=28600 uid=1000 gids={41000, 1028, 1015, 3002, 3001, 3003, 3006, 1021, 3004, 3005, 1000, 3009, 1023, 1010, 1004, 2002}
I/ActivityManager( 1070): Process com.google.android.apps.plus (pid 28491) has died.
F/ProcessStats( 1070): Starting service ServiceState{449efdc0 com.google.android.wearable.datatransfer.DataSyncService pkg=com.google.android.music proc=449efdc0} without owner
I/ActivityManager( 1070): Start proc com.iitb.cse.arkenstone.quizapp for broadcast com.iitb.cse.arkenstone.quizapp/.utils.broadcast_listeners.ConnectivityListener: pid=28620 uid=10193 gids={50193, 3003, 3002, 3001}
F/ProcessStats( 1070): Starting service ServiceState{449efdc0 com.google.android.wearable.datatransfer.DataSyncService pkg=com.google.android.music proc=449efdc0} without owner
V/AlarmManager( 1070): sending alarm Alarm{44140de0 type 2 com.whatsapp}
V/AlarmManager( 1070): sending alarm Alarm{43fd0770 type 3 com.avast.android.mobilesecurity}
I/ActivityManager( 1070): Process android.process.media (pid 28379) has died.
F/ProcessStats( 1070): Starting service ServiceState{449efdc0 com.google.android.wearable.datatransfer.DataSyncService pkg=com.google.android.music proc=449efdc0} without owner
F/ProcessStats( 1070): Starting service ServiceState{449efdc0 com.google.android.wearable.datatransfer.DataSyncService pkg=com.google.android.music proc=449efdc0} without owner
I/ActivityManager( 1070): Start proc com.application.zomato for broadcast com.application.zomato/com.freshdesk.hotline.receiver.HotlineReceiver: pid=28642 uid=10125 gids={50125, 3003, 1028, 1015}
I/ActivityManager( 1070): Process android.process.acore (pid 28471) has died.
F/ProcessStats( 1070): Starting service ServiceState{449efdc0 com.google.android.wearable.datatransfer.DataSyncService pkg=com.google.android.music proc=449efdc0} without owner
I/ActivityManager( 1070): Start proc android.process.media for broadcast com.android.providers.downloads/.DownloadReceiver: pid=28702 uid=10017 gids={50017, 1028, 1015, 1023, 1024, 2001, 3003, 3007}
I/openssl (28702): Crypto mode not selected, openssl will run on its regular mode.
I/openssl (28702): Crypto mode 0 already enabled
I/ActivityManager( 1070): Start proc com.android.mms for broadcast com.android.mms/.transaction.MmsSystemEventReceiver: pid=28734 uid=10030 gids={50030, 3003, 1028, 1015}
I/ActivityManager( 1070): Start proc com.google.android.setupwizard for broadcast com.google.android.setupwizard/.MobileConnectivityChangeReceiver: pid=28754 uid=10041 gids={50041, 3003}
F/ProcessStats( 1070): Starting service ServiceState{449efdc0 com.google.android.wearable.datatransfer.DataSyncService pkg=com.google.android.music proc=449efdc0} without owner
I/ActivityManager( 1070): Process com.bt.bms (pid 28543) has died.
F/ProcessStats( 1070): Starting service ServiceState{449efdc0 com.google.android.wearable.datatransfer.DataSyncService pkg=com.google.android.music proc=449efdc0} without owner
I/ActivityManager( 1070): Start proc com.motorola.android.providers.userpreferredsim for broadcast com.motorola.android.providers.userpreferredsim/com.motorola.smartsim.bestcost.SmartSimConnectivityReceiver: pid=28770 uid=10043 gids={50043, 3003}
F/ProcessStats( 1070): Starting service ServiceState{449efdc0 com.google.android.wearable.datatransfer.DataSyncService pkg=com.google.android.music proc=449efdc0} without owner
I/ActivityManager( 1070): Start proc android.process.acore for content provider com.android.providers.contacts/.ContactsProvider2: pid=28786 uid=10009 gids={50009, 3003, 1028, 1015, 1023}
I/ActivityManager( 1070): Process cn.xender (pid 28587) has died.
F/ProcessStats( 1070): Starting service ServiceState{449efdc0 com.google.android.wearable.datatransfer.DataSyncService pkg=com.google.android.music proc=449efdc0} without owner
F/ProcessStats( 1070): Starting service ServiceState{449efdc0 com.google.android.wearable.datatransfer.DataSyncService pkg=com.google.android.music proc=449efdc0} without owner
F/ProcessStats( 1070): Starting service ServiceState{449efdc0 com.google.android.wearable.datatransfer.DataSyncService pkg=com.google.android.music proc=449efdc0} without owner
I/ActivityManager( 1070): Start proc com.google.android.apps.plus for broadcast com.google.android.apps.plus/com.google.android.libraries.social.autobackup.AutoBackupEnvironment$ConnectivityReceiver: pid=28801 uid=10089 gids={50089, 3003, 3002, 1028, 1015}
I/ActivityManager( 1070): Process com.iitb.cse.arkenstone.quizapp (pid 28620) has died.
F/ProcessStats( 1070): Starting service ServiceState{449efdc0 com.google.android.wearable.datatransfer.DataSyncService pkg=com.google.android.music proc=449efdc0} without owner
F/ProcessStats( 1070): Starting service ServiceState{449efdc0 com.google.android.wearable.datatransfer.DataSyncService pkg=com.google.android.music proc=449efdc0} without owner
I/ActivityManager( 1070): Process android.process.media (pid 28702) has died.
F/ProcessStats( 1070): Starting service ServiceState{449efdc0 com.google.android.wearable.datatransfer.DataSyncService pkg=com.google.android.music proc=449efdc0} without owner
D/ConnectivityService( 1070): handleInetConditionHoldEnd: net=1, condition=100, published condition=100
E/ActivityThread(21142): Failed to find provider info for com.google.android.wearable.settings
I/ActivityManager( 1070): Process com.android.mms (pid 28734) has died.
F/ProcessStats( 1070): Starting service ServiceState{449efdc0 com.google.android.wearable.datatransfer.DataSyncService pkg=com.google.android.music proc=449efdc0} without owner
I/ActivityManager( 1070): Start proc android.process.media for content provider com.android.providers.media/.MediaProvider: pid=28824 uid=10017 gids={50017, 1028, 1015, 1023, 1024, 2001, 3003, 3007}
I/openssl (28824): Crypto mode not selected, openssl will run on its regular mode.
I/openssl (28824): Crypto mode 0 already enabled
I/ActivityManager( 1070): Start proc com.bt.bms for broadcast com.bt.bms/com.freshdesk.mobihelp.receiver.ConnectivityReceiver: pid=28857 uid=10122 gids={50122, 3003, 1028, 1015}
F/ProcessStats( 1070): Starting service ServiceState{449efdc0 com.google.android.wearable.datatransfer.DataSyncService pkg=com.google.android.music proc=449efdc0} without owner
I/ActivityManager( 1070): Process com.motorola.android.providers.userpreferredsim (pid 28770) has died.
F/ProcessStats( 1070): Starting service ServiceState{449efdc0 com.google.android.wearable.datatransfer.DataSyncService pkg=com.google.android.music proc=449efdc0} without owner
I/ActivityManager( 1070): Process com.google.android.setupwizard (pid 28754) has died.
F/ProcessStats( 1070): Starting service ServiceState{449efdc0 com.google.android.wearable.datatransfer.DataSyncService pkg=com.google.android.music proc=449efdc0} without owner
I/ActivityManager( 1070): Start proc cn.xender for broadcast cn.xender/.push.WifiNetWorkStatusReceiver: pid=28895 uid=10112 gids={50112, 1028, 1015, 3003}
F/ProcessStats( 1070): Starting service ServiceState{449efdc0 com.google.android.wearable.datatransfer.DataSyncService pkg=com.google.android.music proc=449efdc0} without owner
F/ProcessStats( 1070): Starting service ServiceState{449efdc0 com.google.android.wearable.datatransfer.DataSyncService pkg=com.google.android.music proc=449efdc0} without owner
I/ActivityManager( 1070): Process com.google.android.apps.plus (pid 28801) has died.
F/ProcessStats( 1070): Starting service ServiceState{449efdc0 com.google.android.wearable.datatransfer.DataSyncService pkg=com.google.android.music proc=449efdc0} without owner
I/ActivityManager( 1070): Process com.application.zomato (pid 28642) has died.
F/ProcessStats( 1070): Starting service ServiceState{449efdc0 com.google.android.wearable.datatransfer.DataSyncService pkg=com.google.android.music proc=449efdc0} without owner
I/ActivityManager( 1070): Start proc com.iitb.cse.arkenstone.quizapp for broadcast com.iitb.cse.arkenstone.quizapp/.utils.broadcast_listeners.ConnectivityListener: pid=28914 uid=10193 gids={50193, 3003, 3002, 3001}
F/ProcessStats( 1070): Starting service ServiceState{449efdc0 com.google.android.wearable.datatransfer.DataSyncService pkg=com.google.android.music proc=449efdc0} without owner
F/ProcessStats( 1070): Starting service ServiceState{449efdc0 com.google.android.wearable.datatransfer.DataSyncService pkg=com.google.android.music proc=449efdc0} without owner
I/ActivityManager( 1070): Start proc com.application.zomato for broadcast com.application.zomato/com.freshdesk.hotline.receiver.HotlineReceiver: pid=28937 uid=10125 gids={50125, 3003, 1028, 1015}
I/ActivityManager( 1070): Process android.process.acore (pid 28786) has died.
F/ProcessStats( 1070): Starting service ServiceState{449efdc0 com.google.android.wearable.datatransfer.DataSyncService pkg=com.google.android.music proc=449efdc0} without owner
I/ActivityManager( 1070): Process android.process.media (pid 28824) has died.
F/ProcessStats( 1070): Starting service ServiceState{449efdc0 com.google.android.wearable.datatransfer.DataSyncService pkg=com.google.android.music proc=449efdc0} without owner
F/ProcessStats( 1070): Starting service ServiceState{449efdc0 com.google.android.wearable.datatransfer.DataSyncService pkg=com.google.android.music proc=449efdc0} without owner
I/ActivityManager( 1070): Process com.bt.bms (pid 28857) has died.
F/ProcessStats( 1070): Starting service ServiceState{449efdc0 com.google.android.wearable.datatransfer.DataSyncService pkg=com.google.android.music proc=449efdc0} without owner
I/ActivityManager( 1070): START u0 {act=com.motorola.blur.service.blur.Actions.UPGRADE_UPDATE_NOTIFICATION flg=0x30000000 cmp=com.motorola.ccc.ota/.ui.DownloadActivity (has extras)} from pid 2860
W/ContextImpl( 1693): Calling a method in the system process without a qualified user: android.app.ContextImpl.sendBroadcast:1252 android.content.ContextWrapper.sendBroadcast:365 com.motorola.motocare.util.TriggerHelper$TriggerBuilder.send:76 com.motorola.motocare.internal.frameworkevents.PauseResumeTrigger.handleFrameworkEvent:53 com.motorola.motocare.internal.frameworkevents.FwEventMonitor$FrameworkListener.processFrameworkEvent:114 
W/ContextImpl( 1693): Calling a method in the system process without a qualified user: android.app.ContextImpl.sendBroadcast:1252 android.content.ContextWrapper.sendBroadcast:365 com.motorola.motocare.util.TriggerHelper$TriggerBuilder.send:76 com.motorola.motocare.internal.frameworkevents.PauseResumeTrigger.handleFrameworkEvent:53 com.motorola.motocare.internal.frameworkevents.FwEventMonitor$FrameworkListener.processFrameworkEvent:114 
I/ActivityManager( 1070): START u0 {act=com.motorola.blur.service.blur.Actions.UPGRADE_UPDATE_NOTIFICATION flg=0x30000000 cmp=com.motorola.ccc.ota/.ui.DownloadActivity (has extras)} from pid 2860
W/ContextImpl( 1693): Calling a method in the system process without a qualified user: android.app.ContextImpl.sendBroadcast:1252 android.content.ContextWrapper.sendBroadcast:365 com.motorola.motocare.util.TriggerHelper$TriggerBuilder.send:76 com.motorola.motocare.internal.frameworkevents.PauseResumeTrigger.handleFrameworkEvent:53 com.motorola.motocare.internal.frameworkevents.FwEventMonitor$FrameworkListener.processFrameworkEvent:114 
W/ContextImpl( 1693): Calling a method in the system process without a qualified user: android.app.ContextImpl.sendBroadcast:1252 android.content.ContextWrapper.sendBroadcast:365 com.motorola.motocare.util.TriggerHelper$TriggerBuilder.send:76 com.motorola.motocare.internal.frameworkevents.PauseResumeTrigger.handleFrameworkEvent:53 com.motorola.motocare.internal.frameworkevents.FwEventMonitor$FrameworkListener.processFrameworkEvent:114 
F/ProcessStats( 1070): Starting service ServiceState{449efdc0 com.google.android.wearable.datatransfer.DataSyncService pkg=com.google.android.music proc=449efdc0} without owner
I/ActivityManager( 1070): Activity reported stop, but no longer stopping: ActivityRecord{4271da28 u0 com.motorola.ccc.ota/.ui.DownloadActivity t200}
D/ConnectivityService( 1070): handleInetConditionHoldEnd: net=1, condition=100, published condition=100
I/ActivityManager( 1070): Start proc android.process.acore for broadcast com.android.providers.contacts/.PackageIntentReceiver: pid=29030 uid=10009 gids={50009, 3003, 1028, 1015, 1023}
I/PackageManager( 1070): Adding preferred activity ComponentInfo{com.android.mms/com.android.mms.ui.ComposeMessageActivity} for user 0 :
I/PackageManager( 1070): Adding preferred activity ComponentInfo{com.android.mms/com.android.mms.ui.ComposeMessageActivity} for user 0 :
I/PackageManager( 1070): Adding preferred activity ComponentInfo{com.android.mms/com.android.mms.ui.ComposeMessageActivity} for user 0 :
I/ActivityManager( 1070): Start proc com.motorola.MotGallery2 for broadcast com.motorola.MotGallery2/com.android.gallery3d.app.PackagesMonitor: pid=29054 uid=10033 gids={50033, 3003, 1028, 1015}
I/ActivityManager( 1070): Process cn.xender (pid 28895) has died.
F/ProcessStats( 1070): Starting service ServiceState{449efdc0 com.google.android.wearable.datatransfer.DataSyncService pkg=com.google.android.music proc=449efdc0} without owner
I/PackageManager( 1070): Adding preferred activity ComponentInfo{com.android.mms/com.android.mms.ui.ComposeMessageActivity} for user 0 :
I/PackageManager( 1070): Adding preferred activity ComponentInfo{com.android.mms/com.android.mms.ui.ComposeMessageActivity} for user 0 :
I/PackageManager( 1070): Adding preferred activity ComponentInfo{com.android.mms/com.android.mms.ui.ComposeMessageActivity} for user 0 :
F/ProcessStats( 1070): Starting service ServiceState{449efdc0 com.google.android.wearable.datatransfer.DataSyncService pkg=com.google.android.music proc=449efdc0} without owner
I/PackageManager( 1070): Adding preferred activity ComponentInfo{com.android.mms/com.android.mms.ui.ComposeMessageActivity} for user 0 :
V/AlarmManager( 1070): sending alarm Alarm{444900e8 type 3 com.avast.android.mobilesecurity}
V/AlarmManager( 1070): sending alarm Alarm{449a2d88 type 0 com.application.zomato}
I/PackageManager( 1070): Adding preferred activity ComponentInfo{com.android.mms/com.android.mms.ui.ComposeMessageActivity} for user 0 :
V/AlarmManager( 1070): sending alarm Alarm{433f39f8 type 0 com.application.zomato}
I/ActivityManager( 1070): Process com.iitb.cse.arkenstone.quizapp (pid 28914) has died.
F/ProcessStats( 1070): Starting service ServiceState{449efdc0 com.google.android.wearable.datatransfer.DataSyncService pkg=com.google.android.music proc=449efdc0} without owner
I/ActivityManager( 1070): Start proc android.process.media for content provider com.android.providers.media/.MediaProvider: pid=29076 uid=10017 gids={50017, 1028, 1015, 1023, 1024, 2001, 3003, 3007}
I/ActivityManager( 1070): Start proc com.google.android.googlequicksearchbox:search for broadcast com.google.android.googlequicksearchbox/com.google.android.apps.gsa.search.core.icingsync.IcingCorporaChangedReceiver: pid=29094 uid=10044 gids={50044, 3003, 1028, 3002, 1015}
F/ProcessStats( 1070): Starting service ServiceState{449efdc0 com.google.android.wearable.datatransfer.DataSyncService pkg=com.google.android.music proc=449efdc0} without owner
I/ActivityManager( 1070): Process com.google.android.gms.unstable (pid 28505) has died.
F/ProcessStats( 1070): Starting service ServiceState{449efdc0 com.google.android.wearable.datatransfer.DataSyncService pkg=com.google.android.music proc=449efdc0} without owner
I/openssl (29076): Crypto mode not selected, openssl will run on its regular mode.
I/openssl (29076): Crypto mode 0 already enabled
F/ProcessStats( 1070): Starting service ServiceState{449efdc0 com.google.android.wearable.datatransfer.DataSyncService pkg=com.google.android.music proc=449efdc0} without owner
I/ActivityManager( 1070): Start proc com.google.android.apps.plus for broadcast com.google.android.apps.plus/.service.PhotosAppTransitionMonitor: pid=29120 uid=10089 gids={50089, 3003, 3002, 1028, 1015}
D/WifiService( 1070): New client listening to asynchronous messages
F/ProcessStats( 1070): Starting service ServiceState{449efdc0 com.google.android.wearable.datatransfer.DataSyncService pkg=com.google.android.music proc=449efdc0} without owner
I/ActivityManager( 1070): Process com.google.android.googlequicksearchbox:search (pid 29094) has died.
D/WifiService( 1070): Client connection lost with reason: 4
I/ActivityManager( 1070): Process android.process.media (pid 29076) has died.
F/ProcessStats( 1070): Starting service ServiceState{449efdc0 com.google.android.wearable.datatransfer.DataSyncService pkg=com.google.android.music proc=449efdc0} without owner
I/ActivityManager( 1070): Process com.motorola.MotGallery2 (pid 29054) has died.
F/ProcessStats( 1070): Starting service ServiceState{449efdc0 com.google.android.wearable.datatransfer.DataSyncService pkg=com.google.android.music proc=449efdc0} without owner
D/MobileDataStateTracker( 1070): default: setPolicyDataEnable(enabled=true)
V/AlarmManager( 1070): sending alarm Alarm{438de0f0 type 3 com.avast.android.mobilesecurity}
V/AlarmManager( 1070): sending alarm Alarm{4381e708 type 3 com.avast.android.mobilesecurity}
V/AlarmManager( 1070): sending alarm Alarm{43832220 type 2 android}
V/AlarmManager( 1070): sending alarm Alarm{438322b0 type 0 com.iitb.loadgen}
V/AlarmManager( 1070): sending alarm Alarm{43245f98 type 3 com.avast.android.mobilesecurity}
V/AlarmManager( 1070): sending alarm Alarm{43832300 type 2 com.motorola.ccc.cce}
V/AlarmManager( 1070): sending alarm Alarm{433373e8 type 3 com.avast.android.mobilesecurity}
D/MobileDataStateTracker( 1070): default: setPolicyDataEnable(enabled=true)
V/AlarmManager( 1070): sending alarm Alarm{43367178 type 3 android}
V/AlarmManager( 1070): sending alarm Alarm{43443d90 type 3 com.avast.android.mobilesecurity}
V/AlarmManager( 1070): sending alarm Alarm{4382bb20 type 3 com.avast.android.mobilesecurity}
W/ContextImpl( 1693): Calling a method in the system process without a qualified user: android.app.ContextImpl.sendBroadcast:1252 android.content.ContextWrapper.sendBroadcast:365 com.motorola.motocare.util.TriggerHelper$TriggerBuilder.send:76 com.motorola.motocare.internal.frameworkevents.ProcessKillTrigger.sendTrigger:147 com.motorola.motocare.internal.frameworkevents.ProcessKillTrigger.handleLmkKill:337 
W/ContextImpl( 1693): Calling a method in the system process without a qualified user: android.app.ContextImpl.sendBroadcast:1252 android.content.ContextWrapper.sendBroadcast:365 com.motorola.motocare.util.TriggerHelper$TriggerBuilder.send:76 com.motorola.motocare.internal.frameworkevents.ProcessKillTrigger.sendTrigger:147 com.motorola.motocare.internal.frameworkevents.ProcessKillTrigger.handleLmkKill:337 
W/ContextImpl( 1693): Calling a method in the system process without a qualified user: android.app.ContextImpl.sendBroadcast:1252 android.content.ContextWrapper.sendBroadcast:365 com.motorola.motocare.util.TriggerHelper$TriggerBuilder.send:76 com.motorola.motocare.internal.frameworkevents.ProcessKillTrigger.sendTrigger:147 com.motorola.motocare.internal.frameworkevents.ProcessKillTrigger.handleLmkKill:337 
W/ContextImpl( 1693): Calling a method in the system process without a qualified user: android.app.ContextImpl.sendBroadcast:1252 android.content.ContextWrapper.sendBroadcast:365 com.motorola.motocare.util.TriggerHelper$TriggerBuilder.send:76 com.motorola.motocare.internal.frameworkevents.ProcessKillTrigger.sendTrigger:147 com.motorola.motocare.internal.frameworkevents.ProcessKillTrigger.handleLmkKill:337 
W/ContextImpl( 1693): Calling a method in the system process without a qualified user: android.app.ContextImpl.sendBroadcast:1252 android.content.ContextWrapper.sendBroadcast:365 com.motorola.motocare.util.TriggerHelper$TriggerBuilder.send:76 com.motorola.motocare.internal.frameworkevents.ProcessKillTrigger.sendTrigger:147 com.motorola.motocare.internal.frameworkevents.ProcessKillTrigger.handleLmkKill:337 
W/ContextImpl( 1693): Calling a method in the system process without a qualified user: android.app.ContextImpl.sendBroadcast:1252 android.content.ContextWrapper.sendBroadcast:365 com.motorola.motocare.util.TriggerHelper$TriggerBuilder.send:76 com.motorola.motocare.internal.frameworkevents.ProcessKillTrigger.sendTrigger:147 com.motorola.motocare.internal.frameworkevents.ProcessKillTrigger.handleLmkKill:337 
W/ContextImpl( 1693): Calling a method in the system process without a qualified user: android.app.ContextImpl.sendBroadcast:1252 android.content.ContextWrapper.sendBroadcast:365 com.motorola.motocare.util.TriggerHelper$TriggerBuilder.send:76 com.motorola.motocare.internal.frameworkevents.ProcessKillTrigger.sendTrigger:147 com.motorola.motocare.internal.frameworkevents.ProcessKillTrigger.handleLmkKill:337 
W/ContextImpl( 1693): Calling a method in the system process without a qualified user: android.app.ContextImpl.sendBroadcast:1252 android.content.ContextWrapper.sendBroadcast:365 com.motorola.motocare.util.TriggerHelper$TriggerBuilder.send:76 com.motorola.motocare.internal.frameworkevents.ProcessKillTrigger.sendTrigger:147 com.motorola.motocare.internal.frameworkevents.ProcessKillTrigger.handleLmkKill:337 
W/ContextImpl( 1693): Calling a method in the system process without a qualified user: android.app.ContextImpl.sendBroadcast:1252 android.content.ContextWrapper.sendBroadcast:365 com.motorola.motocare.util.TriggerHelper$TriggerBuilder.send:76 com.motorola.motocare.internal.frameworkevents.ProcessKillTrigger.sendTrigger:147 com.motorola.motocare.internal.frameworkevents.ProcessKillTrigger.handleLmkKill:337 
W/ContextImpl( 1693): Calling a method in the system process without a qualified user: android.app.ContextImpl.sendBroadcast:1252 android.content.ContextWrapper.sendBroadcast:365 com.motorola.motocare.util.TriggerHelper$TriggerBuilder.send:76 com.motorola.motocare.internal.frameworkevents.ProcessKillTrigger.sendTrigger:147 com.motorola.motocare.internal.frameworkevents.ProcessKillTrigger.handleLmkKill:337 
W/ContextImpl( 1693): Calling a method in the system process without a qualified user: android.app.ContextImpl.sendBroadcast:1252 android.content.ContextWrapper.sendBroadcast:365 com.motorola.motocare.util.TriggerHelper$TriggerBuilder.send:76 com.motorola.motocare.internal.frameworkevents.ProcessKillTrigger.sendTrigger:147 com.motorola.motocare.internal.frameworkevents.ProcessKillTrigger.handleLmkKill:337 
W/ContextImpl( 1693): Calling a method in the system process without a qualified user: android.app.ContextImpl.sendBroadcast:1252 android.content.ContextWrapper.sendBroadcast:365 com.motorola.motocare.util.TriggerHelper$TriggerBuilder.send:76 com.motorola.motocare.internal.frameworkevents.ProcessKillTrigger.sendTrigger:147 com.motorola.motocare.internal.frameworkevents.ProcessKillTrigger.handleLmkKill:337 
W/ContextImpl( 1693): Calling a method in the system process without a qualified user: android.app.ContextImpl.sendBroadcast:1252 android.content.ContextWrapper.sendBroadcast:365 com.motorola.motocare.util.TriggerHelper$TriggerBuilder.send:76 com.motorola.motocare.internal.frameworkevents.ProcessKillTrigger.sendTrigger:147 com.motorola.motocare.internal.frameworkevents.ProcessKillTrigger.handleLmkKill:337 
W/ContextImpl( 1693): Calling a method in the system process without a qualified user: android.app.ContextImpl.sendBroadcast:1252 android.content.ContextWrapper.sendBroadcast:365 com.motorola.motocare.util.TriggerHelper$TriggerBuilder.send:76 com.motorola.motocare.internal.frameworkevents.ProcessKillTrigger.sendTrigger:147 com.motorola.motocare.internal.frameworkevents.ProcessKillTrigger.handleLmkKill:337 
W/ContextImpl( 1693): Calling a method in the system process without a qualified user: android.app.ContextImpl.sendBroadcast:1252 android.content.ContextWrapper.sendBroadcast:365 com.motorola.motocare.util.TriggerHelper$TriggerBuilder.send:76 com.motorola.motocare.internal.frameworkevents.ProcessKillTrigger.sendTrigger:147 com.motorola.motocare.internal.frameworkevents.ProcessKillTrigger.handleLmkKill:337 
W/ContextImpl( 1693): Calling a method in the system process without a qualified user: android.app.ContextImpl.sendBroadcast:1252 android.content.ContextWrapper.sendBroadcast:365 com.motorola.motocare.util.TriggerHelper$TriggerBuilder.send:76 com.motorola.motocare.internal.frameworkevents.ProcessKillTrigger.sendTrigger:147 com.motorola.motocare.internal.frameworkevents.ProcessKillTrigger.handleLmkKill:337 
W/ContextImpl( 1693): Calling a method in the system process without a qualified user: android.app.ContextImpl.sendBroadcast:1252 android.content.ContextWrapper.sendBroadcast:365 com.motorola.motocare.util.TriggerHelper$TriggerBuilder.send:76 com.motorola.motocare.internal.frameworkevents.ProcessKillTrigger.sendTrigger:147 com.motorola.motocare.internal.frameworkevents.ProcessKillTrigger.handleLmkKill:337 
W/ContextImpl( 1693): Calling a method in the system process without a qualified user: android.app.ContextImpl.sendBroadcast:1252 android.content.ContextWrapper.sendBroadcast:365 com.motorola.motocare.util.TriggerHelper$TriggerBuilder.send:76 com.motorola.motocare.internal.frameworkevents.ProcessKillTrigger.sendTrigger:147 com.motorola.motocare.internal.frameworkevents.ProcessKillTrigger.handleLmkKill:337 
W/ContextImpl( 1693): Calling a method in the system process without a qualified user: android.app.ContextImpl.sendBroadcast:1252 android.content.ContextWrapper.sendBroadcast:365 com.motorola.motocare.util.TriggerHelper$TriggerBuilder.send:76 com.motorola.motocare.internal.frameworkevents.ProcessKillTrigger.sendTrigger:147 com.motorola.motocare.internal.frameworkevents.ProcessKillTrigger.handleLmkKill:337 
W/ContextImpl( 1693): Calling a method in the system process without a qualified user: android.app.ContextImpl.sendBroadcast:1252 android.content.ContextWrapper.sendBroadcast:365 com.motorola.motocare.util.TriggerHelper$TriggerBuilder.send:76 com.motorola.motocare.internal.frameworkevents.ProcessKillTrigger.sendTrigger:147 com.motorola.motocare.internal.frameworkevents.ProcessKillTrigger.handleLmkKill:337 
W/ContextImpl( 1693): Calling a method in the system process without a qualified user: android.app.ContextImpl.sendBroadcast:1252 android.content.ContextWrapper.sendBroadcast:365 com.motorola.motocare.util.TriggerHelper$TriggerBuilder.send:76 com.motorola.motocare.internal.frameworkevents.ProcessKillTrigger.sendTrigger:147 com.motorola.motocare.internal.frameworkevents.ProcessKillTrigger.handleLmkKill:337 
W/ContextImpl( 1693): Calling a method in the system process without a qualified user: android.app.ContextImpl.sendBroadcast:1252 android.content.ContextWrapper.sendBroadcast:365 com.motorola.motocare.util.TriggerHelper$TriggerBuilder.send:76 com.motorola.motocare.internal.frameworkevents.ProcessKillTrigger.sendTrigger:147 com.motorola.motocare.internal.frameworkevents.ProcessKillTrigger.handleLmkKill:337 
W/ContextImpl( 1693): Calling a method in the system process without a qualified user: android.app.ContextImpl.sendBroadcast:1252 android.content.ContextWrapper.sendBroadcast:365 com.motorola.motocare.util.TriggerHelper$TriggerBuilder.send:76 com.motorola.motocare.internal.frameworkevents.ProcessKillTrigger.sendTrigger:147 com.motorola.motocare.internal.frameworkevents.ProcessKillTrigger.handleLmkKill:337 
W/ContextImpl( 1693): Calling a method in the system process without a qualified user: android.app.ContextImpl.sendBroadcast:1252 android.content.ContextWrapper.sendBroadcast:365 com.motorola.motocare.util.TriggerHelper$TriggerBuilder.send:76 com.motorola.motocare.internal.frameworkevents.ProcessKillTrigger.sendTrigger:147 com.motorola.motocare.internal.frameworkevents.ProcessKillTrigger.handleLmkKill:337 
W/ContextImpl( 1693): Calling a method in the system process without a qualified user: android.app.ContextImpl.sendBroadcast:1252 android.content.ContextWrapper.sendBroadcast:365 com.motorola.motocare.util.TriggerHelper$TriggerBuilder.send:76 com.motorola.motocare.internal.frameworkevents.ProcessKillTrigger.sendTrigger:147 com.motorola.motocare.internal.frameworkevents.ProcessKillTrigger.handleLmkKill:337 
W/ContextImpl( 1693): Calling a method in the system process without a qualified user: android.app.ContextImpl.sendBroadcast:1252 android.content.ContextWrapper.sendBroadcast:365 com.motorola.motocare.util.TriggerHelper$TriggerBuilder.send:76 com.motorola.motocare.internal.frameworkevents.ProcessKillTrigger.sendTrigger:147 com.motorola.motocare.internal.frameworkevents.ProcessKillTrigger.handleLmkKill:337 
D/ConnectivityService( 1070): handleInetConditionHoldEnd: net=1, condition=100, published condition=100
I/ActivityManager( 1070): Process android.process.acore (pid 29030) has died.
V/AlarmManager( 1070): sending alarm Alarm{43501258 type 3 com.avast.android.mobilesecurity}
D/MobileDataStateTracker( 1070): default: setPolicyDataEnable(enabled=true)
V/AlarmManager( 1070): sending alarm Alarm{43859ef0 type 3 com.avast.android.mobilesecurity}
V/AlarmManager( 1070): sending alarm Alarm{43586ba8 type 3 com.avast.android.mobilesecurity}
D/MobileDataStateTracker( 1070): default: setPolicyDataEnable(enabled=true)
V/AlarmManager( 1070): sending alarm Alarm{43d2ac30 type 3 com.avast.android.mobilesecurity}
W/ProcessCpuTracker( 1070): Skipping unknown process pid 29450
W/ProcessCpuTracker( 1070): Skipping unknown process pid 29451
W/ProcessCpuTracker( 1070): Skipping unknown process pid 29452
W/ProcessCpuTracker( 1070): Skipping unknown process pid 29453
W/ProcessCpuTracker( 1070): Skipping unknown process pid 29454
W/ProcessCpuTracker( 1070): Skipping unknown process pid 29455
W/ProcessCpuTracker( 1070): Skipping unknown process pid 29456
W/ProcessCpuTracker( 1070): Skipping unknown process pid 29457
W/ProcessCpuTracker( 1070): Skipping unknown process pid 29458
W/ProcessCpuTracker( 1070): Skipping unknown process pid 29459
W/ProcessCpuTracker( 1070): Skipping unknown process pid 29460
W/ProcessCpuTracker( 1070): Skipping unknown process pid 29461
W/ProcessCpuTracker( 1070): Skipping unknown process pid 29462
V/AlarmManager( 1070): sending alarm Alarm{44534648 type 3 com.avast.android.mobilesecurity}
V/AlarmManager( 1070): sending alarm Alarm{434b25d8 type 2 com.whatsapp}
V/AlarmManager( 1070): sending alarm Alarm{434a5c60 type 0 com.iitb.loadgen}
V/AlarmManager( 1070): sending alarm Alarm{448a5d78 type 3 com.avast.android.mobilesecurity}
V/AlarmManager( 1070): sending alarm Alarm{448c1460 type 3 android}
V/AlarmManager( 1070): sending alarm Alarm{4411ed98 type 3 com.avast.android.mobilesecurity}
V/AlarmManager( 1070): sending alarm Alarm{449e6698 type 3 com.avast.android.mobilesecurity}
W/ContextImpl( 1693): Calling a method in the system process without a qualified user: android.app.ContextImpl.sendBroadcast:1252 android.content.ContextWrapper.sendBroadcast:365 com.motorola.motocare.util.TriggerHelper$TriggerBuilder.send:76 com.motorola.motocare.internal.frameworkevents.ProcessKillTrigger.sendTrigger:147 com.motorola.motocare.internal.frameworkevents.ProcessKillTrigger.handleLmkKill:337 
D/ConnectivityService( 1070): handleInetConditionHoldEnd: net=1, condition=100, published condition=100
V/AlarmManager( 1070): sending alarm Alarm{442ed660 type 2 com.facebook.katana}
V/AlarmManager( 1070): sending alarm Alarm{442c5ac0 type 3 com.avast.android.mobilesecurity}
V/AlarmManager( 1070): sending alarm Alarm{43172b48 type 3 com.avast.android.mobilesecurity}
V/AlarmManager( 1070): sending alarm Alarm{4316da48 type 0 com.iitb.loadgen}
V/AlarmManager( 1070): sending alarm Alarm{438ba4b0 type 3 com.avast.android.mobilesecurity}
V/AlarmManager( 1070): sending alarm Alarm{434f5748 type 3 com.avast.android.mobilesecurity}
V/AlarmManager( 1070): sending alarm Alarm{431ec2c8 type 3 com.avast.android.mobilesecurity}
V/AlarmManager( 1070): sending alarm Alarm{4316ef10 type 3 android}
V/AlarmManager( 1070): sending alarm Alarm{44686bf8 type 3 com.avast.android.mobilesecurity}
V/AlarmManager( 1070): sending alarm Alarm{4351ff68 type 3 com.avast.android.mobilesecurity}
V/AlarmManager( 1070): sending alarm Alarm{432eae48 type 3 com.avast.android.mobilesecurity}
V/AlarmManager( 1070): sending alarm Alarm{438db6a0 type 2 android}
D/ConnectivityService( 1070): Sampling interval elapsed, updating statistics ..
D/ConnectivityService( 1070): Done.
D/ConnectivityService( 1070): Setting timer for 720seconds
D/ConnectivityService( 1070): handleInetConditionHoldEnd: net=1, condition=100, published condition=100
V/AlarmManager( 1070): sending alarm Alarm{448c8778 type 3 com.avast.android.mobilesecurity}
V/AlarmManager( 1070): sending alarm Alarm{428fdf78 type 3 com.avast.android.mobilesecurity}
V/AlarmManager( 1070): sending alarm Alarm{448e8d90 type 3 com.avast.android.mobilesecurity}
W/ProcessCpuTracker( 1070): Skipping unknown process pid 29884
W/ProcessCpuTracker( 1070): Skipping unknown process pid 29885
W/ProcessCpuTracker( 1070): Skipping unknown process pid 29886
W/ProcessCpuTracker( 1070): Skipping unknown process pid 29887
W/ProcessCpuTracker( 1070): Skipping unknown process pid 29888
W/ProcessCpuTracker( 1070): Skipping unknown process pid 29889
W/ProcessCpuTracker( 1070): Skipping unknown process pid 29890
W/ProcessCpuTracker( 1070): Skipping unknown process pid 29891
W/ProcessCpuTracker( 1070): Skipping unknown process pid 29892
W/ProcessCpuTracker( 1070): Skipping unknown process pid 29893
W/ProcessCpuTracker( 1070): Skipping unknown process pid 29894
W/ProcessCpuTracker( 1070): Skipping unknown process pid 29895
W/ProcessCpuTracker( 1070): Skipping unknown process pid 29896
V/AlarmManager( 1070): sending alarm Alarm{438916b0 type 3 com.avast.android.mobilesecurity}
V/AlarmManager( 1070): sending alarm Alarm{43822570 type 3 com.avast.android.mobilesecurity}
V/AlarmManager( 1070): sending alarm Alarm{448c7cc0 type 3 android}
V/AlarmManager( 1070): sending alarm Alarm{4494f4b0 type 3 com.avast.android.mobilesecurity}
V/AlarmManager( 1070): sending alarm Alarm{448c1d80 type 2 com.facebook.groups}
V/AlarmManager( 1070): sending alarm Alarm{448bb188 type 2 com.facebook.groups}
V/AlarmManager( 1070): sending alarm Alarm{448a83e0 type 0 com.iitb.loadgen}
V/AlarmManager( 1070): sending alarm Alarm{433950d8 type 3 com.avast.android.mobilesecurity}
V/AlarmManager( 1070): sending alarm Alarm{43839cd8 type 3 com.avast.android.mobilesecurity}
V/AlarmManager( 1070): sending alarm Alarm{438692b8 type 3 com.avast.android.mobilesecurity}
V/AlarmManager( 1070): sending alarm Alarm{43361770 type 0 com.iitb.loadgen}
V/AlarmManager( 1070): sending alarm Alarm{44133978 type 3 com.avast.android.mobilesecurity}
D/ConnectivityService( 1070): handleInetConditionHoldEnd: net=1, condition=100, published condition=100
V/AlarmManager( 1070): sending alarm Alarm{440ea760 type 3 com.avast.android.mobilesecurity}
V/AlarmManager( 1070): sending alarm Alarm{4277e4a0 type 3 com.avast.android.mobilesecurity}
V/AlarmManager( 1070): sending alarm Alarm{440ea7f0 type 3 android}
V/AlarmManager( 1070): sending alarm Alarm{44160a68 type 3 com.avast.android.mobilesecurity}
V/AlarmManager( 1070): sending alarm Alarm{43346448 type 3 com.avast.android.mobilesecurity}
V/AlarmManager( 1070): sending alarm Alarm{42738b40 type 3 com.avast.android.mobilesecurity}
V/AlarmManager( 1070): sending alarm Alarm{442eb188 type 2 android}
V/AlarmManager( 1070): sending alarm Alarm{4337a678 type 3 com.avast.android.mobilesecurity}
V/AlarmManager( 1070): sending alarm Alarm{448f3740 type 3 com.avast.android.mobilesecurity}
V/AlarmManager( 1070): sending alarm Alarm{442eb260 type 0 com.iitb.loadgen}
V/AlarmManager( 1070): sending alarm Alarm{447bf3f8 type 3 com.avast.android.mobilesecurity}
V/AlarmManager( 1070): sending alarm Alarm{438de1c8 type 3 com.avast.android.mobilesecurity}
V/AlarmManager( 1070): sending alarm Alarm{44064d68 type 3 com.avast.android.mobilesecurity}
V/AlarmManager( 1070): sending alarm Alarm{4335db70 type 3 android}
V/AlarmManager( 1070): sending alarm Alarm{448a5268 type 3 com.avast.android.mobilesecurity}
V/AlarmManager( 1070): sending alarm Alarm{4454bfe0 type 3 com.avast.android.mobilesecurity}
V/AlarmManager( 1070): sending alarm Alarm{43888f90 type 3 com.avast.android.mobilesecurity}
V/AlarmManager( 1070): sending alarm Alarm{43d2a440 type 3 com.avast.android.mobilesecurity}
V/AlarmManager( 1070): sending alarm Alarm{42781d48 type 3 com.avast.android.mobilesecurity}
V/AlarmManager( 1070): sending alarm Alarm{449cb098 type 3 com.avast.android.mobilesecurity}
I/ProcessStatsService( 1070): Prepared write state in 13ms
I/ActivityManager( 1070): Process com.whatsapp (pid 25061) has died.
V/AlarmManager( 1070): sending alarm Alarm{434f3a88 type 2 android}
V/AlarmManager( 1070): sending alarm Alarm{43838930 type 0 com.iitb.loadgen}
V/AlarmManager( 1070): sending alarm Alarm{4489cbb8 type 3 com.avast.android.mobilesecurity}
V/AlarmManager( 1070): sending alarm Alarm{435d5838 type 3 android}
V/AlarmManager( 1070): sending alarm Alarm{4382f4d0 type 3 com.avast.android.mobilesecurity}
V/AlarmManager( 1070): sending alarm Alarm{43e959b0 type 3 com.avast.android.mobilesecurity}
V/AlarmManager( 1070): sending alarm Alarm{44a5e440 type 3 com.avast.android.mobilesecurity}
V/AlarmManager( 1070): sending alarm Alarm{434d1d68 type 2 android}
V/AlarmManager( 1070): sending alarm Alarm{449e2ff8 type 3 com.avast.android.mobilesecurity}
V/AlarmManager( 1070): sending alarm Alarm{44995240 type 3 com.avast.android.mobilesecurity}
V/AlarmManager( 1070): sending alarm Alarm{43f89fe0 type 2 com.imo.android.imoim}
V/AlarmManager( 1070): sending alarm Alarm{43f88860 type 0 com.iitb.loadgen}
D/ConnectivityService( 1070): handleInetConditionHoldEnd: net=1, condition=100, published condition=100
V/AlarmManager( 1070): sending alarm Alarm{43f4c8f0 type 2 com.facebook.orca}
V/AlarmManager( 1070): sending alarm Alarm{43f4c870 type 3 com.avast.android.mobilesecurity}
V/AlarmManager( 1070): sending alarm Alarm{43138b18 type 3 com.avast.android.mobilesecurity}
V/AlarmManager( 1070): sending alarm Alarm{430e5390 type 2 android}
W/ContextImpl( 1693): Calling a method in the system process without a qualified user: android.app.ContextImpl.sendBroadcast:1252 android.content.ContextWrapper.sendBroadcast:365 com.motorola.motocare.util.TriggerHelper$TriggerBuilder.send:76 com.motorola.motocare.internal.frameworkevents.ProcessKillTrigger.sendTrigger:147 com.motorola.motocare.internal.frameworkevents.ProcessKillTrigger.handleLmkKill:337 
V/AlarmManager( 1070): sending alarm Alarm{433b6ca0 type 3 com.avast.android.mobilesecurity}
V/AlarmManager( 1070): sending alarm Alarm{430c8ae0 type 3 android}
V/AlarmManager( 1070): sending alarm Alarm{4320e0f8 type 3 com.avast.android.mobilesecurity}
V/AlarmManager( 1070): sending alarm Alarm{4389b058 type 3 com.avast.android.mobilesecurity}
V/AlarmManager( 1070): sending alarm Alarm{427ac598 type 3 com.avast.android.mobilesecurity}
V/AlarmManager( 1070): sending alarm Alarm{43184ca0 type 3 com.avast.android.mobilesecurity}
V/AlarmManager( 1070): sending alarm Alarm{430c4208 type 0 com.iitb.loadgen}
V/AlarmManager( 1070): sending alarm Alarm{434c4530 type 3 com.avast.android.mobilesecurity}
V/AlarmManager( 1070): sending alarm Alarm{43443320 type 3 com.avast.android.mobilesecurity}
V/AlarmManager( 1070): sending alarm Alarm{43d504a8 type 3 com.avast.android.mobilesecurity}
V/AlarmManager( 1070): sending alarm Alarm{431825b8 type 3 android}
V/AlarmManager( 1070): sending alarm Alarm{4303c058 type 3 com.avast.android.mobilesecurity}
V/AlarmManager( 1070): sending alarm Alarm{443198c0 type 3 com.avast.android.mobilesecurity}
V/AlarmManager( 1070): sending alarm Alarm{4275da88 type 3 com.avast.android.mobilesecurity}
V/AlarmManager( 1070): sending alarm Alarm{44972aa0 type 3 com.avast.android.mobilesecurity}
V/AlarmManager( 1070): sending alarm Alarm{432ae670 type 3 com.avast.android.mobilesecurity}
V/AlarmManager( 1070): sending alarm Alarm{435d8e60 type 0 com.iitb.loadgen}
V/AlarmManager( 1070): sending alarm Alarm{434f8640 type 3 com.avast.android.mobilesecurity}
V/AlarmManager( 1070): sending alarm Alarm{43554ef0 type 3 com.avast.android.mobilesecurity}
V/AlarmManager( 1070): sending alarm Alarm{43482430 type 3 com.avast.android.mobilesecurity}
V/AlarmManager( 1070): sending alarm Alarm{433b6530 type 3 android}
V/AlarmManager( 1070): sending alarm Alarm{449171b0 type 3 com.avast.android.mobilesecurity}
V/AlarmManager( 1070): sending alarm Alarm{4387a0c8 type 3 com.avast.android.mobilesecurity}
V/AlarmManager( 1070): sending alarm Alarm{448f51b0 type 3 com.avast.android.mobilesecurity}
V/AlarmManager( 1070): sending alarm Alarm{4316d7c8 type 3 com.avast.android.mobilesecurity}
V/AlarmManager( 1070): sending alarm Alarm{442b1bc8 type 3 com.avast.android.mobilesecurity}
V/AlarmManager( 1070): sending alarm Alarm{4309cb80 type 2 com.imo.android.imoim}
V/AlarmManager( 1070): sending alarm Alarm{436b83c0 type 0 com.iitb.loadgen}
D/ConnectivityService( 1070): handleInetConditionHoldEnd: net=1, condition=100, published condition=100
V/AlarmManager( 1070): sending alarm Alarm{43988468 type 3 com.avast.android.mobilesecurity}
V/AlarmManager( 1070): sending alarm Alarm{433e8e68 type 3 com.avast.android.mobilesecurity}
V/AlarmManager( 1070): sending alarm Alarm{43988528 type 3 android}
V/AlarmManager( 1070): sending alarm Alarm{432e2138 type 3 com.avast.android.mobilesecurity}
V/AlarmManager( 1070): sending alarm Alarm{4452a190 type 3 com.avast.android.mobilesecurity}
V/AlarmManager( 1070): sending alarm Alarm{43840158 type 3 com.avast.android.mobilesecurity}
V/AlarmManager( 1070): sending alarm Alarm{42719860 type 3 com.avast.android.mobilesecurity}
V/AlarmManager( 1070): sending alarm Alarm{42782f68 type 3 com.avast.android.mobilesecurity}
V/AlarmManager( 1070): sending alarm Alarm{43ab8c38 type 0 com.application.zomato}
V/AlarmManager( 1070): sending alarm Alarm{43f8a0e8 type 0 com.application.zomato}
V/AlarmManager( 1070): sending alarm Alarm{43f8a138 type 0 com.iitb.loadgen}
V/AlarmManager( 1070): sending alarm Alarm{434e2628 type 3 com.avast.android.mobilesecurity}
V/AlarmManager( 1070): sending alarm Alarm{4492b8b8 type 3 com.avast.android.mobilesecurity}
V/AlarmManager( 1070): sending alarm Alarm{442ac8f0 type 3 com.avast.android.mobilesecurity}
V/AlarmManager( 1070): sending alarm Alarm{43bae9e8 type 3 android}
V/AlarmManager( 1070): sending alarm Alarm{4491b568 type 3 com.avast.android.mobilesecurity}
V/AlarmManager( 1070): sending alarm Alarm{4495a570 type 3 com.avast.android.mobilesecurity}
V/AlarmManager( 1070): sending alarm Alarm{42782250 type 3 com.avast.android.mobilesecurity}
V/AlarmManager( 1070): sending alarm Alarm{43e65700 type 3 com.avast.android.mobilesecurity}
V/AlarmManager( 1070): sending alarm Alarm{43e66500 type 0 com.iitb.loadgen}
V/AlarmManager( 1070): sending alarm Alarm{43b7a380 type 3 com.avast.android.mobilesecurity}
V/AlarmManager( 1070): sending alarm Alarm{427b7a08 type 3 com.avast.android.mobilesecurity}
V/AlarmManager( 1070): sending alarm Alarm{438b5758 type 3 com.avast.android.mobilesecurity}
V/AlarmManager( 1070): sending alarm Alarm{43ae7c78 type 3 android}
V/AlarmManager( 1070): sending alarm Alarm{444205a8 type 3 com.avast.android.mobilesecurity}
V/AlarmManager( 1070): sending alarm Alarm{43880d00 type 3 com.avast.android.mobilesecurity}
V/AlarmManager( 1070): sending alarm Alarm{44a5e440 type 3 com.avast.android.mobilesecurity}
V/AlarmManager( 1070): sending alarm Alarm{449e2ff8 type 3 com.avast.android.mobilesecurity}
I/PowerManagerService( 1070): Waking up from sleep...
I/WindowManager( 1070): Lock screen displayed!
D/DisplayPowerController( 1070): Unblocked screen on after 205063478 ms
I/SFPerfTracer(  270):      triggers: (rate: 0:1) (924729 sw vsyncs) (0 skipped) (0:348149 vsyncs) (160:1329115)
V/AlarmManager( 1070): sending alarm Alarm{43269710 type 3 com.avast.android.mobilesecurity}
V/AlarmManager( 1070): sending alarm Alarm{43268588 type 0 com.iitb.loadgen}
