E/dalvikvm( 9412): Could not find class 'android.app.Notification$Action$Builder', referenced from method ly.a
W/dalvikvm( 9412): VFY: unable to resolve new-instance 413 (Landroid/app/Notification$Action$Builder;) in Lly;
D/dalvikvm( 9412): VFY: replacing opcode 0x22 at 0x0000
I/dalvikvm( 9412): Could not find method android.content.Context.getDrawable, referenced from method ly.a
W/dalvikvm( 9412): VFY: unable to resolve virtual method 3241: Landroid/content/Context;.getDrawable (I)Landroid/graphics/drawable/Drawable;
D/dalvikvm( 9412): VFY: replacing opcode 0x6e at 0x0000
E/dalvikvm( 9412): Could not find class 'android.graphics.drawable.RippleDrawable', referenced from method ly.a
W/dalvikvm( 9412): VFY: unable to resolve new-instance 581 (Landroid/graphics/drawable/RippleDrawable;) in Lly;
D/dalvikvm( 9412): VFY: replacing opcode 0x22 at 0x0008
I/dalvikvm( 9412): Could not find method android.widget.CompoundButton.getButtonDrawable, referenced from method ly.a
W/dalvikvm( 9412): VFY: unable to resolve virtual method 7226: Landroid/widget/CompoundButton;.getButtonDrawable ()Landroid/graphics/drawable/Drawable;
D/dalvikvm( 9412): VFY: replacing opcode 0x6e at 0x0000
I/dalvikvm( 9412): Could not find method android.app.RemoteInput.getResultsFromIntent, referenced from method ly.a
W/dalvikvm( 9412): VFY: unable to resolve static method 3103: Landroid/app/RemoteInput;.getResultsFromIntent (Landroid/content/Intent;)Landroid/os/Bundle;
D/dalvikvm( 9412): VFY: replacing opcode 0x71 at 0x0000
E/dalvikvm( 9412): Could not find class 'android.media.MediaDescription$Builder', referenced from method ly.a
W/dalvikvm( 9412): VFY: unable to resolve new-instance 599 (Landroid/media/MediaDescription$Builder;) in Lly;
D/dalvikvm( 9412): VFY: replacing opcode 0x22 at 0x0000
I/dalvikvm( 9412): Could not find method android.view.accessibility.AccessibilityNodeInfo$CollectionItemInfo.obtain, referenced from method ly.a
W/dalvikvm( 9412): VFY: unable to resolve static method 6924: Landroid/view/accessibility/AccessibilityNodeInfo$CollectionItemInfo;.obtain (IIIIZZ)Landroid/view/accessibility/AccessibilityNodeInfo$CollectionItemInfo;
D/dalvikvm( 9412): VFY: replacing opcode 0x77 at 0x0000
I/dalvikvm( 9412): Could not find method android.view.accessibility.AccessibilityNodeInfo$CollectionInfo.obtain, referenced from method ly.a
W/dalvikvm( 9412): VFY: unable to resolve static method 6922: Landroid/view/accessibility/AccessibilityNodeInfo$CollectionInfo;.obtain (IIZI)Landroid/view/accessibility/AccessibilityNodeInfo$CollectionInfo;
D/dalvikvm( 9412): VFY: replacing opcode 0x71 at 0x0000
E/dalvikvm( 9412): Could not find class 'android.view.accessibility.AccessibilityNodeInfo$AccessibilityAction', referenced from method ly.a
W/dalvikvm( 9412): VFY: unable to resolve new-instance 906 (Landroid/view/accessibility/AccessibilityNodeInfo$AccessibilityAction;) in Lly;
D/dalvikvm( 9412): VFY: replacing opcode 0x22 at 0x0000
E/dalvikvm( 9412): Could not find class 'android.media.session.MediaController', referenced from method ly.a
W/dalvikvm( 9412): VFY: unable to resolve new-instance 624 (Landroid/media/session/MediaController;) in Lly;
D/dalvikvm( 9412): VFY: replacing opcode 0x22 at 0x0000
W/dalvikvm( 9412): VFY: unable to resolve static field 1669 (CREATOR) in Landroid/media/MediaDescription;
D/dalvikvm( 9412): VFY: replacing opcode 0x62 at 0x0000
W/dalvikvm( 9412): Unable to resolve superclass of Llx; (622)
W/dalvikvm( 9412): Link of class 'Llx;' failed
E/dalvikvm( 9412): Could not find class 'lx', referenced from method ly.a
W/dalvikvm( 9412): VFY: unable to resolve new-instance 10222 (Llx;) in Lly;
D/dalvikvm( 9412): VFY: replacing opcode 0x22 at 0x0000
D/ConnectivityService( 1070): handleInetConditionHoldEnd: net=1, condition=100, published condition=100
I/ModemStatsDSDetect( 1391): onReceive() -Intent { act=android.net.conn.INET_CONDITION_ACTION flg=0x4000010 (has extras) }
I/SBar.MSimNetwCntrl( 1146): onReceive[0]: ConnectivityManager.INET_CONDITION_ACTION Received on subscription :0
I/SBar.MSimNetwCntrl( 1146): updateConnectivity[0]: NetworkInfo: NetworkInfo: type: WIFI[], state: CONNECTED/CONNECTED, reason: (unspecified), extra: "IITB-Wireless", roaming: false, failover: false, isAvailable: true, isConnectedToProvisioningNetwork: false, inetCondition= 1
I/ModemStatsDSDetect( 1391): INET_CONDITION=100 ,activeNet=NetworkInfo: type: WIFI[], state: CONNECTED/CONNECTED, reason: (unspecified), extra: "IITB-Wireless", roaming: false, failover: false, isAvailable: true, isConnectedToProvisioningNetwork: false
I/ModemStatsDSDetect( 1391): onReceive() - done, currentInetCondition=100
D/SBar.MSimNetwCntrl( 1146): updateTelephonySignalStrength[0]: iconList[iconLevel]=7f020299/zz_moto_stat_sys_signal_4_fully_wide iconLevel=4 mMSimMobileInetCondition=1 mMSimMobileInetConditionSB=1
D/SBar.MSimNetwCntrl( 1146): updateDataIcon[0]: subscription=0
D/SBar.MSimNetwCntrl( 1146): updateDataIcon[0]: dataSub=0
D/SBar.MSimNetwCntrl( 1146): updateDataIcon[0]: SimState=READY
I/SBar.MSimNetwCntrl( 1146): notifySignalsChangedCallbacks[0]: isEmergencyOnly(0)=false enabled=true sim=(none)="(empty)" signal=zz_moto_stat_sys_signal_4_fully_wide="Phone signal full." roaming=zz_moto_ic_qs_signal_full_r_wide="Roaming."
I/SBar.MSimNetwCntrl( 1146):  type=(none)="No data." activity=(none)="(empty)"
I/SBar.MSimNetwCntrl( 1146):  slot=1="1" network="Dolphin|DOLPHIN"
D/SBar.MSimNetwCntrl( 1146): updateTelephonySignalStrength[0]: iconList[iconLevel]=7f020299/zz_moto_stat_sys_signal_4_fully_wide iconLevel=4 mMSimMobileInetCondition=1 mMSimMobileInetConditionSB=1
D/SBar.MSimNetwCntrl( 1146): updateDataIcon[0]: subscription=0
D/SBar.MSimNetwCntrl( 1146): updateDataIcon[0]: dataSub=0
D/SBar.MSimNetwCntrl( 1146): updateDataIcon[0]: SimState=READY
I/SBar.MSimNetwCntrl( 1146): notifySignalsChangedCallbacks[0]: isEmergencyOnly(0)=false enabled=true sim=(none)="(empty)" signal=zz_moto_stat_sys_signal_4_fully_wide="Phone signal full." roaming=zz_moto_ic_qs_signal_full_r_wide="Roaming."
I/SBar.MSimNetwCntrl( 1146):  type=(none)="No data." activity=(none)="(empty)"
I/SBar.MSimNetwCntrl( 1146):  slot=1="1" network="Dolphin|DOLPHIN"
E/dalvikvm( 9412): Could not find class 'android.app.Notification$Action$Builder', referenced from method ly.a
W/dalvikvm( 9412): VFY: unable to resolve new-instance 413 (Landroid/app/Notification$Action$Builder;) in Lly;
D/dalvikvm( 9412): VFY: replacing opcode 0x22 at 0x0000
W/dalvikvm( 9412): Unable to resolve superclass of Lga; (802)
W/dalvikvm( 9412): Link of class 'Lga;' failed
E/dalvikvm( 9412): Could not find class 'ga', referenced from method ly.a
W/dalvikvm( 9412): VFY: unable to resolve new-instance 5580 (Lga;) in Lly;
D/dalvikvm( 9412): VFY: replacing opcode 0x22 at 0x0002
W/dalvikvm( 9412): VFY: unable to resolve static field 2385 (BOUNDS) in Landroid/view/ViewOutlineProvider;
D/dalvikvm( 9412): VFY: replacing opcode 0x62 at 0x0000
I/dalvikvm( 9412): Could not find method android.view.ViewParent.onStopNestedScroll, referenced from method ly.a
W/dalvikvm( 9412): VFY: unable to resolve interface method 6838: Landroid/view/ViewParent;.onStopNestedScroll (Landroid/view/View;)V
D/dalvikvm( 9412): VFY: replacing opcode 0x72 at 0x0000
I/dalvikvm( 9412): Could not find method android.view.ViewParent.onNestedScroll, referenced from method ly.a
W/dalvikvm( 9412): VFY: unable to resolve interface method 6835: Landroid/view/ViewParent;.onNestedScroll (Landroid/view/View;IIII)V
D/dalvikvm( 9412): VFY: replacing opcode 0x78 at 0x0000
I/dalvikvm( 9412): Could not find method android.view.ViewParent.onNestedPreScroll, referenced from method ly.a
W/dalvikvm( 9412): VFY: unable to resolve interface method 6834: Landroid/view/ViewParent;.onNestedPreScroll (Landroid/view/View;II[I)V
D/dalvikvm( 9412): VFY: replacing opcode 0x72 at 0x0000
I/dalvikvm( 9412): Could not find method android.widget.CompoundButton.setButtonTintList, referenced from method ly.a
W/dalvikvm( 9412): VFY: unable to resolve virtual method 7246: Landroid/widget/CompoundButton;.setButtonTintList (Landroid/content/res/ColorStateList;)V
D/dalvikvm( 9412): VFY: replacing opcode 0x6e at 0x0000
I/dalvikvm( 9412): Could not find method android.widget.CompoundButton.setButtonTintMode, referenced from method ly.a
W/dalvikvm( 9412): VFY: unable to resolve virtual method 7247: Landroid/widget/CompoundButton;.setButtonTintMode (Landroid/graphics/PorterDuff$Mode;)V
D/dalvikvm( 9412): VFY: replacing opcode 0x6e at 0x0000
I/dalvikvm( 9412): Could not find method android.widget.PopupWindow.setOverlapAnchor, referenced from method ly.a
W/dalvikvm( 9412): VFY: unable to resolve virtual method 7680: Landroid/widget/PopupWindow;.setOverlapAnchor (Z)V
D/dalvikvm( 9412): VFY: replacing opcode 0x6e at 0x0000
I/ActivityManager( 1070): Process android.process.acore (pid 9375) has died.
E/dalvikvm( 9412): Could not find class 'android.media.MediaDescription$Builder', referenced from method ly.a
W/dalvikvm( 9412): VFY: unable to resolve check-cast 599 (Landroid/media/MediaDescription$Builder;) in Lly;
D/dalvikvm( 9412): VFY: replacing opcode 0x1f at 0x0000
E/dalvikvm( 9412): Could not find class 'android.media.MediaDescription$Builder', referenced from method ly.a
W/dalvikvm( 9412): VFY: unable to resolve check-cast 599 (Landroid/media/MediaDescription$Builder;) in Lly;
D/dalvikvm( 9412): VFY: replacing opcode 0x1f at 0x0000
E/dalvikvm( 9412): Could not find class 'android.media.MediaDescription$Builder', referenced from method ly.a
W/dalvikvm( 9412): VFY: unable to resolve check-cast 599 (Landroid/media/MediaDescription$Builder;) in Lly;
D/dalvikvm( 9412): VFY: replacing opcode 0x1f at 0x0000
E/dalvikvm( 9412): Could not find class 'android.media.MediaDescription', referenced from method ly.a
W/dalvikvm( 9412): VFY: unable to resolve check-cast 600 (Landroid/media/MediaDescription;) in Lly;
D/dalvikvm( 9412): VFY: replacing opcode 0x1f at 0x0000
W/dalvikvm( 9412): Unable to resolve superclass of Lfy; (802)
W/dalvikvm( 9412): Link of class 'Lfy;' failed
E/dalvikvm( 9412): Could not find class 'fy', referenced from method ly.a
W/dalvikvm( 9412): VFY: unable to resolve new-instance 5525 (Lfy;) in Lly;
D/dalvikvm( 9412): VFY: replacing opcode 0x22 at 0x0006
E/dalvikvm( 9412): Could not find class 'android.media.MediaDescription$Builder', referenced from method ly.a
W/dalvikvm( 9412): VFY: unable to resolve check-cast 599 (Landroid/media/MediaDescription$Builder;) in Lly;
D/dalvikvm( 9412): VFY: replacing opcode 0x1f at 0x0000
E/dalvikvm( 9412): Could not find class 'android.media.session.MediaController', referenced from method ly.a
W/dalvikvm( 9412): VFY: unable to resolve check-cast 624 (Landroid/media/session/MediaController;) in Lly;
D/dalvikvm( 9412): VFY: replacing opcode 0x1f at 0x0000
E/dalvikvm( 9412): Could not find class 'android.media.session.MediaController', referenced from method ly.a
W/dalvikvm( 9412): VFY: unable to resolve check-cast 624 (Landroid/media/session/MediaController;) in Lly;
D/dalvikvm( 9412): VFY: replacing opcode 0x1f at 0x0000
E/dalvikvm( 9412): Could not find class 'android.media.MediaDescription$Builder', referenced from method ly.a
W/dalvikvm( 9412): VFY: unable to resolve check-cast 599 (Landroid/media/MediaDescription$Builder;) in Lly;
D/dalvikvm( 9412): VFY: replacing opcode 0x1f at 0x0000
I/dalvikvm( 9412): Could not find method android.transition.TransitionSet.getTransitionCount, referenced from method ly.a
W/dalvikvm( 9412): VFY: unable to resolve virtual method 6220: Landroid/transition/TransitionSet;.getTransitionCount ()I
D/dalvikvm( 9412): VFY: replacing opcode 0x6e at 0x0008
I/dalvikvm( 9412): Could not find method android.view.ViewGroup.isTransitionGroup, referenced from method ly.a
W/dalvikvm( 9412): VFY: unable to resolve virtual method 6778: Landroid/view/ViewGroup;.isTransitionGroup ()Z
D/dalvikvm( 9412): VFY: replacing opcode 0x6e at 0x000c
I/dalvikvm( 9412): Could not find method android.view.View.getTransitionName, referenced from method ly.a
W/dalvikvm( 9412): VFY: unable to resolve virtual method 6583: Landroid/view/View;.getTransitionName ()Ljava/lang/String;
D/dalvikvm( 9412): VFY: replacing opcode 0x6e at 0x0006
I/dalvikvm( 9412): Could not find method android.transition.Transition.getTargetNames, referenced from method ly.a
W/dalvikvm( 9412): VFY: unable to resolve virtual method 6210: Landroid/transition/Transition;.getTargetNames ()Ljava/util/List;
D/dalvikvm( 9412): VFY: replacing opcode 0x6e at 0x000a
I/dalvikvm( 9412): Could not find method android.view.ViewParent.onNestedPreFling, referenced from method ly.a
W/dalvikvm( 9412): VFY: unable to resolve interface method 6833: Landroid/view/ViewParent;.onNestedPreFling (Landroid/view/View;FF)Z
D/dalvikvm( 9412): VFY: replacing opcode 0x72 at 0x0000
I/dalvikvm( 9412): Could not find method android.view.ViewParent.onNestedFling, referenced from method ly.a
W/dalvikvm( 9412): VFY: unable to resolve interface method 6832: Landroid/view/ViewParent;.onNestedFling (Landroid/view/View;FFZ)Z
D/dalvikvm( 9412): VFY: replacing opcode 0x72 at 0x0000
I/dalvikvm( 9412): Could not find method android.view.ViewParent.onStartNestedScroll, referenced from method ly.a
W/dalvikvm( 9412): VFY: unable to resolve interface method 6837: Landroid/view/ViewParent;.onStartNestedScroll (Landroid/view/View;Landroid/view/View;I)Z
D/dalvikvm( 9412): VFY: replacing opcode 0x72 at 0x0000
I/dalvikvm( 9412): Could not find method android.widget.EdgeEffect.onPull, referenced from method ly.a
W/dalvikvm( 9412): VFY: unable to resolve virtual method 7260: Landroid/widget/EdgeEffect;.onPull (FF)V
D/dalvikvm( 9412): VFY: replacing opcode 0x6e at 0x0002
W/dalvikvm( 9412): VFY: unable to find class referenced in signature ([Landroid/app/RemoteInput;)
E/dalvikvm( 9412): Could not find class 'android.app.RemoteInput[]', referenced from method ly.a
W/dalvikvm( 9412): VFY: unable to resolve new-array 14049 ([Landroid/app/RemoteInput;) in Lly;
D/dalvikvm( 9412): VFY: replacing opcode 0x23 at 0x0005
I/dalvikvm( 9412): Could not find method android.content.Context.getColor, referenced from method ly.b
W/dalvikvm( 9412): VFY: unable to resolve virtual method 3237: Landroid/content/Context;.getColor (I)I
D/dalvikvm( 9412): VFY: replacing opcode 0x6e at 0x0000
I/dalvikvm( 9412): Could not find method android.view.View.getTransitionName, referenced from method ly.b
W/dalvikvm( 9412): VFY: unable to resolve virtual method 6583: Landroid/view/View;.getTransitionName ()Ljava/lang/String;
D/dalvikvm( 9412): VFY: replacing opcode 0x6e at 0x0000
I/dalvikvm( 9412): Could not find method android.view.ViewParent.onNestedScrollAccepted, referenced from method ly.b
W/dalvikvm( 9412): VFY: unable to resolve interface method 6836: Landroid/view/ViewParent;.onNestedScrollAccepted (Landroid/view/View;Landroid/view/View;I)V
D/dalvikvm( 9412): VFY: replacing opcode 0x72 at 0x0000
E/dalvikvm( 9412): Could not find class 'android.media.MediaDescription$Builder', referenced from method ly.b
W/dalvikvm( 9412): VFY: unable to resolve check-cast 599 (Landroid/media/MediaDescription$Builder;) in Lly;
D/dalvikvm( 9412): VFY: replacing opcode 0x1f at 0x0000
I/dalvikvm( 9412): Could not find method android.transition.TransitionSet.getTransitionCount, referenced from method ly.b
W/dalvikvm( 9412): VFY: unable to resolve virtual method 6220: Landroid/transition/TransitionSet;.getTransitionCount ()I
D/dalvikvm( 9412): VFY: replacing opcode 0x6e at 0x0009
E/dalvikvm( 9412): Could not find class 'android.view.accessibility.AccessibilityNodeInfo$AccessibilityAction', referenced from method ly.b
W/dalvikvm( 9412): VFY: unable to resolve check-cast 906 (Landroid/view/accessibility/AccessibilityNodeInfo$AccessibilityAction;) in Lly;
D/dalvikvm( 9412): VFY: replacing opcode 0x1f at 0x0002
E/dalvikvm( 9412): Could not find class 'android.media.MediaDescription', referenced from method ly.c
W/dalvikvm( 9412): VFY: unable to resolve check-cast 600 (Landroid/media/MediaDescription;) in Lly;
D/dalvikvm( 9412): VFY: replacing opcode 0x1f at 0x0000
I/dalvikvm( 9412): Could not find method android.app.AppOpsManager.permissionToOp, referenced from method ly.c
W/dalvikvm( 9412): VFY: unable to resolve static method 2962: Landroid/app/AppOpsManager;.permissionToOp (Ljava/lang/String;)Ljava/lang/String;
D/dalvikvm( 9412): VFY: replacing opcode 0x71 at 0x0000
E/dalvikvm( 9412): Could not find class 'android.media.MediaDescription$Builder', referenced from method ly.c
W/dalvikvm( 9412): VFY: unable to resolve check-cast 599 (Landroid/media/MediaDescription$Builder;) in Lly;
D/dalvikvm( 9412): VFY: replacing opcode 0x1f at 0x0000
E/dalvikvm( 9412): Could not find class 'android.media.MediaDescription', referenced from method ly.d
W/dalvikvm( 9412): VFY: unable to resolve check-cast 600 (Landroid/media/MediaDescription;) in Lly;
D/dalvikvm( 9412): VFY: replacing opcode 0x1f at 0x0000
E/dalvikvm( 9412): Could not find class 'android.media.MediaDescription', referenced from method ly.e
W/dalvikvm( 9412): VFY: unable to resolve check-cast 600 (Landroid/media/MediaDescription;) in Lly;
D/dalvikvm( 9412): VFY: replacing opcode 0x1f at 0x0000
E/dalvikvm( 9412): Could not find class 'android.media.MediaDescription', referenced from method ly.f
W/dalvikvm( 9412): VFY: unable to resolve check-cast 600 (Landroid/media/MediaDescription;) in Lly;
D/dalvikvm( 9412): VFY: replacing opcode 0x1f at 0x0000
E/dalvikvm( 9412): Could not find class 'android.media.MediaDescription', referenced from method ly.g
W/dalvikvm( 9412): VFY: unable to resolve check-cast 600 (Landroid/media/MediaDescription;) in Lly;
D/dalvikvm( 9412): VFY: replacing opcode 0x1f at 0x0000
I/CheckinTask(18078): Sending checkin request (13507 bytes)
E/dalvikvm( 9412): Could not find class 'android.media.MediaDescription', referenced from method ly.h
W/dalvikvm( 9412): VFY: unable to resolve check-cast 600 (Landroid/media/MediaDescription;) in Lly;
D/dalvikvm( 9412): VFY: replacing opcode 0x1f at 0x0000
E/dalvikvm( 9412): Could not find class 'android.media.MediaDescription', referenced from method ly.i
W/dalvikvm( 9412): VFY: unable to resolve check-cast 600 (Landroid/media/MediaDescription;) in Lly;
D/dalvikvm( 9412): VFY: replacing opcode 0x1f at 0x0000
E/dalvikvm( 9412): Could not find class 'android.media.MediaDescription$Builder', referenced from method ly.j
W/dalvikvm( 9412): VFY: unable to resolve check-cast 599 (Landroid/media/MediaDescription$Builder;) in Lly;
D/dalvikvm( 9412): VFY: replacing opcode 0x1f at 0x0000
E/dalvikvm( 9412): Could not find class 'android.media.session.MediaController', referenced from method ly.k
W/dalvikvm( 9412): VFY: unable to resolve check-cast 624 (Landroid/media/session/MediaController;) in Lly;
D/dalvikvm( 9412): VFY: replacing opcode 0x1f at 0x0000
E/dalvikvm( 9412): Could not find class 'android.media.session.MediaController', referenced from method ly.l
W/dalvikvm( 9412): VFY: unable to resolve check-cast 624 (Landroid/media/session/MediaController;) in Lly;
D/dalvikvm( 9412): VFY: replacing opcode 0x1f at 0x0000
E/dalvikvm( 9412): Could not find class 'android.media.session.MediaController', referenced from method ly.m
W/dalvikvm( 9412): VFY: unable to resolve check-cast 624 (Landroid/media/session/MediaController;) in Lly;
D/dalvikvm( 9412): VFY: replacing opcode 0x1f at 0x0000
E/dalvikvm( 9412): Could not find class 'android.media.session.MediaController', referenced from method ly.n
W/dalvikvm( 9412): VFY: unable to resolve check-cast 624 (Landroid/media/session/MediaController;) in Lly;
D/dalvikvm( 9412): VFY: replacing opcode 0x1f at 0x0000
D/Utils   (28095): Exceptionwhile creating a new connectionjava.net.ConnectException: failed to connect to /10.129.26.217 (port 8001): connect failed: EHOSTUNREACH (No route to host)
D/Utils New COnnection :(28095): I am in post Exceute
D/LOADGENERATOR(28095): java.lang.NullPointerException
D/LOADGENERATOR(28095):  ConnectionManager Read : Caught an exception 2 in socket read java.lang.NullPointerExceptionThe received data is :null
E/dalvikvm( 9412): Could not find class 'android.media.session.MediaController$TransportControls', referenced from method ly.o
W/dalvikvm( 9412): VFY: unable to resolve check-cast 623 (Landroid/media/session/MediaController$TransportControls;) in Lly;
D/dalvikvm( 9412): VFY: replacing opcode 0x1f at 0x0000
E/dalvikvm( 9412): Could not find class 'android.media.session.MediaController$TransportControls', referenced from method ly.p
W/dalvikvm( 9412): VFY: unable to resolve check-cast 623 (Landroid/media/session/MediaController$TransportControls;) in Lly;
D/dalvikvm( 9412): VFY: replacing opcode 0x1f at 0x0000
E/dalvikvm( 9412): Could not find class 'android.media.session.PlaybackState', referenced from method ly.q
W/dalvikvm( 9412): VFY: unable to resolve check-cast 627 (Landroid/media/session/PlaybackState;) in Lly;
D/dalvikvm( 9412): VFY: replacing opcode 0x1f at 0x0000
I/dalvikvm( 9412): Could not find method android.content.Context.getNoBackupFilesDir, referenced from method ly.q
W/dalvikvm( 9412): VFY: unable to resolve virtual method 3248: Landroid/content/Context;.getNoBackupFilesDir ()Ljava/io/File;
D/dalvikvm( 9412): VFY: replacing opcode 0x6e at 0x0006
E/dalvikvm( 9412): Could not find class 'android.media.session.PlaybackState', referenced from method ly.r
W/dalvikvm( 9412): VFY: unable to resolve check-cast 627 (Landroid/media/session/PlaybackState;) in Lly;
D/dalvikvm( 9412): VFY: replacing opcode 0x1f at 0x0000
E/Cataloger( 1866): syncFile:/storage/emulated/0/loadgenerator/logs/Debug_logs
E/Cataloger( 1866): need not sync path:/storage/emulated/0/loadgenerator/logs/Debug_logs
E/dalvikvm( 9412): Could not find class 'android.media.session.PlaybackState', referenced from method ly.s
W/dalvikvm( 9412): VFY: unable to resolve check-cast 627 (Landroid/media/session/PlaybackState;) in Lly;
D/dalvikvm( 9412): VFY: replacing opcode 0x1f at 0x0000
E/dalvikvm( 9412): Could not find class 'android.media.session.PlaybackState', referenced from method ly.t
W/dalvikvm( 9412): VFY: unable to resolve check-cast 627 (Landroid/media/session/PlaybackState;) in Lly;
D/dalvikvm( 9412): VFY: replacing opcode 0x1f at 0x0000
E/dalvikvm( 9412): Could not find class 'android.media.session.PlaybackState', referenced from method ly.u
W/dalvikvm( 9412): VFY: unable to resolve check-cast 627 (Landroid/media/session/PlaybackState;) in Lly;
D/dalvikvm( 9412): VFY: replacing opcode 0x1f at 0x0000
E/dalvikvm( 9412): Could not find class 'android.media.session.PlaybackState', referenced from method ly.v
W/dalvikvm( 9412): VFY: unable to resolve check-cast 627 (Landroid/media/session/PlaybackState;) in Lly;
D/dalvikvm( 9412): VFY: replacing opcode 0x1f at 0x0000
E/dalvikvm( 9412): Could not find class 'android.media.session.PlaybackState', referenced from method ly.w
W/dalvikvm( 9412): VFY: unable to resolve check-cast 627 (Landroid/media/session/PlaybackState;) in Lly;
D/dalvikvm( 9412): VFY: replacing opcode 0x1f at 0x0000
E/dalvikvm( 9412): Could not find class 'android.media.session.PlaybackState', referenced from method ly.x
W/dalvikvm( 9412): VFY: unable to resolve check-cast 627 (Landroid/media/session/PlaybackState;) in Lly;
D/dalvikvm( 9412): VFY: replacing opcode 0x1f at 0x0000
E/dalvikvm( 9412): Could not find class 'android.media.session.PlaybackState', referenced from method ly.y
W/dalvikvm( 9412): VFY: unable to resolve check-cast 627 (Landroid/media/session/PlaybackState;) in Lly;
D/dalvikvm( 9412): VFY: replacing opcode 0x1f at 0x0000
D/dalvikvm( 9412): DexOpt: unable to opt direct call 0x0bc1 at 0x0e in Lly;.a
D/dalvikvm( 9412): DexOpt: unable to opt direct call 0x0f99 at 0x0b in Lly;.a
D/dalvikvm( 9412): DexOpt: unable to opt direct call 0x0fc5 at 0x02 in Lly;.a
D/dalvikvm( 9412): DexOpt: unable to opt direct call 0x1b08 at 0x02 in Lly;.a
D/dalvikvm( 9412): DexOpt: unable to opt direct call 0x1020 at 0x04 in Lly;.a
W/dalvikvm( 9412): Unable to resolve superclass of Llx; (622)
W/dalvikvm( 9412): Link of class 'Llx;' failed
D/dalvikvm( 9412): DexOpt: unable to opt direct call 0xd4db at 0x02 in Lly;.a
D/dalvikvm( 9412): DexOpt: unable to opt direct call 0x0bc1 at 0x0e in Lly;.a
W/dalvikvm( 9412): Unable to resolve superclass of Lga; (802)
W/dalvikvm( 9412): Link of class 'Lga;' failed
D/dalvikvm( 9412): DexOpt: unable to opt direct call 0x8768 at 0x04 in Lly;.a
W/dalvikvm( 9412): Unable to resolve superclass of Lfy; (802)
W/dalvikvm( 9412): Link of class 'Lfy;' failed
D/dalvikvm( 9412): DexOpt: unable to opt direct call 0x864b at 0x08 in Lly;.a
D/dalvikvm( 9412): DexOpt: unable to opt direct call 0x0c19 at 0x13 in Lly;.a
E/dalvikvm( 9412): Could not find class 'android.media.session.PlaybackState$CustomAction', referenced from method fsc.getAction
W/dalvikvm( 9412): VFY: unable to resolve check-cast 626 (Landroid/media/session/PlaybackState$CustomAction;) in Lfsc;
D/dalvikvm( 9412): VFY: replacing opcode 0x1f at 0x0000
I/dalvikvm( 9412): Could not find method android.content.res.Resources.getDrawable, referenced from method fsc.getDrawable
W/dalvikvm( 9412): VFY: unable to resolve virtual method 3477: Landroid/content/res/Resources;.getDrawable (ILandroid/content/res/Resources$Theme;)Landroid/graphics/drawable/Drawable;
D/dalvikvm( 9412): VFY: replacing opcode 0x6e at 0x0000
E/dalvikvm( 9412): Could not find class 'android.media.session.PlaybackState$CustomAction', referenced from method fsc.getExtras
W/dalvikvm( 9412): VFY: unable to resolve check-cast 626 (Landroid/media/session/PlaybackState$CustomAction;) in Lfsc;
D/dalvikvm( 9412): VFY: replacing opcode 0x1f at 0x0000
E/dalvikvm( 9412): Could not find class 'android.media.session.PlaybackState$CustomAction', referenced from method fsc.getIcon
W/dalvikvm( 9412): VFY: unable to resolve check-cast 626 (Landroid/media/session/PlaybackState$CustomAction;) in Lfsc;
D/dalvikvm( 9412): VFY: replacing opcode 0x1f at 0x0000
E/dalvikvm( 9412): Could not find class 'android.media.session.PlaybackState$CustomAction', referenced from method fsc.getName
W/dalvikvm( 9412): VFY: unable to resolve check-cast 626 (Landroid/media/session/PlaybackState$CustomAction;) in Lfsc;
D/dalvikvm( 9412): VFY: replacing opcode 0x1f at 0x0000
E/dalvikvm( 9412): Could not find class 'android.media.MediaMetadata', referenced from method fsc.writeToParcel
W/dalvikvm( 9412): VFY: unable to resolve check-cast 601 (Landroid/media/MediaMetadata;) in Lfsc;
D/dalvikvm( 9412): VFY: replacing opcode 0x1f at 0x0000
I/dalvikvm( 9412): Could not find method android.os.BatteryManager.getIntProperty, referenced from method qtx.a
W/dalvikvm( 9412): VFY: unable to resolve virtual method 4285: Landroid/os/BatteryManager;.getIntProperty (I)I
D/dalvikvm( 9412): VFY: replacing opcode 0x6e at 0x001a
I/dalvikvm( 9412): Could not find method android.os.BatteryManager.isCharging, referenced from method qud.a
W/dalvikvm( 9412): VFY: unable to resolve virtual method 4286: Landroid/os/BatteryManager;.isCharging ()Z
D/dalvikvm( 9412): VFY: replacing opcode 0x6e at 0x0011
I/dalvikvm( 9412): Could not find method android.os.BatteryManager.isCharging, referenced from method qud.a
W/dalvikvm( 9412): VFY: unable to resolve virtual method 4286: Landroid/os/BatteryManager;.isCharging ()Z
D/dalvikvm( 9412): VFY: replacing opcode 0x6e at 0x0017
I/dalvikvm( 9412): Could not find method android.content.pm.PackageManager.getPackageInstaller, referenced from method epb.a
W/dalvikvm( 9412): VFY: unable to resolve virtual method 3427: Landroid/content/pm/PackageManager;.getPackageInstaller ()Landroid/content/pm/PackageInstaller;
D/dalvikvm( 9412): VFY: replacing opcode 0x6e at 0x000c
I/ActivityManager( 1070): Process com.motorola.android.providers.userpreferredsim (pid 9390) has died.
W/dalvikvm( 9412): No implementation found for native Lcom/google/android/libraries/social/jni/crashreporter/NativeCrashHandler;.setup:()V
D/dalvikvm( 9412): Trying to load lib /data/app-lib/com.google.android.apps.plus-2/libcrashreporterer.so 0x426c1938
D/dalvikvm( 9412): Added shared lib /data/app-lib/com.google.android.apps.plus-2/libcrashreporterer.so 0x426c1938
I/dalvikvm( 9412): Could not find method android.os.PowerManager.isInteractive, referenced from method ocr.onActivityPaused
W/dalvikvm( 9412): VFY: unable to resolve virtual method 814: Landroid/os/PowerManager;.isInteractive ()Z
D/dalvikvm( 9412): VFY: replacing opcode 0x6e at 0x0020
I/ActivityManager( 1070): Start proc android.process.acore for content provider com.android.providers.contacts/.ContactsProvider2: pid=9461 uid=10009 gids={50009, 3003, 1028, 1015, 1023}
I/CheckinRequestBuilder(18078): Checkin reason type: 8 attempt count: 1
E/ActivityThread(18078): Failed to find provider info for com.google.android.wearable.settings
E/dalvikvm( 9412): Could not find class 'android.media.session.PlaybackState', referenced from method org.chromium.net.CronetEngine$Builder$Pkp.a
W/dalvikvm( 9412): VFY: unable to resolve check-cast 627 (Landroid/media/session/PlaybackState;) in Lorg/chromium/net/CronetEngine$Builder$Pkp;
D/dalvikvm( 9412): VFY: replacing opcode 0x1f at 0x0000
I/dalvikvm( 9412): Could not find method android.view.View.onApplyWindowInsets, referenced from method org.chromium.net.CronetEngine$Builder$Pkp.a
W/dalvikvm( 9412): VFY: unable to resolve virtual method 6624: Landroid/view/View;.onApplyWindowInsets (Landroid/view/WindowInsets;)Landroid/view/WindowInsets;
D/dalvikvm( 9412): VFY: replacing opcode 0x6e at 0x0009
I/dalvikvm( 9412): Could not find method android.view.View.requestApplyInsets, referenced from method org.chromium.net.CronetEngine$Builder$Pkp.a
W/dalvikvm( 9412): VFY: unable to resolve virtual method 6645: Landroid/view/View;.requestApplyInsets ()V
D/dalvikvm( 9412): VFY: replacing opcode 0x6e at 0x0000
I/dalvikvm( 9412): Could not find method android.view.View.setElevation, referenced from method org.chromium.net.CronetEngine$Builder$Pkp.a
W/dalvikvm( 9412): VFY: unable to resolve virtual method 6670: Landroid/view/View;.setElevation (F)V
D/dalvikvm( 9412): VFY: replacing opcode 0x6e at 0x0000
I/dalvikvm( 9412): Could not find method android.view.View.setBackgroundTintList, referenced from method org.chromium.net.CronetEngine$Builder$Pkp.a
W/dalvikvm( 9412): VFY: unable to resolve virtual method 6664: Landroid/view/View;.setBackgroundTintList (Landroid/content/res/ColorStateList;)V
D/dalvikvm( 9412): VFY: replacing opcode 0x6e at 0x0000
I/dalvikvm( 9412): Could not find method android.view.View.setBackgroundTintMode, referenced from method org.chromium.net.CronetEngine$Builder$Pkp.a
W/dalvikvm( 9412): VFY: unable to resolve virtual method 6665: Landroid/view/View;.setBackgroundTintMode (Landroid/graphics/PorterDuff$Mode;)V
D/dalvikvm( 9412): VFY: replacing opcode 0x6e at 0x0000
I/dalvikvm( 9412): Could not find method android.view.View.getElevation, referenced from method org.chromium.net.CronetEngine$Builder$Pkp.b
W/dalvikvm( 9412): VFY: unable to resolve virtual method 6544: Landroid/view/View;.getElevation ()F
D/dalvikvm( 9412): VFY: replacing opcode 0x6e at 0x0000
I/dalvikvm( 9412): Could not find method android.view.View.dispatchApplyWindowInsets, referenced from method org.chromium.net.CronetEngine$Builder$Pkp.b
W/dalvikvm( 9412): VFY: unable to resolve virtual method 6524: Landroid/view/View;.dispatchApplyWindowInsets (Landroid/view/WindowInsets;)Landroid/view/WindowInsets;
D/dalvikvm( 9412): VFY: replacing opcode 0x6e at 0x0009
I/dalvikvm( 9412): Could not find method android.view.View.setOnApplyWindowInsetsListener, referenced from method org.chromium.net.CronetEngine$Builder$Pkp.b
W/dalvikvm( 9412): VFY: unable to resolve virtual method 6682: Landroid/view/View;.setOnApplyWindowInsetsListener (Landroid/view/View$OnApplyWindowInsetsListener;)V
D/dalvikvm( 9412): VFY: replacing opcode 0x6e at 0x0003
I/dalvikvm( 9412): Failed resolving Lrn; interface 367 'Landroid/view/View$OnApplyWindowInsetsListener;'
W/dalvikvm( 9412): Link of class 'Lrn;' failed
E/dalvikvm( 9412): Could not find class 'rn', referenced from method org.chromium.net.CronetEngine$Builder$Pkp.b
W/dalvikvm( 9412): VFY: unable to resolve new-instance 12834 (Lrn;) in Lorg/chromium/net/CronetEngine$Builder$Pkp;
D/dalvikvm( 9412): VFY: replacing opcode 0x22 at 0x0007
I/dalvikvm( 9412): Could not find method android.view.View.getTranslationZ, referenced from method org.chromium.net.CronetEngine$Builder$Pkp.c
W/dalvikvm( 9412): VFY: unable to resolve virtual method 6586: Landroid/view/View;.getTranslationZ ()F
D/dalvikvm( 9412): VFY: replacing opcode 0x6e at 0x0000
I/dalvikvm( 9412): Could not find method android.view.View.getBackgroundTintList, referenced from method org.chromium.net.CronetEngine$Builder$Pkp.d
W/dalvikvm( 9412): VFY: unable to resolve virtual method 6536: Landroid/view/View;.getBackgroundTintList ()Landroid/content/res/ColorStateList;
D/dalvikvm( 9412): VFY: replacing opcode 0x6e at 0x0000
I/dalvikvm( 9412): Could not find method android.view.View.getBackgroundTintMode, referenced from method org.chromium.net.CronetEngine$Builder$Pkp.e
W/dalvikvm( 9412): VFY: unable to resolve virtual method 6537: Landroid/view/View;.getBackgroundTintMode ()Landroid/graphics/PorterDuff$Mode;
D/dalvikvm( 9412): VFY: replacing opcode 0x6e at 0x0000
I/dalvikvm( 9412): Could not find method android.view.View.isNestedScrollingEnabled, referenced from method org.chromium.net.CronetEngine$Builder$Pkp.f
W/dalvikvm( 9412): VFY: unable to resolve virtual method 6613: Landroid/view/View;.isNestedScrollingEnabled ()Z
D/dalvikvm( 9412): VFY: replacing opcode 0x6e at 0x0000
I/dalvikvm( 9412): Could not find method android.view.View.stopNestedScroll, referenced from method org.chromium.net.CronetEngine$Builder$Pkp.g
W/dalvikvm( 9412): VFY: unable to resolve virtual method 6706: Landroid/view/View;.stopNestedScroll ()V
D/dalvikvm( 9412): VFY: replacing opcode 0x6e at 0x0000
I/dalvikvm( 9412): Could not find method android.view.View.getZ, referenced from method org.chromium.net.CronetEngine$Builder$Pkp.h
W/dalvikvm( 9412): VFY: unable to resolve virtual method 6595: Landroid/view/View;.getZ ()F
D/dalvikvm( 9412): VFY: replacing opcode 0x6e at 0x0000
I/dalvikvm( 9412): Failed resolving Lrn; interface 367 'Landroid/view/View$OnApplyWindowInsetsListener;'
W/dalvikvm( 9412): Link of class 'Lrn;' failed
D/dalvikvm( 9412): DexOpt: unable to opt direct call 0xf08f at 0x09 in Lorg/chromium/net/CronetEngine$Builder$Pkp;.b
I/HOTLINE_SERVICE( 9246): Now Processing FetchSolutionsRequest
I/HOTLINE_SERVICE( 9246): Now Processing UpdateVersionRequest
I/ActivityManager( 1070): Start proc com.bt.bms for broadcast com.bt.bms/com.freshdesk.mobihelp.receiver.ConnectivityReceiver: pid=9495 uid=10122 gids={50122, 3003, 1028, 1015}
I/Auth    ( 2129): [AuthDelegateWrapper] Service intent: Intent { cmp=com.google.android.gms/.auth.account.authenticator.DefaultAuthDelegateService }.
I/Auth    ( 2129): [AuthDelegateWrapper] Service intent: Intent { cmp=com.google.android.gms/.auth.account.authenticator.DefaultAuthDelegateService }.
I/ContactLocale( 9461): AddressBook Labels [en_AU]: [, A, B, C, D, E, F, G, H, I, J, K, L, M, N, O, P, Q, R, S, T, U, V, W, X, Y, Z, , , , , , , , , , , , , , , , , , , , , , , , , , , , , , , , , , , , , , , , , , , , , , , , , , , , , , , , , , , , , , , , , , , , , , , , , , , , , , , , , , , , , , , , , , , , , , , , , , , , , , , , , , , , , , , , , , , , , , , , , , , , , , , , , , , , , , , , , , , , , , , , , , , , , , , , , , , , , , , , , , , , , , , , , , , , , , , , , , , , , , #, ]
I/MultiDex( 9495): VM with version 1.6.0 does not have multidex support
I/MultiDex( 9495): install
I/MultiDex( 9495): MultiDexExtractor.load(/data/app/com.bt.bms-1.apk, false)
I/MultiDex( 9495): loading existing secondary dex files
I/MultiDex( 9495): load found 0 secondary dex files
I/MultiDex( 9495): install done
I/MultiDex( 9495): install
I/CheckinUtil(18078): Classify the device as Phone.
I/ActivityManager( 1070): Process com.google.android.apps.plus (pid 9412) has died.
I/dalvikvm( 9495): Could not find method android.content.pm.PackageManager.getPackageInstaller, referenced from method com.google.android.gms.common.zze.zzi
W/dalvikvm( 9495): VFY: unable to resolve virtual method 851: Landroid/content/pm/PackageManager;.getPackageInstaller ()Landroid/content/pm/PackageInstaller;
D/dalvikvm( 9495): VFY: replacing opcode 0x6e at 0x000b
I/GMPM    ( 9495): App measurement is starting up, version: 8487
I/GMPM    ( 9495): To enable debug logging run: adb shell setprop log.tag.GMPM VERBOSE
E/GMPM    ( 9495): GoogleService failed to initialize, status: 10, Missing an expected resource: 'R.string.google_app_id' for initializing Google services.  Possible causes are missing google-services.json or com.google.gms.google-services gradle plugin.
E/GMPM    ( 9495): Scheduler not set. Not logging error/warn.
E/GMPM    ( 9495): Uploading is not possible. App measurement disabled
I/Fabric  ( 9495): Initializing Crashlytics 2.2.3.41
I/dalvikvm( 9495): Could not find method android.app.Notification$Builder.setLocalOnly, referenced from method com.google.android.gms.common.GooglePlayServicesUtil.zza
W/dalvikvm( 9495): VFY: unable to resolve virtual method 527: Landroid/app/Notification$Builder;.setLocalOnly (Z)Landroid/app/Notification$Builder;
D/dalvikvm( 9495): VFY: replacing opcode 0x6e at 0x00c8
E/dalvikvm( 9495): Could not find class 'android.support.v7.widget.Toolbar', referenced from method com.freshdesk.mobihelp.e.u.j
W/dalvikvm( 9495): VFY: unable to resolve instanceof 1638 (Landroid/support/v7/widget/Toolbar;) in Lcom/freshdesk/mobihelp/e/u;
D/dalvikvm( 9495): VFY: replacing opcode 0x20 at 0x002d
D/MOBIHELP( 9495): Reconnecting to Network Retrying messages
I/ActivityManager( 1070): Process android.process.acore (pid 9461) has died.
I/HOTLINE_SERVICE( 9246): Now Processing AlarmSetupRequest
I/ActivityManager( 1070): Start proc cn.xender for broadcast cn.xender/.push.WifiNetWorkStatusReceiver: pid=9539 uid=10112 gids={50112, 1028, 1015, 3003}
E/Cataloger( 1866): syncFile:/storage/emulated/0/Android/data/com.wizrocket/device_id
E/Cataloger( 1866): need not sync path:/storage/emulated/0/Android/data/com.wizrocket/device_id
I/dalvikvm( 9539): Could not find method android.app.Notification$Builder.setLocalOnly, referenced from method com.google.android.gms.common.GooglePlayServicesUtil.zza
W/dalvikvm( 9539): VFY: unable to resolve virtual method 207: Landroid/app/Notification$Builder;.setLocalOnly (Z)Landroid/app/Notification$Builder;
D/dalvikvm( 9539): VFY: replacing opcode 0x6e at 0x00c2
I/CheckinTask(18078): Checkin success: https://android.clients.google.com/checkin (1 requests sent)
I/dalvikvm( 9539): Could not find method android.content.pm.PackageManager.getPackageInstaller, referenced from method com.google.android.gms.common.GooglePlayServicesUtil.zzh
W/dalvikvm( 9539): VFY: unable to resolve virtual method 472: Landroid/content/pm/PackageManager;.getPackageInstaller ()Landroid/content/pm/PackageInstaller;
D/dalvikvm( 9539): VFY: replacing opcode 0x6e at 0x000b
I/GAv4    ( 9539): Google Analytics 7.5.71 is starting up. To enable debug logging on a device run:
I/GAv4    ( 9539):   adb shell setprop log.tag.GAv4 DEBUG
I/GAv4    ( 9539):   adb logcat -s GAv4
I/CheckinChimeraService(18078): Checking schedule, now: 1471236921092 next: 1471757246085
I/CheckinChimeraService(18078): active receiver: disabled
I/ActivityManager( 1070): Process com.application.zomato (pid 9246) has died.
E/Cataloger( 1866): syncFile:/storage/emulated/0/Android/data/com.application.zomato/cache/uil-images/journal
E/Cataloger( 1866): need not sync path:/storage/emulated/0/Android/data/com.application.zomato/cache/uil-images/journal
D/dalvikvm(18078): GC_CONCURRENT freed 1847K, 30% free 12139K/17224K, paused 3ms+7ms, total 59ms
W/GAv4    ( 9539): AnalyticsReceiver is not registered or is disabled. Register the receiver for reliable dispatching on non-Google Play devices. See http://goo.gl/8Rd3yj for instructions.
I/CheckinChimeraService(18078): Checking schedule, now: 1471236921146 next: 1471757246085
I/CheckinChimeraService(18078): active receiver: disabled
D/CheckinChimeraService(18078): Recording last checkin time for package unspecified as 1471236921164
W/GAv4    ( 9539): AnalyticsService not registered in the app manifest. Hits might not be delivered reliably. See http://goo.gl/8Rd3yj for instructions.
I/ActivityManager( 1070): Process com.bt.bms (pid 9495) has died.
I/ActivityManager( 1070): Start proc com.iitb.cse.arkenstone.quizapp for broadcast com.iitb.cse.arkenstone.quizapp/.utils.broadcast_listeners.ConnectivityListener: pid=9558 uid=10193 gids={50193, 3003, 3002, 3001}
D/dalvikvm( 9558): Late-enabling CheckJNI
I/dalvikvm( 9558): Could not find method android.content.pm.PackageManager.getPackageInstaller, referenced from method com.google.android.gms.common.zze.zzi
W/dalvikvm( 9558): VFY: unable to resolve virtual method 581: Landroid/content/pm/PackageManager;.getPackageInstaller ()Landroid/content/pm/PackageInstaller;
D/dalvikvm( 9558): VFY: replacing opcode 0x6e at 0x000b
I/GMPM    ( 9558): App measurement is starting up, version: 8487
I/GMPM    ( 9558): To enable debug logging run: adb shell setprop log.tag.GMPM VERBOSE
I/ActivityManager( 1070): Process cn.xender (pid 9539) has died.
E/GMPM    ( 9558): GoogleService failed to initialize, status: 10, Missing an expected resource: 'R.string.google_app_id' for initializing Google services.  Possible causes are missing google-services.json or com.google.gms.google-services gradle plugin.
E/GMPM    ( 9558): Scheduler not set. Not logging error/warn.
E/GMPM    ( 9558): Uploading is not possible. App measurement disabled
D/ACRA    ( 9558): ACRA is enabled for com.iitb.cse.arkenstone.quizapp, initializing...
D/ACRA    ( 9558): Using default Report Fields
D/ACRA    ( 9558): Looking for error files in /data/data/com.iitb.cse.arkenstone.quizapp/files
I/NetworkChangeReceiver(25251): in onReceive
D/WifiStateMachine( 1070): handleMessage: E msg.what=131131
D/WifiStateMachine( 1070): processMsg: ConnectedState
D/WifiStateMachine( 1070): processMsg: L2ConnectedState
D/WifiStateMachine( 1070): processMsg: ConnectModeState
I/NetworkChangeReceiver(25251): in hotelReviewImageSync
I/NetworkChangeReceiver(25251): in cr.getCount()=0
I/ActivityManager( 1070): Start proc com.application.zomato for broadcast com.application.zomato/com.freshdesk.hotline.receiver.HotlineReceiver: pid=9588 uid=10125 gids={50125, 3003, 1028, 1015}
D/WifiStateMachine( 1070): handleMessage: X
D/dalvikvm(  271): GC_EXPLICIT freed 42K, 48% free 9012K/17224K, paused 2ms+3ms, total 22ms
D/dalvikvm( 9588): WAIT_FOR_CONCURRENT_GC blocked 1ms
D/dalvikvm(  271): GC_EXPLICIT freed <1K, 48% free 9012K/17224K, paused 1ms+2ms, total 18ms
I/MultiDex( 9588): VM with version 1.6.0 does not have multidex support
I/MultiDex( 9588): install
I/MultiDex( 9588): MultiDexExtractor.load(/data/app/com.application.zomato-1.apk, false)
I/MultiDex( 9588): loading existing secondary dex files
I/MultiDex( 9588): load found 1 secondary dex files
D/dalvikvm(  271): GC_EXPLICIT freed <1K, 48% free 9012K/17224K, paused 1ms+2ms, total 17ms
I/MultiDex( 9588): install done
I/dalvikvm( 9588): Could not find method android.app.Notification$Builder.setLocalOnly, referenced from method com.google.android.gms.common.GooglePlayServicesUtil.zza
W/dalvikvm( 9588): VFY: unable to resolve virtual method 422: Landroid/app/Notification$Builder;.setLocalOnly (Z)Landroid/app/Notification$Builder;
D/dalvikvm( 9588): VFY: replacing opcode 0x6e at 0x00c8
I/dalvikvm( 9588): Could not find method android.content.pm.PackageManager.getPackageInstaller, referenced from method com.google.android.gms.common.GooglePlayServicesUtil.zzh
W/dalvikvm( 9588): VFY: unable to resolve virtual method 740: Landroid/content/pm/PackageManager;.getPackageInstaller ()Landroid/content/pm/PackageInstaller;
D/dalvikvm( 9588): VFY: replacing opcode 0x6e at 0x000b
I/GMPM    ( 9588): App measurement is starting up
I/GAv4    ( 9588): Google Analytics 8.2.98 is starting up. To enable debug logging on a device run:
I/GAv4    ( 9588):   adb shell setprop log.tag.GAv4 DEBUG
I/GAv4    ( 9588):   adb logcat -s GAv4
I/ActivityManager( 1070): Process com.iitb.cse.arkenstone.quizapp (pid 9558) has died.
W/GAv4    ( 9588): CampaignTrackingReceiver is not registered, not exported or is disabled. Installation campaign tracking is not possible. See http://goo.gl/8Rd3yj for instructions.
V/AlarmManager( 1070): sending alarm Alarm{449960d8 type 2 android}
V/AlarmManager( 1070): sending alarm Alarm{44993a20 type 1 com.application.zomato}
V/AlarmManager( 1070): sending alarm Alarm{44985280 type 0 com.application.zomato}
D/DEBUG   ( 2860): Received intent : com.motorola.blur.service.blur.Actions.POLLINGMGR_CONNECTIVITY
W/ContextImpl( 2860): Implicit intents with startService are not safe: Intent { act=com.motorola.blur.service.blur.Actions.BIND_WSPROXY_SVC } android.content.ContextWrapper.bindService:517 com.motorola.ccc.notification.GetNotificationsWS.bindWebServices:65 com.motorola.ccc.notification.SundryService.onCreate:1039 
D/GetNotificationsWS( 2860): bindWebServices(): registering our AIDL callback...
D/GetNotificationsWS( 2860): onServiceConnected()
I/SundryService( 2860): onHandleIntent(): action=com.motorola.blur.service.blur.Actions.POLLINGMGR_CONNECTIVITY
D/GetNotificationsWS( 2860): onServiceConnected(): Registered for remote service callbacks...
D/WaitableIntentService( 2860): ServiceHandler.handleMessage: mWaitCount=0
D/EmailService.MarketingOptInSetter( 2860): received com.motorola.blur.service.blur.Actions.POLLINGMGR_CONNECTIVITY
D/GetNotificationsWS( 2860): unbindWebServices(): un-registering our AIDL callback...
D/OtaApp  ( 2860): [debug] > Receive intent: com.motorola.blur.service.blur.Actions.UPGRADE_UPDATE_NOTIFICATION
I/OtaApp  ( 2860): [info] > UpdateReceiver: Supressing duplicate intent for Download; now = 1471236922284; nextPrompt = 1471237218511
D/Checkin ( 2860): publish the event [tag = MOT_OTA event name = LOG]
V/AlarmManager( 1070): sending alarm Alarm{449852d0 type 3 com.avast.android.mobilesecurity}
D/OtaApp  ( 2860): [debug] > Receive intent: com.motorola.blur.service.blur.Actions.UPGRADE_UPDATE_NOTIFICATION
I/OtaApp  ( 2860): [info] > UpdateReceiver: Supressing duplicate intent for Download; now = 1471236922294; nextPrompt = 1471237218511
D/Checkin ( 2860): publish the event [tag = MOT_OTA event name = LOG]
I/CrashlyticsCore( 9588): Initializing Crashlytics 2.3.8.97
I/dalvikvm( 9588): Could not find method android.content.Context.checkSelfPermission, referenced from method com.freshdesk.hotline.util.p.j
W/dalvikvm( 9588): VFY: unable to resolve virtual method 566: Landroid/content/Context;.checkSelfPermission (Ljava/lang/String;)I
D/dalvikvm( 9588): VFY: replacing opcode 0x6e at 0x000c
D/dalvikvm( 1070): GC_EXPLICIT freed 1183K, 41% free 29349K/49160K, paused 5ms+19ms, total 156ms
D/GCM     ( 2129): GcmService start Intent { act=com.google.android.checkin.CHECKIN_COMPLETE flg=0x10 cmp=com.google.android.gms/.gcm.GcmService (has extras) } com.google.android.checkin.CHECKIN_COMPLETE
D/DropBoxEntryAddedChimeraService(18078): User is not opted-in to Usage & Diagnostics or Lockbox.
D/DropBoxEntryAddedChimeraService(18078): User is not opted-in to Usage & Diagnostics or Lockbox.
D/DropBoxEntryAddedChimeraService(18078): User is not opted-in to Usage & Diagnostics or Lockbox.
D/DropBoxEntryAddedChimeraService(18078): User is not opted-in to Usage & Diagnostics or Lockbox.
I/HOTLINE_SERVICE( 9588): Now Processing InitializeRequest
I/dalvikvm( 9588): Total arena pages for JIT: 11
I/dalvikvm( 9588): Total arena pages for JIT: 12
I/dalvikvm( 9588): Total arena pages for JIT: 13
I/dalvikvm( 9588): Total arena pages for JIT: 14
I/HOTLINE_SERVICE( 9588): Now Processing FetchChannelsRequest
I/HOTLINE_SERVICE( 9588): Now Processing FetchMessagesRequest
I/HOTLINE_SERVICE( 9588): Now Processing FetchSolutionsRequest
I/HOTLINE_SERVICE( 9588): Now Processing UpdateVersionRequest
I/ActivityManager( 1070): Process com.google.android.gms.unstable (pid 9104) has died.
W/GCoreFlp( 1636): No location to return for getLastLocation()
V/AlarmManager( 1070): sending alarm Alarm{44a61168 type 0 com.android.email}
D/dalvikvm( 2322): Trying to load lib /data/data/com.facebook.orca/lib-xzs/libliger.so 0x426c6318
D/dalvikvm( 2322): Added shared lib /data/data/com.facebook.orca/lib-xzs/libliger.so 0x426c6318
I/dalvikvm( 2322): Could not find method android.net.wifi.WifiInfo.getFrequency, referenced from method com.facebook.http.executors.liger.k.a
W/dalvikvm( 2322): VFY: unable to resolve virtual method 766: Landroid/net/wifi/WifiInfo;.getFrequency ()I
D/dalvikvm( 2322): VFY: replacing opcode 0x6e at 0x0071
I/Email   ( 2633): Error loading attachment
I/Email   ( 2633): com.android.emailcommon.mail.MessagingException: java.net.SocketTimeoutException: failed to connect to imap.gmail.com/74.125.68.109 (port 993) after 10000ms
I/Email   ( 2633): 	at com.android.email.mail.transport.MailTransport.open(MailTransport.java:136)
I/Email   ( 2633): 	at com.android.email.mail.store.ImapConnection.open(ImapConnection.java:108)
I/Email   ( 2633): 	at com.android.email.mail.store.ImapConnection.sendCommand(ImapConnection.java:241)
I/Email   ( 2633): 	at com.android.email.mail.store.ImapConnection.executeSimpleCommand(ImapConnection.java:323)
I/Email   ( 2633): 	at com.android.email.mail.store.ImapConnection.executeSimpleCommand(ImapConnection.java:285)
I/Email   ( 2633): 	at com.android.email.mail.store.ImapFolder.doSelect(ImapFolder.java:1195)
I/Email   ( 2633): 	at com.android.email.mail.store.ImapFolder.open(ImapFolder.java:130)
I/Email   ( 2633): 	at com.android.email.service.EmailServiceStub.loadAttachment(EmailServiceStub.java:188)
I/Email   ( 2633): 	at com.android.emailcommon.service.EmailServiceProxy$1.run(EmailServiceProxy.java:124)
