03-21 14:08:38.081  2622  2879 D ApplicationPolicy: isApplicationInstallationEnabled :  Checking PKG BL - true
03-21 14:08:38.081  2622  2879 D ApplicationPolicy: isApplicationInstallationEnabled :  Checking PERM BL - true
03-21 14:08:38.081  2622  2879 D ApplicationPolicy: isApplicationInstallationEnabled :  Checking SIG BL - true
03-21 14:08:38.086  2622  2879 D ApplicationPolicy: isApplicationInstallationEnabled :  enabled true
03-21 14:08:38.091  2622  2879 I AASAInstall: ship device
03-21 14:08:38.141  2622  2879 E NativeLibraryHelper: Failed to load assets verifier: 0
03-21 14:08:38.146  2200  2200 W SELinux : Function: selinux_compare_spd_ram, index[3], priority [2], priority version is VE=SEPF_SECMOBILE_6.0.1_0032
03-21 14:08:38.251  2200  2200 W SELinux : SELinux: Loaded file_contexts contexts from /file_contexts.
03-21 14:08:38.256  2622  2879 I PackageManager.DexOptimizer: Running dexopt (dex2oat) on: /data/app/vmdl698524007.tmp/base.apk pkg=com.iitb.wicroft isa=arm vmSafeMode=false debuggable=true oatDir = /data/app/vmdl698524007.tmp/oat bootComplete=true
03-21 14:08:38.351 14332 14332 I dex2oat : /system/bin/dex2oat --compiler-filter=speed --debuggable
03-21 14:08:38.686  2622  2950 D SensorService: [SO] -1.583 6.555 6.704
03-21 14:08:38.691 14332 14332 I dex2oat : --------CPUSET is not enabled--------
03-21 14:08:38.726 14332 14332 W dex2oat : Before Android 4.1, method android.graphics.PorterDuffColorFilter android.support.graphics.drawable.VectorDrawableCompat.updateTintFilter(android.graphics.PorterDuffColorFilter, android.content.res.ColorStateList, android.graphics.PorterDuff$Mode) would have incorrectly overridden the package-private method in android.graphics.drawable.Drawable
03-21 14:08:38.796 14332 14334 W dex2oat : Before Android 4.1, method int android.support.v7.widget.ListViewCompat.lookForSelectablePosition(int, boolean) would have incorrectly overridden the package-private method in android.widget.ListView
03-21 14:08:39.266  2186  2186 I display : [PrimaryDisplay] [DYNAMIC_RECOMP] first frame after HWC_2_GLES
03-21 14:08:39.266  2186  2186 I display : [PrimaryDisplay] [DYNAMIC_RECOMP] GLES_2_HWC by high FPS(5)
03-21 14:08:39.566  2186 13207 I display : [PrimaryDisplay] [DYNAMIC_RECOMP] HWC_2_GLES by low FPS(0)
03-21 14:08:40.656  2622  2973 D InputReader: Input event(1): value=1 when=2825866319000
03-21 14:08:40.656  2622  2973 D InputReader: Input event(1): value=1 when=2825866319000
03-21 14:08:40.656  2622  2973 I InputReader: Touch event's action is 0x0 (deviceType=0) [pCnt=1, s=0.451 ] when=2825866319000
03-21 14:08:40.656  2622  2973 D InputReader: lastThreadEndTime = 2821836566706, currentThreadStartTime = 2821836574590, diff = 0
03-21 14:08:40.656  2622  2972 I InputDispatcher: Delivering touch to (3062): action: 0x0, toolType: 1
03-21 14:08:40.656  3062  3062 D ViewRootImpl: ViewPostImeInputStage processPointer 0
03-21 14:08:40.656  3062  3062 D PhoneStatusBar: Touch: rawY=20.983606 event=MotionEvent { action=ACTION_DOWN, actionButton=0, id[0]=0, x[0]=474.34122, y[0]=20.983606, toolType[0]=TOOL_TYPE_FINGER, buttonState=0, metaState=0, flags=0x0, edgeFlags=0x0, pointerCount=1, historySize=0, eventTime=2825866, downTime=2825866, deviceId=1, source=0x1002 } mDisabled1=0 mDisabled2=0 mTracking=false
03-21 14:08:40.656  3062  3062 D PhoneStatusBar: Touch: rawY=20.983606 event=MotionEvent { action=ACTION_DOWN, actionButton=0, id[0]=0, x[0]=474.34122, y[0]=20.983606, toolType[0]=TOOL_TYPE_FINGER, buttonState=0, metaState=0, flags=0x0, edgeFlags=0x0, pointerCount=1, historySize=0, eventTime=2825866, downTime=2825866, deviceId=1, source=0x1002 } mDisabled1=0 mDisabled2=0 mTracking=false
03-21 14:08:40.671  3062  3062 D PhoneStatusBar: Make expanded visible: expanded visible=false
03-21 14:08:40.671  3062  3062 D StatusBar-Window: fnf=true sanc=false, kni=false, sbf=true
03-21 14:08:40.671  3062  3062 D CoverUI : applyFocusableFlag() : Remove SAMSUNG_FLAG_SVIEW_COVER
03-21 14:08:40.671  3062  3062 D StatusBarWindowManager: forceCollapsed : false isKeyguardShowingAndNotOccluded() : false panelVisible : true keyguardFadingAway : false bouncerShowing : false headsUpShowing : false
03-21 14:08:40.671  3062  3062 D CoverUI : applyHeight h = -1, oc = false, fa = false, ac = false, sc = false
03-21 14:08:40.671  2622  3358 V Vibrator: Called cancel() API - PUID: 1000, PackageName: android, token: android.os.Binder@a97c211
03-21 14:08:40.671  2622  3358 W CoverManager: getCoverState : This device is not supported cover
03-21 14:08:40.671  2622  3358 D EdgeLight: Turning off
03-21 14:08:40.681  2186  2186 I display : [PrimaryDisplay] [DYNAMIC_RECOMP] first frame after HWC_2_GLES
03-21 14:08:40.681  2186  2186 I display : [PrimaryDisplay] [DYNAMIC_RECOMP] GLES_2_HWC by high FPS(5)
03-21 14:08:40.691  2186  2240 D libEGL  : eglTerminate EGLDisplay = 0xb6881624
03-21 14:08:40.691  2186  2240 D libEGL  : eglTerminate EGLDisplay = 0xb6881624
03-21 14:08:40.696  3062  3297 D mali_winsys: new_window_surface returns 0x3000,  [720x1280]-format:1
03-21 14:08:40.696  3062  3062 D KeyguardEffectViewController: onLayoutChange() v: com.android.keyguard.effect.EffectBehindView{a1f6f23 I.E...... ......ID 0,0-720,1280 #7f0e03c2 app:id/keyguard_effect_behind}, bottom : 1280, oldBottom : 48
03-21 14:08:40.696  3062  3062 D KeyguardEffectViewController: mShowing=false, mOccluded=false, mKeyguardFadingAway=false, match_parent=true
03-21 14:08:40.696  3062  3062 D ScrollView:  onsize change changed 
03-21 14:08:40.696  3062  3062 D NotificationStackScrollLayout:  scroll range should be extended : 708
03-21 14:08:40.696  3062  3062 I PanelView: Delayed setQsExpansion
03-21 14:08:40.721  3062  3062 D StatusBar-Window: fnf=false sanc=false, kni=false, sbf=true
03-21 14:08:40.721  3062  3062 D CoverUI : applyFocusableFlag() : Remove SAMSUNG_FLAG_SVIEW_COVER
03-21 14:08:40.721  3062  3062 D StatusBarWindowManager: forceCollapsed : false isKeyguardShowingAndNotOccluded() : false panelVisible : true keyguardFadingAway : false bouncerShowing : false headsUpShowing : false
03-21 14:08:40.721  3062  3062 D CoverUI : applyHeight h = -1, oc = false, fa = false, ac = false, sc = false
03-21 14:08:40.731  2622  3111 D InputDispatcher: Focus left window: 3327
03-21 14:08:40.731  2622  3111 D InputDispatcher: Focus entered window: 3062
03-21 14:08:40.731  2186  2186 D libEGL  : eglInitialize EGLDisplay = 0xbeafd464
03-21 14:08:40.731  2186  2186 D libEGL  : eglTerminate EGLDisplay = 0xbeafd4c4
03-21 14:08:40.736  2622  2857 D PointerIcon: setMouseIconStyle1 pointerType: 1001 iconType:101 flag:0 pid:2622 uid:1000
03-21 14:08:40.736  2622  2857 D PointerIcon: setMouseCustomIcon IconType is same.101
03-21 14:08:40.766  3062  3062 D KeyguardEffectViewController: updateWindowFocusChanged : true
03-21 14:08:40.766  3062  3062 D KeyguardEffectViewController: mOnPauseFromScreenOffMemo : false
03-21 14:08:40.766  2186  2186 D libEGL  : eglInitialize EGLDisplay = 0xbeafd464
03-21 14:08:40.781  2186  2186 D libEGL  : eglInitialize EGLDisplay = 0xbeafd464
03-21 14:08:40.796  2622  2973 D InputReader: Input event(1): value=0 when=2826009313000
03-21 14:08:40.796  2622  2973 D InputReader: Input event(1): value=0 when=2826009313000
03-21 14:08:40.796  2622  2973 I InputReader: Touch event's action is 0x1 (deviceType=0) [pCnt=1, s=] when=2826009313000
03-21 14:08:40.801  2622  2972 I InputDispatcher: Delivering touch to (3062): action: 0x1, toolType: 1
03-21 14:08:40.801  3062  3062 D ViewRootImpl: ViewPostImeInputStage processPointer 1
03-21 14:08:40.801  3062  3062 D PhoneStatusBar: Touch: rawY=656.4871 event=MotionEvent { action=ACTION_UP, actionButton=0, id[0]=0, x[0]=338.52982, y[0]=656.4871, toolType[0]=TOOL_TYPE_FINGER, buttonState=0, metaState=0, flags=0x0, edgeFlags=0x0, pointerCount=1, historySize=0, eventTime=2826009, downTime=2825866, deviceId=1, source=0x1002 } mDisabled1=0 mDisabled2=0 mTracking=false
03-21 14:08:40.821  3062  3062 D StatusBar.BrightnessController: setListening  = true
03-21 14:08:40.856 14332 14336 W libc    : It seems that pthread_join() is not invoked or PTHREAD_ATTR_FLAG_DETACHED is not set.
03-21 14:08:40.856 14332 14336 W libc    :     pthread tid          : 14336
03-21 14:08:40.856 14332 14335 W libc    : It seems that pthread_join() is not invoked or PTHREAD_ATTR_FLAG_DETACHED is not set.
03-21 14:08:40.856 14332 14336 W libc    :     pthread start_routine: 0xb697ed45
03-21 14:08:40.856 14332 14335 W libc    :     pthread tid          : 14335
03-21 14:08:40.856 14332 14335 W libc    :     pthread start_routine: 0xb697ed45
03-21 14:08:41.171  2186 13207 I display : [PrimaryDisplay] [DYNAMIC_RECOMP] HWC_2_GLES by low FPS(0)
03-21 14:08:41.346  2189  2220 D DataRouter: After the usb select
03-21 14:08:41.346  2189  2220 D DataRouter: read usb data[len:1]
03-21 14:08:41.346  2189  2220 D DataRouter: read usb data message:A
03-21 14:08:41.346  2189  2220 D DataRouter: Before the usb select
03-21 14:08:41.346  2189  2220 D DataRouter: After the usb select
03-21 14:08:41.346  2189  2220 D DataRouter: read usb data[len:1]
03-21 14:08:41.346  2189  2220 D DataRouter: read usb data message:T
03-21 14:08:41.346  2189  2220 D DataRouter: Before the usb select
03-21 14:08:41.346  2189  2220 D DataRouter: After the usb select
03-21 14:08:41.346  2189  2220 D DataRouter: read usb data[len:1]
03-21 14:08:41.346  2189  2220 D DataRouter: read usb data message:+
03-21 14:08:41.346  2189  2220 D DataRouter: Before the usb select
03-21 14:08:41.346  2189  2220 D DataRouter: After the usb select
03-21 14:08:41.346  2189  2220 D DataRouter: read usb data[len:1]
03-21 14:08:41.346  2189  2220 D DataRouter: read usb data message:C
03-21 14:08:41.346  2189  2220 D DataRouter: Before the usb select
03-21 14:08:41.351  2189  2220 D DataRouter: After the usb select
03-21 14:08:41.351  2189  2220 D DataRouter: read usb data[len:1]
03-21 14:08:41.351  2189  2220 D DataRouter: read usb data message:G
03-21 14:08:41.351  2189  2220 D DataRouter: Before the usb select
03-21 14:08:41.351  2189  2220 D DataRouter: After the usb select
03-21 14:08:41.351  2189  2220 D DataRouter: read usb data[len:1]
03-21 14:08:41.351  2189  2220 D DataRouter: read usb data message:M
03-21 14:08:41.351  2189  2220 D DataRouter: Before the usb select
03-21 14:08:41.351  2189  2220 D DataRouter: After the usb select
03-21 14:08:41.351  2189  2220 D DataRouter: read usb data[len:1]
03-21 14:08:41.351  2189  2220 D DataRouter: read usb data message:R
03-21 14:08:41.351  2189  2220 D DataRouter: Before the usb select
03-21 14:08:41.351  2189  2220 D DataRouter: After the usb select
03-21 14:08:41.351  2189  2220 D DataRouter: read usb data[len:1]
03-21 14:08:41.351  2189  2220 D DataRouter: read usb data message:
03-21 14:08:41.351  2189  2220 D DataRouter: Before the usb select
03-21 14:08:41.456  2189  2933 D DataRouter: write [24] bytes of data to USB fd[8]
03-21 14:08:41.456  2189  2220 D DataRouter: After the usb select
03-21 14:08:41.456  2189  2220 D DataRouter: read usb data[len:1]
03-21 14:08:41.456  2189  2220 D DataRouter: read usb data message:A
03-21 14:08:41.456  2189  2220 D DataRouter: Before the usb select
03-21 14:08:41.456  2189  2220 D DataRouter: After the usb select
03-21 14:08:41.456  2189  2220 D DataRouter: read usb data[len:1]
03-21 14:08:41.456  2189  2220 D DataRouter: read usb data message:T
03-21 14:08:41.456  2189  2220 D DataRouter: Before the usb select
03-21 14:08:41.456  2189  2220 D DataRouter: After the usb select
03-21 14:08:41.456  2189  2220 D DataRouter: read usb data[len:1]
03-21 14:08:41.456  2189  2220 D DataRouter: read usb data message:+
03-21 14:08:41.456  2189  2220 D DataRouter: Before the usb select
03-21 14:08:41.456  2189  2220 D DataRouter: After the usb select
03-21 14:08:41.456  2189  2220 D DataRouter: read usb data[len:1]
03-21 14:08:41.456  2189  2220 D DataRouter: read usb data message:C
03-21 14:08:41.456  2189  2220 D DataRouter: Before the usb select
03-21 14:08:41.461  2189  2220 D DataRouter: After the usb select
03-21 14:08:41.461  2189  2220 D DataRouter: read usb data[len:1]
03-21 14:08:41.461  2189  2220 D DataRouter: read usb data message:G
03-21 14:08:41.461  2189  2220 D DataRouter: Before the usb select
03-21 14:08:41.461  2189  2220 D DataRouter: After the usb select
03-21 14:08:41.461  2189  2220 D DataRouter: read usb data[len:1]
03-21 14:08:41.461  2189  2220 D DataRouter: read usb data message:S
03-21 14:08:41.461  2189  2220 D DataRouter: Before the usb select
03-21 14:08:41.461  2189  2220 D DataRouter: After the usb select
03-21 14:08:41.461  2189  2220 D DataRouter: read usb data[len:1]
03-21 14:08:41.461  2189  2220 D DataRouter: read usb data message:N
03-21 14:08:41.461  2189  2220 D DataRouter: Before the usb select
03-21 14:08:41.461  2189  2220 D DataRouter: After the usb select
03-21 14:08:41.461  2189  2220 D DataRouter: read usb data[len:1]
03-21 14:08:41.461  2189  2220 D DataRouter: read usb data message:
03-21 14:08:41.461  2189  2220 D DataRouter: Before the usb select
03-21 14:08:41.571  2189  2933 D DataRouter: write [60] bytes of data to USB fd[8]
03-21 14:08:41.571  2189  2220 D DataRouter: After the usb select
03-21 14:08:41.571  2189  2220 D DataRouter: read usb data[len:1]
03-21 14:08:41.571  2189  2220 D DataRouter: read usb data message:A
03-21 14:08:41.571  2189  2220 D DataRouter: Before the usb select
03-21 14:08:41.571  2189  2220 D DataRouter: After the usb select
03-21 14:08:41.571  2189  2220 D DataRouter: read usb data[len:1]
03-21 14:08:41.571  2189  2220 D DataRouter: read usb data message:T
03-21 14:08:41.571  2189  2220 D DataRouter: Before the usb select
03-21 14:08:41.571  2189  2220 D DataRouter: After the usb select
03-21 14:08:41.571  2189  2220 D DataRouter: read usb data[len:1]
03-21 14:08:41.571  2189  2220 D DataRouter: read usb data message:I
03-21 14:08:41.571  2189  2220 D DataRouter: Before the usb select
03-21 14:08:41.571  2189  2220 D DataRouter: After the usb select
03-21 14:08:41.571  2189  2220 D DataRouter: read usb data[len:1]
03-21 14:08:41.571  2189  2220 D DataRouter: read usb data message:
03-21 14:08:41.571  2189  2220 D DataRouter: Before the usb select
03-21 14:08:41.601  2622  2973 D InputReader: Input event(1): value=1 when=2826809980000
03-21 14:08:41.601  2622  2973 D InputReader: Input event(1): value=1 when=2826809980000
03-21 14:08:41.601  2622  2973 I InputReader: Touch event's action is 0x0 (deviceType=0) [pCnt=1, s=0.452 ] when=2826809980000
03-21 14:08:41.601  2622  2973 D InputReader: lastThreadEndTime = 2826009705706, currentThreadStartTime = 2826009711129, diff = 0
03-21 14:08:41.601  2622  2972 I InputDispatcher: Delivering touch to (3062): action: 0x0, toolType: 1
03-21 14:08:41.601  3062  3062 D ViewRootImpl: ViewPostImeInputStage processPointer 0
03-21 14:08:41.601  2622  3112 D SecContentProvider: query(), uri = 17 selection = isStatusBarExpansionallowedAsUser
03-21 14:08:41.676  2189  2933 D DataRouter: write [24] bytes of data to USB fd[8]
03-21 14:08:41.676  2189  2220 D DataRouter: After the usb select
03-21 14:08:41.676  2189  2220 D DataRouter: read usb data[len:1]
03-21 14:08:41.676  2189  2220 D DataRouter: read usb data message:A
03-21 14:08:41.676  2189  2220 D DataRouter: Before the usb select
03-21 14:08:41.676  2189  2220 D DataRouter: After the usb select
03-21 14:08:41.676  2189  2220 D DataRouter: read usb data[len:1]
03-21 14:08:41.676  2189  2220 D DataRouter: read usb data message:T
03-21 14:08:41.676  2189  2220 D DataRouter: Before the usb select
03-21 14:08:41.681  2189  2220 D DataRouter: After the usb select
03-21 14:08:41.681  2189  2220 D DataRouter: read usb data[len:1]
03-21 14:08:41.681  2189  2220 D DataRouter: read usb data message:*
03-21 14:08:41.681  2189  2220 D DataRouter: Before the usb select
03-21 14:08:41.681  2189  2220 D DataRouter: After the usb select
03-21 14:08:41.681  2189  2220 D DataRouter: read usb data[len:1]
03-21 14:08:41.681  2189  2220 D DataRouter: read usb data message:C
03-21 14:08:41.681  2189  2220 D DataRouter: Before the usb select
03-21 14:08:41.681  2189  2220 D DataRouter: After the usb select
03-21 14:08:41.681  2189  2220 D DataRouter: read usb data[len:1]
03-21 14:08:41.681  2189  2220 D DataRouter: read usb data message:N
03-21 14:08:41.681  2189  2220 D DataRouter: Before the usb select
03-21 14:08:41.681  2189  2220 D DataRouter: After the usb select
03-21 14:08:41.681  2189  2220 D DataRouter: read usb data[len:1]
03-21 14:08:41.681  2189  2220 D DataRouter: read usb data message:T
03-21 14:08:41.681  2189  2220 D DataRouter: Before the usb select
03-21 14:08:41.681  2189  2220 D DataRouter: After the usb select
03-21 14:08:41.681  2189  2220 D DataRouter: read usb data[len:1]
03-21 14:08:41.681  2189  2220 D DataRouter: read usb data message:I
03-21 14:08:41.681  2189  2220 D DataRouter: Before the usb select
03-21 14:08:41.686  2189  2220 D DataRouter: After the usb select
03-21 14:08:41.686  2189  2220 D DataRouter: read usb data[len:1]
03-21 14:08:41.686  2189  2220 D DataRouter: read usb data message:=
03-21 14:08:41.686  2189  2220 D DataRouter: Before the usb select
03-21 14:08:41.686  2189  2220 D DataRouter: After the usb select
03-21 14:08:41.686  2189  2220 D DataRouter: read usb data[len:1]
03-21 14:08:41.686  2189  2220 D DataRouter: read usb data message:2
03-21 14:08:41.686  2189  2220 D DataRouter: Before the usb select
03-21 14:08:41.686  2189  2220 D DataRouter: After the usb select
03-21 14:08:41.686  2189  2220 D DataRouter: read usb data[len:1]
03-21 14:08:41.686  2189  2220 D DataRouter: read usb data message:
03-21 14:08:41.686  2189  2220 D DataRouter: Before the usb select
03-21 14:08:41.721  2186  2186 I display : [PrimaryDisplay] [DYNAMIC_RECOMP] first frame after HWC_2_GLES
03-21 14:08:41.721  2186  2186 I display : [PrimaryDisplay] [DYNAMIC_RECOMP] GLES_2_HWC by high FPS(5)
03-21 14:08:41.791  2189  2933 D DataRouter: write [37] bytes of data to USB fd[8]
03-21 14:08:41.791  2189  2220 D DataRouter: After the usb select
03-21 14:08:41.791  2189  2220 D DataRouter: read usb data[len:1]
03-21 14:08:41.791  2189  2220 D DataRouter: read usb data message:A
03-21 14:08:41.791  2189  2220 D DataRouter: Before the usb select
03-21 14:08:41.791  2189  2220 D DataRouter: After the usb select
03-21 14:08:41.791  2189  2220 D DataRouter: read usb data[len:1]
03-21 14:08:41.791  2189  2220 D DataRouter: read usb data message:T
03-21 14:08:41.791  2189  2220 D DataRouter: Before the usb select
03-21 14:08:41.791  2189  2220 D DataRouter: After the usb select
03-21 14:08:41.791  2189  2220 D DataRouter: read usb data[len:1]
03-21 14:08:41.791  2189  2220 D DataRouter: read usb data message:+
03-21 14:08:41.791  2189  2220 D DataRouter: Before the usb select
03-21 14:08:41.796  2189  2220 D DataRouter: After the usb select
03-21 14:08:41.796  2189  2220 D DataRouter: read usb data[len:1]
03-21 14:08:41.796  2189  2220 D DataRouter: read usb data message:C
03-21 14:08:41.796  2189  2220 D DataRouter: Before the usb select
03-21 14:08:41.796  2189  2220 D DataRouter: After the usb select
03-21 14:08:41.796  2189  2220 D DataRouter: read usb data[len:1]
03-21 14:08:41.796  2189  2220 D DataRouter: read usb data message:G
03-21 14:08:41.796  2189  2220 D DataRouter: Before the usb select
03-21 14:08:41.796  2189  2220 D DataRouter: After the usb select
03-21 14:08:41.796  2189  2220 D DataRouter: read usb data[len:1]
03-21 14:08:41.796  2189  2220 D DataRouter: read usb data message:D
03-21 14:08:41.796  2189  2220 D DataRouter: Before the usb select
03-21 14:08:41.796  2189  2220 D DataRouter: After the usb select
03-21 14:08:41.796  2189  2220 D DataRouter: read usb data[len:1]
03-21 14:08:41.796  2189  2220 D DataRouter: read usb data message:C
03-21 14:08:41.796  2189  2220 D DataRouter: Before the usb select
03-21 14:08:41.801  2189  2220 D DataRouter: After the usb select
03-21 14:08:41.801  2189  2220 D DataRouter: read usb data[len:1]
03-21 14:08:41.801  2189  2220 D DataRouter: read usb data message:O
03-21 14:08:41.801  2189  2220 D DataRouter: Before the usb select
03-21 14:08:41.801  2189  2220 D DataRouter: After the usb select
03-21 14:08:41.801  2189  2220 D DataRouter: read usb data[len:1]
03-21 14:08:41.801  2189  2220 D DataRouter: read usb data message:N
03-21 14:08:41.801  2189  2220 D DataRouter: Before the usb select
03-21 14:08:41.801  2189  2220 D DataRouter: After the usb select
03-21 14:08:41.801  2189  2220 D DataRouter: read usb data[len:1]
03-21 14:08:41.801  2189  2220 D DataRouter: read usb data message:T
03-21 14:08:41.801  2189  2220 D DataRouter: Before the usb select
03-21 14:08:41.801  2189  2220 D DataRouter: After the usb select
03-21 14:08:41.801  2189  2220 D DataRouter: read usb data[len:1]
03-21 14:08:41.801  2189  2220 D DataRouter: read usb data message:=
03-21 14:08:41.801  2189  2220 D DataRouter: Before the usb select
03-21 14:08:41.806  2189  2220 D DataRouter: After the usb select
03-21 14:08:41.806  2189  2220 D DataRouter: read usb data[len:1]
03-21 14:08:41.806  2189  2220 D DataRouter: read usb data message:?
03-21 14:08:41.806  2189  2220 D DataRouter: Before the usb select
03-21 14:08:41.806  2189  2220 D DataRouter: After the usb select
03-21 14:08:41.806  2189  2220 D DataRouter: read usb data[len:1]
03-21 14:08:41.806  2189  2220 D DataRouter: read usb data message:
03-21 14:08:41.806  2189  2220 D DataRouter: Before the usb select
03-21 14:08:41.846  2622  2973 D InputReader: Input event(1): value=0 when=2827059234000
03-21 14:08:41.846  2622  2973 D InputReader: Input event(1): value=0 when=2827059234000
03-21 14:08:41.846  2622  2973 I InputReader: Touch event's action is 0x1 (deviceType=0) [pCnt=1, s=] when=2827059234000
03-21 14:08:41.846  2622  2972 I InputDispatcher: Delivering touch to (3062): action: 0x1, toolType: 1
03-21 14:08:41.851  3062  3062 D ViewRootImpl: ViewPostImeInputStage processPointer 1
03-21 14:08:41.856  3062  3062 D PanelView: mShouldContainerFixed = false
03-21 14:08:41.921  3062  3062 D StatusBar-Window: fnf=true sanc=false, kni=false, sbf=true
03-21 14:08:41.921  3062  3062 D CoverUI : applyFocusableFlag() : Remove SAMSUNG_FLAG_SVIEW_COVER
03-21 14:08:41.921  3062  3062 D StatusBarWindowManager: forceCollapsed : false isKeyguardShowingAndNotOccluded() : false panelVisible : true keyguardFadingAway : false bouncerShowing : false headsUpShowing : false
03-21 14:08:41.921  3062  3062 D CoverUI : applyHeight h = -1, oc = false, fa = false, ac = false, sc = false
03-21 14:08:41.936  2622  4348 D InputDispatcher: Focus left window: 3062
03-21 14:08:41.936  2622  4348 D InputDispatcher: Focus entered window: 3327
03-21 14:08:41.936  2622  2857 D PointerIcon: setMouseIconStyle1 pointerType: 1001 iconType:101 flag:0 pid:2622 uid:1000
03-21 14:08:41.936  2622  2857 D PointerIcon: setMouseCustomIcon IconType is same.101
03-21 14:08:41.941  2622  3720 D InputMethodManagerService: windowGainedFocus mCurrentFocusedUserId - 0 and mSecureKeypadEnabled-false
03-21 14:08:41.941  3062  3062 D KeyguardEffectViewController: updateWindowFocusChanged : false
03-21 14:08:41.941  3062  3062 D KeyguardEffectViewController: mOnPauseFromScreenOffMemo : false
03-21 14:08:41.946  3062  3062 D StatusBar.BrightnessController: setListening  = false
03-21 14:08:41.946  3062  3062 D PhoneStatusBar: makeExpandedInvisible: mExpandedVisible=true, state = 0
03-21 14:08:41.946  3062  3062 D PanelView: updateQsState
03-21 14:08:41.946  3062  3062 D KeyguardSwipeHelper: reset()
03-21 14:08:41.946  3062  3062 D KeyguardUnlockEventHandler: reset()
03-21 14:08:41.946  3062  3062 D KeyguardSwipeHelper: resetChildViewVI()
03-21 14:08:41.951  3062  3062 D StatusBar-Window: fnf=true sanc=false, kni=false, sbf=false
03-21 14:08:41.951  3062  3062 D CoverUI : applyFocusableFlag() : Remove SAMSUNG_FLAG_SVIEW_COVER
03-21 14:08:41.951  3062  3062 D StatusBarWindowManager: forceCollapsed : false isKeyguardShowingAndNotOccluded() : false panelVisible : false keyguardFadingAway : false bouncerShowing : false headsUpShowing : false
03-21 14:08:41.951  3062  3062 D CoverUI : applyHeight h = 48, oc = false, fa = false, ac = false, sc = false
03-21 14:08:41.951  3062  3062 D StatusBar-Window: fnf=true sanc=false, kni=false, sbf=false
03-21 14:08:41.951  3062  3062 D CoverUI : applyFocusableFlag() : Remove SAMSUNG_FLAG_SVIEW_COVER
03-21 14:08:41.951  3062  3062 D StatusBarWindowManager: forceCollapsed : false isKeyguardShowingAndNotOccluded() : false panelVisible : false keyguardFadingAway : false bouncerShowing : false headsUpShowing : false
03-21 14:08:41.951  3062  3062 D CoverUI : applyHeight h = 48, oc = false, fa = false, ac = false, sc = false
03-21 14:08:41.981  2186  2873 D libEGL  : eglTerminate EGLDisplay = 0xb3a7f624
03-21 14:08:41.981  2186  2873 D libEGL  : eglTerminate EGLDisplay = 0xb3a7f624
03-21 14:08:41.981  3062  3297 D mali_winsys: new_window_surface returns 0x3000,  [720x48]-format:1
03-21 14:08:41.986  3062  3062 D KeyguardEffectViewController: onLayoutChange() v: com.android.keyguard.effect.EffectBehindView{a1f6f23 I.E...... ......ID 0,0-720,48 #7f0e03c2 app:id/keyguard_effect_behind}, bottom : 48, oldBottom : 1280
03-21 14:08:41.986  3062  3062 D KeyguardEffectViewController: mShowing=false, mOccluded=false, mKeyguardFadingAway=false, match_parent=false
03-21 14:08:41.986  3062  3062 D ScrollView:  onsize change changed 
03-21 14:08:41.986  3062  3062 I PanelView: Delayed setQsExpansion
03-21 14:08:42.006  2186  2186 D libEGL  : eglInitialize EGLDisplay = 0xbeafd464
03-21 14:08:42.006  2186  2186 D libEGL  : eglTerminate EGLDisplay = 0xbeafd4c4
03-21 14:08:42.021  2186  2186 D libEGL  : eglInitialize EGLDisplay = 0xbeafd464
03-21 14:08:42.266 14332 14332 I dex2oat : ----------------------------------------------------
03-21 14:08:42.266 14332 14332 I dex2oat : <SS>: S T A R T I N G . . .
03-21 14:08:42.266 14332 14332 D dex2oat : <SS>: apk not found at 
03-21 14:08:42.266 14332 14332 D dex2oat : <SS>: trying at /data/app/vmdl698524007.tmp/base.apk
03-21 14:08:42.266 14332 14332 I dex2oat : <SS>: going to process manifest for 32-bit...
03-21 14:08:42.271  2186 13207 I display : [PrimaryDisplay] [DYNAMIC_RECOMP] HWC_2_GLES by low FPS(4)
03-21 14:08:42.276 14332 14332 I         : SS_ART_lib [I]: permission is absent: /data/app/vmdl698524007.tmp/base.apk
03-21 14:08:42.276 14332 14332 I         : SS_ART_lib [I]: access to SS denied
03-21 14:08:42.276 14332 14332 I dex2oat : Finish SS_ART_lib()
03-21 14:08:42.281 14332 14332 I dex2oat : dex2oat took 3.932s (threads: 4) arena alloc=932KB java alloc=3MB native alloc=16MB free=3MB
03-21 14:08:42.316  2622  2879 W SELinux : SELinux: set fc_digest(/data/app/com.iitb.wicroft-2)
03-21 14:08:42.316  2622  2879 D PackageManager: replacePackageLI
03-21 14:08:42.316  2622  2879 I PackageManager: !@  calling am.removeDeletedPkgsFromLru from PMS
03-21 14:08:42.316  2622  2879 D ActivityManager: removeDeletedPkgsFromLruStats called in AMS...com.iitb.wicroft
03-21 14:08:42.316  2622  2879 D PackageManager: !@killApplicatoin: 10123, uninstall pkg
03-21 14:08:42.316  2622  2879 I PackageManager: !@  calling am.removeDeletedPkgsFromLru from PMS
03-21 14:08:42.316  2622  2879 D ActivityManager: removeDeletedPkgsFromLruStats called in AMS...com.iitb.wicroft
03-21 14:08:42.316  2622  2827 I PersonaManager: mKnoxInfo is empty
03-21 14:08:42.316  2622  2827 D ActivityManager: removeProcessNameLocked mProcessNames.remove pid=8699 ,hash=70370315 ,name=com.iitb.wicroft
03-21 14:08:42.326  2622  2622 W CoverManager: getCoverState : This device is not supported cover
03-21 14:08:42.326  2622  2622 D EdgeLight: Turning off
03-21 14:08:42.331  3062  3062 D NotificationStackScrollLayout:  scroll range should be extended : 708
03-21 14:08:42.636  2622  2879 W System.err: remove failed: ENOENT (No such file or directory) : /data/system/packages.xml.bak
03-21 14:08:42.751  2622  2879 W System.err: remove failed: ENOENT (No such file or directory) : /data/system/users/0/package-restrictions.xml.bak
03-21 14:08:42.751  3062  3062 D PhoneStatusBar: removeNotification key=0|com.iitb.wicroft|11111|null|10123 old=StatusBarNotification(pkg=com.iitb.wicroft user=UserHandle{0} id=11111 tag=null score=0 key=0|com.iitb.wicroft|11111|null|10123: Notification(pri=0 contentView=com.iitb.wicroft/0x10900a6 vibrate=null sound=null defaults=0x0 flags=0x76 color=0x00000000 appGroupKey=com.iitb.wicroft vis=PRIVATE secFlags=0x0 secPriority=0))
03-21 14:08:42.751  3062  3062 D PhoneStatusBar: setAreThereNotifications: N=1 any=true clearable=false
03-21 14:08:42.751  3062  3062 D NotificationStackScrollLayout:  scroll range should be extended : 708
03-21 14:08:42.756  2622  2879 I PackageManager: scanFileNewer : com.iitb.wicroft
03-21 14:08:42.756  2622  2879 D PackageManager: Resolved nativeLibraryRoot for com.iitb.wicroft to root=/data/app/com.iitb.wicroft-2/lib, libraryDir=/data/app/com.iitb.wicroft-2/lib/arm, isa=true
03-21 14:08:42.756  2622  2879 D PackageManager: !@killApplicatoin: 10123, replace pkg
03-21 14:08:42.756  2622  2879 D PackageManager: EAS IT Policy destCodeFile /data/app/com.iitb.wicroft-2
03-21 14:08:42.761  2622  2879 D PackageManager: New package installed
03-21 14:08:42.766  2622  2879 D AASAinstall: there is not AASApackages.xml file
03-21 14:08:42.776  2186  2186 I display : [PrimaryDisplay] [DYNAMIC_RECOMP] first frame after HWC_2_GLES
03-21 14:08:42.776  2186  2186 I display : [PrimaryDisplay] [DYNAMIC_RECOMP] GLES_2_HWC by high FPS(5)
03-21 14:08:42.796  3062  3062 D KeyguardUpdateMonitor: received broadcast android.intent.action.BATTERY_CHANGED
03-21 14:08:42.796  3062  3062 D KeyguardUpdateMonitor: handleBatteryUpdate
03-21 14:08:42.801  3493  3493 D CommonServiceConfiguration: getStringValueSetting
03-21 14:08:42.806  3493  3493 D BatteryMonitor: new battery level: 87
03-21 14:08:43.076  2186 13207 I display : [PrimaryDisplay] [DYNAMIC_RECOMP] HWC_2_GLES by low FPS(3)
03-21 14:08:43.076  2622  2879 W System.err: remove failed: ENOENT (No such file or directory) : /data/system/packages.xml.bak
03-21 14:08:43.161  2622  2879 W System.err: remove failed: ENOENT (No such file or directory) : /data/system/users/0/package-restrictions.xml.bak
03-21 14:08:43.161  2622  2879 I PackageManager: enforceEDMPermissionLI
03-21 14:08:43.166  2622 14337 I HarmonyEASService: Updating for all 1
03-21 14:08:43.166  2622  2879 D SecureStorageService: apk path=/data/app/com.iitb.wicroft-2/base.apk
03-21 14:08:43.166  2622  2879 D SecureStorageService: uid=10123
03-21 14:08:43.166  2622  2879 D SecureStorageService: abi=32
03-21 14:08:43.166  2622  2879 D SecureStorageService: type=dex
03-21 14:08:43.256 14341 14341 I         : SS_ART_lib [I]: permission is absent: /data/app/com.iitb.wicroft-2/base.apk
03-21 14:08:43.256 14341 14341 I         : SS_ART_lib [I]: access to SS denied
03-21 14:08:43.256  2622  2879 E SecureStorageService: Process failed status=0x0200
03-21 14:08:43.256  2622  2879 W PackageManager: Can't sign the dex file!
03-21 14:08:43.256  2622  2879 D PackageManager: doPostInstall for uid{10123}
03-21 14:08:43.271  2622  2879 D PackageManager: [MSG] MCS_UNBIND
03-21 14:08:43.276  2186  2186 I display : [PrimaryDisplay] [DYNAMIC_RECOMP] first frame after HWC_2_GLES
03-21 14:08:43.276  2186  2186 I display : [PrimaryDisplay] [DYNAMIC_RECOMP] GLES_2_HWC by high FPS(5)
03-21 14:08:43.276  2622  2879 D PackageManager: [MSG] POST_INSTALL: observer{19769999}
03-21 14:08:43.276  2622  2879 D PackageManager:           Handling post-install for 1
03-21 14:08:43.286  2622  2879 W PackageManager: Couldn't remove dex file for package:  at location /data/app/com.iitb.wicroft-1/base.apk, retcode=-1
03-21 14:08:43.286  2622  2879 W Settings: Setting install_non_market_apps has moved from android.provider.Settings.Global to android.provider.Settings.Secure, returning read-only value.
03-21 14:08:43.286  2622  2879 I art     : Starting a blocking GC Explicit
03-21 14:08:43.501  2622  2879 I art     : Explicit concurrent mark sweep GC freed 189035(9MB) AllocSpace objects, 47(1460KB) LOS objects, 33% free, 29MB/44MB, paused 3.238ms total 213.477ms
03-21 14:08:43.501  2622  2879 D PackageManager: result of install: 1{19769999}
03-21 14:08:43.506 14313 14313 I art     : System.exit called, status: 0
03-21 14:08:43.506 14313 14313 I AndroidRuntime: VM exiting with result code 0.
03-21 14:08:43.541  2622  2622 I HarmonyEASService: onReceive : android.intent.action.PACKAGE_REMOVED for 0
03-21 14:08:43.546  2622  2622 D UniversalCredentialManagerService: inside mPkgReciever onReceive : android.intent.action.PACKAGE_REMOVED
03-21 14:08:43.546  2622  2622 D UniversalCredentialManagerService: ACTION_PACKAGE_REMOVED is called....
03-21 14:08:43.546  2622  2622 I OTPFW   : PackageRemovalReceiver::onReceive Enter
03-21 14:08:43.551  2622  2622 D UniversalCredentialManagerService: ****MSG_CLEAN_INFO block started****
03-21 14:08:43.551  2622  2622 D UniversalCredentialManagerService: uid - 10123, userId-0
03-21 14:08:43.551  2622  2622 D UniversalCredentialManagerService: notifyChangeToPlugin is called for package uninstalled...
03-21 14:08:43.551  2622  2622 D UcmService: notifyChangeToPlugin event 12
03-21 14:08:43.551  2622  2622 D UcmService: checkCallerPermissionFor is called for method-notifyChangeToPlugin
03-21 14:08:43.551  2622  2622 I UcmService: checkIfNotify for cs Name = com.samsung.ucs.agent.boot:com.samsung.ucs.agent.boot Package name = com.samsung.ucs.agent.boot
03-21 14:08:43.551  2622  2622 D UcmService: notifying to unmanaged plugin
03-21 14:08:43.551  3942  3956 D BootAgentService: notifyChange eventId-12
03-21 14:08:43.551  2622  2622 D UcmService: agentService com.samsung.ucs.agent.boot:com.samsung.ucs.agent.boot notify status - -1
03-21 14:08:43.551  2622  2622 D UcmService: agentService status--1
03-21 14:08:43.551  2622  2622 I UcmService: checkIfNotify for cs Name = com.sec.smartcard.manager:com.samsung.ucs.agent.baiMobile Package name = com.sec.smartcard.manager
03-21 14:08:43.551  2622  2622 D UcmService: notifying to unmanaged plugin
03-21 14:08:43.551  3930  3940 E ucsBai_agentService: notifyChange NOT SUPPORTED
03-21 14:08:43.551  2622  2622 D UcmService: agentService com.sec.smartcard.manager:com.samsung.ucs.agent.baiMobile notify status - 0
03-21 14:08:43.551  2622  2622 D UcmService: agentService status-0
03-21 14:08:43.551  2622  2622 D UniversalCredentialManagerService: ****MSG_CLEAN_INFO block ended****
03-21 14:08:43.551  2622  2622 D UcmService: onReceive android.intent.action.PACKAGE_REMOVED
03-21 14:08:43.551  2622  2622 D UcmService: Package update in userId-0 and uid-10123
03-21 14:08:43.556  3062  3062 D ShortcutManager: onReceive : android.intent.action.PACKAGE_REMOVED
03-21 14:08:43.556  2622  2622 V EnterpriseBillingAsyncHandler: packageModificationReceiver - onreceive - start - android.intent.action.PACKAGE_REMOVED
03-21 14:08:43.566  2622  3024 D UcmService: *****refreshAgentList userId-0 is called***
03-21 14:08:43.566  2622  3024 D UcmService: resolveAllowedAgents for user 0
03-21 14:08:43.566  2622  3024 D UcmService: found com.sec.smartcard.manager
03-21 14:08:43.566  2622  3024 D UcmService: found com.samsung.ucs.agent.boot
03-21 14:08:43.566  2622  3024 D UcmService: mPersistentServices size is 2
03-21 14:08:43.566  2622  3024 D UcmService: -------Processing started for agentPackageName----- -com.sec.smartcard.manager
03-21 14:08:43.566  2622  3024 D UcmService:   agentPackageName -com.sec.smartcard.manager is an active plugin
03-21 14:08:43.566  2622  3024 D UcmService:   Check if caller has UCS Plugin permission...
03-21 14:08:43.566  2622  3024 D UcmService:   Agent has UCS PLUGIN permission. Processing further...
03-21 14:08:43.566  2622  3024 D UcmService: -------Processing started for agentPackageName----- -com.samsung.ucs.agent.boot
03-21 14:08:43.566  2622  3024 D UcmService:   agentPackageName -com.samsung.ucs.agent.boot is an active plugin
03-21 14:08:43.566  2622  3024 D UcmService:   Check if caller has UCS Plugin permission...
03-21 14:08:43.566  2622  3024 D UcmService:   Agent has UCS PLUGIN permission. Processing further...
03-21 14:08:43.566  2622  3024 D UcmService:   agentPackageName com.samsung.ucs.agent.boot is system storage. Checking system signature
03-21 14:08:43.566  2622  3024 D UcmService:   Signature match
03-21 14:08:43.566  2622  3024 D UcmService:   Valid system storage found is com.samsung.ucs.agent.boot
03-21 14:08:43.566  2622  2973 I InputReader: Reconfiguring input devices.  changes=0x00000010
03-21 14:08:43.576  2186 13207 I display : [PrimaryDisplay] [DYNAMIC_RECOMP] HWC_2_GLES by low FPS(0)
03-21 14:08:43.576  2622  3038 V EnterpriseBillingPolicyInternal: packageModification -  start - android.intent.action.PACKAGE_REMOVED
03-21 14:08:43.576  2622  3024 D UcmService: readPersistentServicesLocked is called...
03-21 14:08:43.581  2622  3024 D UcmService: PersistentServices  key-com.sec.smartcard.manager:com.samsung.ucs.agent.baiMobile
03-21 14:08:43.581  2622  3024 D UcmService: PersistentServices  value-10042
03-21 14:08:43.581  2622  3024 D UcmService: PersistentServices  key-com.samsung.ucs.agent.boot:com.samsung.ucs.agent.boot
03-21 14:08:43.581  2622  3024 D UcmService: PersistentServices  value-1000
03-21 14:08:43.581  5463  5463 W BeaconManager: AppControlManager.mPackageReceiver - Intent { act=android.intent.action.PACKAGE_REMOVED dat=package:com.iitb.wicroft flg=0x4000010 bqHint=4 (has extras) }
03-21 14:08:43.581  2622  3038 V EnterpriseBillingPolicyInternal: uID is 10123
03-21 14:08:43.581  2622  3038 V EnterpriseBillingPolicyInternal: Removed Packageuid is0
03-21 14:08:43.586  5463  5463 I BeaconManager: AppControlManager.mAppControlHandler - handleMessage msg what :2
03-21 14:08:43.586  2622  3038 V EnterpriseBillingPolicyStorage: getProfileForApplication - enter
03-21 14:08:43.586  3493  3613 D PresenceModule: onReceive: package removed
03-21 14:08:43.591  5463  5463 W BeaconManager: AppControlManager.handleAddRemovePackage - Intent { act=android.intent.action.PACKAGE_REMOVED dat=package:com.iitb.wicroft flg=0x4000010 bqHint=4 (has extras) }
03-21 14:08:43.591  5463  5463 D BeaconManager: AppControlManager.handleAddRemovePackage - not handled add/remove package
03-21 14:08:43.591  2622  3038 V EnterpriseBillingPolicyStorage: getProfileForApplication - exit null : containerId = 0
03-21 14:08:43.591  2622  3038 V EnterpriseBillingPolicyInternal: packageModificationReceiver - onreceive - personal application - profile null
03-21 14:08:43.591 13735 13778 I SystemBroadcastReceiver: [#CMH#] Received broadcast 
03-21 14:08:43.596 13735 13778 I ControllerEventHandler: [#CMH#] onPackageRemoved  null
03-21 14:08:43.596 13735 13778 I SystemBroadcastReceiver: [#CMH#] onReceive completed 
03-21 14:08:43.606  6229  6229 I KLMS-2.7.231: : KLMSAbstractReciever(): onReceive(): Intent { act=android.intent.action.PACKAGE_REMOVED dat=package:com.iitb.wicroft flg=0x4000010 cmp=com.samsung.klmsagent/.listner.MainReciver bqHint=4 (has extras) } | timestamp: Tue Mar 21 14:08:43 GMT+05:30 2017
03-21 14:08:43.616  3493  3613 D PresenceModule: handleMessage: msg 50, Last Publish Info: null
03-21 14:08:43.616  3493  3613 D PresenceModule: Application package removed
03-21 14:08:43.616  3493  3613 D PresenceModule: onAppPkgRemoved: com.iitb.wicroft
03-21 14:08:43.616  3493  3613 D PresenceModule: onApplicationPackageRemoved: invalid package
03-21 14:08:43.636  5463  5463 W BeaconManager: AppControlManager.mPackageReceiver - Intent { act=android.intent.action.PACKAGE_ADDED dat=package:com.iitb.wicroft flg=0x4000010 bqHint=4 (has extras) }
03-21 14:08:43.636  5463  5463 I BeaconManager: AppControlManager.mAppControlHandler - handleMessage msg what :2
03-21 14:08:43.636  5463  5463 W BeaconManager: AppControlManager.handleAddRemovePackage - Intent { act=android.intent.action.PACKAGE_ADDED dat=package:com.iitb.wicroft flg=0x4000010 bqHint=4 (has extras) }
03-21 14:08:43.636  5463  5463 D BeaconManager: AppControlManager.handleAddRemovePackage - not handled add/remove package
03-21 14:08:43.641  3313  3313 D CarrierServiceBindHelper: Receive action: android.intent.action.PACKAGE_REMOVED
03-21 14:08:43.641  2622  2973 I InputReader: Reconfiguring input devices.  changes=0x00000010
03-21 14:08:43.641  3930  3930 D ucsBai_ConnectionManager: mPackageReceiver Action android.intent.action.PACKAGE_ADDED
03-21 14:08:43.651  2622  3722 I PersonaManager: mKnoxInfo is empty
03-21 14:08:43.651 13735 13778 I SystemBroadcastReceiver: [#CMH#] Received broadcast 
03-21 14:08:43.656 13735 13778 I ControllerEventHandler: [#CMH#] onPackageAdded  null
03-21 14:08:43.656 13735 13778 I SystemBroadcastReceiver: [#CMH#] onReceive completed 
03-21 14:08:43.656  3062  3096 I art     : Background partial concurrent mark sweep GC freed 18316(1039KB) AllocSpace objects, 3(13MB) LOS objects, 45% free, 18MB/34MB, paused 4.884ms total 114.339ms
03-21 14:08:43.656  6229  6229 I KLMS-2.7.231: : KLMSAbstractReciever(): onReceive().END.
03-21 14:08:43.661  6229  6229 I KLMS-2.7.231: : KLMSIntentService(): onCreate()
03-21 14:08:43.661  6229  6229 I KLMS-2.7.231: : KLMSSystemProperties(): getBoolean(): ro.product_ship = true
03-21 14:08:43.666  6229  6229 I KLMS-2.7.231: : KLMSUtility(): isTestMode(): product_ship: true | testApk: false
03-21 14:08:43.666  6229 14345 I KLMS-2.7.231: : KLMSIntentService(): onHandleIntent().START: Intent { act=android.intent.action.PACKAGE_REMOVED dat=package:com.iitb.wicroft flg=0x4000010 cmp=com.samsung.klmsagent/.service.KLMSIntentService bqHint=4 (has extras) }
03-21 14:08:43.666  6229 14345 D KLMS-2.7.231: : KLMSIntentService(): PACKAGE_REMOVED
03-21 14:08:43.666  6229 14345 I KLMS-2.7.231: : Systemprocess(): listeningToPackageRemoved().START
03-21 14:08:43.666  6229 14345 I KLMS-2.7.231: : Systemprocess(): listeningToPackageRemoved().END
03-21 14:08:43.666  2622  3611 I PersonaManager: mKnoxInfo is empty
03-21 14:08:43.666  6229  6229 I KLMS-2.7.231: : KLMSIntentService(): onDestroy()
03-21 14:08:43.671  2622  3111 I PersonaManager: mKnoxInfo is empty
03-21 14:08:43.706  3313  3313 D CarrierServiceBindHelper: Receive action: android.intent.action.PACKAGE_ADDED
03-21 14:08:43.706  3313  3313 D CarrierServiceBindHelper: mHandler: 3
03-21 14:08:43.706  3313  3313 D CarrierServiceBindHelper: mHandler: 3
03-21 14:08:43.776  3062  3062 D ShortcutManager: onReceive : android.intent.action.PACKAGE_REPLACED
03-21 14:08:43.776  3313  3313 D CarrierServiceBindHelper: Receive action: android.intent.action.PACKAGE_REPLACED
03-21 14:08:43.781  3313  3313 D CarrierServiceBindHelper: mHandler: 3
03-21 14:08:43.781  2622  2973 I InputReader: Reconfiguring input devices.  changes=0x00000010
03-21 14:08:43.786  3313  3313 D CarrierConfigLoader: mHandler: 9 phoneId: 0
03-21 14:08:43.791  2622  2638 I PersonaManager: mKnoxInfo is empty
03-21 14:08:43.801  2622  2822 D EnterpriseDeviceManagerService: onPackageUpdateFinished - packageName: com.iitb.wicroft, uid: 10123
03-21 14:08:43.806  2622  2822 D EnterpriseDeviceManagerService: Package has changed for user 0
03-21 14:08:43.811  2186  2186 I display : [PrimaryDisplay] [DYNAMIC_RECOMP] first frame after HWC_2_GLES
03-21 14:08:43.811  2186  2186 I display : [PrimaryDisplay] [DYNAMIC_RECOMP] GLES_2_HWC by high FPS(5)
03-21 14:08:43.821  2622  2622 D UcmService: onReceive android.intent.action.PACKAGE_ADDED
03-21 14:08:43.821  2622  2622 D UcmService: Package update in userId-0 and uid-10123
03-21 14:08:43.821  2622  2622 D UcmService: isSystemUCMPlugin pkgName-com.iitb.wicroft
03-21 14:08:43.921  2622  2622 V EnterpriseBillingAsyncHandler: packageModificationReceiver - onreceive - start - android.intent.action.PACKAGE_ADDED
03-21 14:08:43.921  2622  3038 V EnterpriseBillingPolicyInternal: packageModification -  start - android.intent.action.PACKAGE_ADDED
03-21 14:08:43.921  2622  3038 V EnterpriseBillingPolicyInternal: uID is 10123
03-21 14:08:43.921  2622  3038 V EnterpriseBillingPolicyInternal: Removed Packageuid is0
03-21 14:08:43.921  2622  3038 V EnterpriseBillingPolicyStorage: getProfileForApplication - enter
03-21 14:08:43.926  2622  3038 V EnterpriseBillingPolicyStorage: getProfileForApplication - exit null : containerId = 0
03-21 14:08:43.926  2622  3038 V EnterpriseBillingPolicyInternal: packageModificationReceiver - onreceive - personal application - profile null
03-21 14:08:43.946 14351 14351 E Zygote  : no v2
03-21 14:08:43.946 14351 14351 W SELinux : Function: selinux_compare_spd_ram, index[1], priority [2], priority version is VE=SEPF_SECMOBILE_6.0.1_0032
03-21 14:08:43.966  2622  2622 D UcmService: onReceive android.intent.action.PACKAGE_REPLACED
03-21 14:08:43.966  2622  2622 D UcmService: Package update in userId-0 and uid-10123
03-21 14:08:43.966  2622  2622 D UcmService: isUCMPlugin pkgName-com.iitb.wicroft
03-21 14:08:43.966  2622  2622 D UcmService: Updated app is not valid UCM plugin so ignoring refresh agent list....
03-21 14:08:43.971 14360 14360 E Zygote  : no v2
03-21 14:08:43.971 14360 14360 W SELinux : Function: selinux_compare_spd_ram, index[1], priority [2], priority version is VE=SEPF_SECMOBILE_6.0.1_0032
03-21 14:08:43.976 14360 14360 W SELinux : SELinux: seapp_context_lookup: seinfo=platform, level=s0:c512,c768, pkgname=com.samsung.android.asksmanager 
03-21 14:08:43.996 14351 14351 D TimaKeyStoreProvider: TimaSignature is unavailable
03-21 14:08:43.996 14351 14351 D ActivityThread: Added TimaKeyStore provider
03-21 14:08:44.021 14360 14360 D TimaKeyStoreProvider: TimaSignature is unavailable
03-21 14:08:44.021 14360 14360 D ActivityThread: Added TimaKeyStore provider
03-21 14:08:44.026 14351 14351 W System  : ClassLoader referenced unknown path: /system/priv-app/SmartManagerProvider/lib/arm
03-21 14:08:44.056 14360 14360 W System  : ClassLoader referenced unknown path: /system/priv-app/ASKSManager/lib/arm
03-21 14:08:44.076  2186 13207 I display : [PrimaryDisplay] [DYNAMIC_RECOMP] HWC_2_GLES by low FPS(0)
03-21 14:08:44.086  2622  2950 D SensorService: [SO] -0.019 0.256 9.886
03-21 14:08:44.086  2622  2950 D SensorService: [SO] [0 -> 255]
03-21 14:08:44.086 14375 14375 E Zygote  : no v2
03-21 14:08:44.086 14375 14375 W SELinux : Function: selinux_compare_spd_ram, index[1], priority [2], priority version is VE=SEPF_SECMOBILE_6.0.1_0032
03-21 14:08:44.086 13735 13787 I ReschedulableTimer: [#CMH#] ReschedulableTimer started 
03-21 14:08:44.091 14375 14375 W SELinux : SELinux: seapp_context_lookup: seinfo=samsung, level=s0:c512,c768, pkgname=com.sec.spp.push 
03-21 14:08:44.121 14375 14375 D TimaKeyStoreProvider: TimaSignature is unavailable
03-21 14:08:44.121 14375 14375 D ActivityThread: Added TimaKeyStore provider
03-21 14:08:44.151 14375 14375 W System  : ClassLoader referenced unknown path: /system/priv-app/SPPPushClient_Prod/lib/arm
03-21 14:08:44.151  3327  3327 E Launcher.Model: onPackageChanged :com.iitb.wicroft
03-21 14:08:44.151  3327  3393 D LauncherApps: getActivityList callingUid: 0 user: 0
03-21 14:08:44.166  2622  3618 I PersonaManager: mKnoxInfo is empty
03-21 14:08:44.171 14375 14375 D SPPClientService: Create
03-21 14:08:44.176  2622  3110 D PackageManager: getComponentMetadataForIconTray : com.iitb.wicroft.MainActivity does not exist in mServices
03-21 14:08:44.176  2622  3110 D PackageManager: getComponentMetadataForIconTray : com.iitb.wicroft.MainActivity does not exist in mProviders
03-21 14:08:44.176  2622  3110 D PackageManager: getComponentMetadataForIconTray : com.iitb.wicroft.MainActivity does not exist in mReceivers
03-21 14:08:44.186  3327  3393 I ApplicationPackageManager: load=NULL, bg=96-96, dr=144-144
03-21 14:08:44.196 14375 14387 D SPPClientService: Create SPP
03-21 14:08:44.196 14375 14387 E SPPClientService: ShipBuild Binary : True
03-21 14:08:44.196  3327  3393 I ApplicationPackageManager: bg rescaling before=96, after=144, dr=144
03-21 14:08:44.201  3327  3393 I ApplicationPackageManager: scaled rate=0.9808696, size=144, alpha=3, hold=26, target=144
03-21 14:08:44.201 14375 14375 E SPPClientService: [PackageInfoChangeReceiver] android.intent.action.PACKAGE_REMOVED
03-21 14:08:44.201  3327  3393 D LauncherActivityInfo: mActivityInfo.packageName = com.iitb.wicroft
03-21 14:08:44.211 14375 14375 E SPPClientService: [PackageInfoChangeReceiver] [handlePkgRemovedEvent] PackageName : com.iitb.wicroft, true, false
03-21 14:08:44.211 14375 14375 E SPPClientService: [PackageInfoChangeReceiver] [handlePkgRemovedEvent] Ignore Replacing case
03-21 14:08:44.211  3327  3393 D LauncherApps: getActivityList callingUid: 0 user: 0
03-21 14:08:44.211  3327  3393 D Launcher.MenuWidgetsLoader: packageChanged : com.iitb.wicroft
03-21 14:08:44.221 14375 14387 W System.err: remove failed: ENOENT (No such file or directory) : /data/user/0/com.sec.spp.push/files/pushLog0.txt
03-21 14:08:44.221 14375 14387 D SPPClientService: PushLog.txt file is not deleted.
03-21 14:08:44.221 14375 14387 W System.err: remove failed: ENOENT (No such file or directory) : /data/user/0/com.sec.spp.push/files/pushLog1.txt
03-21 14:08:44.221 14375 14387 D SPPClientService: PushLog.txt file is not deleted.
03-21 14:08:44.221 14375 14387 D SPPClientService: ============PushLog. stop!
03-21 14:08:44.221  3327  3327 D Launcher.MenuWidgetsLoader: MenuWidgetLoade-loadMenuWidgets : false
03-21 14:08:44.221  3327  3327 D MenuView: packageChanged:changed
03-21 14:08:44.221  3327  3454 D Launcher.MenuWidgetsLoader: MenuWidgetLoader-start : com.android.launcher2.MenuWidgetsLoader$LoadMenuWidgetsTask@5f06e62 , false
03-21 14:08:44.226  3327  3327 D Launcher.MenuAppsGrid: appModelUpdated:-1
03-21 14:08:44.226  3327  3327 D MenuAppModel: get TopLevelItems:24
03-21 14:08:44.241  3327  3327 D MenuAppModel: get TopLevelItems:24
03-21 14:08:44.246  8683  8683 I DataWarningReceiver: DataWarningReceiver
03-21 14:08:44.251  3327  3327 D Launcher.MenuAppsGrid: syncPages end
