03-21 14:11:42.686  3062  3062 D PhoneStatusBar/KeyguardBottomAreaView: updateCameraVisibility isCameraDisabledByDpm=false
03-21 14:11:42.686  2622  2857 D InputDispatcher: Focus left window: 3327
03-21 14:11:42.686  3062  3062 V KeyguardBottomAreaShortcutView: updateLeftPreview
03-21 14:11:42.686  3062  3062 V KeyguardBottomAreaShortcutView: updateRightPreview
03-21 14:11:42.686  3062  3062 D KeyguardCircleAffordanceView: setPreviewView: mRight=false,preview=android.widget.RelativeLayout{f234d3c I.E...... ......ID 0,0-720,1280}
03-21 14:11:42.686  3062  3196 V KeyguardBottomAreaShortcutView: updateLeftPreview - mLeftAffordanceView
03-21 14:11:42.691  2622  2857 D PointerIcon: setMouseIconStyle1 pointerType: 1001 iconType:101 flag:0 pid:2622 uid:1000
03-21 14:11:42.691  2622  2857 D PointerIcon: setMouseCustomIcon IconType is same.101
03-21 14:11:42.691  2622  3112 I PersonaManager: mKnoxInfo is empty
03-21 14:11:42.691  3062  3196 V PreviewInflater: switching default dialer action
03-21 14:11:42.696  2622  3719 I PersonaManager: mKnoxInfo is empty
03-21 14:11:42.696  2622  3006 D WifiStateMachine: handleScreenStateChanged, screen off, set scan interval as max value  !!!
03-21 14:11:42.696  2622  3006 D WifiNative-wlan0: callSECApiVoid - ID [19]
03-21 14:11:42.696  5306  5306 I wpa_supplicant: autoscan: autoscan_set_max_time, scan_interval = 128, data->limit = 128
03-21 14:11:42.696  5306  5306 I wpa_supplicant: set PERIODIC_SCAN_INTERVAL_MAX!!!
03-21 14:11:42.696  2622  3006 E WifiNative-wlan0: do suspend true
03-21 14:11:42.701  2622  2622 W CoverManager: getCoverState : This device is not supported cover
03-21 14:11:42.701  2622  2622 D EdgeLight: Turning off
03-21 14:11:42.701  2199  2614 D audio_hw_primary: adev_set_parameters: enter: kvpairs: screen_state=off
03-21 14:11:42.706  3062  3062 D KeyguardCircleAffordanceView: setPreviewView: mRight=true,preview=android.widget.AbsoluteLayout{bf85ac5 I.E...... ......ID 0,0-720,1280}
03-21 14:11:42.711  2622  2622 I FingerprintService: onReceive: android.intent.action.SCREEN_OFF
03-21 14:11:42.711  2622  2622 I BackgroundCompactionService: Schedule Type1 BGCompaction
03-21 14:11:42.716  3062  3062 D PanelView: updateQsState
03-21 14:11:42.716  3062  3062 D NotificationStackScrollLayout:  scroll range should be extended : 442
03-21 14:11:42.726  2622  3235 D GpsLocationProvider: receive broadcast intent, action: android.intent.action.SCREEN_OFF
03-21 14:11:42.726  2622  3235 E GpsLocationProvider: sExerciseInterface is not available
03-21 14:11:42.731  3062  3062 D KeyguardSecurityModel: getSecurityMode( getActivePasswordQuality = 0 , currentuser = 0
03-21 14:11:42.731  3062  3062 D PhoneStatusBar: Make expanded visible: expanded visible=false
03-21 14:11:42.731  3062  3062 D StatusBar-Window: fnf=false sanc=true, kni=false, sbf=true
03-21 14:11:42.731  3062  3062 D CoverUI : applyFocusableFlag() : Remove SAMSUNG_FLAG_SVIEW_COVER
03-21 14:11:42.731  3062  3062 D StatusBarWindowManager: forceCollapsed : false isKeyguardShowingAndNotOccluded() : true panelVisible : true keyguardFadingAway : false bouncerShowing : false headsUpShowing : false
03-21 14:11:42.731  3062  3062 D CoverUI : applyHeight h = -1, oc = true, fa = false, ac = false, sc = false
03-21 14:11:42.731  3062  3062 D PhoneStatusBar: disable: < expand ICONS* alerts SYSTEM_INFO* back home recent clock search quick_settings >
03-21 14:11:42.736  3062  3196 V KeyguardBottomAreaShortcutView: updateRightPreview - mRightAffordanceView
03-21 14:11:42.736  3062  3196 D ShortcutManager: th = 1 is camera package
03-21 14:11:42.736  3062  3340 D NetworkController.MobileSignalController(0/2147483643): onDataActivity: direction=0
03-21 14:11:42.741  3327  3327 D Launcher.Workspace: exitWidgetResizeMode. isClearResizeFrame is false
03-21 14:11:42.741  3062  3062 D PhoneStatusBar: Make expanded visible: expanded visible=true
03-21 14:11:42.741  3062  3062 D StatusBar.BrightnessController: setListening  = true
03-21 14:11:42.741  3062  3062 D KeyguardEffectViewWallpaper: reset()
03-21 14:11:42.741  2622  2638 I PersonaManager: mKnoxInfo is empty
03-21 14:11:42.746  3062  3062 D PhoneStatusBar/KeyguardBottomAreaView: updateCameraVisibility isCameraDisabledByDpm=false
03-21 14:11:42.746  3062  3062 D KeyguardViewBase: show()
03-21 14:11:42.751  3062  3340 D NetworkController.MobileSignalController(0/2147483643): onDataActivity: direction=0
03-21 14:11:42.751  2622  3111 I PersonaManager: mKnoxInfo is empty
03-21 14:11:42.756  3062  3196 V PreviewInflater: switching default camera action
03-21 14:11:42.756  3062  3062 D KeyguardSecurityModel: getSecurityMode( getActivePasswordQuality = 0 , currentuser = 0
03-21 14:11:42.756  3062  3062 V KeyguardSecurityView: showPrimarySecurityScreen(turningOff=false)
03-21 14:11:42.756  3062  3062 D KeyguardSecurityView: showSecurityScreen(None)
03-21 14:11:42.756  2622  3720 I PersonaManager: mKnoxInfo is empty
03-21 14:11:42.761  3062  3062 D LockPatternUtils: getBiometricLockscreen ( biometric = 0 , biometric_type = 16 )
03-21 14:11:42.761  3062  3062 D LockPatternUtils: getBiometricLockscreen( biometric_type is OFF )
03-21 14:11:42.761  3062  3062 D KeyguardUpdateMonitor: onKeyguardVisibilityChanged(true)
03-21 14:11:42.766  2622  2622 I SurveyLogManager: mDeviceInfo.mScreen = false
03-21 14:11:42.776  3062  3062 V KeyguardFingerPrint: updateFingerprintListeningState(false)
03-21 14:11:42.776  5463  5463 I BeaconManager: BeaconManager.onReceive - receive Action : android.intent.action.SCREEN_OFF
03-21 14:11:42.776  5463  5463 D BeaconManager: BeaconManager.onReceive - end
03-21 14:11:42.776  5463  5509 I BeaconManager: BeaconManager.BeaconManagerWorkHandler - BroadcastReceiver onReceive start
03-21 14:11:42.776  5463  5509 D BeaconManager: BeaconManager.BeaconManagerWorkHandler - mScreenObserver action:android.intent.action.SCREEN_OFF
03-21 14:11:42.776  5463  5509 D BeaconManager: AppControlManager.screenOnIntentReceived - start
03-21 14:11:42.776  5463  5509 D BeaconManager: AppControlManager.screenOnIntentReceived - end
03-21 14:11:42.776  5463  5509 D BeaconManager: EasySetupManager.screenOnIntentReceived - start
03-21 14:11:42.776  5463  5509 D BeaconManager: EasySetupManager.screenOnIntentReceived - end
03-21 14:11:42.776  5463  5509 D BeaconManager: BleScanHelper.screenOnIntentReceived - start
03-21 14:11:42.781  5463  5509 D BeaconManager: BleScanHelper.mBroadcastReceiver - Action: android.intent.action.SCREEN_OFF, user: 0
03-21 14:11:42.781  5463  5509 D BeaconManager: BleScanHelper.stopBleScan - clearfilter:false
03-21 14:11:42.781  5463  5509 D BeaconManager: BleScanHelper.screenOnIntentReceived - end
03-21 14:11:42.781  5463  5509 I BeaconManager: BeaconManager.BeaconManagerWorkHandler - BroadcastReceiver onReceive end
03-21 14:11:42.781  5463  5515 I BeaconManager: BleScanHelper.stopBleScan - Stop BLE scan
03-21 14:11:42.781  3062  3062 D KeyguardFingerPrint: shouldListenForFingerprint ( FingerPrint is not enabled. ) 
03-21 14:11:42.781  3062  3062 V KeyguardFingerPrint: stopListeningForFingerprint()
03-21 14:11:42.781  5463  5515 D BluetoothAdapter: STATE_BLE_ON
03-21 14:11:42.786  3062  3062 D LockPatternUtils: getBiometricLockscreen ( biometric = 0 , biometric_type = 16 )
03-21 14:11:42.786  3062  3062 D LockPatternUtils: getBiometricLockscreen( biometric_type is OFF )
03-21 14:11:42.786  3062  3062 D KeyguardIRIS: shouldListenForIris ( Iris is not enabled. ) 
03-21 14:11:42.786  3062  3062 D KeyguardIRIS: Not ready to Iris yet
03-21 14:11:42.786  5495  5495 D BtGatt.GattService: LCD turned off
03-21 14:11:42.786  5495  5677 D BtGatt.ScanManager: handleLcdOffIntent
03-21 14:11:42.786  5495  5677 D BtGatt.ScanManager: handleLcdOffIntent : thresholdScanValue is = 10 mLastConfiguredScanValue =5
03-21 14:11:42.786  5463  5515 D BluetoothAdapter: appoCount is = 0
03-21 14:11:42.786  5463  5515 D BluetoothAdapter: STATE_BLE_ON
03-21 14:11:42.786  5463  5515 D BluetoothLeScanner: Stop Scan
03-21 14:11:42.791  5495  9643 D BtGatt.GattService: stopScan() - queue size =1
03-21 14:11:42.791  5495  5705 E BtGatt.GattService: [GSIM LOG]: gsimLogHandler: com.samsung.android.beaconmanager, msg: MESSAGE_STOP_SCAN
03-21 14:11:42.791  5495  5677 D BtGatt.ScanManager: stop scan
03-21 14:11:42.791  5495  5677 D BtGatt.ScanManager: configureRegularScanParams() - queue=0
03-21 14:11:42.791  5495  5677 D BtGatt.ScanManager: configureRegularScanParams() - ScanSetting Scan mode=-2147483648 mLastConfiguredScanSetting=100
03-21 14:11:42.791  5495  5677 D BtGatt.ScanManager: configureRegularScanParams() - queue emtpy, scan stopped
03-21 14:11:42.796  5495  5708 D bt_upio : upio_set : pio 0 action 2, polarity 1
03-21 14:11:42.796  5495 13219 D BtGatt.GattService: unregisterClient() - clientIf=5
03-21 14:11:42.801  5495  5708 D bt_upio : upio_set : pio 0 action 2, polarity 1
03-21 14:11:42.801  5495  5708 D bt_upio : BT_WAKE is asserted already
03-21 14:11:42.806  8748  8748 E SamsungIME: getMethod(): java.lang.NoSuchMethodException: isLockScreenEnabled []
03-21 14:11:42.806  8748  8748 E SamsungIME: invoke(): method is null
03-21 14:11:42.811  3062  3062 D KeyguardViewMediator: adjustStatusBarLocked: mShowing=true mOccluded=false isSecure=false --> flags=0x3200000
03-21 14:11:42.816  3062  3062 D KeyguardViewMediator: onSdpLocked :: Inside...
03-21 14:11:42.816  3062  3062 D KeyguardViewMediator: isPwdChangeRequested :: false
03-21 14:11:42.816  3062  3062 D KeyguardViewMediator: onSdpLocked :: Lock SDP for User 0
03-21 14:11:42.821  3062 17261 E KeyguardViewMediator: lockSdp :: Failed to lock sdp engine... 
03-21 14:11:42.821  3062  3062 D LockPatternUtils: getBiometricLockscreen ( biometric = 0 , biometric_type = 16 )
03-21 14:11:42.821  3062  3062 D LockPatternUtils: getBiometricLockscreen( biometric_type is OFF )
03-21 14:11:42.821  3062 17261 W System.err: java.lang.NullPointerException: Attempt to invoke virtual method 'boolean com.android.server.SdpServiceKeeper.isLicensed(android.content.Context, int, int)' on a null object reference
03-21 14:11:42.821  3062 17261 W System.err: 	at android.os.Parcel.readException(Parcel.java:1627)
03-21 14:11:42.821  3062 17261 W System.err: 	at android.os.Parcel.readException(Parcel.java:1574)
03-21 14:11:42.821  3062  3062 D LockIcon: visible = false
03-21 14:11:42.821  3062 17261 W System.err: 	at com.sec.sdp.ISdpManagerService$Stub$Proxy.isLicensed(ISdpManagerService.java:599)
03-21 14:11:42.821  3062 17261 W System.err: 	at com.sec.enterprise.knox.sdp.SdpUtil.enforcePermission(SdpUtil.java:446)
03-21 14:11:42.821  3062 17261 W System.err: 	at com.sec.enterprise.knox.sdp.SdpUtil.getEngineInfo(SdpUtil.java:78)
03-21 14:11:42.821  3062 17261 W System.err: 	at com.android.systemui.keyguard.KeyguardViewMediator$14.run(KeyguardViewMediator.java:3229)
03-21 14:11:42.821  3062 17261 W System.err: 	at java.lang.Thread.run(Thread.java:818)
03-21 14:11:42.826  3507  3507 D [Weather Widget]  WeatherService: {[B73D43639EB27FAA34EF41A6129C1FA74EE523C06D7536E6814BAB417862AF9BA63017AC2C1E20CC004E1F7C09A488FE7BBC46627C22C564C6CC81D4A2357B83]}
03-21 14:11:42.826  3507  3507 D [Weather Widget]  WeatherService: {[B73D43639EB27FAA34EF41A6129C1FA7584615AF63BC2D573983562B13238C49]}
03-21 14:11:42.826  3507  3507 D [Weather Widget]  : {[3AE6950019B083611567B0F9442DB03E46FB6DE766AD55CE2B94B9E5E5C0C8EB]}
03-21 14:11:42.831  3062  3062 V KeyguardFingerPrint: updateFingerprintListeningState(false)
03-21 14:11:42.831  3062  3062 D KeyguardFingerPrint: shouldListenForFingerprint ( FingerPrint is not enabled. ) 
03-21 14:11:42.831  3062  3062 V KeyguardFingerPrint: stopListeningForFingerprint()
03-21 14:11:42.831  3062  3062 D LockPatternUtils: getBiometricLockscreen ( biometric = 0 , biometric_type = 16 )
03-21 14:11:42.831  3062  3062 D LockPatternUtils: getBiometricLockscreen( biometric_type is OFF )
03-21 14:11:42.831  3062  3062 D KeyguardIRIS: shouldListenForIris ( Iris is not enabled. ) 
03-21 14:11:42.831  3062  3062 D KeyguardIRIS: Not ready to Iris yet
03-21 14:11:42.836  3507  3507 D [Weather Widget]  WeatherService: {[EC3334F14841398C8B464A72D0E61AB753425EFE7657233C5871142E01F00BF199CA1D35B5CA3B445BBFBBC33F199038368D258E314A79C47D8FAB079DA8476B]}
03-21 14:11:42.836  3507  3507 D [Weather Widget]  WeatherService: {[EC3334F14841398C8B464A72D0E61AB7E4DA59FD0BAE9FC86C01428C63150325]}
03-21 14:11:42.856  2622  3719 D InputDispatcher: Focus entered window: 3062
03-21 14:11:42.856  2622  2857 D PointerIcon: setMouseIconStyle1 pointerType: 1001 iconType:101 flag:0 pid:2622 uid:1000
03-21 14:11:42.856  2622  2857 D PointerIcon: setMouseCustomIcon IconType is same.101
03-21 14:11:42.861  2186  2242 D libEGL  : eglTerminate EGLDisplay = 0xb663f624
03-21 14:11:42.861  3062  3297 D mali_winsys: new_window_surface returns 0x3000,  [720x1280]-format:1
03-21 14:11:42.861  3062  3062 D KeyguardEffectViewController: onLayoutChange() v: com.android.keyguard.effect.EffectBehindView{a1f6f23 I.E...... ......ID 0,0-720,1280 #7f0e03c2 app:id/keyguard_effect_behind}, bottom : 1280, oldBottom : 48
03-21 14:11:42.861  3062  3062 D KeyguardEffectViewController: mShowing=true, mOccluded=false, mKeyguardFadingAway=false, match_parent=true
03-21 14:11:42.861  3062  3062 D ScrollView:  onsize change changed 
03-21 14:11:42.866  3062  3062 D NotificationStackScrollLayout:  scroll range should be extended : 442
03-21 14:11:42.866  3062  3062 I PanelView: Delayed setQsExpansion
03-21 14:11:42.866  3062  3062 D StatusBar-Window: fnf=false sanc=true, kni=false, sbf=true
03-21 14:11:42.866  3062  3062 D CoverUI : applyFocusableFlag() : Remove SAMSUNG_FLAG_SVIEW_COVER
03-21 14:11:42.866  3062  3062 D StatusBarWindowManager: forceCollapsed : false isKeyguardShowingAndNotOccluded() : true panelVisible : true keyguardFadingAway : false bouncerShowing : false headsUpShowing : false
03-21 14:11:42.866  3062  3062 D CoverUI : applyHeight h = -1, oc = true, fa = false, ac = false, sc = false
03-21 14:11:42.871  3062  3062 D KeyguardCircleAffordanceView: setPreviewView: mRight=false,preview=android.widget.RelativeLayout{65a530e I.E...... ......ID 0,0-0,0}
03-21 14:11:42.871  3062  3062 V KeyguardBottomAreaShortcutView: mLeftAffordanceView preview = android.widget.RelativeLayout{65a530e I.E...... ......ID 0,0-0,0}
03-21 14:11:42.871  3062  3062 D KeyguardUpdateMonitor: handleKeyguardReset
03-21 14:11:42.871  3062  3062 V KeyguardFingerPrint: updateFingerprintListeningState(false)
03-21 14:11:42.871  3062  3062 D KeyguardFingerPrint: shouldListenForFingerprint ( FingerPrint is not enabled. ) 
03-21 14:11:42.871  3062  3062 V KeyguardFingerPrint: stopListeningForFingerprint()
03-21 14:11:42.871  3062  3062 D KeyguardCircleAffordanceView: setPreviewView: mRight=true,preview=android.widget.AbsoluteLayout{497d12f I.E...... ......ID 0,0-0,0}
03-21 14:11:42.871  3062  3062 V KeyguardBottomAreaShortcutView: mRightAffordanceView preview = android.widget.AbsoluteLayout{497d12f I.E...... ......ID 0,0-0,0}
03-21 14:11:42.871  3062  3062 D PhoneStatusBar: disable: < expand ICONS alerts SYSTEM_INFO back HOME* RECENT* clock SEARCH* quick_settings >
03-21 14:11:42.876  3062  3062 D ViewRootImpl: MSG_RESIZED_REPORT: ci=Rect(0, 0 - 0, 0) vi=Rect(0, 0 - 0, 0) or=1
03-21 14:11:42.876  3062  3062 D KeyguardEffectViewController: updateWindowFocusChanged : true
03-21 14:11:42.876  3062  3062 D KeyguardEffectViewController: mOnPauseFromScreenOffMemo : false
03-21 14:11:42.881  2622  2638 D ActivityManager: removeProcessNameLocked mProcessNames.remove pid=13447 ,hash=47103158 ,name=com.sec.app.TransmitPowerService
03-21 14:11:42.901  3062  3062 D KeyguardEffectViewController: onLayoutChange() v: com.android.keyguard.effect.EffectBehindView{a1f6f23 V.E...... ......ID 0,0-720,1280 #7f0e03c2 app:id/keyguard_effect_behind}, bottom : 1280, oldBottom : 1280
03-21 14:11:42.901  3062  3062 I PanelView: Delayed setQsExpansion
03-21 14:11:42.951  2622  3112 V WindowStateAnimator: Finishing drawing window Window{8e0938f u0 d0 p3062 StatusBar}: mDrawState=DRAW_PENDING
03-21 14:11:42.951  2186  2186 D libEGL  : eglInitialize EGLDisplay = 0xbeafd464
03-21 14:11:42.956  2186  2186 D libEGL  : eglTerminate EGLDisplay = 0xbeafd4c4
03-21 14:11:43.946  2622  2632 I art     : Background sticky concurrent mark sweep GC freed 140255(10MB) AllocSpace objects, 131(2MB) LOS objects, 31% free, 30MB/43MB, paused 3.450ms total 105.940ms
03-21 14:11:44.171  3062  3062 D KeyguardUpdateMonitor: received broadcast android.intent.action.BATTERY_CHANGED
03-21 14:11:44.171  3062  3062 D KeyguardUpdateMonitor: handleBatteryUpdate
03-21 14:11:44.176  3493  3493 D CommonServiceConfiguration: getStringValueSetting
03-21 14:11:44.176  3493  3493 D BatteryMonitor: new battery level: 87
03-21 14:11:44.196  3062  3062 I PanelView: Delayed setQsExpansion
03-21 14:11:45.271  2199  2607 I audio_hw_primary: do_out_standby +
03-21 14:11:45.271  2199  2607 D audio_hw_primary: output_devices devices:0
03-21 14:11:45.271  2199  2607 D audio_hw_primary: output_devices devices:0
03-21 14:11:45.271  2199  2607 V audio_hw_primary: select_devices output_scenario:-1 input_scenario:-1 out_snd_device 0x0 in_snd_device:0x0
03-21 14:11:45.271  2199  2607 I audio_route: > audio_route_reset :
03-21 14:11:45.271  2199  2607 I audio_route: > audio_route_update_mixer : +
03-21 14:11:45.271  2199  2607 I audio_route: > audio_route_update_mixer : changed(5) -
03-21 14:11:45.271  2199  2607 I audio_hw_primary: select_devices - 
03-21 14:11:45.271  2199  2607 I audio_hw_primary: do_out_standby -
03-21 14:11:47.901  2622 17344 D BluetoothAdapter: STATE_BLE_ON
03-21 14:11:48.091  2622 17344 I BarTender:BatteryStatsDumper: writing to daily db completed
03-21 14:11:48.091  2622 17344 I BarTender:BatteryStatsDumper: refreshstats completed
03-21 14:11:48.091  2622 17344 I BarTender:GATHERERBATTSTATS: set - time:1490085708097
03-21 14:11:48.091  2622 17344 I BarTender:ANALYZERBATTSTATS: Observer from Gatherer - time:1490085708097
03-21 14:11:48.091  2622  2969 I BarTender:ANALYZERBATTSTATS: MSG_TYPE_BARTENDER_CHECK_POWER::
03-21 14:11:48.091  2622  2969 I BarTender:BatteryStatsDBHelper: checkForPowerThreshold called : 1490085708097
03-21 14:11:54.246  3062  3062 D KeyguardUpdateMonitor: received broadcast android.intent.action.BATTERY_CHANGED
03-21 14:11:54.246  3062  3062 D KeyguardUpdateMonitor: handleBatteryUpdate
03-21 14:11:54.251  3493  3493 D CommonServiceConfiguration: getStringValueSetting
03-21 14:11:54.256  3493  3493 D BatteryMonitor: new battery level: 87
03-21 14:11:54.276  3062  3062 I PanelView: Delayed setQsExpansion
03-21 14:11:55.026  2622  2964 I TLC_TIMA_PKM_measure_kernel: TIMA: response_id = 3
03-21 14:11:55.026  2622  2964 I TLC_TIMA_PKM_measure_kernel: TIMA: response ret = 0, result_ondemand = MSG=Kernel Verification Success;
03-21 14:11:55.726 15232 15232 D WiCroft :  Alram Receiver entered.....
03-21 14:11:55.736  2622  3112 I PersonaManager: mKnoxInfo is empty
03-21 14:11:55.746 15232 15232 D WiCroft :  Alram Receiver exited.....
03-21 14:11:55.746 15232 15232 D Logfile_write: File size in bytes32129
03-21 14:11:55.761  2622  3358 I PersonaManager: mKnoxInfo is empty
03-21 14:11:55.771  2622  2622 I PersonaManager: mKnoxInfo is empty
03-21 14:11:55.776  2622  2622 I BackgroundCompactionService: onStart. jobID=801
03-21 14:11:55.781  2622  2622 I BackgroundCompactionService: onStart done. jobID=801
03-21 14:11:55.786  2622  3720 I PersonaManager: mKnoxInfo is empty
03-21 14:11:55.796  2622  4348 I PersonaManager: mKnoxInfo is empty
03-21 14:11:55.801  2622 17541 I BackgroundCompactionService: Execute BGCompaction (type1). (1 times)
03-21 14:11:55.806 15232 17540 D WiCroft : DeviceInfo : Starting Wifi Scan.
03-21 14:11:55.806 15232 17540 D Logfile_write: File size in bytes32176
03-21 14:11:55.806  5306  5306 I wpa_supplicant: wlan0: Setting scan request: 0 sec 0 usec
03-21 14:11:55.806  5306  5306 I wpa_supplicant: P2P: Current p2p state = IDLE
03-21 14:11:55.816  2622  3110 I PersonaManager: mKnoxInfo is empty
03-21 14:11:55.816  5306  5306 I wpa_supplicant: Scan requested (ret=0) - scan timeout 30 seconds
03-21 14:11:55.816  2622 17541 I BackgroundCompactionService: compact_memory command done
03-21 14:11:55.826  2622  3719 I PersonaManager: mKnoxInfo is empty
03-21 14:11:56.636  2194  2936 D Netd    : Iface wlan0 link up
03-21 14:11:56.636  2622  2833 D Tethering: interfaceLinkStateChanged wlan0, true
03-21 14:11:56.636  2622  2833 D Tethering: interfaceStatusChanged wlan0, true
03-21 14:11:56.636  3493  3503 D PdnController: Interface Changed wlan0 link up
03-21 14:11:56.641  5306  5306 I wpa_supplicant: nl80211: Received scan results (16 BSSes)
03-21 14:11:56.721 15232 15232 D Logfile_write: File size in bytes32240
03-21 14:11:56.726 15232 15232 D WiCroft :  WiFiScan : 
03-21 14:11:56.731  2622  2639 I LocationManagerService: remove 5c5b2dd by com.google.android.gms
03-21 14:11:56.731  2622  2639 D LocationManagerService: provider request: passive ProviderRequest[ON interval=0]
03-21 14:11:56.736  2622  3611 D LocationManagerService: request 8cc9d56 gps Request[ACCURACY_FINE gps requested=0 fastest=0] from com.google.android.gms(10011)
03-21 14:11:56.736  2622  3611 D LocationManagerService: provider request: gps ProviderRequest[ON interval=0]
03-21 14:11:56.736  2622  3235 D GpsLocationProvider: setRequest ProviderRequest[ON interval=0]
03-21 14:11:56.741 15232 17569 D Utils   : Version Name : 1.3  Version Number : 4
03-21 14:11:56.751 15232 17569 D WiCroft : Getting mac for version 6 and above : 00:6F:64:85:26:54
03-21 14:11:56.756  2622  3235 D GpsLocationProvider: startNavigating, singleShot is false
03-21 14:11:56.776 15232 17569 D Socket write: --------length : 910Data :{"devicename":"Samsung SM-G550FY","ssid":"IITB-Wireless","bssid":"18:64:72:6a:f3:90","storageSpace":"1315","action":"heartBeat","linkSpeed":"65","memory":"1906","processorSpeed":"1300","isInForeground":"true","rssi":"-62","androidVersion":"23","appversion":"1.3","macAddress":"00:6F:64:85:26:54","ip":"10.196.10.80","port":"36914","numberOfCores":"4","bssidList":" HE<none>, 18:64:72:6a:fb:40, -48; HE<none>, 18:64:72:6a:f3:90, -60; HE<none>, 18:64:72:6a:fb:41, -53; HE<none>, a8:9d:d2:12:42:54, -46; HE<none>, 18:64:72:6a:f3:91, -61; HE<none>, 20:aa:4b:cb:dc:f0, -80; HE<none>, 18:64:72:6a:fb:21, -75; HE<none>, 18:64:72:6a:fb:20, -76; HE<none>, 18:64:72:6a:fb:42, -52; HE<none>, 18:64:72:6a:f3:92, -62; HE<none>, 18:64:72:6a:fb:22, -76; HE<none>, 18:64:72:6a:fb:43, -51; HE<none>, 18:64:72:6a:f3:93, -62; HE<none>, 18:64:72:6a:ee:d1, -88; HE<none>, 18:64:72:6a:ee:d2, -89; HE<none>, 18:64:72:6a:ee:d0, -86;"}
03-21 14:11:56.776  2622  3235 D GpsLocationProvider_ex: isUSAMarket : code = INS
03-21 14:11:56.776  2622  3235 D GpsLocationProvider_ex: isUSAMarket rc : false
03-21 14:11:56.776  2622  3235 D GpsLocationProvider_ex: getSKAFEnable : false
03-21 14:11:56.776  2622  3235 D GpsLocationProvider: setting position_mode to MS_BASED
03-21 14:11:56.776  2211  2211 D gpsd    : WakeLock(Acquire,GPSD)
03-21 14:11:56.781 15232 17569 D WiCroft :  ConnectionManager Write: Length : 910
03-21 14:11:56.781 15232 17569 D WiCroft :  response Code : 200
03-21 14:11:56.781  2622  3235 V GpsLocationProvider: reportStatus status: 3
03-21 14:11:56.781  2211  2211 D gpsd    : WakeLock(Release,GPSD)
03-21 14:11:56.781  2211  2211 D gpsd    : WakeLock(Acquire,GPSD)
03-21 14:11:56.781  2211  2211 D gpsd    : WakeLock(Release,GPSD)
03-21 14:11:56.781  2622  3235 V GpsLocationProvider: reportStatus status: 1
03-21 14:11:56.781  2211  2211 D gpsd    : WakeLock(Acquire,GPSD)
03-21 14:11:56.781 15232 17569 D Logfile_write: File size in bytes32283
03-21 14:11:56.786  2211  2211 D gpsd    : WakeLock(Acquire,SUPL)
03-21 14:11:56.786 15232 17569 D Logfile_write: File size in bytes32374
03-21 14:11:56.786 15232 17569 D Logfile_write: File size in bytes32425
03-21 14:11:56.791 15232 17569 D WiCroft : WiFiScan : Sending Device Info Thread Status Code200 Heartbeat Sent Successfully.
03-21 14:11:56.791  3062  3062 I PanelView: Delayed setQsExpansion
03-21 14:11:56.801  2622  3288 I libgps  : OnGpsExtensionMessage: MSG_REQUEST_LOCATION_ID CELL_ID
03-21 14:11:57.056  2211  2211 D gpsd    : CALL_SENTRY(main()): GlEngine::OnStart took 258 ms (from 6078808 to 6079066) (logOverhead=0,0,0), start: 14:11:56.802
03-21 14:11:57.056  2211  2211 D gpsd    : CALL_SENTRY(main()): marshal_gps_start took 277 ms (from 6078793 to 6079070) (logOverhead=0,0,0), start: 14:11:56.787
03-21 14:11:57.056  2211  2211 D gpsd    : CALL_SENTRY(main()): ProcessEvent took 277 ms (from 6078793 to 6079070) (logOverhead=0,0,0), start: 14:11:56.787
03-21 14:11:57.076  2194  2939 D EnterpriseController: netId is 0
03-21 14:11:57.076  2194  2939 D Netd    : getNetworkForDns: using netid 512 for uid 1021
03-21 14:11:57.081  2194  2939 D EnterpriseController: netId is 0
03-21 14:11:57.081  2194  2939 D Netd    : getNetworkForDns: using netid 512 for uid 1021
03-21 14:11:57.336  2211  2211 D wrapperGPS: wrapperisConnected_RILD
03-21 14:11:57.341  2211  2211 D wrapperGPS: wrapperInvokeOemRequestHookRaw
03-21 14:11:57.341  2211  2211 D wrapperGPS: SendOemRequestGpsFreqAiding, len(5), enable(1)
03-21 14:11:57.341  2211  2211 D wrapperGPS: wrapperSendInvokeOemRequestHookRaw, totalLen 13, ipcLen 8
03-21 14:11:57.341  2211  2559 D wrapperGPS: onRawReqComplete, 
03-21 14:11:57.361  2211  2559 D wrapperGPS: onUnsol: sub_id(01)
03-21 14:11:57.361  2211  2559 D wrapperGPS: onUnsol: Undefined IPC sub id: 01
03-21 14:11:57.366  2211  2211 D gpsd    : $PGLOR,0,RID,47520,17,19,13,258815*3E
03-21 14:11:57.366  2211  2559 D wrapperGPS: onUnsol: sub_id(28)
03-21 14:11:57.366  2211  2559 D wrapperGPS: oem_unsol_gps_frequency_aiding, lock_status = 1
03-21 14:11:57.366  2211  2559 D wrapperGPS: GPS_onUnsolicitedResponse, sub_id(37)
03-21 14:11:57.381  2194  2939 D EnterpriseController: netId is 0
03-21 14:11:57.381  2194  2939 D Netd    : getNetworkForDns: using netid 512 for uid 1021
03-21 14:11:58.796  2211  2211 D gpsd    : WakeLock(Release,SUPL)
03-21 14:11:59.401  2211  2211 D wrapperGPS: wrapperisConnected_RILD
03-21 14:11:59.401  2211  2211 D wrapperGPS: wrapperInvokeOemRequestHookRaw
03-21 14:11:59.401  2211  2211 D wrapperGPS: SendOemRequestGpsFreqAiding, len(5), enable(0)
03-21 14:11:59.401  2211  2211 D wrapperGPS: wrapperSendInvokeOemRequestHookRaw, totalLen 13, ipcLen 8
03-21 14:11:59.406  2211  2559 D wrapperGPS: onRawReqComplete, 
03-21 14:11:59.411  2211  2559 D wrapperGPS: onUnsol: sub_id(01)
03-21 14:11:59.411  2211  2559 D wrapperGPS: onUnsol: Undefined IPC sub id: 01
03-21 14:11:59.411  2211  2559 D wrapperGPS: onUnsol: sub_id(28)
03-21 14:11:59.411  2211  2559 D wrapperGPS: oem_unsol_gps_frequency_aiding, lock_status = 1
03-21 14:11:59.411  2211  2559 D wrapperGPS: GPS_onUnsolicitedResponse, sub_id(37)
03-21 14:12:04.096  3201  3275 D ContactsProvider_EventLog: contents_sample_state: [ contacts(2) data(4) accounts({vnd.sec.contact.phone (1)=2}) accounts deleted({}) calls([])  ]
03-21 14:12:04.096  3201  3275 D ContactsProvider_EventLog: contents_sample_state: [ agr({[1]=2})  ]
03-21 14:12:04.196  3201  3275 E ContactsProvider_EventLog: Flush buffer to file cnt : 10 size : 3Kb duration : 23ms lastUpdatedAfter : 60175 ms mFlush_time_threasold : 2000 mCurrentSize : 2000
03-21 14:12:04.321  3062  3062 D KeyguardUpdateMonitor: received broadcast android.intent.action.BATTERY_CHANGED
03-21 14:12:04.321  3062  3062 D KeyguardUpdateMonitor: handleBatteryUpdate
03-21 14:12:04.321  3493  3493 D CommonServiceConfiguration: getStringValueSetting
03-21 14:12:04.326  3493  3493 D BatteryMonitor: new battery level: 87
03-21 14:12:04.346  3062  3062 I PanelView: Delayed setQsExpansion
03-21 14:12:14.396  3062  3062 D KeyguardUpdateMonitor: received broadcast android.intent.action.BATTERY_CHANGED
03-21 14:12:14.396  3062  3062 D KeyguardUpdateMonitor: handleBatteryUpdate
03-21 14:12:14.406  3493  3493 D CommonServiceConfiguration: getStringValueSetting
03-21 14:12:14.416  3493  3493 D BatteryMonitor: new battery level: 87
03-21 14:12:14.431  3062  3062 I PanelView: Delayed setQsExpansion
03-21 14:12:16.766  3062  3062 D KeyguardUpdateMonitor: received broadcast android.intent.action.TIME_TICK
03-21 14:12:16.766  3062  3062 D KeyguardUpdateMonitor: handleTimeUpdate
03-21 14:12:16.771  3062  3062 D Clock   : received broadcast android.intent.action.TIME_TICK
03-21 14:12:16.771  2622  3721 I LocationManagerService: remove 8cc9d56 by com.google.android.gms
03-21 14:12:16.776  2622  3721 D LocationManagerService: provider request: gps ProviderRequest[OFF]
03-21 14:12:16.776  2622  3235 D GpsLocationProvider: setRequest ProviderRequest[OFF]
03-21 14:12:16.781  2622  3235 D GpsLocationProvider: stopNavigating
03-21 14:12:16.781  2622  3235 V GpsLocationProvider: reportStatus status: 2
03-21 14:12:16.781  2622  3235 V GpsLocationProvider: reportStatus status: 4
03-21 14:12:16.781  2622  3235 V GpsLocationProvider: reportStatus status: 2
03-21 14:12:16.781  2622  3235 D GpsLocationProvider_ex: getSKAFEnable : false
03-21 14:12:16.781  2622  3618 D LocationManagerService: request 20d38e2 passive Request[POWER_NONE passive fastest=0] from com.google.android.gms(10011)
03-21 14:12:16.786  2622  3618 D LocationManagerService: provider request: passive ProviderRequest[ON interval=0]
03-21 14:12:16.811  3062  3062 I PanelView: Delayed setQsExpansion
03-21 14:12:16.826  3062  3062 I PanelView: Delayed setQsExpansion
03-21 14:12:16.831  3062  3062 D DateView: received broadcast android.intent.action.TIME_TICK
03-21 14:12:16.886  3062  3062 I PanelView: Delayed setQsExpansion
03-21 14:12:20.606  2622  4348 I PersonaManager: mKnoxInfo is empty
03-21 14:12:20.616  2622  2638 I PersonaManager: mKnoxInfo is empty
03-21 14:12:20.696  3884 18158 I GoogleURLConnFactory: Using platform SSLCertificateSocketFactory
03-21 14:12:20.701  2622  3112 D LocationManagerService: getLastLocation: Request[POWER_NONE passive fastest=0 num=1]
03-21 14:12:20.706  2622  4348 I PersonaManager: mKnoxInfo is empty
03-21 14:12:20.716  3884 18158 I System.out: (HTTPLog)-Static: isSBSettingEnabled false
03-21 14:12:20.716  3884 18158 I System.out: (HTTPLog)-Static: isSBSettingEnabled false
03-21 14:12:20.716  2194  2939 D EnterpriseController: netId is 0
03-21 14:12:20.716  2194  2939 D Netd    : getNetworkForDns: using netid 512 for uid 10011
03-21 14:12:20.731  3884 18158 I qtaguid : Tagging socket 46 with tag 11065fff00000000{285630463,0} uid -1, pid: 3884, getuid(): 10011
03-21 14:12:20.741  3884 18158 I qtaguid : Tagging socket 64 with tag 11065fff00000000{285630463,0} uid -1, pid: 3884, getuid(): 10011
03-21 14:12:21.121  3884 18158 I GoogleURLConnFactory: Using platform SSLCertificateSocketFactory
03-21 14:12:21.131  2622  4348 D LocationManagerService: getLastLocation: Request[POWER_NONE passive fastest=0 num=1]
03-21 14:12:21.136  3884 18158 I System.out: (HTTPLog)-Static: isSBSettingEnabled false
03-21 14:12:21.136  3884 18158 I System.out: (HTTPLog)-Static: isSBSettingEnabled false
03-21 14:12:21.141  3884 18158 I qtaguid : Tagging socket 68 with tag 11065fff00000000{285630463,0} uid -1, pid: 3884, getuid(): 10011
03-21 14:12:21.146  3884 18158 I qtaguid : Tagging socket 71 with tag 11065fff00000000{285630463,0} uid -1, pid: 3884, getuid(): 10011
03-21 14:12:21.356  2622  3110 D LocationManagerService: getLastLocation: Request[POWER_NONE passive fastest=0 num=1]
03-21 14:12:21.366  2622  3718 D LocationManagerService: getLastLocation: Request[POWER_NONE passive fastest=0 num=1]
03-21 14:12:21.381  2622  3108 D LocationManagerService: getLastLocation: Request[POWER_NONE passive fastest=0 num=1]
03-21 14:12:21.386  2622  3358 D LocationManagerService: getLastLocation: Request[POWER_NONE passive fastest=0 num=1]
03-21 14:12:21.391  2622  2638 D LocationManagerService: getLastLocation: Request[POWER_NONE passive fastest=0 num=1]
03-21 14:12:21.396  2622  3611 D LocationManagerService: getLastLocation: Request[POWER_NONE passive fastest=0 num=1]
03-21 14:12:21.406  2622  3111 D LocationManagerService: getLastLocation: Request[POWER_NONE passive fastest=0 num=1]
03-21 14:12:21.411  2622  4348 D LocationManagerService: getLastLocation: Request[POWER_NONE passive fastest=0 num=1]
03-21 14:12:21.421  2622  3110 D LocationManagerService: getLastLocation: Request[POWER_NONE passive fastest=0 num=1]
03-21 14:12:21.441  2622  3718 D LocationManagerService: getLastLocation: Request[POWER_NONE passive fastest=0 num=1]
03-21 14:12:21.456  2622  3108 D LocationManagerService: getLastLocation: Request[POWER_NONE passive fastest=0 num=1]
03-21 14:12:21.491  2622  3358 D LocationManagerService: getLastLocation: Request[POWER_NONE passive fastest=0 num=1]
03-21 14:12:21.496  2622  2638 D LocationManagerService: getLastLocation: Request[POWER_NONE passive fastest=0 num=1]
03-21 14:12:21.506  2622  3110 I PersonaManager: mKnoxInfo is empty
03-21 14:12:21.526  2622  3358 I PersonaManager: mKnoxInfo is empty
03-21 14:12:21.546  3884 18158 I System.out: (HTTPLog)-Static: isSBSettingEnabled false
03-21 14:12:21.546  3884 18158 I System.out: (HTTPLog)-Static: isSBSettingEnabled false
03-21 14:12:21.546  3884 18158 I qtaguid : Tagging socket 68 with tag 11065fff00000000{285630463,0} uid -1, pid: 3884, getuid(): 10011
03-21 14:12:22.256  2622  3108 D LocationManagerService: getLastLocation: Request[POWER_NONE passive fastest=0 num=1]
03-21 14:12:22.261  3884 18158 I System.out: (HTTPLog)-Static: isSBSettingEnabled false
03-21 14:12:22.266  3884 18158 I System.out: (HTTPLog)-Static: isSBSettingEnabled false
03-21 14:12:22.266  3884 18158 I qtaguid : Tagging socket 68 with tag 11065fff00000000{285630463,0} uid -1, pid: 3884, getuid(): 10011
03-21 14:12:22.506  2622  3358 D LocationManagerService: getLastLocation: Request[POWER_NONE passive fastest=0 num=1]
03-21 14:12:22.516  2622  3721 D LocationManagerService: getLastLocation: Request[POWER_NONE passive fastest=0 num=1]
03-21 14:12:22.526  2622  2639 D LocationManagerService: getLastLocation: Request[POWER_NONE passive fastest=0 num=1]
03-21 14:12:22.531  2622  3110 D LocationManagerService: getLastLocation: Request[POWER_NONE passive fastest=0 num=1]
03-21 14:12:22.541  2622  3618 D LocationManagerService: getLastLocation: Request[POWER_NONE passive fastest=0 num=1]
03-21 14:12:22.546  2622  3720 D LocationManagerService: getLastLocation: Request[POWER_NONE passive fastest=0 num=1]
03-21 14:12:22.556  2622  3719 D LocationManagerService: getLastLocation: Request[POWER_NONE passive fastest=0 num=1]
03-21 14:12:22.566  3884 18158 I System.out: (HTTPLog)-Static: isSBSettingEnabled false
03-21 14:12:22.566  3884 18158 I System.out: (HTTPLog)-Static: isSBSettingEnabled false
03-21 14:12:22.566  3884 18158 I qtaguid : Tagging socket 68 with tag 11065fff00000000{285630463,0} uid -1, pid: 3884, getuid(): 10011
03-21 14:12:22.836  2622  3112 D LocationManagerService: getLastLocation: Request[POWER_NONE passive fastest=0 num=1]
03-21 14:12:22.841  3884 18158 I System.out: (HTTPLog)-Static: isSBSettingEnabled false
03-21 14:12:22.841  3884 18158 I System.out: (HTTPLog)-Static: isSBSettingEnabled false
03-21 14:12:22.841  3884 18158 I qtaguid : Tagging socket 68 with tag 11065fff00000000{285630463,0} uid -1, pid: 3884, getuid(): 10011
03-21 14:12:24.476  3062  3062 D KeyguardUpdateMonitor: received broadcast android.intent.action.BATTERY_CHANGED
03-21 14:12:24.476  3062  3062 D KeyguardUpdateMonitor: handleBatteryUpdate
03-21 14:12:24.486  3493  3493 D CommonServiceConfiguration: getStringValueSetting
03-21 14:12:24.496  3493  3493 D BatteryMonitor: new battery level: 87
03-21 14:12:24.516  3062  3062 I PanelView: Delayed setQsExpansion
03-21 14:12:31.481 15232 15240 I art     : Debugger is no longer active
03-21 14:12:32.346  2211  2211 D gpsd    : WakeLock(Release,GPSD)
03-21 14:12:34.531  3062  3062 D KeyguardUpdateMonitor: received broadcast android.intent.action.BATTERY_CHANGED
03-21 14:12:34.531  3062  3062 D KeyguardUpdateMonitor: handleBatteryUpdate
03-21 14:12:34.536  3493  3493 D CommonServiceConfiguration: getStringValueSetting
03-21 14:12:34.541  3493  3493 D BatteryMonitor: new battery level: 87
03-21 14:12:34.561  3062  3062 I PanelView: Delayed setQsExpansion
03-21 14:12:44.616  3062  3062 D KeyguardUpdateMonitor: received broadcast android.intent.action.BATTERY_CHANGED
03-21 14:12:44.616  3062  3062 D KeyguardUpdateMonitor: handleBatteryUpdate
03-21 14:12:44.631  3493  3493 D CommonServiceConfiguration: getStringValueSetting
03-21 14:12:44.636  3493  3493 D BatteryMonitor: new battery level: 87
03-21 14:12:44.656  3062  3062 I PanelView: Delayed setQsExpansion
03-21 14:12:50.636  3062  3340 D NetworkController.MobileSignalController(0/2147483643): onSignalStrengthsChanged signalStrength=SignalStrength: 13 99 -13 -200 -13 -200 -1 99 2147483647 2147483647 2147483647 2147483647 2147483647 0x4 gsm|lte level=4
03-21 14:12:50.636  3062  3340 D NetworkController.MobileSignalController(0/2147483643): getMobileIconGroup(): 0
03-21 14:12:54.691  3062  3062 D KeyguardUpdateMonitor: received broadcast android.intent.action.BATTERY_CHANGED
03-21 14:12:54.691  3062  3062 D KeyguardUpdateMonitor: handleBatteryUpdate
03-21 14:12:54.701  3493  3493 D CommonServiceConfiguration: getStringValueSetting
03-21 14:12:54.706  3493  3493 D BatteryMonitor: new battery level: 87
03-21 14:12:54.726  3062  3062 I PanelView: Delayed setQsExpansion
03-21 14:12:55.856 15232 15232 D WiCroft :  Alram Receiver entered.....
03-21 14:12:55.856  2622  3110 I PersonaManager: mKnoxInfo is empty
03-21 14:12:55.866 15232 15232 D WiCroft :  Alram Receiver exited.....
03-21 14:12:55.866 15232 15232 D Logfile_write: File size in bytes32537
03-21 14:12:55.881  2622  3108 I PersonaManager: mKnoxInfo is empty
03-21 14:12:55.896  2622  2638 I PersonaManager: mKnoxInfo is empty
03-21 14:12:55.901 15232 18926 D WiCroft : DeviceInfo : Starting Wifi Scan.
03-21 14:12:55.906  5306  5306 I wpa_supplicant: wlan0: Setting scan request: 0 sec 0 usec
03-21 14:12:55.906  2622  3358 I PersonaManager: mKnoxInfo is empty
03-21 14:12:55.906  5306  5306 I wpa_supplicant: P2P: Current p2p state = IDLE
03-21 14:12:55.911  2622  3611 I PersonaManager: mKnoxInfo is empty
03-21 14:12:55.916 15232 18926 D Logfile_write: File size in bytes32584
03-21 14:12:55.916  5306  5306 I wpa_supplicant: Scan requested (ret=0) - scan timeout 30 seconds
03-21 14:12:55.921  2622  3722 I PersonaManager: mKnoxInfo is empty
03-21 14:12:56.741  5306  5306 I wpa_supplicant: nl80211: Received scan results (14 BSSes)
03-21 14:12:56.746  2194  2936 D Netd    : Iface wlan0 link up
03-21 14:12:56.746  2622  2833 D Tethering: interfaceLinkStateChanged wlan0, true
03-21 14:12:56.746  2622  2833 D Tethering: interfaceStatusChanged wlan0, true
03-21 14:12:56.751  3493  3503 D PdnController: Interface Changed wlan0 link up
03-21 14:12:56.806 15232 15232 D Logfile_write: File size in bytes32648
03-21 14:12:56.806 15232 15232 D WiCroft :  WiFiScan : 
03-21 14:12:56.811 15232 18950 D Utils   : Version Name : 1.3  Version Number : 4
03-21 14:12:56.821 15232 18950 D WiCroft : Getting mac for version 6 and above : 00:6F:64:85:26:54
03-21 14:12:56.831 15232 18950 D Socket write: --------length : 842Data :{"devicename":"Samsung SM-G550FY","ssid":"IITB-Wireless","bssid":"18:64:72:6a:f3:90","storageSpace":"1315","action":"heartBeat","linkSpeed":"65","memory":"1906","processorSpeed":"1300","isInForeground":"true","rssi":"-62","androidVersion":"23","appversion":"1.3","macAddress":"00:6F:64:85:26:54","ip":"10.196.10.80","port":"36914","numberOfCores":"4","bssidList":" HE<none>, 18:64:72:6a:fb:40, -60; HE<none>, 18:64:72:6a:f3:90, -64; HE<none>, 18:64:72:6a:fb:41, -59; HE<none>, a8:9d:d2:12:42:54, -46; HE<none>, 18:64:72:6a:f3:91, -67; HE<none>, 18:64:72:6a:fb:21, -75; HE<none>, 18:64:72:6a:fb:20, -74; HE<none>, 18:64:72:6a:fb:42, -58; HE<none>, 18:64:72:6a:f3:92, -66; HE<none>, 18:64:72:6a:fb:22, -75; HE<none>, 18:64:72:6a:fb:43, -60; HE<none>, 18:64:72:6a:f3:93, -66; HE<none>, 18:64:72:6a:fb:23, -80; HE<none>, e4:6f:13:aa:d9:c5, -97;"}
03-21 14:12:56.836 15232 18950 D WiCroft :  ConnectionManager Write: Length : 842
03-21 14:12:56.836 15232 18950 D WiCroft :  response Code : 200
03-21 14:12:56.841 15232 18950 D Logfile_write: File size in bytes32691
03-21 14:12:56.846 15232 18950 D Logfile_write: File size in bytes32782
03-21 14:12:56.846 15232 18950 D Logfile_write: File size in bytes32833
03-21 14:12:56.846 15232 18950 D WiCroft : WiFiScan : Sending Device Info Thread Status Code200 Heartbeat Sent Successfully.
03-21 14:13:04.281  3201  3275 D ContactsProvider_EventLog: contents_sample_state: [ contacts(2) data(4) accounts({vnd.sec.contact.phone (1)=2}) accounts deleted({}) calls([])  ]
03-21 14:13:04.281  3201  3275 D ContactsProvider_EventLog: contents_sample_state: [ agr({[1]=2})  ]
03-21 14:13:04.336  3201  3275 E ContactsProvider_EventLog: Flush buffer to file cnt : 10 size : 3Kb duration : 29ms lastUpdatedAfter : 60141 ms mFlush_time_threasold : 2000 mCurrentSize : 2000
03-21 14:13:34.996  3062  3062 D KeyguardUpdateMonitor: received broadcast android.intent.action.BATTERY_CHANGED
03-21 14:13:34.996  3062  3062 D KeyguardUpdateMonitor: handleBatteryUpdate
03-21 14:13:35.006  3493  3493 D CommonServiceConfiguration: getStringValueSetting
03-21 14:13:35.011  3493  3493 D BatteryMonitor: new battery level: 87
03-21 14:13:35.031  3062  3062 I PanelView: Delayed setQsExpansion
03-21 14:13:42.676  3062  3062 D KeyguardUpdateMonitor: received broadcast android.intent.action.TIME_TICK
03-21 14:13:42.676  3062  3062 D KeyguardUpdateMonitor: handleTimeUpdate
03-21 14:13:42.681  3062  3062 D Clock   : received broadcast android.intent.action.TIME_TICK
03-21 14:13:42.691  6514  6547 W fb4a.0bS: The sessioned store is not available. Are you fetching sessioned quick experiment data while the user is logged out?
03-21 14:13:42.721  3062  3062 I PanelView: Delayed setQsExpansion
03-21 14:13:42.726  3062  3062 D DateView: received broadcast android.intent.action.TIME_TICK
03-21 14:13:42.776  3062  3062 I PanelView: Delayed setQsExpansion
03-21 14:13:45.071  3062  3062 D KeyguardUpdateMonitor: received broadcast android.intent.action.BATTERY_CHANGED
03-21 14:13:45.071  3062  3062 D KeyguardUpdateMonitor: handleBatteryUpdate
03-21 14:13:45.081  3493  3493 D CommonServiceConfiguration: getStringValueSetting
03-21 14:13:45.091  3493  3493 D BatteryMonitor: new battery level: 87
03-21 14:13:45.111  3062  3062 I PanelView: Delayed setQsExpansion
03-21 14:13:47.326  3062  3340 D NetworkController.MobileSignalController(0/2147483643): onSignalStrengthsChanged signalStrength=SignalStrength: 11 99 -11 -200 -11 -200 -1 99 2147483647 2147483647 2147483647 2147483647 2147483647 0x4 gsm|lte level=4
03-21 14:13:47.336  3062  3340 D NetworkController.MobileSignalController(0/2147483643): getMobileIconGroup(): 0
03-21 14:13:55.136  3062  3062 D KeyguardUpdateMonitor: received broadcast android.intent.action.BATTERY_CHANGED
03-21 14:13:55.136  3062  3062 D KeyguardUpdateMonitor: handleBatteryUpdate
03-21 14:13:55.151  3493  3493 D CommonServiceConfiguration: getStringValueSetting
03-21 14:13:55.156  3493  3493 D BatteryMonitor: new battery level: 87
03-21 14:13:55.181  3062  3062 I PanelView: Delayed setQsExpansion
03-21 14:13:55.951 15232 15232 D WiCroft :  Alram Receiver entered.....
03-21 14:13:55.956  2622  3720 I PersonaManager: mKnoxInfo is empty
03-21 14:13:55.971 15232 15232 D WiCroft :  Alram Receiver exited.....
03-21 14:13:55.976 15232 15232 D Logfile_write: File size in bytes32945
03-21 14:13:55.986  2622  2970 I PersonaManager: mKnoxInfo is empty
03-21 14:13:55.991 15232 20451 D WiCroft : DeviceInfo : Starting Wifi Scan.
03-21 14:13:55.991 15232 20451 D Logfile_write: File size in bytes32992
03-21 14:13:55.996  5306  5306 I wpa_supplicant: wlan0: Setting scan request: 0 sec 0 usec
03-21 14:13:55.996  5306  5306 I wpa_supplicant: P2P: Current p2p state = IDLE
03-21 14:13:56.001  2622  4348 I PersonaManager: mKnoxInfo is empty
03-21 14:13:56.006  5306  5306 I wpa_supplicant: Scan requested (ret=0) - scan timeout 30 seconds
03-21 14:13:56.006  2622  3111 I PersonaManager: mKnoxInfo is empty
03-21 14:13:56.021  2622  3720 I PersonaManager: mKnoxInfo is empty
03-21 14:13:56.026  2622  5773 I PersonaManager: mKnoxInfo is empty
03-21 14:13:56.031  2622  3721 I PersonaManager: mKnoxInfo is empty
03-21 14:13:56.031  2622  3112 I PersonaManager: mKnoxInfo is empty
03-21 14:13:56.036  2622  4348 I PersonaManager: mKnoxInfo is empty
03-21 14:13:56.041  2622  3618 I PersonaManager: mKnoxInfo is empty
03-21 14:13:56.046  2622  5773 I PersonaManager: mKnoxInfo is empty
03-21 14:13:56.056  2622  3358 I PersonaManager: mKnoxInfo is empty
03-21 14:13:56.086  3905 10915 I Icing   : Query from com.google.android.googlequicksearchbox package restrict com.google.android.googlequicksearchbox start 0 num 1000
03-21 14:13:56.091  2622  3108 I PersonaManager: mKnoxInfo is empty
03-21 14:13:56.091  3201  3275 E ContactsProvider_EventLog: Flush buffer to file cnt : 2 size : 0Kb duration : 8ms lastUpdatedAfter : 51757 ms mFlush_time_threasold : 2000 mCurrentSize : 456
03-21 14:13:56.106  2622  3111 I PersonaManager: mKnoxInfo is empty
03-21 14:13:56.111  3905 13625 I Icing   : Usage reports 0 indexed 0 rejected 0 imm upload true
03-21 14:13:56.116  2622  3611 I PersonaManager: mKnoxInfo is empty
03-21 14:13:56.121  3905 20462 W IcingInternalCorpora: getNumBytesRead when not calculated.
03-21 14:13:56.131  3905 13625 I Icing   : Usage reports 0 indexed 0 rejected 0 imm upload true
03-21 14:13:56.131  2622  5773 I PersonaManager: mKnoxInfo is empty
03-21 14:13:56.141  2622  3618 I PersonaManager: mKnoxInfo is empty
03-21 14:13:56.146  2622  2638 I PersonaManager: mKnoxInfo is empty
03-21 14:13:56.151  2622  3720 I PersonaManager: mKnoxInfo is empty
03-21 14:13:56.176  3443 13688 I ApplicationLogger: logBytes() : Old Hash = 707292562 : New Hash = -2135964134
03-21 14:13:56.181  2622  3721 I PersonaManager: mKnoxInfo is empty
03-21 14:13:56.191  3443 13688 I ApplicationLogger: logEvent(): Logged 1656 bytes in 193 ms
03-21 14:13:56.841  5306  5306 I wpa_supplicant: nl80211: Received scan results (14 BSSes)
03-21 14:13:56.846  2194  2936 D Netd    : Iface wlan0 link up
03-21 14:13:56.846  2622  2833 D Tethering: interfaceLinkStateChanged wlan0, true
03-21 14:13:56.846  2622  2833 D Tethering: interfaceStatusChanged wlan0, true
03-21 14:13:56.851  3493  3505 D PdnController: Interface Changed wlan0 link up
03-21 14:13:56.911 15232 15232 D Logfile_write: File size in bytes33056
03-21 14:13:56.911 15232 15232 D WiCroft :  WiFiScan : 
03-21 14:13:56.916 15232 20484 D Utils   : Version Name : 1.3  Version Number : 4
03-21 14:13:56.931 15232 20484 D WiCroft : Getting mac for version 6 and above : 00:6F:64:85:26:54
03-21 14:13:56.941 15232 20484 D Socket write: --------length : 842Data :{"devicename":"Samsung SM-G550FY","ssid":"IITB-Wireless","bssid":"18:64:72:6a:f3:90","storageSpace":"1315","action":"heartBeat","linkSpeed":"65","memory":"1906","processorSpeed":"1300","isInForeground":"true","rssi":"-62","androidVersion":"23","appversion":"1.3","macAddress":"00:6F:64:85:26:54","ip":"10.196.10.80","port":"36914","numberOfCores":"4","bssidList":" HE<none>, 18:64:72:6a:fb:40, -58; HE<none>, 18:64:72:6a:f3:90, -61; HE<none>, 18:64:72:6a:fb:41, -56; HE<none>, a8:9d:d2:12:42:54, -49; HE<none>, 18:64:72:6a:f3:91, -61; HE<none>, 18:64:72:6a:fb:21, -76; HE<none>, 18:64:72:6a:fb:20, -75; HE<none>, 18:64:72:6a:fb:42, -56; HE<none>, 18:64:72:6a:f3:92, -64; HE<none>, 18:64:72:6a:fb:22, -76; HE<none>, 18:64:72:6a:fb:43, -56; HE<none>, 18:64:72:6a:f3:93, -64; HE<none>, 20:aa:4b:cb:dc:f0, -85; HE<none>, 18:64:72:6a:ef:d1, -92;"}
03-21 14:13:56.941 15232 20484 D WiCroft :  ConnectionManager Write: Length : 842
03-21 14:13:56.941 15232 20484 D WiCroft :  response Code : 200
03-21 14:13:56.946 15232 20484 D Logfile_write: File size in bytes33099
03-21 14:13:56.946 15232 20484 D Logfile_write: File size in bytes33190
03-21 14:13:56.951 15232 20484 D Logfile_write: File size in bytes33241
03-21 14:13:56.951 15232 20484 D WiCroft : WiFiScan : Sending Device Info Thread Status Code200 Heartbeat Sent Successfully.
03-21 14:14:00.111  3201  3275 E ContactsProvider_EventLog: Flush buffer to file cnt : 2 size : 0Kb duration : 9ms lastUpdatedAfter : 4020 ms mFlush_time_threasold : 2000 mCurrentSize : 462
03-21 14:14:04.351  3201  3275 D ContactsProvider_EventLog: contents_sample_state: [ contacts(2) data(4) accounts({vnd.sec.contact.phone (1)=2}) accounts deleted({}) calls([])  ]
03-21 14:14:04.351  3201  3275 D ContactsProvider_EventLog: contents_sample_state: [ agr({[1]=2})  ]
03-21 14:14:04.396  3201  3275 E ContactsProvider_EventLog: Flush buffer to file cnt : 10 size : 3Kb duration : 15ms lastUpdatedAfter : 4283 ms mFlush_time_threasold : 2000 mCurrentSize : 2000
03-21 14:14:05.216  3062  3062 D KeyguardUpdateMonitor: received broadcast android.intent.action.BATTERY_CHANGED
03-21 14:14:05.221  3062  3062 D KeyguardUpdateMonitor: handleBatteryUpdate
03-21 14:14:05.231  3493  3493 D CommonServiceConfiguration: getStringValueSetting
03-21 14:14:05.236  3493  3493 D BatteryMonitor: new battery level: 87
03-21 14:14:05.261  3062  3062 I PanelView: Delayed setQsExpansion
03-21 14:14:15.296  3062  3062 D KeyguardUpdateMonitor: received broadcast android.intent.action.BATTERY_CHANGED
03-21 14:14:15.296  3062  3062 D KeyguardUpdateMonitor: handleBatteryUpdate
03-21 14:14:15.306  2622  2833 D BluetoothAdapter: STATE_BLE_ON
03-21 14:14:15.311  3493  3493 D CommonServiceConfiguration: getStringValueSetting
03-21 14:14:15.321  3493  3493 D BatteryMonitor: new battery level: 88
03-21 14:14:15.331  3860  3860 E MtpServerJNI: server is null in send_object_removed
03-21 14:14:15.336  2622  2622 I PersonaManager: mKnoxInfo is empty
03-21 14:14:15.356  3062  3062 I PanelView: Delayed setQsExpansion
