03-21 14:08:33.346  2189  2220 D DataRouter: Before the usb select
03-21 14:08:33.451  2189  2933 D DataRouter: write [6] bytes of data to USB fd[8]
03-21 14:08:33.451  2189  2220 D DataRouter: After the usb select
03-21 14:08:33.451  2189  2220 D DataRouter: read usb data[len:1]
03-21 14:08:33.451  2189  2220 D DataRouter: read usb data message:A
03-21 14:08:33.451  2189  2220 D DataRouter: Before the usb select
03-21 14:08:33.451  2189  2220 D DataRouter: After the usb select
03-21 14:08:33.451  2189  2220 D DataRouter: read usb data[len:1]
03-21 14:08:33.451  2189  2220 D DataRouter: read usb data message:T
03-21 14:08:33.451  2189  2220 D DataRouter: Before the usb select
03-21 14:08:33.451  2189  2220 D DataRouter: After the usb select
03-21 14:08:33.451  2189  2220 D DataRouter: read usb data[len:1]
03-21 14:08:33.451  2189  2220 D DataRouter: read usb data message:+
03-21 14:08:33.451  2189  2220 D DataRouter: Before the usb select
03-21 14:08:33.456  2189  2220 D DataRouter: After the usb select
03-21 14:08:33.456  2189  2220 D DataRouter: read usb data[len:1]
03-21 14:08:33.456  2189  2220 D DataRouter: read usb data message:C
03-21 14:08:33.456  2189  2220 D DataRouter: Before the usb select
03-21 14:08:33.456  2189  2220 D DataRouter: After the usb select
03-21 14:08:33.456  2189  2220 D DataRouter: read usb data[len:1]
03-21 14:08:33.456  2189  2220 D DataRouter: read usb data message:M
03-21 14:08:33.456  2189  2220 D DataRouter: Before the usb select
03-21 14:08:33.456  2189  2220 D DataRouter: After the usb select
03-21 14:08:33.456  2189  2220 D DataRouter: read usb data[len:1]
03-21 14:08:33.456  2189  2220 D DataRouter: read usb data message:E
03-21 14:08:33.456  2189  2220 D DataRouter: Before the usb select
03-21 14:08:33.456  2189  2220 D DataRouter: After the usb select
03-21 14:08:33.456  2189  2220 D DataRouter: read usb data[len:1]
03-21 14:08:33.456  2189  2220 D DataRouter: read usb data message:E
03-21 14:08:33.456  2189  2220 D DataRouter: Before the usb select
03-21 14:08:33.456  2189  2220 D DataRouter: After the usb select
03-21 14:08:33.456  2189  2220 D DataRouter: read usb data[len:1]
03-21 14:08:33.461  2189  2220 D DataRouter: read usb data message:=
03-21 14:08:33.461  2189  2220 D DataRouter: Before the usb select
03-21 14:08:33.461  2189  2220 D DataRouter: After the usb select
03-21 14:08:33.461  2189  2220 D DataRouter: read usb data[len:1]
03-21 14:08:33.461  2189  2220 D DataRouter: read usb data message:1
03-21 14:08:33.461  2189  2220 D DataRouter: Before the usb select
03-21 14:08:33.461  2189  2220 D DataRouter: After the usb select
03-21 14:08:33.461  2189  2220 D DataRouter: read usb data[len:1]
03-21 14:08:33.461  2189  2220 D DataRouter: read usb data message:
03-21 14:08:33.461  2189  2220 D DataRouter: Before the usb select
03-21 14:08:33.566  2189  2933 D DataRouter: write [6] bytes of data to USB fd[8]
03-21 14:08:33.566  2189  2220 D DataRouter: After the usb select
03-21 14:08:33.566  2189  2220 D DataRouter: read usb data[len:1]
03-21 14:08:33.566  2189  2220 D DataRouter: read usb data message:A
03-21 14:08:33.566  2189  2220 D DataRouter: Before the usb select
03-21 14:08:33.566  2189  2220 D DataRouter: After the usb select
03-21 14:08:33.566  2189  2220 D DataRouter: read usb data[len:1]
03-21 14:08:33.566  2189  2220 D DataRouter: read usb data message:T
03-21 14:08:33.566  2189  2220 D DataRouter: Before the usb select
03-21 14:08:33.566  2189  2220 D DataRouter: After the usb select
03-21 14:08:33.566  2189  2220 D DataRouter: read usb data[len:1]
03-21 14:08:33.566  2189  2220 D DataRouter: read usb data message:X
03-21 14:08:33.566  2189  2220 D DataRouter: Before the usb select
03-21 14:08:33.566  2189  2220 D DataRouter: After the usb select
03-21 14:08:33.566  2189  2220 D DataRouter: read usb data[len:1]
03-21 14:08:33.566  2189  2220 D DataRouter: read usb data message:4
03-21 14:08:33.566  2189  2220 D DataRouter: Before the usb select
03-21 14:08:33.566  2189  2220 D DataRouter: After the usb select
03-21 14:08:33.566  2189  2220 D DataRouter: read usb data[len:1]
03-21 14:08:33.566  2189  2220 D DataRouter: read usb data message:
03-21 14:08:33.566  2189  2220 D DataRouter: Before the usb select
03-21 14:08:33.671  2189  2933 D DataRouter: write [6] bytes of data to USB fd[8]
03-21 14:08:33.671  2189  2220 D DataRouter: After the usb select
03-21 14:08:33.671  2189  2220 D DataRouter: read usb data[len:1]
03-21 14:08:33.671  2189  2220 D DataRouter: read usb data message:A
03-21 14:08:33.671  2189  2220 D DataRouter: Before the usb select
03-21 14:08:33.671  2189  2220 D DataRouter: After the usb select
03-21 14:08:33.671  2189  2220 D DataRouter: read usb data[len:1]
03-21 14:08:33.671  2189  2220 D DataRouter: read usb data message:T
03-21 14:08:33.671  2189  2220 D DataRouter: Before the usb select
03-21 14:08:33.671  2189  2220 D DataRouter: After the usb select
03-21 14:08:33.671  2189  2220 D DataRouter: read usb data[len:1]
03-21 14:08:33.671  2189  2220 D DataRouter: read usb data message:&
03-21 14:08:33.671  2189  2220 D DataRouter: Before the usb select
03-21 14:08:33.676  2189  2220 D DataRouter: After the usb select
03-21 14:08:33.676  2189  2220 D DataRouter: read usb data[len:1]
03-21 14:08:33.676  2189  2220 D DataRouter: read usb data message:C
03-21 14:08:33.676  2189  2220 D DataRouter: Before the usb select
03-21 14:08:33.676  2189  2220 D DataRouter: After the usb select
03-21 14:08:33.676  2189  2220 D DataRouter: read usb data[len:1]
03-21 14:08:33.676  2189  2220 D DataRouter: read usb data message:1
03-21 14:08:33.676  2189  2220 D DataRouter: Before the usb select
03-21 14:08:33.676  2189  2220 D DataRouter: After the usb select
03-21 14:08:33.676  2189  2220 D DataRouter: read usb data[len:1]
03-21 14:08:33.676  2189  2220 D DataRouter: read usb data message:
03-21 14:08:33.676  2189  2220 D DataRouter: Before the usb select
03-21 14:08:33.776  2189  2933 D DataRouter: write [6] bytes of data to USB fd[8]
03-21 14:08:33.781  2189  2220 D DataRouter: After the usb select
03-21 14:08:33.781  2189  2220 D DataRouter: read usb data[len:1]
03-21 14:08:33.781  2189  2220 D DataRouter: read usb data message:A
03-21 14:08:33.781  2189  2220 D DataRouter: Before the usb select
03-21 14:08:33.781  2189  2220 D DataRouter: After the usb select
03-21 14:08:33.781  2189  2220 D DataRouter: read usb data[len:1]
03-21 14:08:33.781  2189  2220 D DataRouter: read usb data message:T
03-21 14:08:33.781  2189  2220 D DataRouter: Before the usb select
03-21 14:08:33.781  2189  2220 D DataRouter: After the usb select
03-21 14:08:33.781  2189  2220 D DataRouter: read usb data[len:1]
03-21 14:08:33.781  2189  2220 D DataRouter: read usb data message:E
03-21 14:08:33.781  2189  2220 D DataRouter: Before the usb select
03-21 14:08:33.781  2189  2220 D DataRouter: After the usb select
03-21 14:08:33.781  2189  2220 D DataRouter: read usb data[len:1]
03-21 14:08:33.781  2189  2220 D DataRouter: read usb data message:0
03-21 14:08:33.781  2189  2220 D DataRouter: Before the usb select
03-21 14:08:33.781  2189  2220 D DataRouter: After the usb select
03-21 14:08:33.781  2189  2220 D DataRouter: read usb data[len:1]
03-21 14:08:33.781  2189  2220 D DataRouter: read usb data message:
03-21 14:08:33.781  2189  2220 D DataRouter: Before the usb select
03-21 14:08:34.196  2622  2973 D InputReader: Input event(1): value=1 when=2819408849000
03-21 14:08:34.201  2622  2972 I InputDispatcher: Delivering key to (8683): action: 0x0 (0)
03-21 14:08:34.201  8683  8683 D ViewRootImpl: ViewPostImeInputStage processKey 0
03-21 14:08:34.266  2622  2973 D InputReader: Input event(1): value=0 when=2819475927000
03-21 14:08:34.266  2622  2972 I InputDispatcher: Delivering key to (8683): action: 0x1 (0)
03-21 14:08:34.266  8683  8683 D ViewRootImpl: ViewPostImeInputStage processKey 1
03-21 14:08:34.271  2622  2639 D InputDispatcher: Focused application set to: xxxx
03-21 14:08:34.271  2622  2639 D ActivityTrigger: ActivityTrigger activityPauseTrigger 
03-21 14:08:34.291  8683  8683 D SettingsActivity: onResume finished
03-21 14:08:34.296  8683  8683 E AccessibilityManager: assistantMenuUpdate invoking from manager:
03-21 14:08:34.306 12879 12890 D BadgeProvider: query, [selection] : null
03-21 14:08:34.316  8683  8683 D SettingsActivity: Fota is disabled
03-21 14:08:34.336  2622  3110 I PersonaManager: mKnoxInfo is empty
03-21 14:08:34.351  2186  2186 I SurfaceFlinger: id=235 createSurf (720x1280),1 flag=404, Tettings
03-21 14:08:34.356  2622  3618 D InputDispatcher: Focus left window: 8683
03-21 14:08:34.356  2622  3618 D InputDispatcher: Focus entered window: 8683
03-21 14:08:34.356  2622  2857 D PointerIcon: setMouseIconStyle1 pointerType: 1001 iconType:101 flag:0 pid:2622 uid:1000
03-21 14:08:34.356  2622  2857 D PointerIcon: setMouseCustomIcon IconType is same.101
03-21 14:08:34.356  8683  9033 D mali_winsys: new_window_surface returns 0x3000,  [720x1280]-format:1
03-21 14:08:34.361  2186  2186 I display : [PrimaryDisplay] [DYNAMIC_RECOMP] first frame after HWC_2_GLES
03-21 14:08:34.361  2186  2186 I display : [PrimaryDisplay] [DYNAMIC_RECOMP] GLES_2_HWC by high FPS(5)
03-21 14:08:34.386  8683  8683 D SettingsActivity: loadCategoriesFromResource took: 16 ms
03-21 14:08:34.391  8683  8683 D isContainerOnlyMode: isContainerOnlyMode()
03-21 14:08:34.391  8683  8683 I PersonaManager: mKnoxInfo is empty
03-21 14:08:34.391  8683  8683 D isContainerOnlyMode: isContainerOnlyMode() false
03-21 14:08:34.391  8683  8683 D SettingsActivity: updateTilesList(): memoryInfo.totalMem =1998700544
03-21 14:08:34.391  8683  8683 D SettingsActivity: updateTilesList(): isMassProduct =false
03-21 14:08:34.396  2622  3358 I PersonaManager: mKnoxInfo is empty
03-21 14:08:34.396  2622  2639 I PersonaManager: mKnoxInfo is empty
03-21 14:08:34.426  8683  8683 D DashboardSummary: rebuildUI took: 60 ms
03-21 14:08:34.441  8683  8683 D SettingsActivity: loadCategoriesFromResource took: 12 ms
03-21 14:08:34.441  8683  8683 D isContainerOnlyMode: isContainerOnlyMode()
03-21 14:08:34.441  8683  8683 I PersonaManager: mKnoxInfo is empty
03-21 14:08:34.441  8683  8683 D isContainerOnlyMode: isContainerOnlyMode() false
03-21 14:08:34.441  8683  8683 D SettingsActivity: updateTilesList(): memoryInfo.totalMem =1998700544
03-21 14:08:34.441  8683  8683 D SettingsActivity: updateTilesList(): isMassProduct =false
03-21 14:08:34.441  8683  8683 D SettingsActivity: remove : com.android.settings.print.PrintSettingsFragment
03-21 14:08:34.441  8683  8683 D SettingsActivity: remove : com.android.settings.GlobalRoamingSettings
03-21 14:08:34.441  8683  8683 D SettingsActivity: remove : com.android.settings.TRoamingSettings
03-21 14:08:34.441  8683  8683 D SettingsActivity: remove : com.android.settings.nfc.NfcOsaifukeitaiSettings
03-21 14:08:34.441  8683  8683 D SettingsActivity: remove : com.android.settings.nfc.NfcSettings
03-21 14:08:34.441  8683  8683 D SettingsActivity: remove : null
03-21 14:08:34.446  8683  8683 D SettingsActivity: remove : null
03-21 14:08:34.446  8683  8683 D SettingsActivity: remove : com.android.settings.LteModeActivity
03-21 14:08:34.446  8683  8683 D SettingsActivity: remove : com.android.settings.WirelessSettings
03-21 14:08:34.446  8683  8683 D SettingsActivity: remove : com.android.settings.sim.SimSettings
03-21 14:08:34.446  2622  5773 D Tethering: NAP Supported and not Wifi Model
03-21 14:08:34.446  2622  5773 E Tethering: No numeric data
03-21 14:08:34.451  8683  8683 D SettingsActivity: mTetheredData: -1
03-21 14:08:34.451  8683  8683 D SettingsActivity: remove : com.android.settings.GigaLteSettings
03-21 14:08:34.451  8683  8683 D SettingsActivity: remove : com.android.settings.GigaLteSettings
03-21 14:08:34.451  8683  8683 D SettingsActivity: remove : null
03-21 14:08:34.451  8683  8683 D SettingsActivity: remove : com.android.settings.DataSlotChoice
03-21 14:08:34.456  3493  3613 D ImsSettingsProvider: query Uri: content://com.sec.ims.settings/global
03-21 14:08:34.456  3493  3613 D ImsSettingsProvider: match 4
03-21 14:08:34.456  3493  3613 V ImsSettingsProvider: query Uri[content://com.sec.ims.settings/global], selection [name=?]
03-21 14:08:34.461  8683  8683 D SettingsActivity: remove : null
03-21 14:08:34.461  8683  8683 D SettingsActivity: remove : null
03-21 14:08:34.461  8683  8683 D SettingsActivity: remove : com.android.settings.applications.ManageDefaultApps
03-21 14:08:34.461  8683  8683 D SettingsActivity: remove : com.android.settings.applications.ManageApplications
03-21 14:08:34.461  8683  8683 D SettingsActivity: remove : com.android.settings.WirelessSettings
03-21 14:08:34.461  8683  8683 D SettingsActivity: remove : com.android.settings.users.UserSettings
03-21 14:08:34.461  8683  8683 D SettingsActivity: remove : com.android.settings.applications.ManageDefaultApps
03-21 14:08:34.461  8683  8683 D SettingsActivity: remove : com.android.settings.applications.ManageApplications
03-21 14:08:34.461  8683  8683 D SettingsActivity: remove : com.android.settings.ApplicationsSettings
03-21 14:08:34.461  8683  8683 D SettingsActivity: remove : null
03-21 14:08:34.461  8683  8683 D SettingsActivity: remove : com.android.settings.motion.MotionSettings2015
03-21 14:08:34.461  8683  8683 D SettingsActivity: remove : com.android.settings.spen.SPenSettingsMenu
03-21 14:08:34.461  8683  8683 D SettingsActivity: remove : null
03-21 14:08:34.461  8683  8683 D SettingsActivity: remove : null
03-21 14:08:34.461  8683  8683 D SettingsActivity: remove : com.android.settings.OneHandOperationSettings
03-21 14:08:34.461  8683  8683 D SettingsActivity: remove : null
03-21 14:08:34.461  8683  8683 D SettingsActivity: remove : null
03-21 14:08:34.461  8683  8683 D SettingsActivity: remove : com.android.settings.applications.ManageApplications
03-21 14:08:34.461  8683  8683 D SettingsActivity: remove : com.android.settings.notification.ZenModeSettings
03-21 14:08:34.461  8683  8683 D SettingsActivity: remove : com.android.settings.notification.ZenModeDNDSettings
03-21 14:08:34.466  8683  8683 D SettingsActivity: remove : com.android.settings.notification.NotificationsSubSettings
03-21 14:08:34.466  8683  8683 D SettingsActivity: remove : com.android.settings.activekey.ActiveKeySettings
03-21 14:08:34.466  8683  8683 D SettingsActivity: remove : null
03-21 14:08:34.466  8683  8683 D SettingsActivity: remove : com.android.settings.personalpage.PersonalPageSettings
03-21 14:08:34.466  8683  8683 D SettingsActivity: remove : com.android.settings.location.LocationSettings
03-21 14:08:34.466  8683  8683 D SettingsActivity: remove : null
03-21 14:08:34.466  8683  8683 D SettingsActivity: remove : null
03-21 14:08:34.466  8683  8683 D SettingsActivity: remove : null
03-21 14:08:34.466  2622  3110 I PersonaManager: mKnoxInfo is empty
03-21 14:08:34.466  8683  8683 E Current launcher Package Name:: com.sec.android.app.launcher
03-21 14:08:34.471  8683  8683 D SettingsActivity: remove : null
03-21 14:08:34.471  8683  8683 D SettingsActivity: remove : null
03-21 14:08:34.471  2622  2638 I PersonaManager: mKnoxInfo is empty
03-21 14:08:34.471  8683  8683 D SettingsActivity: remove : com.android.settings.DomesticSettings
03-21 14:08:34.471  8683  8683 D SettingsActivity: remove : null
03-21 14:08:34.471  8683  8683 D SettingsActivity: remove : null
03-21 14:08:34.471  8683  8683 D SettingsActivity: remove : null
03-21 14:08:34.471  8683  8683 D SettingsActivity: remove : null
03-21 14:08:34.471  8683  8683 D SettingsActivity: remove : null
03-21 14:08:34.471  8683  8683 D SettingsActivity: remove : com.android.settings.SoftwareUpdateSettings
03-21 14:08:34.471  8683  8683 D SettingsActivity: remove : null
03-21 14:08:34.476  8683  8683 W ScoverManager: getCoverState : This device is not supported cover
03-21 14:08:34.476  8683  8683 D SettingsActivity: remove : com.android.settings.DockSettings
03-21 14:08:34.476  2622  3721 I PersonaManager: mKnoxInfo is empty
03-21 14:08:34.481  8683  8683 D SettingsActivity: remove : com.android.settings.LocalePicker
03-21 14:08:34.611 12879 12890 D BadgeProvider: query, [selection] : null
03-21 14:08:34.621  8683  8683 D DashboardSummary: rebuildUI took: 194 ms
03-21 14:08:34.621  2622  3618 D InputMethodManagerService: windowGainedFocus mCurrentFocusedUserId - 0 and mSecureKeypadEnabled-false
03-21 14:08:34.626  8748  8748 D SamsungIME: IMPL finishInput
03-21 14:08:34.626  8748  8748 D SamsungIME: SwiftKeyWrapper writeDBdataToFileOnFinishInput
03-21 14:08:34.626  8748  8748 D SamsungIME: saveAndClear +
03-21 14:08:34.626  8748  8748 D SamsungIME: saveAndClear -
03-21 14:08:34.626  8748  8748 D SamsungIME: onStartInput: No inputType, No imeOption, isInputViewShown = false, isExtractViewShown = false, isShowInputRequested = false, isConfigChanged = false
03-21 14:08:34.841  2622  3108 V WindowStateAnimator: Finishing drawing window Window{bfbada8 u0 d0 p8683 com.android.settings/com.android.settings.Settings}: mDrawState=DRAW_PENDING
03-21 14:08:34.846  2186  2186 D libEGL  : eglInitialize EGLDisplay = 0xbeafd464
03-21 14:08:34.881  2186  2186 D libEGL  : eglInitialize EGLDisplay = 0xbeafd464
03-21 14:08:34.891  2186  2874 D libEGL  : eglTerminate EGLDisplay = 0xb37ff624
03-21 14:08:34.896  2186  2874 D libEGL  : eglTerminate EGLDisplay = 0xb37ff624
03-21 14:08:34.896  2186  2186 D libEGL  : eglInitialize EGLDisplay = 0xbeafd464
03-21 14:08:35.101  2622  2857 I Timeline: Timeline: Activity_windows_visible id: ActivityRecord{72c4de1 u0 com.android.settings/.Settings t66} time:2820311
03-21 14:08:35.101  2186  2873 I SurfaceFlinger: id=229 Removed TubSettings (7/8)
03-21 14:08:35.101  2186  2242 I SurfaceFlinger: id=229 Removed TubSettings (-2/8)
03-21 14:08:35.116  2186  2186 D libEGL  : eglTerminate EGLDisplay = 0xbeafd4e4
03-21 14:08:35.301  2622  3722 I PersonaManager: mKnoxInfo is empty
03-21 14:08:35.596  2622  2973 D InputReader: Input event(3): value=1 when=2820805130000
03-21 14:08:35.596  2622  2973 D InputReader: !@notifyKey(172), action=0
03-21 14:08:35.596  2622  2973 D InputManager-JNI: !@interceptKeyBeforeQueueing(172), action=0, interactive=true
03-21 14:08:35.596  2622  2973 D InputManager-JNI: !@handleInterceptActions(172), action=0, wmActions=1
03-21 14:08:35.761 14313 14313 I FIPS_bssl: FIPS approved mode (1) | 14313 | app_process
03-21 14:08:35.776  2622  2973 D InputReader: Input event(3): value=0 when=2820985111000
03-21 14:08:35.776  2622  2973 D InputReader: !@notifyKey(172), action=1
03-21 14:08:35.776  2622  2973 D InputManager-JNI: !@interceptKeyBeforeQueueing(172), action=1, interactive=true
03-21 14:08:35.776  2622  2973 D InputManager-JNI: !@handleInterceptActions(172), action=1, wmActions=1
03-21 14:08:35.776 14313 14313 D AndroidRuntime: >>>>>> START com.android.internal.os.RuntimeInit uid 2000 <<<<<<
03-21 14:08:35.781 14313 14313 D AndroidRuntime: CheckJNI is OFF
03-21 14:08:35.781 14313 14313 D AndroidRuntime: readGMSProperty: start
03-21 14:08:35.781 14313 14313 D AndroidRuntime: readGMSProperty: already setted!!
03-21 14:08:35.781 14313 14313 D AndroidRuntime: propertySet: couldn't set property (it is from app)
03-21 14:08:35.781 14313 14313 D AndroidRuntime: readGMSProperty: could not set the property(default)!!
03-21 14:08:35.781 14313 14313 D AndroidRuntime: readGMSProperty: end
03-21 14:08:35.781 14313 14313 D AndroidRuntime: addProductProperty: start
03-21 14:08:35.861 14313 14313 D ICU     : No timezone override file found: /data/misc/zoneinfo/current/icu/icu_tzdata.dat
03-21 14:08:35.951  3062  3340 D NetworkController.MobileSignalController(0/2147483643): onSignalStrengthsChanged signalStrength=SignalStrength: 12 99 -12 -200 -12 -200 -1 99 2147483647 2147483647 2147483647 2147483647 2147483647 0x4 gsm|lte level=4
03-21 14:08:35.951  3062  3340 D NetworkController.MobileSignalController(0/2147483643): getMobileIconGroup(): 0
03-21 14:08:35.961  3062  3062 D KeyguardUpdateMonitor: received broadcast android.intent.action.CLOSE_SYSTEM_DIALOGS
03-21 14:08:35.961  3062  3156 D vol.VolumeDialogControl: onReceive ACTION_CLOSE_SYSTEM_DIALOGS
03-21 14:08:35.961  3062  3062 D LockPatternUtils: getBiometricLockscreen ( biometric = 0 , biometric_type = 16 )
03-21 14:08:35.961  3062  3062 D LockPatternUtils: getBiometricLockscreen( biometric_type is OFF )
03-21 14:08:35.961  3062  3062 D vol.SecVolumeDialog: dismissH reason: 2
03-21 14:08:35.961  3062  3062 D vol.SecVolumeDialog: dismissH : false
03-21 14:08:35.961  3062  3062 D ToggleSlider: onReceive : android.intent.action.CLOSE_SYSTEM_DIALOGS
03-21 14:08:35.961  3062  3062 D ToggleSlider: onReceive : android.intent.action.CLOSE_SYSTEM_DIALOGS
03-21 14:08:35.961 14313 14313 I Radio-JNI: register_android_hardware_Radio DONE
03-21 14:08:35.966  3062  3062 D ToggleSlider: onReceive : android.intent.action.CLOSE_SYSTEM_DIALOGS
03-21 14:08:35.966  3062  3062 D LocationTile: onReceive : android.intent.action.CLOSE_SYSTEM_DIALOGS
03-21 14:08:35.966  3062  3062 D MobileDataTile: action:android.intent.action.CLOSE_SYSTEM_DIALOGS
03-21 14:08:35.966  3062  3062 D AirplaneModeTile: onReceive : android.intent.action.CLOSE_SYSTEM_DIALOGS
03-21 14:08:35.966  3062  3062 D HotspotTile: onReceive : android.intent.action.CLOSE_SYSTEM_DIALOGS
03-21 14:08:35.971  3062  3062 D PhoneStatusBar: animateCollapsePanels, state: 0, QSexpanded: false, QSdetailsShowing: false
03-21 14:08:35.971  3062  3062 D PhoneStatusBar: animateCollapse(): mExpandedVisible=false flags=0
03-21 14:08:35.971  3062  3062 D StatusBar-Window: fnf=true sanc=false, kni=false, sbf=false
03-21 14:08:35.971  3062  3062 D CoverUI : applyFocusableFlag() : Remove SAMSUNG_FLAG_SVIEW_COVER
03-21 14:08:35.971  3062  3062 D StatusBarWindowManager: forceCollapsed : false isKeyguardShowingAndNotOccluded() : false panelVisible : false keyguardFadingAway : false bouncerShowing : false headsUpShowing : false
03-21 14:08:35.971  3062  3062 D CoverUI : applyHeight h = 48, oc = false, fa = false, ac = false, sc = false
03-21 14:08:35.971  3062  3062 D PanelView: updateQsState
03-21 14:08:35.971  3062  3062 D KeyguardSwipeHelper: reset()
03-21 14:08:35.971  3062  3062 D KeyguardUnlockEventHandler: reset()
03-21 14:08:35.971  3062  3062 D KeyguardSwipeHelper: resetChildViewVI()
03-21 14:08:35.976  2622  2829 I PersonaManager: mKnoxInfo is empty
03-21 14:08:35.991 14313 14313 E AffinityControl: AffinityControl: registerfunction enter
03-21 14:08:36.001  2622  2829 D InputDispatcher: Focused application set to: xxxx
03-21 14:08:36.001  2622  2829 D InputDispatcher: Focus left window: 8683
03-21 14:08:36.001  2622  2857 D PointerIcon: setMouseIconStyle1 pointerType: 1001 iconType:101 flag:0 pid:2622 uid:1000
03-21 14:08:36.001  2622  2857 D PointerIcon: setMouseCustomIcon IconType is same.101
03-21 14:08:36.001  2622  2829 D ActivityTrigger: ActivityTrigger activityPauseTrigger 
03-21 14:08:36.021  8683  8683 E AccessibilityManager: assistantMenuUpdate invoking from manager:
03-21 14:08:36.026 14313 14313 D AndroidRuntime: Calling main entry com.android.commands.pm.Pm
03-21 14:08:36.056  2622  3358 I PackageManager: installPackageAsUser params originPath =/data/local/tmp/com.iitb.wicroft installerPackageName =null
03-21 14:08:36.056  2622  3358 D PackageManager: START_PACKAGE_INSTALL: observer{19769999}
03-21 14:08:36.056  2622  3358 D PackageManager:           originPath{/data/local/tmp/com.iitb.wicroft}
03-21 14:08:36.061  2622  2879 D PackageManager: [MSG] INIT_COPY: observer{19769999}
03-21 14:08:36.061  2622  2879 D PackageManager:           idx{0}
03-21 14:08:36.061  2622  2879 D PackageManager:           for_user{UserHandle{-1}}
03-21 14:08:36.066  3327  3327 D Launcher: onNewIntent()
03-21 14:08:36.066  3327  3327 D Launcher: onNewIntent mPendingIntent is null startingSetting is false!!
03-21 14:08:36.066  3327  3327 D Launcher.HomeView: performOnHomePressed
03-21 14:08:36.066  3327  3327 D HomeScreenOptionMenu: onHomePressed() : false
03-21 14:08:36.066  3327  3327 D Launcher.Workspace: exitWidgetResizeMode. isClearResizeFrame is false
03-21 14:08:36.066  3327  3327 D Launcher: onRestart, Launcher: 169544571
03-21 14:08:36.071  2622  2879 I PersonaManager: mKnoxInfo is empty
03-21 14:08:36.086  8683  8683 D ViewRootImpl: #3 mView = null
03-21 14:08:36.096  3327  3327 D ApplicationPackageManager: we has com.android.calendar class. reuse it 
03-21 14:08:36.096  2622  2879 D PackageManager: [MSG] MCS_BOUND: observer{19769999}
03-21 14:08:36.096  2622  2879 D PackageManager:           for_user{UserHandle{-1}}
03-21 14:08:36.116  3327  3327 D Launcher: onStart, Launcher: 169544571
03-21 14:08:36.116  3327  3327 D Launcher.HomeView: onStart
03-21 14:08:36.116  3327  3327 I VerificationLog: onResume
03-21 14:08:36.116  3327 14325 D WallpaperManager: 1280 / 1280 / 0
03-21 14:08:36.116  3327  3327 D Launcher: onResume, Launcher: 169544571
03-21 14:08:36.121  2622  3722 D SecContentProvider: query(), uri = 17 selection = isSettingsChangesAllowed
03-21 14:08:36.121  2622  3358 D SecContentProvider: query(), uri = 17 selection = isSettingsChangesAllowed
03-21 14:08:36.121  3327  3327 D Launcher.HomeView: onResume
03-21 14:08:36.126 10846 10856 E NativeLibraryHelper: Failed to load assets verifier: 0
03-21 14:08:36.126  3327  3327 D capture : ---------checkFileExist land
03-21 14:08:36.146  3327  3327 D MenuAppsGridFragment: onResume
03-21 14:08:36.146  3327  3327 D MenuAppsGridFragment: changeState: (new)NORMAL(old)NORMAL(force)false
03-21 14:08:36.146  2622  3718 I PersonaManager: mKnoxInfo is empty
03-21 14:08:36.146  3327  3327 D Launcher.MenuAppsGrid: updateGridSize:GRID_4x4 cellWidth:174  cellHeight:220
03-21 14:08:36.151  2622  3618 I PersonaManager: mKnoxInfo is empty
03-21 14:08:36.151  2622  2879 I PackageManager: EAS IT Policy AllowList = 
03-21 14:08:36.151  2622  2879 I PackageManager: isAppBlockedByDPM?? = false
03-21 14:08:36.161 10846 10857 E NativeLibraryHelper: Failed to load assets verifier: 0
03-21 14:08:36.166  2622  2879 D PackageManager: [VERIFY] getRequiredVerifiersLPr: 2 verifiers
03-21 14:08:36.166  2622  2879 D PackageManager: [VERIFY]     com.android.vending(10021)
03-21 14:08:36.166  2622  2879 D PackageManager: [VERIFY]     com.samsung.android.sm.devicesecurity(5012)
03-21 14:08:36.166  2622  2879 I PackageManager: installerUid : 2000
03-21 14:08:36.166  2622  2879 D PackageManager: [VERIFY] Found 2 verifiers for intent Intent { act=android.intent.action.PACKAGE_NEEDS_VERIFICATION dat=file:///data/local/tmp/com.iitb.wicroft typ=application/vnd.android.package-archive flg=0x10000001 } with 0 optional verifiers
03-21 14:08:36.176  2622  2879 D PackageManager: [VERIFY] sendOrderedBroadcastToPendingVerifier:
03-21 14:08:36.176  2622  2879 D PackageManager: PackageVerificationState{
03-21 14:08:36.176  2622  2879 D PackageManager:     verifier packages=com.android.vending(10021),com.samsung.android.sm.devicesecurity(5012),
03-21 14:08:36.176  2622  2879 D PackageManager:     intent=Intent { act=android.intent.action.PACKAGE_NEEDS_VERIFICATION dat=file:///data/local/tmp/com.iitb.wicroft typ=application/vnd.android.package-archive flg=0x10000001 (has extras) }
03-21 14:08:36.176  2622  2879 D PackageManager:     others=0, false, false, false, false, false
03-21 14:08:36.176  2622  2879 D PackageManager: }
03-21 14:08:36.181  4817  4817 D Mms/UIEventReceiver: ui event
03-21 14:08:36.196  3327  3327 D ApplicationPackageManager: we has com.sec.android.app.clockpackage class. reuse it 
03-21 14:08:36.201  2622  2879 I HarmonyEASService: Updating for all 1
03-21 14:08:36.211  8683  8683 D PerformanceRec: Received broadcast:
03-21 14:08:36.221 13749 13749 I Finsky  : [1] com.google.android.vending.verifier.PackageVerificationReceiver.onReceive(41): Verification requested, id = 0
03-21 14:08:36.221  2622  3721 I PersonaManager: mKnoxInfo is empty
03-21 14:08:36.231  2622  2622 D PackageManager: [VERIFY] onReceive for RequiredVerifier id=0
03-21 14:08:36.231  2622  2622 D PackageManager: [VERIFY] sendMessageDelayed(CHECK_PENDING_VERIFICATION, 0, 10000)
03-21 14:08:36.236  2622  2879 D PackageManager: remove MCS_UNBIND message and Posting MCS_UNBIND 10 secs later
03-21 14:08:36.241  8683  8683 I Timeline: Timeline: Activity_idle id: android.os.BinderProxy@ac7697a time:2821450
03-21 14:08:36.256  3327  3327 V LauncherAppWidgetHostView: calculateWidgetSize: (target widgetsize)  using w/h 686 220 span 4 1 (widgetid 2) [current Gridsize : GRID_4x4]
03-21 14:08:36.256  3327  3327 D LauncherAppWidgetHostView: calculateWidgetSize() widget = Weather and Clock(widget id = 2) result hostview size = 686 x 220
03-21 14:08:36.256  3327  3327 D LauncherAppWidgetHostView: setResizeScaleResult() 686/ 220 scaleToResize = 1.0(widget id = 2)
03-21 14:08:36.256  3327  3327 V LauncherAppWidgetHostView: calculateWidgetSize: (target widgetsize)  using w/h 686 220 span 4 1 (widgetid 3) [current Gridsize : GRID_4x4]
03-21 14:08:36.256  3327  3327 D LauncherAppWidgetHostView: calculateWidgetSize() widget = Google app(widget id = 3) result hostview size = 686 x 220
03-21 14:08:36.256  3327  3327 D LauncherAppWidgetHostView: setResizeScaleResult() 686/ 220 scaleToResize = 1.0(widget id = 3)
03-21 14:08:36.256  2186  2186 I SurfaceFlinger: id=236 createSurf (720x1280),1 flag=4, MauncherAct
03-21 14:08:36.266  2622  3721 D InputDispatcher: Focus entered window: 3327
03-21 14:08:36.266  2622  2857 D PointerIcon: setMouseIconStyle1 pointerType: 1001 iconType:101 flag:0 pid:2622 uid:1000
03-21 14:08:36.266  2622  2857 D PointerIcon: setMouseCustomIcon IconType is same.101
03-21 14:08:36.266  3327  3439 D mali_winsys: new_window_surface returns 0x3000,  [720x1280]-format:1
03-21 14:08:36.271  2622  2632 I art     : Background partial concurrent mark sweep GC freed 26349(1779KB) AllocSpace objects, 22(440KB) LOS objects, 33% free, 29MB/43MB, paused 6.498ms total 250.083ms
03-21 14:08:36.276  2622  3718 D InputMethodManagerService: windowGainedFocus mCurrentFocusedUserId - 0 and mSecureKeypadEnabled-false
03-21 14:08:36.276  8748  8748 D SamsungIME: IMPL finishInput
03-21 14:08:36.276  8748  8748 D SamsungIME: SwiftKeyWrapper writeDBdataToFileOnFinishInput
03-21 14:08:36.276  8748  8748 D SamsungIME: saveAndClear +
03-21 14:08:36.276  8748  8748 D SamsungIME: saveAndClear -
03-21 14:08:36.276  8748  8748 D SamsungIME: onStartInput: No inputType, No imeOption, isInputViewShown = false, isExtractViewShown = false, isShowInputRequested = false, isConfigChanged = false
03-21 14:08:36.291  2622  3108 V WindowStateAnimator: Finishing drawing window Window{b7ee364 u0 d0 p3327 com.sec.android.app.launcher/com.sec.android.app.launcher.activities.LauncherActivity}: mDrawState=DRAW_PENDING
03-21 14:08:36.291  3062  3062 D WallpaperService: updateSurface:[forceRelayout]false[redrawNeeded]false
03-21 14:08:36.291  3062  3062 D ImageWallpaper: onVisibilityChanged:true
03-21 14:08:36.291  3062  3062 D ImageWallpaper: drawFrame:false rotation:0 mLastRotation:0
03-21 14:08:36.291  3062  3062 D ImageWallpaper: drawFrame:[frame.width()]1280[frame.height()]1280
03-21 14:08:36.291  3062  3062 D ImageWallpaper: Suppressed drawFrame since redraw is not needed and offsets have not changed.
03-21 14:08:36.296  3327  3327 I Timeline: Timeline: Activity_idle id: android.os.BinderProxy@cfa2098 time:2821506
03-21 14:08:36.301  2186  2186 D libEGL  : eglInitialize EGLDisplay = 0xbeafd464
03-21 14:08:36.306  2186  2874 D libEGL  : eglTerminate EGLDisplay = 0xb37ff624
03-21 14:08:36.306  2186  2874 D libEGL  : eglTerminate EGLDisplay = 0xb37ff624
03-21 14:08:36.546  2622  2973 D InputReader: Input event(1): value=1 when=2821756015000
03-21 14:08:36.546  2622  2972 I InputDispatcher: Delivering key to (3327): action: 0x0 (0)
03-21 14:08:36.546  3327  3327 D ViewRootImpl: ViewPostImeInputStage processKey 0
03-21 14:08:36.626  2622  2973 D InputReader: Input event(1): value=0 when=2821835565000
03-21 14:08:36.626  2622  2972 I InputDispatcher: Delivering key to (3327): action: 0x1 (0)
03-21 14:08:36.626  3327  3327 D ViewRootImpl: ViewPostImeInputStage processKey 1
03-21 14:08:36.641  2186  4376 I SurfaceFlinger: id=235 Removed Tettings (7/8)
03-21 14:08:36.641  2186  2240 I SurfaceFlinger: id=235 Removed Tettings (-2/8)
03-21 14:08:36.651  2186  2186 D libEGL  : eglTerminate EGLDisplay = 0xbeafd4e4
03-21 14:08:36.706  2622  2857 I Timeline: Timeline: Activity_windows_visible id: ActivityRecord{7ac1615 u0 com.sec.android.app.launcher/.activities.LauncherActivity t47} time:2821915
03-21 14:08:36.706  2622  2827 D ActivityTrigger: ActivityTrigger activityStopTrigger 
03-21 14:08:36.711  8683  8683 D Index   : onSaveInstanceState / mNeedToRevertToInitialFragment: false
03-21 14:08:37.031  2622  3110 I PersonaManager: mKnoxInfo is empty
03-21 14:08:37.046  2622  3722 I PersonaManager: mKnoxInfo is empty
03-21 14:08:37.066  2186 13207 I display : [PrimaryDisplay] [DYNAMIC_RECOMP] HWC_2_GLES by low FPS(0)
03-21 14:08:37.076  2622  3718 I PersonaManager: mKnoxInfo is empty
03-21 14:08:37.081  2622  3611 D PackageManager: getComponentMetadataForIconTray : com.android.settings.Settings does not exist in mServices
03-21 14:08:37.081  2622  3611 D PackageManager: getComponentMetadataForIconTray : com.android.settings.Settings does not exist in mProviders
03-21 14:08:37.081  2622  3611 D PackageManager: getComponentMetadataForIconTray : com.android.settings.Settings does not exist in mReceivers
03-21 14:08:37.081  2194  2939 D EnterpriseController: netId is 0
03-21 14:08:37.081  2194  2939 D Netd    : getNetworkForDns: using netid 512 for uid 10021
03-21 14:08:37.121 13749 14326 I Finsky  : [1031] com.google.android.finsky.services.ForegroundCoordinator.a(104): Task 7 requested foreground
03-21 14:08:37.126 13749 14326 I Finsky  : [1031] com.google.android.finsky.services.ForegroundCoordinator.a(116): Not entering foreground
03-21 14:08:37.161 13749 13826 I qtaguid : Tagging socket 41 with tag c9395b2600000000{3375979302,0} uid -1, pid: 13749, getuid(): 10021
03-21 14:08:37.256  2186  2186 I display : [PrimaryDisplay] [DYNAMIC_RECOMP] first frame after HWC_2_GLES
03-21 14:08:37.256  2186  2186 I display : [PrimaryDisplay] [DYNAMIC_RECOMP] GLES_2_HWC by high FPS(5)
03-21 14:08:37.346  2189  2220 D DataRouter: After the usb select
03-21 14:08:37.346  2189  2220 D DataRouter: read usb data[len:1]
03-21 14:08:37.346  2189  2220 D DataRouter: read usb data message:A
03-21 14:08:37.346  2189  2220 D DataRouter: Before the usb select
03-21 14:08:37.346  2189  2220 D DataRouter: After the usb select
03-21 14:08:37.346  2189  2220 D DataRouter: read usb data[len:1]
03-21 14:08:37.346  2189  2220 D DataRouter: read usb data message:T
03-21 14:08:37.346  2189  2220 D DataRouter: Before the usb select
03-21 14:08:37.346  2189  2220 D DataRouter: After the usb select
03-21 14:08:37.346  2189  2220 D DataRouter: read usb data[len:1]
03-21 14:08:37.346  2189  2220 D DataRouter: read usb data message:+
03-21 14:08:37.346  2189  2220 D DataRouter: Before the usb select
03-21 14:08:37.346  2189  2220 D DataRouter: After the usb select
03-21 14:08:37.346  2189  2220 D DataRouter: read usb data[len:1]
03-21 14:08:37.346  2189  2220 D DataRouter: read usb data message:C
03-21 14:08:37.346  2189  2220 D DataRouter: Before the usb select
03-21 14:08:37.351  2189  2220 D DataRouter: After the usb select
03-21 14:08:37.351  2189  2220 D DataRouter: read usb data[len:1]
03-21 14:08:37.351  2189  2220 D DataRouter: read usb data message:M
03-21 14:08:37.351  2189  2220 D DataRouter: Before the usb select
03-21 14:08:37.351  2189  2220 D DataRouter: After the usb select
03-21 14:08:37.351  2189  2220 D DataRouter: read usb data[len:1]
03-21 14:08:37.351  2189  2220 D DataRouter: read usb data message:E
03-21 14:08:37.351  2189  2220 D DataRouter: Before the usb select
03-21 14:08:37.351  2189  2220 D DataRouter: After the usb select
03-21 14:08:37.351  2189  2220 D DataRouter: read usb data[len:1]
03-21 14:08:37.351  2189  2220 D DataRouter: read usb data message:E
03-21 14:08:37.351  2189  2220 D DataRouter: Before the usb select
03-21 14:08:37.351  2189  2220 D DataRouter: After the usb select
03-21 14:08:37.351  2189  2220 D DataRouter: read usb data[len:1]
03-21 14:08:37.351  2189  2220 D DataRouter: read usb data message:=
03-21 14:08:37.351  2189  2220 D DataRouter: Before the usb select
03-21 14:08:37.351  2189  2220 D DataRouter: After the usb select
03-21 14:08:37.351  2189  2220 D DataRouter: read usb data[len:1]
03-21 14:08:37.356  2189  2220 D DataRouter: read usb data message:1
03-21 14:08:37.356  2189  2220 D DataRouter: Before the usb select
03-21 14:08:37.356  2189  2220 D DataRouter: After the usb select
03-21 14:08:37.356  2189  2220 D DataRouter: read usb data[len:1]
03-21 14:08:37.356  2189  2220 D DataRouter: read usb data message:
03-21 14:08:37.356  2189  2220 D DataRouter: Before the usb select
03-21 14:08:37.431 13749 13826 I qtaguid : Tagging socket 45 with tag c9395b2600000000{3375979302,0} uid -1, pid: 13749, getuid(): 10021
03-21 14:08:37.456  2189  2933 D DataRouter: write [6] bytes of data to USB fd[8]
03-21 14:08:37.456  2189  2220 D DataRouter: After the usb select
03-21 14:08:37.456  2189  2220 D DataRouter: read usb data[len:1]
03-21 14:08:37.456  2189  2220 D DataRouter: read usb data message:A
03-21 14:08:37.456  2189  2220 D DataRouter: Before the usb select
03-21 14:08:37.456  2189  2220 D DataRouter: After the usb select
03-21 14:08:37.456  2189  2220 D DataRouter: read usb data[len:1]
03-21 14:08:37.456  2189  2220 D DataRouter: read usb data message:T
03-21 14:08:37.456  2189  2220 D DataRouter: Before the usb select
03-21 14:08:37.461  2189  2220 D DataRouter: After the usb select
03-21 14:08:37.461  2189  2220 D DataRouter: read usb data[len:1]
03-21 14:08:37.461  2189  2220 D DataRouter: read usb data message:+
03-21 14:08:37.461  2189  2220 D DataRouter: Before the usb select
03-21 14:08:37.461  2189  2220 D DataRouter: After the usb select
03-21 14:08:37.461  2189  2220 D DataRouter: read usb data[len:1]
03-21 14:08:37.461  2189  2220 D DataRouter: read usb data message:G
03-21 14:08:37.461  2189  2220 D DataRouter: Before the usb select
03-21 14:08:37.461  2189  2220 D DataRouter: After the usb select
03-21 14:08:37.461  2189  2220 D DataRouter: read usb data[len:1]
03-21 14:08:37.461  2189  2220 D DataRouter: read usb data message:C
03-21 14:08:37.461  2189  2220 D DataRouter: Before the usb select
03-21 14:08:37.461  2189  2220 D DataRouter: After the usb select
03-21 14:08:37.461  2189  2220 D DataRouter: read usb data[len:1]
03-21 14:08:37.461  2189  2220 D DataRouter: read usb data message:A
03-21 14:08:37.461  2189  2220 D DataRouter: Before the usb select
03-21 14:08:37.461  2189  2220 D DataRouter: After the usb select
03-21 14:08:37.461  2189  2220 D DataRouter: read usb data[len:1]
03-21 14:08:37.461  2189  2220 D DataRouter: read usb data message:P
03-21 14:08:37.461  2189  2220 D DataRouter: Before the usb select
03-21 14:08:37.466  2189  2220 D DataRouter: After the usb select
03-21 14:08:37.466  2189  2220 D DataRouter: read usb data[len:1]
03-21 14:08:37.466  2189  2220 D DataRouter: read usb data message:
03-21 14:08:37.466  2189  2220 D DataRouter: Before the usb select
03-21 14:08:37.566  2186 13207 I display : [PrimaryDisplay] [DYNAMIC_RECOMP] HWC_2_GLES by low FPS(0)
03-21 14:08:37.566  2189  2933 D DataRouter: write [22] bytes of data to USB fd[8]
03-21 14:08:37.566  2189  2220 D DataRouter: After the usb select
03-21 14:08:37.566  2189  2220 D DataRouter: read usb data[len:1]
03-21 14:08:37.566  2189  2220 D DataRouter: read usb data message:A
03-21 14:08:37.566  2189  2220 D DataRouter: Before the usb select
03-21 14:08:37.566  2189  2220 D DataRouter: After the usb select
03-21 14:08:37.566  2189  2220 D DataRouter: read usb data[len:1]
03-21 14:08:37.571  2189  2220 D DataRouter: read usb data message:T
03-21 14:08:37.571  2189  2220 D DataRouter: Before the usb select
03-21 14:08:37.571  2189  2220 D DataRouter: After the usb select
03-21 14:08:37.571  2189  2220 D DataRouter: read usb data[len:1]
03-21 14:08:37.571  2189  2220 D DataRouter: read usb data message:+
03-21 14:08:37.571  2189  2220 D DataRouter: Before the usb select
03-21 14:08:37.571  2189  2220 D DataRouter: After the usb select
03-21 14:08:37.571  2189  2220 D DataRouter: read usb data[len:1]
03-21 14:08:37.571  2189  2220 D DataRouter: read usb data message:W
03-21 14:08:37.571  2189  2220 D DataRouter: Before the usb select
03-21 14:08:37.571  2189  2220 D DataRouter: After the usb select
03-21 14:08:37.571  2189  2220 D DataRouter: read usb data[len:1]
03-21 14:08:37.571  2189  2220 D DataRouter: read usb data message:S
03-21 14:08:37.571  2189  2220 D DataRouter: Before the usb select
03-21 14:08:37.581  2189  2220 D DataRouter: After the usb select
03-21 14:08:37.581  2189  2220 D DataRouter: read usb data[len:5]
03-21 14:08:37.581  2189  2220 D DataRouter: read usb data message:46=?
03-21 14:08:37.581  2189  2220 D DataRouter: Before the usb select
03-21 14:08:37.591 13749 13826 I qtaguid : Untagging socket 41
03-21 14:08:37.601 13749 13749 I Finsky  : [1] com.google.android.vending.verifier.av.a_(20077): Verification id=0 response=0
03-21 14:08:37.621 13749 13749 I Finsky  : [1] com.google.android.vending.verifier.an.c(212): Verification complete: id=0, package_name=com.iitb.wicroft
03-21 14:08:37.621 13749 13749 I Finsky  : [1] com.google.android.vending.verifier.an.h(11197): Verifying id=0, result=1
03-21 14:08:37.626  2622  3110 D PackageManager: [VERIFY] verifyPendingInstall(0, VERIFICATION_ALLOW), uid=10021
03-21 14:08:37.626  2622  2879 D PackageManager: [MSG] PACKAGE_VERIFIED: observer{19769999}
03-21 14:08:37.626  2622  2879 D PackageManager: [VERIFY] PACKAGE_VERIFIED: 
03-21 14:08:37.626  2622  2879 D PackageManager: PackageVerificationState{
03-21 14:08:37.626  2622  2879 D PackageManager:     verifier packages=com.android.vending(10021),com.samsung.android.sm.devicesecurity(5012),
03-21 14:08:37.626  2622  2879 D PackageManager:     intent=Intent { act=android.intent.action.PACKAGE_NEEDS_VERIFICATION dat=file:///data/local/tmp/com.iitb.wicroft typ=application/vnd.android.package-archive flg=0x10000001 cmp=com.android.vending/com.google.android.vending.verifier.PackageVerificationReceiver (has extras) }
03-21 14:08:37.626  2622  2879 D PackageManager:     others=0, false, false, false, false, false
03-21 14:08:37.626  2622  2879 D PackageManager: }
03-21 14:08:37.626  2622  2879 D PackageManager: [VERIFY] sendOrderedBroadcastToPendingVerifier:
03-21 14:08:37.626  2622  2879 D PackageManager: PackageVerificationState{
03-21 14:08:37.626  2622  2879 D PackageManager:     verifier packages=com.samsung.android.sm.devicesecurity(5012),
03-21 14:08:37.626  2622  2879 D PackageManager:     intent=Intent { act=android.intent.action.PACKAGE_NEEDS_VERIFICATION dat=file:///data/local/tmp/com.iitb.wicroft typ=application/vnd.android.package-archive flg=0x10000001 cmp=com.android.vending/com.google.android.vending.verifier.PackageVerificationReceiver (has extras) }
03-21 14:08:37.626  2622  2879 D PackageManager:     others=0, false, false, false, false, false
03-21 14:08:37.626  2622  2879 D PackageManager: }
03-21 14:08:37.636 13471 13471 I seatbelt: feature is disabled or not activated
03-21 14:08:37.636  2622  3722 D PackageManager: [VERIFY] verifyPendingInstall(0, VERIFICATION_ALLOW), uid=5012
03-21 14:08:37.636  2622  2879 D PackageManager: [MSG] PACKAGE_VERIFIED: observer{19769999}
03-21 14:08:37.636  2622  2879 D PackageManager: [VERIFY] PACKAGE_VERIFIED: 
03-21 14:08:37.636  2622  2879 D PackageManager: PackageVerificationState{
03-21 14:08:37.636  2622  2879 D PackageManager:     verifier packages=com.samsung.android.sm.devicesecurity(5012),
03-21 14:08:37.636  2622  2879 D PackageManager:     intent=Intent { act=android.intent.action.PACKAGE_NEEDS_VERIFICATION dat=file:///data/local/tmp/com.iitb.wicroft typ=application/vnd.android.package-archive flg=0x10000001 cmp=com.samsung.android.sm.devicesecurity/.AppVerificationReceiver (has extras) }
03-21 14:08:37.636  2622  2879 D PackageManager:     others=0, false, false, false, false, false
03-21 14:08:37.636  2622  2879 D PackageManager: }
03-21 14:08:37.636  2622  2879 D PackageManager: [VERIFY] packageVerificationCompletion: completed id=0
03-21 14:08:37.636  2622  2622 D PackageManager: [VERIFY] onReceive for RequiredVerifier id=0
03-21 14:08:37.636  2622  2879 D PackageManager: [VERIFY] broadcastPackageVerified(0, VERIFICATION_ALLOW, file:///data/local/tmp/com.iitb.wicroft)
03-21 14:08:37.686  2189  2933 D DataRouter: write [19] bytes of data to USB fd[8]
03-21 14:08:37.686  2189  2220 D DataRouter: After the usb select
03-21 14:08:37.686  2189  2220 D DataRouter: read usb data[len:1]
03-21 14:08:37.686  2189  2220 D DataRouter: read usb data message:A
03-21 14:08:37.686  2189  2220 D DataRouter: Before the usb select
03-21 14:08:37.686  2189  2220 D DataRouter: After the usb select
03-21 14:08:37.686  2189  2220 D DataRouter: read usb data[len:1]
03-21 14:08:37.686  2189  2220 D DataRouter: read usb data message:T
03-21 14:08:37.686  2189  2220 D DataRouter: Before the usb select
03-21 14:08:37.686  2189  2220 D DataRouter: After the usb select
03-21 14:08:37.686  2189  2220 D DataRouter: read usb data[len:1]
03-21 14:08:37.686  2189  2220 D DataRouter: read usb data message:+
03-21 14:08:37.686  2189  2220 D DataRouter: Before the usb select
03-21 14:08:37.691  2189  2220 D DataRouter: After the usb select
03-21 14:08:37.691  2189  2220 D DataRouter: read usb data[len:1]
03-21 14:08:37.691  2189  2220 D DataRouter: read usb data message:C
03-21 14:08:37.691  2189  2220 D DataRouter: Before the usb select
03-21 14:08:37.691  2189  2220 D DataRouter: After the usb select
03-21 14:08:37.691  2189  2220 D DataRouter: read usb data[len:1]
03-21 14:08:37.691  2189  2220 D DataRouter: read usb data message:G
03-21 14:08:37.691  2189  2220 D DataRouter: Before the usb select
03-21 14:08:37.691  2189  2220 D DataRouter: After the usb select
03-21 14:08:37.691  2189  2220 D DataRouter: read usb data[len:1]
03-21 14:08:37.691  2189  2220 D DataRouter: read usb data message:M
03-21 14:08:37.691  2189  2220 D DataRouter: Before the usb select
03-21 14:08:37.691  2189  2220 D DataRouter: After the usb select
03-21 14:08:37.691  2189  2220 D DataRouter: read usb data[len:1]
03-21 14:08:37.691  2189  2220 D DataRouter: read usb data message:I
03-21 14:08:37.691  2189  2220 D DataRouter: Before the usb select
03-21 14:08:37.691  2622  2879 W System.err: remove failed: ENOENT (No such file or directory) : /data/app/vmdl698524007.tmp/lib
03-21 14:08:37.691  2189  2220 D DataRouter: After the usb select
03-21 14:08:37.691  2189  2220 D DataRouter: read usb data[len:1]
03-21 14:08:37.696  2189  2220 D DataRouter: read usb data message:
03-21 14:08:37.696  2189  2220 D DataRouter: Before the usb select
03-21 14:08:37.696  2622  2879 E NativeLibraryHelper: Failed to load assets verifier: 0
03-21 14:08:37.696  2622  2879 D PackageManager: remove MCS_UNBIND and Posting MCS_UNBIND
03-21 14:08:37.696  2622  2879 D PackageManager: [MSG] PROCESS_PENDING_INSTALL: observer{19769999}
03-21 14:08:37.696  2622  2879 D PackageManager: currentStatus{1}
03-21 14:08:37.696  2622  2879 D PackageManager: installPackageLI: path
03-21 14:08:37.796  2189  2933 D DataRouter: write [29] bytes of data to USB fd[8]
03-21 14:08:37.796  2189  2220 D DataRouter: After the usb select
03-21 14:08:37.796  2189  2220 D DataRouter: read usb data[len:1]
03-21 14:08:37.796  2189  2220 D DataRouter: read usb data message:A
03-21 14:08:37.796  2189  2220 D DataRouter: Before the usb select
03-21 14:08:37.796  2189  2220 D DataRouter: After the usb select
03-21 14:08:37.796  2189  2220 D DataRouter: read usb data[len:1]
03-21 14:08:37.796  2189  2220 D DataRouter: read usb data message:T
03-21 14:08:37.796  2189  2220 D DataRouter: Before the usb select
03-21 14:08:37.801  2189  2220 D DataRouter: After the usb select
03-21 14:08:37.801  2189  2220 D DataRouter: read usb data[len:1]
03-21 14:08:37.801  2189  2220 D DataRouter: read usb data message:+
03-21 14:08:37.801  2189  2220 D DataRouter: Before the usb select
03-21 14:08:37.801  2189  2220 D DataRouter: After the usb select
03-21 14:08:37.801  2189  2220 D DataRouter: read usb data[len:1]
03-21 14:08:37.801  2189  2220 D DataRouter: read usb data message:C
03-21 14:08:37.801  2189  2220 D DataRouter: Before the usb select
03-21 14:08:37.801  2189  2220 D DataRouter: After the usb select
03-21 14:08:37.801  2189  2220 D DataRouter: read usb data[len:1]
03-21 14:08:37.801  2189  2220 D DataRouter: read usb data message:G
03-21 14:08:37.801  2189  2220 D DataRouter: Before the usb select
03-21 14:08:37.801  2189  2220 D DataRouter: After the usb select
03-21 14:08:37.801  2189  2220 D DataRouter: read usb data[len:1]
03-21 14:08:37.801  2189  2220 D DataRouter: read usb data message:M
03-21 14:08:37.801  2189  2220 D DataRouter: Before the usb select
03-21 14:08:37.801  2189  2220 D DataRouter: After the usb select
03-21 14:08:37.801  2189  2220 D DataRouter: read usb data[len:1]
03-21 14:08:37.806  2189  2220 D DataRouter: read usb data message:M
03-21 14:08:37.806  2189  2220 D DataRouter: Before the usb select
03-21 14:08:37.806  2189  2220 D DataRouter: After the usb select
03-21 14:08:37.806  2189  2220 D DataRouter: read usb data[len:1]
03-21 14:08:37.806  2189  2220 D DataRouter: read usb data message:
03-21 14:08:37.806  2189  2220 D DataRouter: Before the usb select
03-21 14:08:38.076  2622  2879 W PackageManager: verifying app can be installed or not
03-21 14:08:38.076  2622  2879 D ApplicationPolicy: isApplicationInstallationEnabled
03-21 14:08:38.081  2622  2879 D ApplicationPolicy: isApplicationInstallationEnabled :  Checking PKG WL - false
