03-21 14:08:16.396  2189  2220 D DataRouter: After the usb select
03-21 14:08:16.396  2189  2220 D DataRouter: read usb data[len:1]
03-21 14:08:16.396  2189  2220 D DataRouter: read usb data message:C
03-21 14:08:16.396  2189  2220 D DataRouter: Before the usb select
03-21 14:08:16.401  2189  2933 D DataRouter: write [2] bytes of data to USB fd[8]
03-21 14:08:16.496  2189  2220 D DataRouter: After the usb select
03-21 14:08:16.496  2189  2220 D DataRouter: read usb data[len:1]
03-21 14:08:16.496  2189  2220 D DataRouter: read usb data message:G
03-21 14:08:16.496  2189  2220 D DataRouter: Before the usb select
03-21 14:08:16.596  2189  2220 D DataRouter: After the usb select
03-21 14:08:16.596  2189  2220 D DataRouter: read usb data[len:1]
03-21 14:08:16.596  2189  2220 D DataRouter: read usb data message:M
03-21 14:08:16.596  2189  2220 D DataRouter: Before the usb select
03-21 14:08:16.601  2189  2933 D DataRouter: write [2] bytes of data to USB fd[8]
03-21 14:08:16.676  2622  2973 D InputReader: Input event(1): value=1 when=2801883863000
03-21 14:08:16.676  2622  2973 D InputReader: Input event(1): value=1 when=2801883863000
03-21 14:08:16.676  2622  2973 I InputReader: Touch event's action is 0x0 (deviceType=0) [pCnt=1, s=0.448 ] when=2801883863000
03-21 14:08:16.676  2622  2973 D InputReader: lastThreadEndTime = 2791856771011, currentThreadStartTime = 2791856777281, diff = 0
03-21 14:08:16.676  2622  2972 I InputDispatcher: Delivering touch to (3062): action: 0x4, toolType: 1
03-21 14:08:16.676  2622  2972 I InputDispatcher: Delivering touch to (3062): action: 0x0, toolType: 1
03-21 14:08:16.676  3062  3062 D ViewRootImpl: ViewPostImeInputStage processPointer 0
03-21 14:08:16.696  2189  2220 D DataRouter: After the usb select
03-21 14:08:16.696  2189  2220 D DataRouter: read usb data[len:1]
03-21 14:08:16.696  2189  2220 D DataRouter: read usb data message:M
03-21 14:08:16.696  2189  2220 D DataRouter: Before the usb select
03-21 14:08:16.786  2622  2973 D InputReader: Input event(1): value=0 when=2801996620000
03-21 14:08:16.786  2622  2973 D InputReader: Input event(1): value=0 when=2801996620000
03-21 14:08:16.786  2622  2973 I InputReader: Touch event's action is 0x1 (deviceType=0) [pCnt=1, s=] when=2801996620000
03-21 14:08:16.786  2622  2972 I InputDispatcher: Delivering touch to (3062): action: 0x1, toolType: 1
03-21 14:08:16.786  3062  3062 D ViewRootImpl: ViewPostImeInputStage processPointer 1
03-21 14:08:16.796  2189  2220 D DataRouter: After the usb select
03-21 14:08:16.796  2189  2220 D DataRouter: read usb data[len:1]
03-21 14:08:16.796  2189  2220 D DataRouter: read usb data message:
03-21 14:08:16.796  2189  2220 D DataRouter: Before the usb select
03-21 14:08:16.801  2189  2933 D DataRouter: write [2] bytes of data to USB fd[8]
03-21 14:08:17.726  2622  2973 D InputReader: Input event(1): value=1 when=2802935174000
03-21 14:08:17.726  2622  2973 D InputReader: Input event(1): value=1 when=2802935174000
03-21 14:08:17.726  2622  2973 I InputReader: Touch event's action is 0x0 (deviceType=0) [pCnt=1, s=0.449 ] when=2802935174000
03-21 14:08:17.726  2622  2973 D InputReader: lastThreadEndTime = 2801996983089, currentThreadStartTime = 2801996987743, diff = 0
03-21 14:08:17.726  2622  2972 I InputDispatcher: Delivering touch to (3062): action: 0x4, toolType: 1
03-21 14:08:17.726  2622  2972 I InputDispatcher: Delivering touch to (3062): action: 0x0, toolType: 1
03-21 14:08:17.726  3062  3062 D ViewRootImpl: ViewPostImeInputStage processPointer 0
03-21 14:08:17.731  2186 13207 I display : [PrimaryDisplay] [DYNAMIC_RECOMP] HWC_2_GLES by low FPS(0)
03-21 14:08:17.756  2186  2186 I display : [PrimaryDisplay] [DYNAMIC_RECOMP] first frame after HWC_2_GLES
03-21 14:08:17.756  2186  2186 I display : [PrimaryDisplay] [DYNAMIC_RECOMP] GLES_2_HWC by high FPS(5)
03-21 14:08:17.816  2622  2973 D InputReader: Input event(1): value=0 when=2803028667000
03-21 14:08:17.816  2622  2973 D InputReader: Input event(1): value=0 when=2803028667000
03-21 14:08:17.816  2622  2973 I InputReader: Touch event's action is 0x1 (deviceType=0) [pCnt=1, s=] when=2803028667000
03-21 14:08:17.816  2622  2972 I InputDispatcher: Delivering touch to (3062): action: 0x1, toolType: 1
03-21 14:08:17.831  3062  3062 D ViewRootImpl: ViewPostImeInputStage processPointer 1
03-21 14:08:17.846  2622  4348 I PersonaManager: mKnoxInfo is empty
03-21 14:08:17.851  2622  3722 D InputDispatcher: Focused application set to: xxxx
03-21 14:08:17.851  2622  3722 D ActivityTrigger: ActivityTrigger activityPauseTrigger 
03-21 14:08:17.886  2622  3720 I PersonaManager: mKnoxInfo is empty
03-21 14:08:17.891  2622  3112 I PersonaManager: mKnoxInfo is empty
03-21 14:08:17.916  2622  3111 D InputDispatcher: Focus left window: 3062
03-21 14:08:17.916  2622  3111 D InputDispatcher: Focus entered window: 14090
03-21 14:08:17.921  2622  2857 D PointerIcon: setMouseIconStyle1 pointerType: 1001 iconType:101 flag:0 pid:2622 uid:1000
03-21 14:08:17.921  2622  2857 D PointerIcon: setMouseCustomIcon IconType is same.101
03-21 14:08:17.936 14090 14090 I Timeline: Timeline: Activity_idle id: android.os.BinderProxy@43f4cef time:2803146
03-21 14:08:17.941  2186  2242 D libEGL  : eglTerminate EGLDisplay = 0xb663f624
03-21 14:08:17.941  2186  2242 D libEGL  : eglTerminate EGLDisplay = 0xb663f624
03-21 14:08:17.941  3062  3297 D OpenGLRenderer: endAllActiveAnimators on 0x9b8b9180 (RippleDrawable) with handle 0x9c63e6d0
03-21 14:08:17.951  3062  3062 D ViewRootImpl: #3 mView = null
03-21 14:08:18.081  2622  2632 I art     : Background partial concurrent mark sweep GC freed 15959(928KB) AllocSpace objects, 2(104KB) LOS objects, 33% free, 28MB/43MB, paused 3.362ms total 200.085ms
03-21 14:08:18.091  2186  2874 I SurfaceFlinger: id=234 Removed VsbDebuggin (9/10)
03-21 14:08:18.091  2186  2242 I SurfaceFlinger: id=234 Removed VsbDebuggin (-2/10)
03-21 14:08:18.106  2186  2186 D libEGL  : eglTerminate EGLDisplay = 0xbeafd4e4
03-21 14:08:18.436  2186 13207 I display : [PrimaryDisplay] [DYNAMIC_RECOMP] HWC_2_GLES by low FPS(0)
03-21 14:08:18.686  2622  2950 D SensorService: [SO] -1.010 7.679 5.806
03-21 14:08:18.876  3062  3340 D NetworkController.MobileSignalController(0/2147483643): onSignalStrengthsChanged signalStrength=SignalStrength: 11 99 -11 -200 -11 -200 -1 99 2147483647 2147483647 2147483647 2147483647 2147483647 0x4 gsm|lte level=4
03-21 14:08:18.876  3062  3340 D NetworkController.MobileSignalController(0/2147483643): getMobileIconGroup(): 0
03-21 14:08:18.996  2622  2973 D InputReader: Input event(1): value=1 when=2804206713000
03-21 14:08:18.996  2622  2973 D InputReader: Input event(1): value=1 when=2804206713000
03-21 14:08:18.996  2622  2973 I InputReader: Touch event's action is 0x0 (deviceType=0) [pCnt=1, s=0.450 ] when=2804206713000
03-21 14:08:18.996  2622  2973 D InputReader: lastThreadEndTime = 2803028988935, currentThreadStartTime = 2803028994666, diff = 0
03-21 14:08:18.996  2622  2972 I InputDispatcher: Delivering touch to (3062): action: 0x4, toolType: 1
03-21 14:08:18.996  2622  2972 I InputDispatcher: Delivering touch to (14090): action: 0x0, toolType: 1
03-21 14:08:18.996 14090 14090 D ViewRootImpl: ViewPostImeInputStage processPointer 0
03-21 14:08:19.026  2186  2186 I display : [PrimaryDisplay] [DYNAMIC_RECOMP] first frame after HWC_2_GLES
03-21 14:08:19.026  2186  2186 I display : [PrimaryDisplay] [DYNAMIC_RECOMP] GLES_2_HWC by high FPS(5)
03-21 14:08:19.101  2622  2973 D InputReader: Input event(1): value=0 when=2804310990000
03-21 14:08:19.101  2622  2973 D InputReader: Input event(1): value=0 when=2804310990000
03-21 14:08:19.101  2622  2973 I InputReader: Touch event's action is 0x1 (deviceType=0) [pCnt=1, s=] when=2804310990000
03-21 14:08:19.101  2622  2972 I InputDispatcher: Delivering touch to (14090): action: 0x1, toolType: 1
03-21 14:08:19.101 14090 14090 D ViewRootImpl: ViewPostImeInputStage processPointer 1
03-21 14:08:19.101 14090 14090 D MTPUSBConnection: select mtp mode
03-21 14:08:19.101 14090 14090 I MTPUSBConnection: Inside MtpGSIMLogging
03-21 14:08:19.111 14090 14090 D UsbManager: setCurrentFunction : none
03-21 14:08:19.116 14090 14090 E SystemFW: setCurrentFunction
03-21 14:08:19.116 14090 14090 E SystemFW: java.lang.Exception: who's calling?
03-21 14:08:19.116 14090 14090 E SystemFW: 	at android.hardware.usb.UsbManager.setCurrentFunction(UsbManager.java:633)
03-21 14:08:19.116 14090 14090 E SystemFW: 	at com.samsung.android.MtpApplication.MtpReceiver.changeMtpMode(MtpReceiver.java:390)
03-21 14:08:19.116 14090 14090 E SystemFW: 	at com.samsung.android.MtpApplication.USBConnection$5.onClick(USBConnection.java:260)
03-21 14:08:19.116 14090 14090 E SystemFW: 	at com.android.internal.app.AlertController$ButtonHandler.handleMessage(AlertController.java:174)
03-21 14:08:19.116 14090 14090 E SystemFW: 	at android.os.Handler.dispatchMessage(Handler.java:102)
03-21 14:08:19.116 14090 14090 E SystemFW: 	at android.os.Looper.loop(Looper.java:148)
03-21 14:08:19.116 14090 14090 E SystemFW: 	at android.app.ActivityThread.main(ActivityThread.java:7402)
03-21 14:08:19.116 14090 14090 E SystemFW: 	at java.lang.reflect.Method.invoke(Native Method)
03-21 14:08:19.116 14090 14090 E SystemFW: 	at com.android.internal.os.ZygoteInit$MethodAndArgsCaller.run(ZygoteInit.java:1230)
03-21 14:08:19.116 14090 14090 E SystemFW: 	at com.android.internal.os.ZygoteInit.main(ZygoteInit.java:1120)
03-21 14:08:19.116  2622  3112 I PersonaManager: mKnoxInfo is empty
03-21 14:08:19.116 14090 14090 W Settings: Setting adb_enabled has moved from android.provider.Settings.Secure to android.provider.Settings.Global.
03-21 14:08:19.116 14090 14261 E         : [mtp_simple_sink_thread, 328] !!!!!! read failed errno [5], error [I/O error]
03-21 14:08:19.116  2189  2220 D DataRouter: After the usb select
03-21 14:08:19.116  2189  2220 D DataRouter: read length is zero
03-21 14:08:19.116  2189  2220 D DataRouter: dr_usb_deinit
03-21 14:08:19.116  2189  2220 D DataRouter: dr_usb_init
03-21 14:08:19.116 14090 14261 E         : [mtp_simple_sink_thread 375] read error [0] [Success]
03-21 14:08:19.121 14090 14261 W libc    : It seems that pthread_join() is not invoked or PTHREAD_ATTR_FLAG_DETACHED is not set.
03-21 14:08:19.121 14090 14261 W libc    :     pthread tid          : 14261
03-21 14:08:19.121 14090 14261 W libc    :     pthread start_routine: 0xb3406b8d
03-21 14:08:19.121  2189  2220 E DataRouter: USB Interface is open with 0x8
03-21 14:08:19.121  2189  2220 D DataRouter: USB interface is now configured for usb_fd = 0x8
03-21 14:08:19.121  8699  8705 I art     : Debugger is no longer active
03-21 14:08:19.121  2189  2220 D DataRouter: Before the usb select
03-21 14:08:19.121 14090 14090 D UsbManager: setCurrentFunction : mtp,adb
03-21 14:08:19.121 14090 14090 E SystemFW: setCurrentFunction
03-21 14:08:19.121 14090 14090 E SystemFW: java.lang.Exception: who's calling?
03-21 14:08:19.121 14090 14090 E SystemFW: 	at android.hardware.usb.UsbManager.setCurrentFunction(UsbManager.java:633)
03-21 14:08:19.121 14090 14090 E SystemFW: 	at com.samsung.android.MtpApplication.MtpReceiver.changeMtpMode(MtpReceiver.java:392)
03-21 14:08:19.121 14090 14090 E SystemFW: 	at com.samsung.android.MtpApplication.USBConnection$5.onClick(USBConnection.java:260)
03-21 14:08:19.121 14090 14090 E SystemFW: 	at com.android.internal.app.AlertController$ButtonHandler.handleMessage(AlertController.java:174)
03-21 14:08:19.121 14090 14090 E SystemFW: 	at android.os.Handler.dispatchMessage(Handler.java:102)
03-21 14:08:19.121 14090 14090 E SystemFW: 	at android.os.Looper.loop(Looper.java:148)
03-21 14:08:19.121 14090 14090 E SystemFW: 	at android.app.ActivityThread.main(ActivityThread.java:7402)
03-21 14:08:19.121 14090 14090 E SystemFW: 	at java.lang.reflect.Method.invoke(Native Method)
03-21 14:08:19.121 14090 14090 E SystemFW: 	at com.android.internal.os.ZygoteInit$MethodAndArgsCaller.run(ZygoteInit.java:1230)
03-21 14:08:19.121 14090 14090 E SystemFW: 	at com.android.internal.os.ZygoteInit.main(ZygoteInit.java:1120)
03-21 14:08:19.121  2622  3111 I PersonaManager: mKnoxInfo is empty
03-21 14:08:19.126  2622  2638 D InputDispatcher: Focused application set to: xxxx
03-21 14:08:19.131  2622  2638 D ActivityTrigger: ActivityTrigger activityPauseTrigger 
03-21 14:08:19.151 14090 14090 D ViewRootImpl: #3 mView = null
03-21 14:08:19.151  2186  2240 D libEGL  : eglTerminate EGLDisplay = 0xb6881624
03-21 14:08:19.151  2186  2240 D libEGL  : eglTerminate EGLDisplay = 0xb6881624
03-21 14:08:19.156  3062  3062 D PhoneStatusBar: setSystemUiVisibility vis=8600 mask=ffffffff oldVal=8000 newVal=8600 diff=600
03-21 14:08:19.156  2622  3611 D InputDispatcher: Focus left window: 14090
03-21 14:08:19.156  2622  3611 D InputDispatcher: Focus entered window: 8683
03-21 14:08:19.156  2622  2857 D PointerIcon: setMouseIconStyle1 pointerType: 1001 iconType:101 flag:0 pid:2622 uid:1000
03-21 14:08:19.156  2622  2857 D PointerIcon: setMouseCustomIcon IconType is same.101
03-21 14:08:19.156 14090 14090 W MTPRx   : notification from stack 21
03-21 14:08:19.156 14090 14090 E MTPRx   : Read Error Came false
03-21 14:08:19.156 14090 14090 E MTPRx   : Read Error Came so calling usbRemoved()
03-21 14:08:19.161 14090 14090 W MTPRx   : MTP_RUNNING_STATUS = 1
03-21 14:08:19.161 14090 14090 E MTPRx   :  sendbooster is false!
03-21 14:08:19.161 14090 14090 E MTPRx   : In usbRemoved Status bar enabled
03-21 14:08:19.161 14090 14090 E MTPRx   : nousbdriverReset case, so do not send MTP_FILE_SCAN 
03-21 14:08:19.166  2622  2638 D InputMethodManagerService: windowGainedFocus mCurrentFocusedUserId - 0 and mSecureKeypadEnabled-false
03-21 14:08:19.176  2622  3611 I PersonaManager: mKnoxInfo is empty
03-21 14:08:19.191  8683  8683 D SettingsActivity: onResume finished
03-21 14:08:19.191  8683  8683 D SettingsPreferenceFragment: intent.hasExtra(SettingsActivity.EXTRA_SHOW_FRAGMENT : true
03-21 14:08:19.191  8683  8683 D SettingsPreferenceFragment: fragmentName : com.android.settings.DevelopmentSettings
03-21 14:08:19.191  2622  3112 D SecContentProvider: query(), uri = 15 selection = isDeveloperModeAllowed
03-21 14:08:19.196  8683  8683 W Settings: Setting bugreport_in_power_menu has moved from android.provider.Settings.Secure to android.provider.Settings.Global.
03-21 14:08:19.201 14090 14090 E ViewRootImpl: sendUserActionEvent() mView == null
03-21 14:08:19.201 14090 14090 E MtpService: onDestroy.
03-21 14:08:19.201 14090 14090 E MtpService: Unregister Mtp disable Receiver
03-21 14:08:19.201 14090 14090 E MtpService: Receiver not registered: com.samsung.android.MtpApplication.MtpService$1@7165367
03-21 14:08:19.201 14090 14090 E MtpService: Unregister mtpEmergencyReceiver
03-21 14:08:19.201 14090 14090 E MtpService: Receiver not registered: com.samsung.android.MtpApplication.MtpService$2@a951514
03-21 14:08:19.201 14090 14090 E MtpService: unregistering mtpUserPresentReceiver in UnregisterAllIntent
03-21 14:08:19.201 14090 14090 E MtpService: Receiver not registered: com.samsung.android.MtpApplication.MtpService$4@e451b26
03-21 14:08:19.201 14090 14090 E MtpService: unregistering mtpMediaReceiver in UnregisterAllIntent
03-21 14:08:19.201 14090 14090 E MtpService: Receiver not registered: com.samsung.android.MtpApplication.MtpService$3@1d3e81
03-21 14:08:19.201 14090 14090 E MTPJNIInterface: noti = 3
03-21 14:08:19.201 14090 14090 D         : USB_MTP_ENABLED AND usb_ptp_enabled!
03-21 14:08:19.201 14090 14090 D         : __mtp_handler_eh_notify: USB plugged out.
03-21 14:08:19.201 14090 14090 D         : [__mtp_handler_eh_notify:627] is_connected = 1 and is_enumeration_finished = 1
03-21 14:08:19.201 14090 14090 D         :  [__mtp_handler_eh_notify:668] Enumeration is Complete and hence exiting the Mtp App 
03-21 14:08:19.201 14090 14090 D         : gbin_sem_mtp semphore destroy successful
03-21 14:08:19.201 14090 14090 D         : [__mtp_handler_eh_notify:732] sending event to event handler thread to close...
03-21 14:08:19.201 14090 14090 D         : [__mtp_handler_eh_notify:741] starting mtp_deinitialize() ...
03-21 14:08:19.201 14090 14090 D         :  cleaning MP3 properties
03-21 14:08:19.201 14090 14090 D         :  cleaning WMA properties
03-21 14:08:19.201 14090 14090 D         :  cleaning WMV properties
03-21 14:08:19.201 14090 14090 D         :  cleaning ALBUM properties
03-21 14:08:19.201 14090 14090 D         :  cleaning default properties
03-21 14:08:19.201 14090 14090 D         : [__mtp_handler_eh_notify:773] Checking for MMC_INSERTED and kill data threads ...
03-21 14:08:19.201 14090 14090 D         : [__mtp_handler_eh_notify:784] calling mtp_g_fs_mtp_init() ...
03-21 14:08:19.206 14090 14090 D         :  ************** In mtp_g_fs_mtp_init to kill the threads
03-21 14:08:19.206 14090 14090 D         : [mtp_g_fs_mtp_init] ********* gfs_mode = 0 mtp_clean_usb_driver  
03-21 14:08:19.206 14090 14090 D         : [mtp_g_fs_mtp_init] ************ Calling mtp_usb_mtp_finalize fn
03-21 14:08:19.206 14090 14090 E         : ****** [mtp_usb_mtp_finalize 1276] mtp_close_fd Calling 
03-21 14:08:19.206 14090 14090 E         : [mtp_close_fd 134]  fd = 25...
03-21 14:08:19.206 14090 14090 E         : [mtp_close_fd 139] USB endpoint [25] closed...
03-21 14:08:19.206 14090 14090 E         : ****** [mtp_usb_mtp_finalize 1279] Updating the gInitializeFlag Flag to FALSE 
03-21 14:08:19.206 14090 14090 E         : ****** [mtp_usb_mtp_finalize 1282] Calling mtp_stop_io 
03-21 14:08:19.206 14090 14090 D         : mtp_stop_io going to kill source thread, th_source value = 1
03-21 14:08:19.206  2622  3721 D PackageManager: setEnabledSetting : userId = 0 packageName = com.android.shell cmp = com.android.shell.BugreportStorageProvider newState = 1 callingPackage = 1000
03-21 14:08:19.216  2622  3718 D SecContentProvider: query(), uri = 17 selection = isUsbDebuggingEnabled
03-21 14:08:19.216  2622  3111 D SecContentProvider: query(), uri = 16 selection = isMockLocationEnabled
03-21 14:08:19.221  2622  3611 D SecContentProvider: query(), uri = 16 selection = isKillingActivitiesOnLeaveAllowed
03-21 14:08:19.221  2622  3722 D SecContentProvider: query(), uri = 15 selection = isBackgroundProcessLimitEnabled
03-21 14:08:19.246  2622  2972 W InputDispatcher: channel ~ Consumer closed input channel or an error occurred.  events=0x9
03-21 14:08:19.246  2622  2972 E InputDispatcher: channel ~ Channel is unrecoverably broken and will be disposed!
03-21 14:08:19.246  2622  3721 D ActivityManager: removeProcessNameLocked mProcessNames.remove pid=14090 ,hash=36477844 ,name=com.samsung.android.MtpApplication
03-21 14:08:19.251  8683  8683 I Timeline: Timeline: Activity_idle id: android.os.BinderProxy@627fe23 time:2804461
03-21 14:08:19.251  2622  3611 W InputDispatcher: Attempted to unregister already unregistered input channel
03-21 14:08:19.431  2186  4376 I SurfaceFlinger: id=233 Removed VSBConnecti (2/9)
03-21 14:08:19.431  2186  2240 I SurfaceFlinger: id=233 Removed VSBConnecti (-2/9)
03-21 14:08:19.446  2186  2186 D libEGL  : eglTerminate EGLDisplay = 0xbeafd4e4
03-21 14:08:19.491  2622  2959 D SecContentProvider: insert(), uri = 2
03-21 14:08:19.491  2622  2833 D SecContentProvider: query(), uri = 18 selection = isUsbMediaPlayerAvailable
03-21 14:08:19.501  8683  8683 D DevelopmentSettings: updateUsbConfigurationValues : 
03-21 14:08:19.511 14276 14276 E Zygote  : no v2
03-21 14:08:19.516 14276 14276 W SELinux : Function: selinux_compare_spd_ram, index[1], priority [2], priority version is VE=SEPF_SECMOBILE_6.0.1_0032
03-21 14:08:19.546 14276 14276 D TimaKeyStoreProvider: TimaSignature is unavailable
03-21 14:08:19.546 14276 14276 D ActivityThread: Added TimaKeyStore provider
03-21 14:08:19.571 14276 14276 W System  : ClassLoader referenced unknown path: /system/priv-app/MtpApplication/lib/arm
03-21 14:08:19.576 14276 14276 E MTPRx   : In MtpReceiverandroid.hardware.usb.action.USB_STATE
03-21 14:08:19.581  2622  3111 D SecContentProvider2: query(), uri = 14 selection = getSealedUsbMassStorageState
03-21 14:08:19.581 14276 14276 E MTPRx   : check value of boot_completed is1
03-21 14:08:19.581 14276 14276 D MTPRx   : in initializeSettingsValues
03-21 14:08:19.596 14276 14276 W System.err: remove failed: ENOENT (No such file or directory) : /storage/emulated/0/.mtp
03-21 14:08:19.596 14276 14276 E MTPRx   : check booting is completed_sys.boot_completed
03-21 14:08:19.596 14276 14276 W MTPRx   : value of connected istrue
03-21 14:08:19.596 14276 14276 W MTPRx   : value of configured isfalse
03-21 14:08:19.596 14276 14276 W MTPRx   : value of mtpEnabled istrue
03-21 14:08:19.596 14276 14276 W MTPRx   : value of ptpEnabled isfalse
03-21 14:08:19.596 14276 14276 W MTPRx   : value of vzw_charging isfalse
03-21 14:08:19.596 14276 14276 W MTPRx   : value of sec_charging isfalse
03-21 14:08:19.596 14276 14276 E MTPRx   : Received USB_STATE with sdCardLaunch = 0
03-21 14:08:19.596 14276 14276 E MTPRx   : configured is false
03-21 14:08:19.606  2622  4348 I PersonaManager: mKnoxInfo is empty
03-21 14:08:19.616  2622  2959 D SecContentProvider: insert(), uri = 2
03-21 14:08:19.621  2622  2833 D SecContentProvider: query(), uri = 18 selection = isUsbMediaPlayerAvailable
03-21 14:08:19.621 13500 13500 D NPS_WSSNPS: [] sys.usb.config : mtp,adb
03-21 14:08:19.621 13500 13500 D NPS_WSSNPS: [] bConfigured is false!
03-21 14:08:19.631  8683  8683 D DevelopmentSettings: updateUsbConfigurationValues : 
03-21 14:08:19.636 14276 14276 E MTPRx   : In MtpReceiverandroid.hardware.usb.action.USB_STATE
03-21 14:08:19.636  2622  2638 D SecContentProvider2: query(), uri = 14 selection = getSealedUsbMassStorageState
03-21 14:08:19.636 14276 14276 E MTPRx   : check value of boot_completed is1
03-21 14:08:19.636 14276 14276 E MTPRx   : check booting is completed_sys.boot_completed
03-21 14:08:19.636 14276 14276 W MTPRx   : value of connected istrue
03-21 14:08:19.636 14276 14276 W MTPRx   : value of configured istrue
03-21 14:08:19.636 14276 14276 W MTPRx   : value of mtpEnabled istrue
03-21 14:08:19.636 14276 14276 W MTPRx   : value of ptpEnabled isfalse
03-21 14:08:19.636 14276 14276 W MTPRx   : value of vzw_charging isfalse
03-21 14:08:19.636 14276 14276 W MTPRx   : value of sec_charging isfalse
03-21 14:08:19.636 14276 14276 E MTPRx   : Received USB_STATE with sdCardLaunch = 0
03-21 14:08:19.636 14276 14276 E MTPRx   : mFirstTime: false
03-21 14:08:19.646 14276 14276 D         : MTP: reading debug level property
03-21 14:08:19.646 14276 14276 E MTPJNIInterface: Getting CryptionKey from JAVA
03-21 14:08:19.646 14276 14276 E MTPRx   : currentUserId is 0
03-21 14:08:19.651 14276 14276 E MTPRx   : mtpCurrentGlobalUserId is 0
03-21 14:08:19.656 14276 14276 E MTPRx   : Start observing USB_STATE_MATCH 
03-21 14:08:19.656 14276 14276 E MTPRx   : usbMode is 0200
03-21 14:08:19.661 14276 14276 E MTPRx   : This is not guid
03-21 14:08:19.661  2622  3108 D ActivityManager: removeProcessNameLocked mProcessNames.remove pid=12974 ,hash=67912422 ,name=com.google.android.packageinstaller
03-21 14:08:19.661 14276 14276 I EngineeringModeManager: com.samsung.android.MtpApplication connects to EngineeringModeService.
03-21 14:08:19.661 14276 14276 I EngineeringModeManager: getStatus() is called.
03-21 14:08:19.661  2622  3611 I ENGMODE : EM Version#0001 - 2.0.4
03-21 14:08:19.661  2622  3611 E ENGMODE : Failed to enable UD-Mode(lecagy)
03-21 14:08:19.661  2622  3611 E ENGMODE : Failed to open token (-1)
03-21 14:08:19.661  2622  3611 E ENGMODE : Failed to read token(-12)
03-21 14:08:19.661  2622  3611 E ENGMODE : the req mode is not allowed (-12)
03-21 14:08:19.661 14276 14276 D MTPRx   : getUsbdebugStatus() is 0
03-21 14:08:19.666 14276 14276 E MTPRx   : is_Privatemode is NOT 1
03-21 14:08:19.671 14276 14276 W MTPRx   : driverdisplay.trust Status = 0
03-21 14:08:19.676 14276 14276 D MTPRx   : Shared devices screen OFF completedfalse
03-21 14:08:19.681 14276 14276 E MTPRx   : Sending NORMAL_BOOT to stack
03-21 14:08:19.681 14276 14276 E MTPJNIInterface: noti = 17
03-21 14:08:19.681  2186  4376 I SurfaceFlinger: id=232 Removed VSBConnecti (2/8)
03-21 14:08:19.681  2622  3719 D SecContentProvider: query(), uri = 18 selection = isUsbMediaPlayerAvailable
03-21 14:08:19.681  2186  2240 I SurfaceFlinger: id=232 Removed VSBConnecti (-2/8)
03-21 14:08:19.686 14276 14276 E MTPRx   : User is personal
03-21 14:08:19.686  2186  2874 I SurfaceFlinger: id=232 Removed VSBConnecti (-2/8)
03-21 14:08:19.686 14276 14276 E MTPRx   : sending MTP_ICON_ENABLED to stack
03-21 14:08:19.691  2622  5773 I PersonaManager: mKnoxInfo is empty
03-21 14:08:19.696  2186  2186 D libEGL  : eglTerminate EGLDisplay = 0xbeafd4e4
03-21 14:08:19.696 14276 14276 E MTPRx   : else part ... so first time!!!
03-21 14:08:19.696 14276 14276 E MTPPlaObsrvr: inside setContext()
03-21 14:08:19.696 14276 14276 E MTPPlaObsrvr:  inside createplafiles
03-21 14:08:19.706 14276 14276 E MTPPlaObsrvr: playlist count is0
03-21 14:08:19.706 14276 14276 E MTPPlaObsrvr:  inside try branch createplafiles
03-21 14:08:19.706 14276 14276 E MTPPlaObsrvr:  inside deleteing plas createplafiles
03-21 14:08:19.711 14276 14276 E MTPPlaObsrvr: Inside registerContentObserver
03-21 14:08:19.711 14276 14276 E MtpAdbObserver: inside setContext()
03-21 14:08:19.711 14276 14276 E MtpAdbObserver: Inside registerContentObserver
03-21 14:08:19.711 14276 14276 W Settings: Setting adb_enabled has moved from android.provider.Settings.System to android.provider.Settings.Global, returning read-only global URI.
03-21 14:08:19.711  2622  3110 I PersonaManager: mKnoxInfo is empty
03-21 14:08:19.716 14276 14276 E MtpService: onCreate.
03-21 14:08:19.716 14276 14276 E MtpService: < MTP > Registering BroadCast receiver :::::
03-21 14:08:19.721  2622  3719 I PersonaManager: mKnoxInfo is empty
03-21 14:08:19.721 14276 14276 E MtpService: < MTP > Registering BroadCast registerBroadCastPolicyRec :::::
03-21 14:08:19.721  2622  3358 I PersonaManager: mKnoxInfo is empty
03-21 14:08:19.721 14276 14276 E MtpService: < MTP > Registering BroadCast registerBroadCastEmergencyRec :::::
03-21 14:08:19.726 14276 14276 E MtpService: onStartCommand.
03-21 14:08:19.726 14276 14276 W MTPRx   : calling native method
03-21 14:08:19.726 14276 14276 E MTPJNIInterface: < MTP > Registering BroadCast receiver :::::
03-21 14:08:19.726 14276 14276 E MTPJNIInterface: < MTP > Registering BroadCast receiver :::::::
03-21 14:08:19.731 14276 14292 E MtpService: handleMessage. msg= { when=0 what=0 arg1=1 obj=Intent { cmp=com.samsung.android.MtpApplication/.MtpService } target=com.samsung.android.MtpApplication.MtpService$ServiceHandler }
03-21 14:08:19.731 14276 14276 E MTPJNIInterface: noti = 10
03-21 14:08:19.736  2189  2220 D DataRouter: After the usb select
03-21 14:08:19.736  2189  2220 D DataRouter: read usb data[len:1]
03-21 14:08:19.736  2189  2220 D DataRouter: read usb data message:A
03-21 14:08:19.736  2189  2220 D DataRouter: Before the usb select
03-21 14:08:19.736 14276 14276 E MtpService: onStartCommand.
03-21 14:08:19.736 14276 14276 W MTPRx   : calling native method
03-21 14:08:19.736 14276 14292 E MtpService: handleMessage. msg= { when=0 what=0 arg1=2 obj=Intent { cmp=com.samsung.android.MtpApplication/.MtpService } target=com.samsung.android.MtpApplication.MtpService$ServiceHandler }
03-21 14:08:19.736 14276 14276 E MTPRx   : Checking the driver time out
03-21 14:08:19.736 14276 14276 E MTPJNIInterface: noti = 2
03-21 14:08:19.736 14276 14276 D         : deleting sockets before message queue initialization
03-21 14:08:19.736 14276 14276 D         : event handler thread is created, so set the flag
03-21 14:08:19.736 14276 14276 E MTPRx   : called native method
03-21 14:08:19.736 14276 14276 E MTPJNIInterface: setting Media scanner status0
03-21 14:08:19.736 14276 14276 E MTPJNIInterface: After setting Media scanner status0
03-21 14:08:19.736 14276 14276 W MTPRx   : notification from stack 1
03-21 14:08:19.741 14276 14293 E         : Unable to get Object Class and clearing cls 2 [int check_media_scanner_status() 594]
03-21 14:08:19.741 14276 14293 E MTPJNIInterface: Getting media scanner status0
03-21 14:08:19.741 14276 14293 E MTPJNIInterface: DeviceName is Null in System
03-21 14:08:19.741 14276 14293 E MTPJNIInterface: DeviceName is Galaxy On5 Pro
03-21 14:08:19.741 13500 13500 D NPS_WSSNPS: [] sys.usb.config : mtp,adb
03-21 14:08:19.741 13500 13500 D NPS_WSSNPS: [] bConfigured is true!
03-21 14:08:19.741 14276 14293 E         : memcpy failed [memCpy 111]
03-21 14:08:19.741 13500 13500 D NPS_WSSNPS: [] set deviceowner 0
03-21 14:08:19.741 13500 13500 D NPS_WSSNPS: [] found DevicePolicyManager Service ok.
03-21 14:08:19.741  2622  3110 I PersonaManager: mKnoxInfo is empty
03-21 14:08:19.741 13500 13500 D NPS_WSSNPS: [] deviceowner 0
03-21 14:08:19.751 14276 14293 E MTPJNIInterface: Status for mount/Unmount :unknown
03-21 14:08:19.751 14276 14293 E MTPJNIInterface: SDcard is not available
03-21 14:08:19.751  3860  3860 D MtpService: starting MTP server in MTP mode
03-21 14:08:19.751  3860  3860 E MtpServerJNI: could not open MTP driver, errno: 2
03-21 14:08:19.756 14276 14293 E MTPJNIInterface: Status for mount/Unmount :unknown
03-21 14:08:19.756 14276 14293 E MTPJNIInterface: SDcard is not available
03-21 14:08:19.756 14276 14293 E SQLiteLog: (21) API call with NULL database connection pointer
03-21 14:08:19.756 14276 14293 E SQLiteLog: (21) misuse at line 107862 of [2ef4f3a5b1]
03-21 14:08:19.756 14276 14293 E SQLiteLog: (21) API call with NULL database connection pointer
03-21 14:08:19.756 14276 14293 E SQLiteLog: (21) misuse at line 102945 of [2ef4f3a5b1]
03-21 14:08:19.756 14276 14293 E SQLiteLog: (21) API call with NULL database connection pointer
03-21 14:08:19.756 14276 14293 E SQLiteLog: (21) misuse at line 102945 of [2ef4f3a5b1]
03-21 14:08:19.756 14276 14293 E SQLiteLog: (21) API call with NULL database connection pointer
03-21 14:08:19.756 14276 14293 E SQLiteLog: (21) misuse at line 107862 of [2ef4f3a5b1]
03-21 14:08:19.756 14276 14276 W MTPRx   : notification from stack 2
03-21 14:08:19.756 14276 14294 D         : [mtp_init_device] Library open with 32 bits.
03-21 14:08:19.756 14276 14294 D         : [mtp_init_device] Going to open(): /dev/usb_mtp_gadget
03-21 14:08:19.756  3860  3860 D MtpService: Adding MTP storage 0x10001 at /storage/emulated/0
03-21 14:08:19.756  3860  3860 E MtpServerJNI: server is null in add_storage
03-21 14:08:19.756 14276 14294 E         : [mtp_init_device 740]  After open the MTP fd = 25 and line = 740...
03-21 14:08:19.756 14276 14294 D         : [mtp_init_device] IOCTL SET_MTP_USER_PID Sucesss 
03-21 14:08:19.756 14276 14294 E         :  [sua_support_present:1332] returning false 
03-21 14:08:19.756 14276 14294 D         : *****Starting mtp_io()
03-21 14:08:19.756  3860 14296 E MtpServerJNI: server is null in run
03-21 14:08:19.756  3860 14296 E MtpServerJNI: server is null in cleanup
03-21 14:08:19.756 14276 14276 W MTPRx   : notification from stack 3
03-21 14:08:19.756 14276 14294 D         : [mtp_start_io] source_thread Creation 
03-21 14:08:19.761 14276 14294 D         : [mtp_start_io] sink_thread Creation 
03-21 14:08:19.761 14276 14294 D         : [mtp_start_io:414] sink thread created so set th_sink
03-21 14:08:19.761  3860  3860 E MtpServerJNI: server is null in send_object_removed
03-21 14:08:19.761 14276 14276 W MTPRx   : notification from stack 14
03-21 14:08:19.761 14276 14276 E MTPRx   : Open session has come  remove the  Message false
03-21 14:08:19.766 14276 14276 E MTPRx   : This is not guid
03-21 14:08:19.766 14276 14276 E MTPRx   : in startDBupdate
03-21 14:08:19.766 14276 14276 W MTPRx   : notification from stack 3
03-21 14:08:19.766 14276 14300 V MtpMediaDBManager: inside deleteFilesTable
03-21 14:08:19.771 14276 14295 E         : mtp_get_storage_ids_mtp_handle : START !!
03-21 14:08:19.786 14276 14295 E SQLiteLog: (1) no such table: system
03-21 14:08:19.786 14276 14295 E SQLiteLog: (1) no such table: global
03-21 14:08:19.786 14276 14300 V MtpMediaDBManager: inside Thread updateFilesTable
03-21 14:08:19.786 14276 14295 E MTPJNIInterface: Value of device_name is Galaxy On5 Pro
03-21 14:08:19.786 14276 14295 E         : mtp_get_storage_ids_mtp_handle : START !!
03-21 14:08:19.796 14276 14300 E MtpMediaDBManager: count : 40
03-21 14:08:19.821 14276 14300 W MtpMediaDBManager: sending db update complete noti to stack
03-21 14:08:19.821 14276 14300 E MTPJNIInterface: noti = 29
03-21 14:08:19.836  2186 13207 I display : [PrimaryDisplay] [DYNAMIC_RECOMP] HWC_2_GLES by low FPS(3)
03-21 14:08:19.836  2189  2220 D DataRouter: After the usb select
03-21 14:08:19.836  2189  2220 D DataRouter: read usb data[len:1]
03-21 14:08:19.836  2189  2220 D DataRouter: read usb data message:T
03-21 14:08:19.836  2189  2220 D DataRouter: Before the usb select
03-21 14:08:19.846  2186  2186 I display : [PrimaryDisplay] [DYNAMIC_RECOMP] GLES_2_HWC by high FPS(7)
03-21 14:08:19.851 14276 14295 E SQLiteLog: (1) no such table: system
03-21 14:08:19.851 14276 14295 E SQLiteLog: (1) no such table: global
03-21 14:08:19.851 14276 14295 E MTPJNIInterface: Value of device_name is Galaxy On5 Pro
03-21 14:08:19.851 14276 14295 E         : mtp_get_storage_ids_mtp_handle : START !!
03-21 14:08:19.911 14276 14295 E SQLiteLog: (1) no such table: system
03-21 14:08:19.911 14276 14295 E SQLiteLog: (1) no such table: global
03-21 14:08:19.911 14276 14295 E MTPJNIInterface: Value of device_name is Galaxy On5 Pro
03-21 14:08:19.911 14276 14295 E         : mtp_get_storage_ids_mtp_handle : START !!
03-21 14:08:19.936 14276 14295 E SQLiteLog: (1) no such table: system
03-21 14:08:19.936 14276 14295 E SQLiteLog: (1) no such table: global
03-21 14:08:19.936 14276 14295 E MTPJNIInterface: Value of device_name is Galaxy On5 Pro
03-21 14:08:19.936  2189  2220 D DataRouter: After the usb select
03-21 14:08:19.936  2189  2220 D DataRouter: read usb data[len:1]
03-21 14:08:19.936  2189  2220 D DataRouter: read usb data message:
03-21 14:08:19.936  2189  2220 D DataRouter: Before the usb select
03-21 14:08:19.936 14276 14295 E         : mtp_get_storage_ids_mtp_handle : START !!
03-21 14:08:20.036  2189  2933 D DataRouter: write [8] bytes of data to USB fd[8]
03-21 14:08:20.036  2189  2220 D DataRouter: After the usb select
03-21 14:08:20.036  2189  2220 D DataRouter: read usb data[len:1]
03-21 14:08:20.036  2189  2220 D DataRouter: read usb data message:A
03-21 14:08:20.036  2189  2220 D DataRouter: Before the usb select
03-21 14:08:20.056 14276 14295 E         : mtp_get_storage_ids_mtp_handle : START !!
03-21 14:08:20.136  2186 13207 I display : [PrimaryDisplay] [DYNAMIC_RECOMP] HWC_2_GLES by low FPS(0)
03-21 14:08:20.136  2189  2220 D DataRouter: After the usb select
03-21 14:08:20.136  2189  2220 D DataRouter: read usb data[len:1]
03-21 14:08:20.136  2189  2220 D DataRouter: read usb data message:T
03-21 14:08:20.136  2189  2220 D DataRouter: Before the usb select
03-21 14:08:20.141  2189  2933 D DataRouter: write [1] bytes of data to USB fd[8]
03-21 14:08:20.206  2622  4348 I PersonaManager: mKnoxInfo is empty
03-21 14:08:20.236  2189  2220 D DataRouter: After the usb select
03-21 14:08:20.236  2189  2220 D DataRouter: read usb data[len:1]
03-21 14:08:20.236  2189  2220 D DataRouter: read usb data message:+
03-21 14:08:20.236  2189  2220 D DataRouter: Before the usb select
03-21 14:08:20.336  2189  2220 D DataRouter: After the usb select
03-21 14:08:20.336  2189  2220 D DataRouter: read usb data[len:1]
03-21 14:08:20.336  2189  2220 D DataRouter: read usb data message:C
03-21 14:08:20.336  2189  2220 D DataRouter: Before the usb select
03-21 14:08:20.436  2189  2220 D DataRouter: After the usb select
03-21 14:08:20.436  2189  2220 D DataRouter: read usb data[len:1]
03-21 14:08:20.436  2189  2220 D DataRouter: read usb data message:G
03-21 14:08:20.436  2189  2220 D DataRouter: Before the usb select
03-21 14:08:20.441  2189  2933 D DataRouter: write [3] bytes of data to USB fd[8]
03-21 14:08:20.536  2189  2220 D DataRouter: After the usb select
03-21 14:08:20.536  2189  2220 D DataRouter: read usb data[len:1]
03-21 14:08:20.536  2189  2220 D DataRouter: read usb data message:M
03-21 14:08:20.536  2189  2220 D DataRouter: Before the usb select
03-21 14:08:20.636  2189  2220 D DataRouter: After the usb select
03-21 14:08:20.636  2189  2220 D DataRouter: read usb data[len:1]
03-21 14:08:20.636  2189  2220 D DataRouter: read usb data message:I
03-21 14:08:20.636  2189  2220 D DataRouter: Before the usb select
03-21 14:08:20.641  2189  2933 D DataRouter: write [2] bytes of data to USB fd[8]
03-21 14:08:20.736  2189  2220 D DataRouter: After the usb select
03-21 14:08:20.736  2189  2220 D DataRouter: read usb data[len:1]
03-21 14:08:20.736  2189  2220 D DataRouter: read usb data message:
03-21 14:08:20.736  2189  2220 D DataRouter: Before the usb select
03-21 14:08:20.741  2189  2933 D DataRouter: write [1] bytes of data to USB fd[8]
03-21 14:08:21.256 13735 13787 I ReschedulableTimer: [#CMH#] ReschedulableTimer started 
03-21 14:08:22.656  3062  3062 D KeyguardUpdateMonitor: received broadcast android.intent.action.BATTERY_CHANGED
03-21 14:08:22.656  3062  3062 D KeyguardUpdateMonitor: handleBatteryUpdate
03-21 14:08:22.666  3493  3493 D CommonServiceConfiguration: getStringValueSetting
03-21 14:08:22.676  3493  3493 D BatteryMonitor: new battery level: 87
03-21 14:08:22.706  2186  2186 I display : [PrimaryDisplay] [DYNAMIC_RECOMP] first frame after HWC_2_GLES
03-21 14:08:22.706  2186  2186 I display : [PrimaryDisplay] [DYNAMIC_RECOMP] GLES_2_HWC by high FPS(5)
03-21 14:08:23.036  2186 13207 I display : [PrimaryDisplay] [DYNAMIC_RECOMP] HWC_2_GLES by low FPS(0)
03-21 14:08:23.926  3062  3340 D NetworkController.MobileSignalController(0/2147483643): onSignalStrengthsChanged signalStrength=SignalStrength: 12 99 -12 -200 -12 -200 -1 99 2147483647 2147483647 2147483647 2147483647 2147483647 0x4 gsm|lte level=4
03-21 14:08:23.926  3062  3340 D NetworkController.MobileSignalController(0/2147483643): getMobileIconGroup(): 0
03-21 14:08:24.341  2189  2220 D DataRouter: After the usb select
03-21 14:08:24.341  2189  2220 D DataRouter: read usb data[len:1]
03-21 14:08:24.341  2189  2220 D DataRouter: read usb data message:A
03-21 14:08:24.341  2189  2220 D DataRouter: Before the usb select
03-21 14:08:24.446  2189  2220 D DataRouter: After the usb select
03-21 14:08:24.446  2189  2220 D DataRouter: read usb data[len:1]
03-21 14:08:24.446  2189  2220 D DataRouter: read usb data message:T
03-21 14:08:24.446  2189  2220 D DataRouter: Before the usb select
03-21 14:08:24.541  2189  2220 D DataRouter: After the usb select
03-21 14:08:24.541  2189  2220 D DataRouter: read usb data[len:1]
03-21 14:08:24.541  2189  2220 D DataRouter: read usb data message:+
03-21 14:08:24.541  2189  2220 D DataRouter: Before the usb select
03-21 14:08:24.546  2189  2933 D DataRouter: write [2] bytes of data to USB fd[8]
03-21 14:08:24.641  2189  2220 D DataRouter: After the usb select
03-21 14:08:24.641  2189  2220 D DataRouter: read usb data[len:1]
03-21 14:08:24.641  2189  2220 D DataRouter: read usb data message:G
03-21 14:08:24.641  2189  2220 D DataRouter: Before the usb select
03-21 14:08:24.646  2189  2933 D DataRouter: write [1] bytes of data to USB fd[8]
03-21 14:08:24.741  2189  2220 D DataRouter: After the usb select
03-21 14:08:24.741  2189  2220 D DataRouter: read usb data[len:1]
03-21 14:08:24.741  2189  2220 D DataRouter: read usb data message:M
03-21 14:08:24.741  2189  2220 D DataRouter: Before the usb select
03-21 14:08:24.841  2189  2220 D DataRouter: After the usb select
03-21 14:08:24.841  2189  2220 D DataRouter: read usb data[len:1]
03-21 14:08:24.841  2189  2220 D DataRouter: read usb data message:I
03-21 14:08:24.841  2189  2220 D DataRouter: Before the usb select
03-21 14:08:24.941  2189  2220 D DataRouter: After the usb select
03-21 14:08:24.941  2189  2220 D DataRouter: read usb data[len:1]
03-21 14:08:24.941  2189  2220 D DataRouter: read usb data message:
03-21 14:08:24.941  2189  2220 D DataRouter: Before the usb select
03-21 14:08:25.046  2189  2933 D DataRouter: write [30] bytes of data to USB fd[8]
03-21 14:08:25.046  2189  2220 D DataRouter: After the usb select
03-21 14:08:25.046  2189  2220 D DataRouter: read usb data[len:1]
03-21 14:08:25.046  2189  2220 D DataRouter: read usb data message:A
03-21 14:08:25.046  2189  2220 D DataRouter: Before the usb select
03-21 14:08:25.146  2189  2220 D DataRouter: After the usb select
03-21 14:08:25.146  2189  2220 D DataRouter: read usb data[len:1]
03-21 14:08:25.146  2189  2220 D DataRouter: read usb data message:T
03-21 14:08:25.146  2189  2220 D DataRouter: Before the usb select
03-21 14:08:25.151  2189  2933 D DataRouter: write [1] bytes of data to USB fd[8]
03-21 14:08:25.251  2189  2220 D DataRouter: After the usb select
03-21 14:08:25.251  2189  2220 D DataRouter: read usb data[len:1]
03-21 14:08:25.251  2189  2220 D DataRouter: read usb data message:+
03-21 14:08:25.251  2189  2220 D DataRouter: Before the usb select
03-21 14:08:25.251  2189  2933 D DataRouter: write [1] bytes of data to USB fd[8]
03-21 14:08:25.346  2189  2220 D DataRouter: After the usb select
03-21 14:08:25.346  2189  2220 D DataRouter: read usb data[len:1]
03-21 14:08:25.346  2189  2220 D DataRouter: read usb data message:C
03-21 14:08:25.346  2189  2220 D DataRouter: Before the usb select
03-21 14:08:25.451  2189  2220 D DataRouter: After the usb select
03-21 14:08:25.451  2189  2220 D DataRouter: read usb data[len:1]
03-21 14:08:25.451  2189  2220 D DataRouter: read usb data message:G
03-21 14:08:25.451  2189  2220 D DataRouter: Before the usb select
03-21 14:08:25.451  2189  2933 D DataRouter: write [2] bytes of data to USB fd[8]
03-21 14:08:25.546  2189  2220 D DataRouter: After the usb select
03-21 14:08:25.546  2189  2220 D DataRouter: read usb data[len:1]
03-21 14:08:25.546  2189  2220 D DataRouter: read usb data message:M
03-21 14:08:25.546  2189  2220 D DataRouter: Before the usb select
03-21 14:08:25.551  2189  2933 D DataRouter: write [1] bytes of data to USB fd[8]
03-21 14:08:25.646  2189  2220 D DataRouter: After the usb select
03-21 14:08:25.646  2189  2220 D DataRouter: read usb data[len:1]
03-21 14:08:25.646  2189  2220 D DataRouter: read usb data message:M
03-21 14:08:25.646  2189  2220 D DataRouter: Before the usb select
03-21 14:08:25.651  2189  2933 D DataRouter: write [1] bytes of data to USB fd[8]
03-21 14:08:25.746  2189  2220 D DataRouter: After the usb select
03-21 14:08:25.746  2189  2220 D DataRouter: read usb data[len:1]
03-21 14:08:25.746  2189  2220 D DataRouter: read usb data message:
03-21 14:08:25.746  2189  2220 D DataRouter: Before the usb select
03-21 14:08:25.851  2189  2933 D DataRouter: write [29] bytes of data to USB fd[8]
03-21 14:08:25.956  2189  2220 D DataRouter: After the usb select
03-21 14:08:25.956  2189  2220 D DataRouter: read usb data[len:1]
03-21 14:08:25.956  2189  2220 D DataRouter: read usb data message:A
03-21 14:08:25.956  2189  2220 D DataRouter: Before the usb select
03-21 14:08:26.056  2189  2220 D DataRouter: After the usb select
03-21 14:08:26.056  2189  2220 D DataRouter: read usb data[len:1]
03-21 14:08:26.056  2189  2220 D DataRouter: read usb data message:T
03-21 14:08:26.056  2189  2220 D DataRouter: Before the usb select
03-21 14:08:26.156  2189  2220 D DataRouter: After the usb select
03-21 14:08:26.156  2189  2220 D DataRouter: read usb data[len:1]
03-21 14:08:26.156  2189  2220 D DataRouter: read usb data message:%
03-21 14:08:26.156  2189  2220 D DataRouter: Before the usb select
03-21 14:08:26.156  2189  2933 D DataRouter: write [2] bytes of data to USB fd[8]
03-21 14:08:26.256  2189  2220 D DataRouter: After the usb select
03-21 14:08:26.256  2189  2220 D DataRouter: read usb data[len:1]
03-21 14:08:26.256  2189  2220 D DataRouter: read usb data message:I
03-21 14:08:26.256  2189  2220 D DataRouter: Before the usb select
03-21 14:08:26.356  2189  2220 D DataRouter: After the usb select
03-21 14:08:26.356  2189  2220 D DataRouter: read usb data[len:1]
03-21 14:08:26.356  2189  2220 D DataRouter: read usb data message:P
03-21 14:08:26.356  2189  2220 D DataRouter: Before the usb select
03-21 14:08:26.456  2189  2220 D DataRouter: After the usb select
03-21 14:08:26.456  2189  2220 D DataRouter: read usb data[len:1]
03-21 14:08:26.456  2189  2220 D DataRouter: read usb data message:S
03-21 14:08:26.456  2189  2220 D DataRouter: Before the usb select
03-21 14:08:26.456  2189  2933 D DataRouter: write [3] bytes of data to USB fd[8]
03-21 14:08:26.556  2189  2220 D DataRouter: After the usb select
03-21 14:08:26.556  2189  2220 D DataRouter: read usb data[len:1]
03-21 14:08:26.556  2189  2220 D DataRouter: read usb data message:Y
03-21 14:08:26.556  2189  2220 D DataRouter: Before the usb select
03-21 14:08:26.556  2189  2933 D DataRouter: write [1] bytes of data to USB fd[8]
03-21 14:08:26.656  2189  2220 D DataRouter: After the usb select
03-21 14:08:26.656  2189  2220 D DataRouter: read usb data[len:1]
03-21 14:08:26.656  2189  2220 D DataRouter: read usb data message:S
03-21 14:08:26.656  2189  2220 D DataRouter: Before the usb select
03-21 14:08:26.656  2189  2933 D DataRouter: write [1] bytes of data to USB fd[8]
03-21 14:08:26.756  2189  2220 D DataRouter: After the usb select
03-21 14:08:26.756  2189  2220 D DataRouter: read usb data[len:1]
03-21 14:08:26.756  2189  2220 D DataRouter: read usb data message:?
03-21 14:08:26.756  2189  2220 D DataRouter: Before the usb select
03-21 14:08:26.856  2189  2220 D DataRouter: After the usb select
03-21 14:08:26.856  2189  2220 D DataRouter: read usb data[len:1]
03-21 14:08:26.856  2189  2220 D DataRouter: read usb data message:
03-21 14:08:26.856  2189  2220 D DataRouter: Before the usb select
03-21 14:08:26.856  2189  2933 D DataRouter: write [2] bytes of data to USB fd[8]
03-21 14:08:28.686  2622  2950 D SensorService: [SO] -0.770 7.908 5.732
03-21 14:08:30.266  2186  2186 I display : [PrimaryDisplay] [DYNAMIC_RECOMP] first frame after HWC_2_GLES
03-21 14:08:30.266  2186  2186 I display : [PrimaryDisplay] [DYNAMIC_RECOMP] GLES_2_HWC by high FPS(5)
03-21 14:08:30.346  2189  2220 D DataRouter: After the usb select
03-21 14:08:30.346  2189  2220 D DataRouter: read usb data[len:1]
03-21 14:08:30.346  2189  2220 D DataRouter: read usb data message:A
03-21 14:08:30.346  2189  2220 D DataRouter: Before the usb select
03-21 14:08:30.346  2189  2220 D DataRouter: After the usb select
03-21 14:08:30.346  2189  2220 D DataRouter: read usb data[len:1]
03-21 14:08:30.346  2189  2220 D DataRouter: read usb data message:T
03-21 14:08:30.346  2189  2220 D DataRouter: Before the usb select
03-21 14:08:30.351  2189  2220 D DataRouter: After the usb select
03-21 14:08:30.351  2189  2220 D DataRouter: read usb data[len:1]
03-21 14:08:30.351  2189  2220 D DataRouter: read usb data message:E
03-21 14:08:30.351  2189  2220 D DataRouter: Before the usb select
03-21 14:08:30.351  2189  2220 D DataRouter: After the usb select
03-21 14:08:30.351  2189  2220 D DataRouter: read usb data[len:1]
03-21 14:08:30.351  2189  2220 D DataRouter: read usb data message:0
03-21 14:08:30.351  2189  2220 D DataRouter: Before the usb select
03-21 14:08:30.351  2189  2220 D DataRouter: After the usb select
03-21 14:08:30.351  2189  2220 D DataRouter: read usb data[len:1]
03-21 14:08:30.351  2189  2220 D DataRouter: read usb data message:
03-21 14:08:30.351  2189  2220 D DataRouter: Before the usb select
03-21 14:08:30.556  2186 13207 I display : [PrimaryDisplay] [DYNAMIC_RECOMP] HWC_2_GLES by low FPS(0)
03-21 14:08:30.836  2622  3618 I PersonaManager: mKnoxInfo is empty
03-21 14:08:32.271  2186  2186 I display : [PrimaryDisplay] [DYNAMIC_RECOMP] first frame after HWC_2_GLES
03-21 14:08:32.271  2186  2186 I display : [PrimaryDisplay] [DYNAMIC_RECOMP] GLES_2_HWC by high FPS(5)
03-21 14:08:32.556  2186 13207 I display : [PrimaryDisplay] [DYNAMIC_RECOMP] HWC_2_GLES by low FPS(0)
03-21 14:08:32.731  3062  3062 D KeyguardUpdateMonitor: received broadcast android.intent.action.BATTERY_CHANGED
03-21 14:08:32.731  3062  3062 D KeyguardUpdateMonitor: handleBatteryUpdate
03-21 14:08:32.741  3493  3493 D CommonServiceConfiguration: getStringValueSetting
03-21 14:08:32.751  3493  3493 D BatteryMonitor: new battery level: 87
03-21 14:08:32.791  2186  2186 I display : [PrimaryDisplay] [DYNAMIC_RECOMP] first frame after HWC_2_GLES
03-21 14:08:32.791  2186  2186 I display : [PrimaryDisplay] [DYNAMIC_RECOMP] GLES_2_HWC by high FPS(5)
03-21 14:08:33.061  2186 13207 I display : [PrimaryDisplay] [DYNAMIC_RECOMP] HWC_2_GLES by low FPS(0)
03-21 14:08:33.346  2189  2220 D DataRouter: After the usb select
03-21 14:08:33.346  2189  2220 D DataRouter: read usb data[len:1]
03-21 14:08:33.346  2189  2220 D DataRouter: read usb data message:A
03-21 14:08:33.346  2189  2220 D DataRouter: Before the usb select
03-21 14:08:33.346  2189  2220 D DataRouter: After the usb select
03-21 14:08:33.346  2189  2220 D DataRouter: read usb data[len:1]
03-21 14:08:33.346  2189  2220 D DataRouter: read usb data message:T
03-21 14:08:33.346  2189  2220 D DataRouter: Before the usb select
03-21 14:08:33.346  2189  2220 D DataRouter: After the usb select
03-21 14:08:33.346  2189  2220 D DataRouter: read usb data[len:1]
03-21 14:08:33.346  2189  2220 D DataRouter: read usb data message:V
03-21 14:08:33.346  2189  2220 D DataRouter: Before the usb select
03-21 14:08:33.346  2189  2220 D DataRouter: After the usb select
03-21 14:08:33.346  2189  2220 D DataRouter: read usb data[len:1]
03-21 14:08:33.346  2189  2220 D DataRouter: read usb data message:1
03-21 14:08:33.346  2189  2220 D DataRouter: Before the usb select
03-21 14:08:33.346  2189  2220 D DataRouter: After the usb select
03-21 14:08:33.346  2189  2220 D DataRouter: read usb data[len:1]
03-21 14:08:33.346  2189  2220 D DataRouter: read usb data message:
