I/ActivityManager( 1105): Start proc com.facebook.groups for service com.facebook.groups/com.facebook.mqttlite.MqttService: pid=23008 uid=10129 gids={50129, 1028, 1015, 3003}
I/ActivityManager( 1105): Process com.facebook.orca (pid 22029) has died.
W/ActivityManager( 1105): Scheduling restart of crashed service com.facebook.orca/com.facebook.messaging.newphoto.NewPhotoIntentService in 1000ms
W/ActivityManager( 1105): Scheduling restart of crashed service com.facebook.orca/com.facebook.mqttlite.MqttService in 4000ms
W/ContextImpl( 1716): Calling a method in the system process without a qualified user: android.app.ContextImpl.sendBroadcast:1252 android.content.ContextWrapper.sendBroadcast:365 com.motorola.motocare.util.TriggerHelper$TriggerBuilder.send:76 com.motorola.motocare.internal.frameworkevents.ProcessKillTrigger.sendTrigger:147 com.motorola.motocare.internal.frameworkevents.ProcessKillTrigger.handleLmkKill:337 
W/ContextImpl( 1716): Calling a method in the system process without a qualified user: android.app.ContextImpl.sendBroadcast:1252 android.content.ContextWrapper.sendBroadcast:365 com.motorola.motocare.util.TriggerHelper$TriggerBuilder.send:76 com.motorola.motocare.internal.frameworkevents.ProcessKillTrigger.sendTrigger:147 com.motorola.motocare.internal.frameworkevents.ProcessKillTrigger.handleLmkKill:337 
W/ContextImpl( 1716): Calling a method in the system process without a qualified user: android.app.ContextImpl.sendBroadcast:1252 android.content.ContextWrapper.sendBroadcast:365 com.motorola.motocare.util.TriggerHelper$TriggerBuilder.send:76 com.motorola.motocare.internal.frameworkevents.ProcessKillTrigger.sendTrigger:147 com.motorola.motocare.internal.frameworkevents.ProcessKillTrigger.handleLmkKill:337 
W/ContextImpl( 1716): Calling a method in the system process without a qualified user: android.app.ContextImpl.sendBroadcast:1252 android.content.ContextWrapper.sendBroadcast:365 com.motorola.motocare.util.TriggerHelper$TriggerBuilder.send:76 com.motorola.motocare.internal.frameworkevents.ProcessKillTrigger.sendTrigger:147 com.motorola.motocare.internal.frameworkevents.ProcessKillTrigger.handleLmkKill:337 
W/ContextImpl( 1716): Calling a method in the system process without a qualified user: android.app.ContextImpl.sendBroadcast:1252 android.content.ContextWrapper.sendBroadcast:365 com.motorola.motocare.util.TriggerHelper$TriggerBuilder.send:76 com.motorola.motocare.internal.frameworkevents.ProcessKillTrigger.sendTrigger:147 com.motorola.motocare.internal.frameworkevents.ProcessKillTrigger.handleLmkKill:337 
W/ContextImpl( 1716): Calling a method in the system process without a qualified user: android.app.ContextImpl.sendBroadcast:1252 android.content.ContextWrapper.sendBroadcast:365 com.motorola.motocare.util.TriggerHelper$TriggerBuilder.send:76 com.motorola.motocare.internal.frameworkevents.ProcessKillTrigger.sendTrigger:147 com.motorola.motocare.internal.frameworkevents.ProcessKillTrigger.handleLmkKill:337 
W/ContextImpl( 1716): Calling a method in the system process without a qualified user: android.app.ContextImpl.sendBroadcast:1252 android.content.ContextWrapper.sendBroadcast:365 com.motorola.motocare.util.TriggerHelper$TriggerBuilder.send:76 com.motorola.motocare.internal.frameworkevents.ProcessKillTrigger.sendTrigger:147 com.motorola.motocare.internal.frameworkevents.ProcessKillTrigger.handleLmkKill:337 
W/ContextImpl( 1716): Calling a method in the system process without a qualified user: android.app.ContextImpl.sendBroadcast:1252 android.content.ContextWrapper.sendBroadcast:365 com.motorola.motocare.util.TriggerHelper$TriggerBuilder.send:76 com.motorola.motocare.internal.frameworkevents.ProcessKillTrigger.sendTrigger:147 com.motorola.motocare.internal.frameworkevents.ProcessKillTrigger.handleLmkKill:337 
W/ContextImpl( 1716): Calling a method in the system process without a qualified user: android.app.ContextImpl.sendBroadcast:1252 android.content.ContextWrapper.sendBroadcast:365 com.motorola.motocare.util.TriggerHelper$TriggerBuilder.send:76 com.motorola.motocare.internal.frameworkevents.ProcessKillTrigger.sendTrigger:147 com.motorola.motocare.internal.frameworkevents.ProcessKillTrigger.handleLmkKill:337 
W/ContextImpl( 1716): Calling a method in the system process without a qualified user: android.app.ContextImpl.sendBroadcast:1252 android.content.ContextWrapper.sendBroadcast:365 com.motorola.motocare.util.TriggerHelper$TriggerBuilder.send:76 com.motorola.motocare.internal.frameworkevents.ProcessKillTrigger.sendTrigger:147 com.motorola.motocare.internal.frameworkevents.ProcessKillTrigger.handleLmkKill:337 
W/ContextImpl( 1716): Calling a method in the system process without a qualified user: android.app.ContextImpl.sendBroadcast:1252 android.content.ContextWrapper.sendBroadcast:365 com.motorola.motocare.util.TriggerHelper$TriggerBuilder.send:76 com.motorola.motocare.internal.frameworkevents.ProcessKillTrigger.sendTrigger:147 com.motorola.motocare.internal.frameworkevents.ProcessKillTrigger.handleLmkKill:337 
W/ContextImpl( 1716): Calling a method in the system process without a qualified user: android.app.ContextImpl.sendBroadcast:1252 android.content.ContextWrapper.sendBroadcast:365 com.motorola.motocare.util.TriggerHelper$TriggerBuilder.send:76 com.motorola.motocare.internal.frameworkevents.ProcessKillTrigger.sendTrigger:147 com.motorola.motocare.internal.frameworkevents.ProcessKillTrigger.handleLmkKill:337 
W/ContextImpl( 1716): Calling a method in the system process without a qualified user: android.app.ContextImpl.sendBroadcast:1252 android.content.ContextWrapper.sendBroadcast:365 com.motorola.motocare.util.TriggerHelper$TriggerBuilder.send:76 com.motorola.motocare.internal.frameworkevents.ProcessKillTrigger.sendTrigger:147 com.motorola.motocare.internal.frameworkevents.ProcessKillTrigger.handleLmkKill:337 
W/ContextImpl( 1716): Calling a method in the system process without a qualified user: android.app.ContextImpl.sendBroadcast:1252 android.content.ContextWrapper.sendBroadcast:365 com.motorola.motocare.util.TriggerHelper$TriggerBuilder.send:76 com.motorola.motocare.internal.frameworkevents.ProcessKillTrigger.sendTrigger:147 com.motorola.motocare.internal.frameworkevents.ProcessKillTrigger.handleLmkKill:337 
W/ContextImpl( 1716): Calling a method in the system process without a qualified user: android.app.ContextImpl.sendBroadcast:1252 android.content.ContextWrapper.sendBroadcast:365 com.motorola.motocare.util.TriggerHelper$TriggerBuilder.send:76 com.motorola.motocare.internal.frameworkevents.ProcessKillTrigger.sendTrigger:147 com.motorola.motocare.internal.frameworkevents.ProcessKillTrigger.handleLmkKill:337 
W/ContextImpl( 1716): Calling a method in the system process without a qualified user: android.app.ContextImpl.sendBroadcast:1252 android.content.ContextWrapper.sendBroadcast:365 com.motorola.motocare.util.TriggerHelper$TriggerBuilder.send:76 com.motorola.motocare.internal.frameworkevents.ProcessKillTrigger.sendTrigger:147 com.motorola.motocare.internal.frameworkevents.ProcessKillTrigger.handleLmkKill:337 
W/ContextImpl( 1716): Calling a method in the system process without a qualified user: android.app.ContextImpl.sendBroadcast:1252 android.content.ContextWrapper.sendBroadcast:365 com.motorola.motocare.util.TriggerHelper$TriggerBuilder.send:76 com.motorola.motocare.internal.frameworkevents.ProcessKillTrigger.sendTrigger:147 com.motorola.motocare.internal.frameworkevents.ProcessKillTrigger.handleLmkKill:337 
W/ContextImpl( 1716): Calling a method in the system process without a qualified user: android.app.ContextImpl.sendBroadcast:1252 android.content.ContextWrapper.sendBroadcast:365 com.motorola.motocare.util.TriggerHelper$TriggerBuilder.send:76 com.motorola.motocare.internal.frameworkevents.ProcessKillTrigger.sendTrigger:147 com.motorola.motocare.internal.frameworkevents.ProcessKillTrigger.handleLmkKill:337 
W/ContextImpl( 1716): Calling a method in the system process without a qualified user: android.app.ContextImpl.sendBroadcast:1252 android.content.ContextWrapper.sendBroadcast:365 com.motorola.motocare.util.TriggerHelper$TriggerBuilder.send:76 com.motorola.motocare.internal.frameworkevents.ProcessKillTrigger.sendTrigger:147 com.motorola.motocare.internal.frameworkevents.ProcessKillTrigger.handleLmkKill:337 
W/ContextImpl( 1716): Calling a method in the system process without a qualified user: android.app.ContextImpl.sendBroadcast:1252 android.content.ContextWrapper.sendBroadcast:365 com.motorola.motocare.util.TriggerHelper$TriggerBuilder.send:76 com.motorola.motocare.internal.frameworkevents.ProcessKillTrigger.sendTrigger:147 com.motorola.motocare.internal.frameworkevents.ProcessKillTrigger.handleLmkKill:337 
W/ContextImpl( 1716): Calling a method in the system process without a qualified user: android.app.ContextImpl.sendBroadcast:1252 android.content.ContextWrapper.sendBroadcast:365 com.motorola.motocare.util.TriggerHelper$TriggerBuilder.send:76 com.motorola.motocare.internal.frameworkevents.ProcessKillTrigger.sendTrigger:147 com.motorola.motocare.internal.frameworkevents.ProcessKillTrigger.handleLmkKill:337 
W/ContextImpl( 1716): Calling a method in the system process without a qualified user: android.app.ContextImpl.sendBroadcast:1252 android.content.ContextWrapper.sendBroadcast:365 com.motorola.motocare.util.TriggerHelper$TriggerBuilder.send:76 com.motorola.motocare.internal.frameworkevents.ProcessKillTrigger.sendTrigger:147 com.motorola.motocare.internal.frameworkevents.ProcessKillTrigger.handleLmkKill:337 
W/ContextImpl( 1716): Calling a method in the system process without a qualified user: android.app.ContextImpl.sendBroadcast:1252 android.content.ContextWrapper.sendBroadcast:365 com.motorola.motocare.util.TriggerHelper$TriggerBuilder.send:76 com.motorola.motocare.internal.frameworkevents.ProcessKillTrigger.sendTrigger:147 com.motorola.motocare.internal.frameworkevents.ProcessKillTrigger.handleLmkKill:337 
W/ContextImpl( 1716): Calling a method in the system process without a qualified user: android.app.ContextImpl.sendBroadcast:1252 android.content.ContextWrapper.sendBroadcast:365 com.motorola.motocare.util.TriggerHelper$TriggerBuilder.send:76 com.motorola.motocare.internal.frameworkevents.ProcessKillTrigger.sendTrigger:147 com.motorola.motocare.internal.frameworkevents.ProcessKillTrigger.handleLmkKill:337 
W/ContextImpl( 1716): Calling a method in the system process without a qualified user: android.app.ContextImpl.sendBroadcast:1252 android.content.ContextWrapper.sendBroadcast:365 com.motorola.motocare.util.TriggerHelper$TriggerBuilder.send:76 com.motorola.motocare.internal.frameworkevents.ProcessKillTrigger.sendTrigger:147 com.motorola.motocare.internal.frameworkevents.ProcessKillTrigger.handleLmkKill:337 
W/ContextImpl( 1716): Calling a method in the system process without a qualified user: android.app.ContextImpl.sendBroadcast:1252 android.content.ContextWrapper.sendBroadcast:365 com.motorola.motocare.util.TriggerHelper$TriggerBuilder.send:76 com.motorola.motocare.internal.frameworkevents.ProcessKillTrigger.sendTrigger:147 com.motorola.motocare.internal.frameworkevents.ProcessKillTrigger.handleLmkKill:337 
W/ContextImpl( 1716): Calling a method in the system process without a qualified user: android.app.ContextImpl.sendBroadcast:1252 android.content.ContextWrapper.sendBroadcast:365 com.motorola.motocare.util.TriggerHelper$TriggerBuilder.send:76 com.motorola.motocare.internal.frameworkevents.ProcessKillTrigger.sendTrigger:147 com.motorola.motocare.internal.frameworkevents.ProcessKillTrigger.handleLmkKill:337 
I/ActivityManager( 1105): Start proc com.facebook.orca for broadcast com.facebook.orca/com.facebook.rti.push.service.idsharing.FbnsSharingStateReceiver: pid=23108 uid=10107 gids={50107, 3003, 1028, 1015, 3002}
V/AlarmManager( 1105): sending alarm Alarm{42b55278 type 3 com.avast.android.mobilesecurity}
W/BroadcastQueue( 1105): Permission Denial: broadcasting Intent { act=android.net.conn.INET_CONDITION_ACTION flg=0x4000010 (has extras) } from null (pid=-1, uid=-1) requires com.facebook.permission.prod.FB_APP_COMMUNICATION due to registered receiver BroadcastFilter{42c9cee0 u0 ReceiverList{42d8a570 23008 com.facebook.groups/10129/u0 remote:4274d870}}
W/BroadcastQueue( 1105): Permission Denial: broadcasting Intent { act=android.net.conn.CONNECTIVITY_CHANGE flg=0x4000010 (has extras) } from null (pid=-1, uid=-1) requires com.facebook.permission.prod.FB_APP_COMMUNICATION due to registered receiver BroadcastFilter{42c9cee0 u0 ReceiverList{42d8a570 23008 com.facebook.groups/10129/u0 remote:4274d870}}
W/BroadcastQueue( 1105): Permission Denial: broadcasting Intent { act=android.net.conn.INET_CONDITION_ACTION flg=0x4000010 (has extras) } from null (pid=-1, uid=-1) requires com.facebook.permission.prod.FB_APP_COMMUNICATION due to registered receiver BroadcastFilter{42b23ef0 u0 ReceiverList{42c08540 23108 com.facebook.orca/10107/u0 remote:42983fe0}}
W/BroadcastQueue( 1105): Permission Denial: broadcasting Intent { act=android.net.conn.CONNECTIVITY_CHANGE flg=0x4000010 (has extras) } from null (pid=-1, uid=-1) requires com.facebook.permission.prod.FB_APP_COMMUNICATION due to registered receiver BroadcastFilter{42b23ef0 u0 ReceiverList{42c08540 23108 com.facebook.orca/10107/u0 remote:42983fe0}}
W/BroadcastQueue( 1105): Permission Denial: broadcasting Intent { act=android.net.conn.CONNECTIVITY_CHANGE flg=0x4000010 (has extras) } from null (pid=-1, uid=-1) requires com.facebook.permission.prod.FB_APP_COMMUNICATION due to registered receiver BroadcastFilter{42aedf78 u0 ReceiverList{42bfd808 23108 com.facebook.orca/10107/u0 remote:42909a50}}
W/BroadcastQueue( 1105): Permission Denial: broadcasting Intent { act=android.net.conn.CONNECTIVITY_CHANGE flg=0x4000010 (has extras) } from null (pid=-1, uid=-1) requires com.facebook.permission.prod.FB_APP_COMMUNICATION due to registered receiver BroadcastFilter{42286cc0 u0 ReceiverList{42b7b638 23008 com.facebook.groups/10129/u0 remote:420b1c00}}
I/ActivityManager( 1105): Process com.facebook.katana (pid 22799) has died.
D/WifiService( 1105): Client connection lost with reason: 4
W/ActivityManager( 1105): Scheduling restart of crashed service com.facebook.katana/com.facebook.mqttlite.MqttService in 16000ms
I/ActivityManager( 1105): Process com.whatsapp (pid 20968) has died.
W/ActivityManager( 1105): Scheduling restart of crashed service com.whatsapp/.messaging.MessageService in 1000ms
D/WifiService( 1105): Client connection lost with reason: 4
I/ActivityManager( 1105): Process com.google.android.gms (pid 16612) has died.
W/ActivityManager( 1105): Scheduling restart of crashed service com.google.android.gms/.measurement.service.MeasurementBrokerService in 25446ms
W/ActivityManager( 1105): Scheduling restart of crashed service com.google.android.gms/.analytics.service.AnalyticsService in 35446ms
I/ActivityManager( 1105): Start proc com.whatsapp for service com.whatsapp/.messaging.MessageService: pid=23325 uid=10135 gids={50135, 3002, 3003, 1028, 1015}
V/AlarmManager( 1105): sending alarm Alarm{42e2cf10 type 3 com.whatsapp}
V/AlarmManager( 1105): sending alarm Alarm{42d01780 type 3 com.whatsapp}
V/AlarmManager( 1105): sending alarm Alarm{43421528 type 3 com.avast.android.mobilesecurity}
I/ActivityManager( 1105): Start proc com.google.android.gms for service com.google.android.gms/.analytics.service.AnalyticsService: pid=23429 uid=10022 gids={50022, 3007, 2001, 3003, 1007, 3006, 1028, 1015, 3002, 3001}
D/MobileDataStateTracker( 1105): default: setPolicyDataEnable(enabled=true)
V/AlarmManager( 1105): sending alarm Alarm{430d64c8 type 3 com.avast.android.mobilesecurity}
I/ActivityManager( 1105): Waited long enough for: ServiceRecord{446ace20 u0 com.facebook.orca/com.facebook.messaging.newphoto.NewPhotoIntentService}
I/ActivityManager( 1105): Start proc com.facebook.katana for service com.facebook.katana/com.facebook.mqttlite.MqttService: pid=23460 uid=10120 gids={50120, 1028, 1015, 3003}
I/ActivityManager( 1105): Waited long enough for: ServiceRecord{44321bb0 u0 com.whatsapp/.AlarmService}
D/WifiService( 1105): New client listening to asynchronous messages
V/AlarmManager( 1105): sending alarm Alarm{42baeec0 type 2 com.whatsapp}
V/AlarmManager( 1105): sending alarm Alarm{42baedc0 type 3 com.avast.android.mobilesecurity}
W/BroadcastQueue( 1105): Permission Denial: broadcasting Intent { act=android.net.conn.INET_CONDITION_ACTION flg=0x4000010 (has extras) } from null (pid=-1, uid=-1) requires com.facebook.permission.prod.FB_APP_COMMUNICATION due to registered receiver BroadcastFilter{42b84f38 u0 ReceiverList{42b89930 23460 com.facebook.katana/10120/u0 remote:42ba75b0}}
W/BroadcastQueue( 1105): Permission Denial: broadcasting Intent { act=android.net.conn.CONNECTIVITY_CHANGE flg=0x4000010 (has extras) } from null (pid=-1, uid=-1) requires com.facebook.permission.prod.FB_APP_COMMUNICATION due to registered receiver BroadcastFilter{42b84f38 u0 ReceiverList{42b89930 23460 com.facebook.katana/10120/u0 remote:42ba75b0}}
W/BroadcastQueue( 1105): Permission Denial: broadcasting Intent { act=android.net.conn.CONNECTIVITY_CHANGE flg=0x4000010 (has extras) } from null (pid=-1, uid=-1) requires com.facebook.permission.prod.FB_APP_COMMUNICATION due to registered receiver BroadcastFilter{42919318 u0 ReceiverList{4291a510 23460 com.facebook.katana/10120/u0 remote:41fad9c0}}
V/AlarmManager( 1105): sending alarm Alarm{431b1c48 type 3 android}
V/AlarmManager( 1105): sending alarm Alarm{43172248 type 3 com.avast.android.mobilesecurity}
V/AlarmManager( 1105): sending alarm Alarm{422dda60 type 3 com.avast.android.mobilesecurity}
V/AlarmManager( 1105): sending alarm Alarm{433f8b10 type 3 com.avast.android.mobilesecurity}
V/AlarmManager( 1105): sending alarm Alarm{428f88f8 type 3 com.avast.android.mobilesecurity}
W/ContextImpl( 1716): Calling a method in the system process without a qualified user: android.app.ContextImpl.sendBroadcast:1252 android.content.ContextWrapper.sendBroadcast:365 com.motorola.motocare.util.TriggerHelper$TriggerBuilder.send:76 com.motorola.motocare.internal.frameworkevents.ProcessKillTrigger.sendTrigger:147 com.motorola.motocare.internal.frameworkevents.ProcessKillTrigger.handleLmkKill:337 
W/ContextImpl( 1716): Calling a method in the system process without a qualified user: android.app.ContextImpl.sendBroadcast:1252 android.content.ContextWrapper.sendBroadcast:365 com.motorola.motocare.util.TriggerHelper$TriggerBuilder.send:76 com.motorola.motocare.internal.frameworkevents.ProcessKillTrigger.sendTrigger:147 com.motorola.motocare.internal.frameworkevents.ProcessKillTrigger.handleLmkKill:337 
W/ContextImpl( 1716): Calling a method in the system process without a qualified user: android.app.ContextImpl.sendBroadcast:1252 android.content.ContextWrapper.sendBroadcast:365 com.motorola.motocare.util.TriggerHelper$TriggerBuilder.send:76 com.motorola.motocare.internal.frameworkevents.ProcessKillTrigger.sendTrigger:147 com.motorola.motocare.internal.frameworkevents.ProcessKillTrigger.handleLmkKill:337 
V/AlarmManager( 1105): sending alarm Alarm{431d6d90 type 3 com.avast.android.mobilesecurity}
V/AlarmManager( 1105): sending alarm Alarm{42c30b40 type 3 com.avast.android.mobilesecurity}
I/PowerManagerService( 1105): Waking up from sleep...
I/WindowManager( 1105): Lock screen displayed!
D/DisplayPowerController( 1105): Unblocked screen on after 173197926 ms
I/SFPerfTracer(  295):      triggers: (rate: 0:2) (241869 sw vsyncs) (0 skipped) (0:267404 vsyncs) (281:557658)
V/AlarmManager( 1105): sending alarm Alarm{4426d380 type 3 android}
V/AlarmManager( 1105): sending alarm Alarm{4428db00 type 3 com.android.phone}
V/AlarmManager( 1105): sending alarm Alarm{4428db50 type 3 com.motorola.context}
I/ActivityManager( 1105): Start proc com.motorola.context for service com.motorola.context/.ccc.UpdateModelService: pid=23688 uid=10010 gids={50010, 3003, 3002, 3001}
V/AlarmManager( 1105): sending alarm Alarm{442aa978 type 0 com.iitb.loadgen}
I/ActivityManager( 1105): Process com.motorola.context (pid 23688) has died.
F/ProcessStats( 1105): Starting service ServiceState{44511798 com.google.android.wearable.datatransfer.DataSyncService pkg=com.google.android.music proc=44511798} without owner
W/ContextImpl( 1716): Calling a method in the system process without a qualified user: android.app.ContextImpl.sendBroadcast:1252 android.content.ContextWrapper.sendBroadcast:365 com.motorola.motocare.util.TriggerHelper$TriggerBuilder.send:76 com.motorola.motocare.internal.frameworkevents.PauseResumeTrigger.handleFrameworkEvent:53 com.motorola.motocare.internal.frameworkevents.FwEventMonitor$FrameworkListener.processFrameworkEvent:114 
D/UsbDeviceManager( 1105): MSG_USER_PRESENT
W/InputMethodManagerService( 1105): Window already focused, ignoring focus gain of: com.android.internal.view.IInputMethodClient$Stub$Proxy@437e8c18 attribute=android.view.inputmethod.EditorInfo@43699910, token = android.os.BinderProxy@42a3b488
I/ActivityManager( 1105): Process com.facebook.groups (pid 23008) has died.
W/ActivityManager( 1105): Scheduling restart of crashed service com.facebook.groups/com.facebook.mqttlite.MqttService in 1000ms
I/ActivityManager( 1105): Start proc com.facebook.groups for service com.facebook.groups/com.facebook.mqttlite.MqttService: pid=23753 uid=10129 gids={50129, 1028, 1015, 3003}
I/SFPerfTracer(  295):      triggers: (rate: 222:8419) (compose: 0:26) (post: 0:8) (render: 3:463) (41:88092 frames) (42:197281)
D/SFPerfTracer(  295):        layers: (4:11) (DimLayer: 0:2)* (DimLayer: 0:8)* (FocusedStackFrame: 0:1976)* (StatusBar: 27:30186) (NavigationBar: 18:21963) (com.android.systemui.ImageWallpaper: 0:1121) (DimLayer: 0:1909)* (DimLayer: 0:288)* (com.android.launcher/com.android.launcher2.Launcher: 13:149) (ElectronBeam: 0:27)* (Keyguard: 0:28)* 
I/SFPerfTracer(  295):      triggers: (rate: 0:2) (241869 sw vsyncs) (0 skipped) (148:267612 vsyncs) (150:557894)
W/InputMethodManagerService( 1105): Window already focused, ignoring focus gain of: com.android.internal.view.IInputMethodClient$Stub$Proxy@42579f08 attribute=null, token = android.os.BinderProxy@42a3b488
I/SFPerfTracer(  295):      triggers: (rate: 222:8422) (compose: 0:26) (post: 0:8) (render: 3:463) (0:88186 frames) (1:197381)
D/SFPerfTracer(  295):        layers: (4:9) (DimLayer: 0:2)* (DimLayer: 0:8)* (FocusedStackFrame: 0:1976)* (StatusBar: 1:30286) (NavigationBar: 0:21963) (com.android.systemui.ImageWallpaper: 0:1121) (DimLayer: 0:1909)* (DimLayer: 0:288)* (com.android.launcher/com.android.launcher2.Launcher: 0:149) 
V/AlarmManager( 1105): sending alarm Alarm{432f1768 type 2 com.google.android.gms}
V/AlarmManager( 1105): sending alarm Alarm{432ed4a0 type 3 com.avast.android.mobilesecurity}
I/ActivityManager( 1105): START u0 {act=com.android.systemui.recent.action.TOGGLE_RECENTS flg=0x10800000 cmp=com.android.systemui/.recent.RecentsActivity} from pid 1178
W/ContextImpl( 1716): Calling a method in the system process without a qualified user: android.app.ContextImpl.sendBroadcast:1252 android.content.ContextWrapper.sendBroadcast:365 com.motorola.motocare.util.TriggerHelper$TriggerBuilder.send:76 com.motorola.motocare.internal.frameworkevents.PauseResumeTrigger.handleFrameworkEvent:53 com.motorola.motocare.internal.frameworkevents.FwEventMonitor$FrameworkListener.processFrameworkEvent:114 
W/ContextImpl( 1716): Calling a method in the system process without a qualified user: android.app.ContextImpl.sendBroadcast:1252 android.content.ContextWrapper.sendBroadcast:365 com.motorola.motocare.util.TriggerHelper$TriggerBuilder.send:76 com.motorola.motocare.internal.frameworkevents.PauseResumeTrigger.handleFrameworkEvent:53 com.motorola.motocare.internal.frameworkevents.FwEventMonitor$FrameworkListener.processFrameworkEvent:114 
W/InputMethodManagerService( 1105): Starting input on non-focused client com.android.internal.view.IInputMethodClient$Stub$Proxy@42a51548 (uid=10029 pid=1749)
I/LaunchCheckinHandler( 1105): Displayed com.android.systemui/.recent.RecentsActivity,wp,wa,121
I/SFPerfTracer(  295):      triggers: (rate: 0:2) (241869 sw vsyncs) (0 skipped) (23:267705 vsyncs) (25:557997)
W/ContextImpl( 1716): Calling a method in the system process without a qualified user: android.app.ContextImpl.sendBroadcast:1252 android.content.ContextWrapper.sendBroadcast:365 com.motorola.motocare.util.TriggerHelper$TriggerBuilder.send:76 com.motorola.motocare.internal.frameworkevents.PauseResumeTrigger.handleFrameworkEvent:53 com.motorola.motocare.internal.frameworkevents.FwEventMonitor$FrameworkListener.processFrameworkEvent:114 
I/ActivityManager( 1105): Killing 23325:com.whatsapp/u0a135 (adj 5): remove task
W/ContextImpl( 1716): Calling a method in the system process without a qualified user: android.app.ContextImpl.sendBroadcast:1252 android.content.ContextWrapper.sendBroadcast:365 com.motorola.motocare.util.TriggerHelper$TriggerBuilder.send:76 com.motorola.motocare.internal.frameworkevents.ProcessKillTrigger.sendTrigger:147 com.motorola.motocare.internal.frameworkevents.ProcessKillTrigger.handleFrameworkEvent:164 
W/ContextImpl( 1716): Calling a method in the system process without a qualified user: android.app.ContextImpl.sendBroadcast:1252 android.content.ContextWrapper.sendBroadcast:365 com.motorola.motocare.util.TriggerHelper$TriggerBuilder.send:76 com.motorola.motocare.internal.frameworkevents.PauseResumeTrigger.handleFrameworkEvent:53 com.motorola.motocare.internal.frameworkevents.FwEventMonitor$FrameworkListener.processFrameworkEvent:114 
W/ActivityManager( 1105): Scheduling restart of crashed service com.whatsapp/.messaging.MessageService in 1000ms
W/InputMethodManagerService( 1105): Starting input on non-focused client com.android.internal.view.IInputMethodClient$Stub$Proxy@42b93788 (uid=10027 pid=1178)
I/SFPerfTracer(  295):      triggers: (rate: 222:8422) (compose: 0:26) (post: 0:8) (render: 3:463) (6:88208 frames) (7:197482)
D/SFPerfTracer(  295):        layers: (4:11) (DimLayer: 0:2)* (DimLayer: 0:8)* (FocusedStackFrame: 1:1980)* (StatusBar: 1:30304) (NavigationBar: 0:21992) (com.android.systemui.ImageWallpaper: 0:1121) (DimLayer: 0:1909)* (DimLayer: 0:288)* (com.android.launcher/com.android.launcher2.Launcher: 0:166)* (com.android.systemui/com.android.systemui.recent.RecentsActivity: 5:65) (com.android.launcher/com.android.launcher2.Launcher: 7:8)* 
I/PowerManagerService( 1105): Going to sleep by user request...
W/BroadcastQueue( 1105): Permission Denial: broadcasting Intent { act=android.net.conn.INET_CONDITION_ACTION flg=0x4000010 (has extras) } from null (pid=-1, uid=-1) requires com.facebook.permission.prod.FB_APP_COMMUNICATION due to registered receiver BroadcastFilter{42bf9758 u0 ReceiverList{427865f8 23753 com.facebook.groups/10129/u0 remote:427cdb80}}
W/BroadcastQueue( 1105): Permission Denial: broadcasting Intent { act=android.net.conn.CONNECTIVITY_CHANGE flg=0x4000010 (has extras) } from null (pid=-1, uid=-1) requires com.facebook.permission.prod.FB_APP_COMMUNICATION due to registered receiver BroadcastFilter{42bf9758 u0 ReceiverList{427865f8 23753 com.facebook.groups/10129/u0 remote:427cdb80}}
I/ActivityManager( 1105): Start proc com.whatsapp for service com.whatsapp/.messaging.MessageService: pid=23950 uid=10135 gids={50135, 3002, 3003, 1028, 1015}
W/ContextImpl( 1716): Calling a method in the system process without a qualified user: android.app.ContextImpl.sendBroadcast:1252 android.content.ContextWrapper.sendBroadcast:365 com.motorola.motocare.util.TriggerHelper$TriggerBuilder.send:76 com.motorola.motocare.internal.frameworkevents.PauseResumeTrigger.handleFrameworkEvent:53 com.motorola.motocare.internal.frameworkevents.FwEventMonitor$FrameworkListener.processFrameworkEvent:114 
F/ProcessStats( 1105): Starting service ServiceState{44511798 com.google.android.wearable.datatransfer.DataSyncService pkg=com.google.android.music proc=44511798} without owner
D/UsbDeviceManager( 1105): MSG_USER_LOCKED
V/AlarmManager( 1105): sending alarm Alarm{42bb76e0 type 3 com.whatsapp}
W/BroadcastQueue( 1105): Permission Denial: broadcasting Intent { act=android.net.conn.CONNECTIVITY_CHANGE flg=0x4000010 (has extras) } from null (pid=-1, uid=-1) requires com.facebook.permission.prod.FB_APP_COMMUNICATION due to registered receiver BroadcastFilter{42864368 u0 ReceiverList{42875428 23753 com.facebook.groups/10129/u0 remote:4316de98}}
V/AlarmManager( 1105): sending alarm Alarm{42d0df08 type 3 com.whatsapp}
V/AlarmManager( 1105): sending alarm Alarm{42291b38 type 3 com.avast.android.mobilesecurity}
V/AlarmManager( 1105): sending alarm Alarm{42205660 type 3 android}
I/PowerManagerService( 1105): Waking up from sleep...
I/WindowManager( 1105): Lock screen displayed!
D/DisplayPowerController( 1105): Unblocked screen on after 173213241 ms
I/SFPerfTracer(  295):      triggers: (rate: 0:2) (241946 sw vsyncs) (0 skipped) (0:267779 vsyncs) (76:558159)
I/PowerManagerService( 1105): Going to sleep by user request...
I/SFPerfTracer(  295):       trigger: frame rate (-27.049%)	(43.771 fps)	(22.846 ms) 	(2 drops)	(16 frames)
I/SFPerfTracer(  295):      triggers: (rate: 223:8426) (compose: 0:26) (post: 0:8) (render: 3:463) (16:88266 frames) (17:197559)
D/SFPerfTracer(  295):        layers: (5:13) (DimLayer: 0:2)* (DimLayer: 0:8)* (FocusedStackFrame: 0:1981)* (StatusBar: 2:30310) (NavigationBar: 0:21994) (com.android.systemui.ImageWallpaper: 0:1122) (DimLayer: 0:1909)* (DimLayer: 0:288)* (com.android.systemui/com.android.systemui.recent.RecentsActivity: 0:81)* (com.android.launcher/com.android.launcher2.Launcher: 0:29)* (ElectronBeam: 0:27)* (Keyguard: 0:7) (ElectronBeam: 17:19) 
I/ActivityManager( 1105): Process com.facebook.katana (pid 23460) has died.
W/ActivityManager( 1105): Scheduling restart of crashed service com.facebook.katana/com.facebook.mqttlite.MqttService in 1000ms
D/WifiService( 1105): Client connection lost with reason: 4
V/UsbDeviceManager( 1105): USB UEVENT: {USB_STATE=DISCONNECTED, SUBSYSTEM=android_usb, DEVPATH=/devices/virtual/android_usb/android0, SEQNUM=62217, ACTION=change}
V/UsbDeviceManager( 1105): USB UEVENT: {USB_STATE=CONNECTED, SUBSYSTEM=android_usb, DEVPATH=/devices/virtual/android_usb/android0, SEQNUM=62219, ACTION=change}
V/UsbDeviceManager( 1105): USB UEVENT: {USB_STATE=DISCONNECTED, SUBSYSTEM=android_usb, DEVPATH=/devices/virtual/android_usb/android0, SEQNUM=62220, ACTION=change}
V/UsbDeviceManager( 1105): USB UEVENT: {USB_STATE=CONNECTED, SUBSYSTEM=android_usb, DEVPATH=/devices/virtual/android_usb/android0, SEQNUM=62223, ACTION=change}
D/UsbDeviceManager( 1105): broadcasting Intent { act=android.hardware.usb.action.USB_STATE flg=0x20000000 (has extras) } connected: true configured: false
I/PowerManagerService( 1105): Waking up from sleep...
V/UsbDeviceManager( 1105): USB UEVENT: {USB_STATE=CONFIGURED, SUBSYSTEM=android_usb, DEVPATH=/devices/virtual/android_usb/android0, SEQNUM=62225, ACTION=change}
D/UsbDeviceManager( 1105): broadcasting Intent { act=android.hardware.usb.action.USB_STATE flg=0x20000000 (has extras) } connected: true configured: true
I/EntropyMixer( 1105): Writing entropy...
I/WindowManager( 1105): Lock screen displayed!
D/DisplayPowerController( 1105): Unblocked screen on after 173217408 ms
I/SFPerfTracer(  295):      triggers: (rate: 0:2) (241990 sw vsyncs) (0 skipped) (0:267819 vsyncs) (1:558260)
I/ActivityManager( 1105): Start proc com.facebook.katana for service com.facebook.katana/com.facebook.mqttlite.MqttService: pid=24201 uid=10120 gids={50120, 1028, 1015, 3003}
I/ActivityManager( 1105): Process com.android.email (pid 18512) has died.
W/ActivityManager( 1105): Scheduling restart of crashed service com.android.email/.service.AttachmentDownloadService in 1000ms
W/BroadcastQueue( 1105): Permission Denial: broadcasting Intent { act=com.motorola.blur.service.blur.Actions.CCE_EXTERNAL_WS_REQUEST_ACTION flg=0x10 (has extras) } from com.motorola.context (pid=23688, uid=10010) is not exported from uid 10033 due to receiver com.motorola.MotGallery2/com.motorola.blur.service.blur.StartupReceiver
D/WifiService( 1105): New client listening to asynchronous messages
I/ActivityManager( 1105): Start proc com.myntra.android for broadcast com.myntra.android/com.parse.ParseBroadcastReceiver: pid=24288 uid=10142 gids={50142, 3003, 1028, 1015}
I/ActivityManager( 1105): Start proc com.android.email for service com.android.email/.service.AttachmentDownloadService: pid=24360 uid=10019 gids={50019, 3003, 1028, 1015}
D/ActivityThread(24360): Loading provider com.android.email.provider;com.android.email.notifier: com.android.email.provider.EmailProvider
D/ActivityThread(24360): Loading provider com.android.email.provider;com.android.email.notifier: com.android.email.provider.EmailProvider
I/openssl (24360): Crypto mode not selected, openssl will run on its regular mode.
I/openssl (24360): Crypto mode 0 already enabled
I/ActivityManager( 1105): Start proc com.motorola.context for broadcast com.motorola.context/.ccc.UpdateModelReceiver: pid=24432 uid=10010 gids={50010, 3003, 3002, 3001}
I/ActivityManager( 1105): Process com.myntra.android (pid 24288) has died.
W/ContextImpl( 1716): Calling a method in the system process without a qualified user: android.app.ContextImpl.startService:1608 android.content.ContextWrapper.startService:494 android.content.ContextWrapper.startService:494 com.motorola.motocare.internal.batterystats.BatteryStatsAction.onReceive:33 android.app.ActivityThread.handleReceiver:2434 
V/AlarmManager( 1105): sending alarm Alarm{42901f28 type 3 com.avast.android.mobilesecurity}
V/AlarmManager( 1105): sending alarm Alarm{428fc3a0 type 0 com.application.zomato}
I/ActivityManager( 1105): Start proc com.myntra.android for broadcast com.myntra.android/.notifications.receivers.MyntraNotificationDismissedReceiver: pid=24454 uid=10142 gids={50142, 3003, 1028, 1015}
V/AlarmManager( 1105): sending alarm Alarm{428f37a0 type 1 com.estrongs.android.pop}
I/ActivityManager( 1105): Process com.motorola.context (pid 24432) has died.
I/ActivityManager( 1105): Process com.facebook.groups (pid 23753) has died.
W/ActivityManager( 1105): Scheduling restart of crashed service com.facebook.groups/com.facebook.analytics.service.AnalyticsService in 1000ms
W/ActivityManager( 1105): Scheduling restart of crashed service com.facebook.groups/com.facebook.mqttlite.MqttService in 4000ms
W/BroadcastQueue( 1105): Failure [background] sending broadcast result of Intent { act=com.facebook.rti.fbns.intent.SHARE_IDS flg=0x10 pkg=com.facebook.orca (has extras) }
W/BroadcastQueue( 1105): android.os.DeadObjectException
W/BroadcastQueue( 1105): 	at android.os.BinderProxy.transact(Native Method)
W/BroadcastQueue( 1105): 	at android.content.IIntentReceiver$Stub$Proxy.performReceive(IIntentReceiver.java:124)
W/BroadcastQueue( 1105): 	at com.android.server.am.BroadcastQueue.performReceiveLocked(BroadcastQueue.java:424)
W/BroadcastQueue( 1105): 	at com.android.server.am.BroadcastQueue.processNextBroadcast(BroadcastQueue.java:657)
W/BroadcastQueue( 1105): 	at com.android.server.am.ActivityManagerService.finishReceiver(ActivityManagerService.java:14032)
W/BroadcastQueue( 1105): 	at android.app.ActivityManagerNative.onTransact(ActivityManagerNative.java:394)
W/BroadcastQueue( 1105): 	at com.android.server.am.ActivityManagerService.onTransact(ActivityManagerService.java:2140)
W/BroadcastQueue( 1105): 	at android.os.Binder.execTransact(Binder.java:404)
W/BroadcastQueue( 1105): 	at dalvik.system.NativeStart.run(Native Method)
W/ContextImpl( 1716): Calling a method in the system process without a qualified user: android.app.ContextImpl.startService:1608 android.content.ContextWrapper.startService:494 android.content.ContextWrapper.startService:494 com.motorola.motocare.internal.batterystats.BatteryStatsAction.onReceive:33 android.app.ActivityThread.handleReceiver:2434 
W/ContextImpl( 1716): Calling a method in the system process without a qualified user: android.app.ContextImpl.startService:1608 android.content.ContextWrapper.startService:494 android.content.ContextWrapper.startService:494 com.motorola.motocare.internal.batterystats.BatteryStatsAction.onReceive:33 android.app.ActivityThread.handleReceiver:2434 
I/ActivityManager( 1105): Start proc com.google.android.apps.uploader for broadcast com.google.android.apps.uploader/com.google.android.picasasync.BatteryReceiver: pid=24559 uid=10077 gids={50077, 3003, 1028, 1015}
I/ActivityManager( 1105): Start proc com.motorola.MotGallery2 for broadcast com.motorola.MotGallery2/com.viewdle.receivers.PowerConnectedReceiver: pid=24579 uid=10033 gids={50033, 3003, 1028, 1015}
I/ActivityManager( 1105): Process com.google.android.apps.uploader (pid 24559) has died.
I/ActivityManager( 1105): Start proc com.android.chrome for broadcast com.android.chrome/org.chromium.base.PowerStatusReceiver: pid=24616 uid=10055 gids={50055, 3003, 1028, 1015}
I/ActivityManager( 1105): Start proc com.motorola.genie for broadcast com.motorola.genie/.prefetch.PowerStatusReceiver: pid=24637 uid=10026 gids={50026, 3003, 1028, 1015}
I/ActivityManager( 1105): Process com.motorola.MotGallery2 (pid 24579) has died.
I/ActivityManager( 1105): Start proc com.motorola.contextual.smartrules2 for broadcast com.motorola.contextual.smartrules2/com.motorola.batterysaverlib.BatteryNotificationReceiver: pid=24678 uid=10034 gids={50034, 3003, 1028, 1015, 3001, 3002}
I/ActivityManager( 1105): Start proc com.google.android.apps.plus for broadcast com.google.android.apps.plus/.service.PhotosAppTransitionMonitor: pid=24696 uid=10089 gids={50089, 3003, 3002, 1028, 1015}
I/ActivityManager( 1105): Process com.android.chrome (pid 24616) has died.
I/ActivityManager( 1105): Process com.motorola.contextual.smartrules2 (pid 24678) has died.
W/BroadcastQueue( 1105): Permission Denial: broadcasting Intent { act=android.net.conn.INET_CONDITION_ACTION flg=0x4000010 (has extras) } from null (pid=-1, uid=-1) requires com.facebook.permission.prod.FB_APP_COMMUNICATION due to registered receiver BroadcastFilter{42c3d838 u0 ReceiverList{4293a7f8 24201 com.facebook.katana/10120/u0 remote:4295d440}}
W/BroadcastQueue( 1105): Permission Denial: broadcasting Intent { act=android.net.conn.CONNECTIVITY_CHANGE flg=0x4000010 (has extras) } from null (pid=-1, uid=-1) requires com.facebook.permission.prod.FB_APP_COMMUNICATION due to registered receiver BroadcastFilter{42c3d838 u0 ReceiverList{4293a7f8 24201 com.facebook.katana/10120/u0 remote:4295d440}}
I/ActivityManager( 1105): Process com.myntra.android (pid 24454) has died.
W/BroadcastQueue( 1105): Permission Denial: broadcasting Intent { act=android.net.conn.CONNECTIVITY_CHANGE flg=0x4000010 (has extras) } from null (pid=-1, uid=-1) requires com.facebook.permission.prod.FB_APP_COMMUNICATION due to registered receiver BroadcastFilter{42bfc480 u0 ReceiverList{424976f8 24201 com.facebook.katana/10120/u0 remote:42510b60}}
I/ActivityManager( 1105): Start proc com.facebook.groups for service com.facebook.groups/com.facebook.mqttlite.MqttService: pid=24783 uid=10129 gids={50129, 1028, 1015, 3003}
I/ActivityManager( 1105): Process .esfm (pid 18425) has died.
W/ActivityManager( 1105): Scheduling restart of crashed service com.estrongs.android.pop/com.estrongs.android.scanner.service.FileMonitorService in 1000ms
I/ActivityManager( 1105): Start proc in.amazon.mShop.android.shopping for broadcast in.amazon.mShop.android.shopping/com.amazon.clouddrive.library.device.receivers.AutoUploadReceiverProxy: pid=24831 uid=10185 gids={50185, 3003, 1028, 1015}
V/AlarmManager( 1105): sending alarm Alarm{42ccfcd0 type 2 com.whatsapp}
V/AlarmManager( 1105): sending alarm Alarm{42cca2f0 type 2 com.google.android.gms}
I/ActivityManager( 1105): Process com.google.android.apps.plus (pid 24696) has died.
I/ActivityManager( 1105): Process com.estrongs.android.pop (pid 18544) has died.
E/WifiService( 1105): Multicaster binderDied
D/WifiService( 1105): Client connection lost with reason: 4
W/ActivityManager( 1105): Service ServiceRecord{44847358 u0 com.estrongs.android.pop/com.estrongs.android.ui.notification.ESTaskService} in process ProcessRecord{4429e240 18544:com.estrongs.android.pop/u0a105} not same as in map: null
W/ActivityManager( 1105): Service ServiceRecord{446d7bf8 u0 com.estrongs.android.pop/com.dianxinos.dxservice.core.DXCoreService} in process ProcessRecord{4429e240 18544:com.estrongs.android.pop/u0a105} not same as in map: null
W/ActivityManager( 1105): Scheduling restart of crashed service com.estrongs.android.pop/com.estrongs.android.scanner.service.FileScannerService in 10806ms
I/ActivityManager( 1105): Start proc .esfm for service com.estrongs.android.pop/com.estrongs.android.scanner.service.FileMonitorService: pid=24919 uid=10105 gids={50105, 3003, 3002, 3001, 1028, 1015}
I/ActivityManager( 1105): Process com.motorola.genie (pid 24637) has died.
D/WifiService( 1105): New client listening to asynchronous messages
I/ActivityManager( 1105): Start proc com.estrongs.android.pop for service com.estrongs.android.pop/com.estrongs.android.scanner.service.FileScannerService: pid=24980 uid=10105 gids={50105, 3003, 3002, 3001, 1028, 1015}
W/ContextImpl( 1716): Calling a method in the system process without a qualified user: android.app.ContextImpl.startService:1608 android.content.ContextWrapper.startService:494 android.content.ContextWrapper.startService:494 com.motorola.motocare.internal.batterystats.BatteryStatsAction.onReceive:33 android.app.ActivityThread.handleReceiver:2434 
W/ContextImpl( 1716): Calling a method in the system process without a qualified user: android.app.ContextImpl.startService:1608 android.content.ContextWrapper.startService:494 android.content.ContextWrapper.startService:494 com.motorola.motocare.internal.batterystats.BatteryStatsAction.onReceive:33 android.app.ActivityThread.handleReceiver:2434 
D/WifiService( 1105): Client connection lost with reason: 4
I/ActivityManager( 1105): Process in.amazon.mShop.android.shopping (pid 24831) has died.
V/AlarmManager( 1105): sending alarm Alarm{42cb5f48 type 0 com.bt.bms}
I/PowerManagerService( 1105): Nap time...
I/PowerManagerService( 1105): Going to sleep due to screen timeout...
W/ContextImpl( 1716): Calling a method in the system process without a qualified user: android.app.ContextImpl.startService:1608 android.content.ContextWrapper.startService:494 android.content.ContextWrapper.startService:494 com.motorola.motocare.internal.batterystats.BatteryStatsAction.onReceive:33 android.app.ActivityThread.handleReceiver:2434 
D/WifiService( 1105): New client listening to asynchronous messages
W/BroadcastQueue( 1105): Permission Denial: broadcasting Intent { act=com.motorola.cce.Actions.CCE_SEND_SETTINGS flg=0x10 (has extras) } from com.motorola.genie (pid=24637, uid=10026) is not exported from uid 10033 due to receiver com.motorola.MotGallery2/com.motorola.blur.service.blur.SharedSettingsReceiver
V/AlarmManager( 1105): sending alarm Alarm{42582490 type 3 com.avast.android.mobilesecurity}
V/AlarmManager( 1105): sending alarm Alarm{42553ca8 type 0 net.one97.paytm}
W/ContextImpl( 1716): Calling a method in the system process without a qualified user: android.app.ContextImpl.startService:1608 android.content.ContextWrapper.startService:494 android.content.ContextWrapper.startService:494 com.motorola.contextual.fw.actions.StatefulActionHelper.registerForSettingChanges:81 com.motorola.contextual.fw.actions.Sync.registerForSettingChanges:214 
W/ContextImpl( 1716): Calling a method in the system process without a qualified user: android.app.ContextImpl.startService:1608 android.content.ContextWrapper.startService:494 android.content.ContextWrapper.startService:494 com.motorola.contextual.fw.actions.Utils.writeToDebugService:174 com.motorola.contextual.fw.actions.StatefulAction.setState:261 
W/ContextImpl( 1716): Calling a method in the system process without a qualified user: android.app.ContextImpl.startService:1608 android.content.ContextWrapper.startService:494 android.content.ContextWrapper.startService:494 com.motorola.contextual.fw.actions.Utils.writeToDebugService:174 com.motorola.contextual.fw.actions.StatefulAction.setState:278 
W/ContextImpl( 1716): Calling a method in the system process without a qualified user: android.app.ContextImpl.sendBroadcast:1252 android.content.ContextWrapper.sendBroadcast:365 android.content.ContextWrapper.sendBroadcast:365 com.motorola.contextual.fw.actions.ActionReceiver.onReceive:80 android.app.ActivityThread.handleReceiver:2434 
I/ActivityManager( 1105): Start proc com.motorola.contextual.smartrules2 for broadcast com.motorola.contextual.smartrules2/com.motorola.checkin.AnalyticsReceiver: pid=25103 uid=10034 gids={50034, 3003, 1028, 1015, 3001, 3002}
E/ActivityThread( 1716): Failed to find provider info for com.motorola.contextual.analytics
E/ActivityThread( 1716): Failed to find provider info for com.motorola.contextual.analytics
I/ActivityManager( 1105): Start proc com.bt.bms for broadcast com.bt.bms/.loaders.NowKeyAlarmReceiver: pid=25136 uid=10122 gids={50122, 3003, 1028, 1015}
I/ActivityManager( 1105): Process com.motorola.contextual.smartrules2 (pid 25103) has died.
I/ActivityManager( 1105): Start proc net.one97.paytm:remote for broadcast net.one97.paytm/com.uninstallationtracking.AlarmReceiver: pid=25190 uid=10118 gids={50118, 1028, 3003, 1015}
I/ActivityManager( 1105): Process com.bt.bms (pid 25136) has died.
I/ActivityManager( 1105): Process com.facebook.groups (pid 24783) has died.
W/ActivityManager( 1105): Scheduling restart of crashed service com.facebook.groups/com.facebook.mqttlite.MqttService in 16000ms
D/ActivityThread(25190): Loading provider net.one97.paytm.urbanairship.provider: com.urbanairship.UrbanAirshipProvider
I/ActivityManager( 1105): Start proc net.one97.paytm for service net.one97.paytm/com.urbanairship.richpush.RichPushUpdateService: pid=25246 uid=10118 gids={50118, 1028, 3003, 1015}
I/ActivityManager( 1105): Process com.iitb.loadgen (pid 18918) has died.
D/WifiService( 1105): Client connection lost with reason: 4
W/ActivityManager( 1105): Scheduling restart of crashed service com.iitb.loadgen/.Heartbeat in 1000ms
W/ActivityManager( 1105): Scheduling restart of crashed service com.iitb.loadgen/.BackgroundServices in 24973ms
W/BroadcastQueue( 1105): Failure [background] sending broadcast result of Intent { act=com.facebook.rti.fbns.intent.SHARE_IDS flg=0x10 pkg=com.facebook.orca (has extras) }
W/BroadcastQueue( 1105): android.os.DeadObjectException
W/BroadcastQueue( 1105): 	at android.os.BinderProxy.transact(Native Method)
W/BroadcastQueue( 1105): 	at android.content.IIntentReceiver$Stub$Proxy.performReceive(IIntentReceiver.java:124)
W/BroadcastQueue( 1105): 	at com.android.server.am.BroadcastQueue.performReceiveLocked(BroadcastQueue.java:424)
W/BroadcastQueue( 1105): 	at com.android.server.am.BroadcastQueue.processNextBroadcast(BroadcastQueue.java:657)
W/BroadcastQueue( 1105): 	at com.android.server.am.ActivityManagerService.finishReceiver(ActivityManagerService.java:14032)
W/BroadcastQueue( 1105): 	at android.app.ActivityManagerNative.onTransact(ActivityManagerNative.java:394)
W/BroadcastQueue( 1105): 	at com.android.server.am.ActivityManagerService.onTransact(ActivityManagerService.java:2140)
W/BroadcastQueue( 1105): 	at android.os.Binder.execTransact(Binder.java:404)
W/BroadcastQueue( 1105): 	at dalvik.system.NativeStart.run(Native Method)
W/ContextImpl( 1716): Calling a method in the system process without a qualified user: android.app.ContextImpl.startService:1608 android.content.ContextWrapper.startService:494 android.content.ContextWrapper.startService:494 com.motorola.motocare.internal.batterystats.BatteryStatsAction.onReceive:33 android.app.ActivityThread.handleReceiver:2434 
I/ActivityManager( 1105): Process net.one97.paytm:remote (pid 25190) has died.
I/ActivityManager( 1105): Start proc com.iitb.loadgen for service com.iitb.loadgen/.Heartbeat: pid=25339 uid=10194 gids={50194, 3003, 1028, 1015}
D/WifiService( 1105): New client listening to asynchronous messages
I/ActivityManager( 1105): Process com.facebook.katana (pid 24201) has died.
D/WifiService( 1105): Client connection lost with reason: 4
W/ActivityManager( 1105): Scheduling restart of crashed service com.facebook.katana/com.facebook.mqttlite.MqttService in 23217ms
I/PackageManager( 1105): Adding preferred activity ComponentInfo{com.android.mms/com.android.mms.ui.ComposeMessageActivity} for user 0 :
I/PackageManager( 1105): Adding preferred activity ComponentInfo{com.android.mms/com.android.mms.ui.ComposeMessageActivity} for user 0 :
I/ActivityManager( 1105): Start proc com.motorola.MotGallery2 for broadcast com.motorola.MotGallery2/com.android.gallery3d.app.PackagesMonitor: pid=25382 uid=10033 gids={50033, 3003, 1028, 1015}
I/PackageManager( 1105): Adding preferred activity ComponentInfo{com.android.mms/com.android.mms.ui.ComposeMessageActivity} for user 0 :
I/PackageManager( 1105): Adding preferred activity ComponentInfo{com.android.mms/com.android.mms.ui.ComposeMessageActivity} for user 0 :
I/PackageManager( 1105): Adding preferred activity ComponentInfo{com.android.mms/com.android.mms.ui.ComposeMessageActivity} for user 0 :
I/ActivityManager( 1105): Waited long enough for: ServiceRecord{4427db48 u0 com.truecaller/.service.DataManagerService}
I/PackageManager( 1105): Adding preferred activity ComponentInfo{com.android.mms/com.android.mms.ui.ComposeMessageActivity} for user 0 :
I/PackageManager( 1105): Adding preferred activity ComponentInfo{com.android.mms/com.android.mms.ui.ComposeMessageActivity} for user 0 :
I/PackageManager( 1105): Adding preferred activity ComponentInfo{com.android.mms/com.android.mms.ui.ComposeMessageActivity} for user 0 :
I/ActivityManager( 1105): Start proc com.google.android.googlequicksearchbox:search for broadcast com.google.android.googlequicksearchbox/com.google.android.apps.gsa.search.core.icingsync.IcingCorporaChangedReceiver: pid=25423 uid=10044 gids={50044, 3003, 1028, 3002, 1015}
