W/BroadcastQueue( 1105): Permission Denial: broadcasting Intent { act=android.net.conn.CONNECTIVITY_CHANGE flg=0x4000010 (has extras) } from null (pid=-1, uid=-1) requires com.facebook.permission.prod.FB_APP_COMMUNICATION due to registered receiver BroadcastFilter{42aa7310 u0 ReceiverList{42c61290 3319 com.facebook.groups/10129/u0 remote:42820858}}
W/BroadcastQueue( 1105): Permission Denial: broadcasting Intent { act=android.net.conn.CONNECTIVITY_CHANGE flg=0x4000010 (has extras) } from null (pid=-1, uid=-1) requires com.facebook.permission.prod.FB_APP_COMMUNICATION due to registered receiver BroadcastFilter{42a16d20 u0 ReceiverList{42abe5b0 3319 com.facebook.groups/10129/u0 remote:42ad4370}}
I/ActivityManager( 1105): Start proc com.whatsapp for service com.whatsapp/.messaging.MessageService: pid=3790 uid=10135 gids={50135, 3002, 3003, 1028, 1015}
V/AlarmManager( 1105): sending alarm Alarm{4298f8f8 type 3 com.whatsapp}
V/AlarmManager( 1105): sending alarm Alarm{42bdd320 type 3 com.whatsapp}
V/AlarmManager( 1105): sending alarm Alarm{42afadd8 type 3 android}
V/AlarmManager( 1105): sending alarm Alarm{42af8628 type 1 com.android.deskclock}
I/ActivityManager( 1105): Start proc com.android.deskclock for broadcast com.android.deskclock/com.android.alarmclock.DigitalAppWidgetProvider: pid=3924 uid=10014 gids={50014, 1028}
I/ActivityManager( 1105): Process com.android.deskclock (pid 3924) has died.
V/AlarmManager( 1105): sending alarm Alarm{42af13a8 type 0 com.android.email}
I/ActivityManager( 1105): Start proc com.facebook.orca for service com.facebook.orca/com.facebook.mqttlite.MqttService: pid=4091 uid=10107 gids={50107, 3003, 1028, 1015, 3002}
I/ActivityManager( 1105): Process com.facebook.katana (pid 2843) has died.
W/ActivityManager( 1105): Scheduling restart of crashed service com.facebook.katana/com.facebook.mqttlite.MqttService in 55688ms
D/WifiService( 1105): Client connection lost with reason: 4
I/ActivityManager( 1105): Process com.google.android.gms (pid 23429) has died.
W/ActivityManager( 1105): Scheduling restart of crashed service com.google.android.gms/.analytics.service.AnalyticsService in 1000ms
I/ActivityManager( 1105): Start proc com.google.android.gms for service com.google.android.gms/.analytics.service.AnalyticsService: pid=4256 uid=10022 gids={50022, 3007, 2001, 3003, 1007, 3006, 1028, 1015, 3002, 3001}
I/ActivityManager( 1105): Waited long enough for: ServiceRecord{43ef3590 u0 com.whatsapp/.AlarmService}
W/BroadcastQueue( 1105): Permission Denial: broadcasting Intent { act=android.net.conn.INET_CONDITION_ACTION flg=0x4000010 (has extras) } from null (pid=-1, uid=-1) requires com.facebook.permission.prod.FB_APP_COMMUNICATION due to registered receiver BroadcastFilter{42c1de88 u0 ReceiverList{42bf2ad0 4091 com.facebook.orca/10107/u0 remote:41fcea38}}
W/BroadcastQueue( 1105): Permission Denial: broadcasting Intent { act=android.net.conn.CONNECTIVITY_CHANGE flg=0x4000010 (has extras) } from null (pid=-1, uid=-1) requires com.facebook.permission.prod.FB_APP_COMMUNICATION due to registered receiver BroadcastFilter{42c1de88 u0 ReceiverList{42bf2ad0 4091 com.facebook.orca/10107/u0 remote:41fcea38}}
W/BroadcastQueue( 1105): Permission Denial: broadcasting Intent { act=android.net.conn.CONNECTIVITY_CHANGE flg=0x4000010 (has extras) } from null (pid=-1, uid=-1) requires com.facebook.permission.prod.FB_APP_COMMUNICATION due to registered receiver BroadcastFilter{42b16b78 u0 ReceiverList{42b9e8d8 4091 com.facebook.orca/10107/u0 remote:42bdf000}}
V/AlarmManager( 1105): sending alarm Alarm{42a37f10 type 0 com.iitb.loadgen}
V/AlarmManager( 1105): sending alarm Alarm{42a211c8 type 0 com.android.email}
I/ActivityManager( 1105): Waited long enough for: ServiceRecord{446b6730 u0 com.facebook.orca/com.facebook.messaging.newphoto.NewPhotoIntentService}
V/AlarmManager( 1105): sending alarm Alarm{42d450c0 type 3 com.google.android.gms}
V/AlarmManager( 1105): sending alarm Alarm{42dd3908 type 0 com.android.email}
W/ContextImpl( 1716): Calling a method in the system process without a qualified user: android.app.ContextImpl.sendBroadcast:1252 android.content.ContextWrapper.sendBroadcast:365 com.motorola.motocare.util.TriggerHelper$TriggerBuilder.send:76 com.motorola.motocare.internal.frameworkevents.ProcessKillTrigger.sendTrigger:147 com.motorola.motocare.internal.frameworkevents.ProcessKillTrigger.handleLmkKill:337 
W/ContextImpl( 1716): Calling a method in the system process without a qualified user: android.app.ContextImpl.sendBroadcast:1252 android.content.ContextWrapper.sendBroadcast:365 com.motorola.motocare.util.TriggerHelper$TriggerBuilder.send:76 com.motorola.motocare.internal.frameworkevents.ProcessKillTrigger.sendTrigger:147 com.motorola.motocare.internal.frameworkevents.ProcessKillTrigger.handleLmkKill:337 
W/ContextImpl( 1716): Calling a method in the system process without a qualified user: android.app.ContextImpl.sendBroadcast:1252 android.content.ContextWrapper.sendBroadcast:365 com.motorola.motocare.util.TriggerHelper$TriggerBuilder.send:76 com.motorola.motocare.internal.frameworkevents.ProcessKillTrigger.sendTrigger:147 com.motorola.motocare.internal.frameworkevents.ProcessKillTrigger.handleLmkKill:337 
W/ContextImpl( 1716): Calling a method in the system process without a qualified user: android.app.ContextImpl.sendBroadcast:1252 android.content.ContextWrapper.sendBroadcast:365 com.motorola.motocare.util.TriggerHelper$TriggerBuilder.send:76 com.motorola.motocare.internal.frameworkevents.ProcessKillTrigger.sendTrigger:147 com.motorola.motocare.internal.frameworkevents.ProcessKillTrigger.handleLmkKill:337 
W/ContextImpl( 1716): Calling a method in the system process without a qualified user: android.app.ContextImpl.sendBroadcast:1252 android.content.ContextWrapper.sendBroadcast:365 com.motorola.motocare.util.TriggerHelper$TriggerBuilder.send:76 com.motorola.motocare.internal.frameworkevents.ProcessKillTrigger.sendTrigger:147 com.motorola.motocare.internal.frameworkevents.ProcessKillTrigger.handleLmkKill:337 
W/ContextImpl( 1716): Calling a method in the system process without a qualified user: android.app.ContextImpl.sendBroadcast:1252 android.content.ContextWrapper.sendBroadcast:365 com.motorola.motocare.util.TriggerHelper$TriggerBuilder.send:76 com.motorola.motocare.internal.frameworkevents.ProcessKillTrigger.sendTrigger:147 com.motorola.motocare.internal.frameworkevents.ProcessKillTrigger.handleLmkKill:337 
W/ContextImpl( 1716): Calling a method in the system process without a qualified user: android.app.ContextImpl.sendBroadcast:1252 android.content.ContextWrapper.sendBroadcast:365 com.motorola.motocare.util.TriggerHelper$TriggerBuilder.send:76 com.motorola.motocare.internal.frameworkevents.ProcessKillTrigger.sendTrigger:147 com.motorola.motocare.internal.frameworkevents.ProcessKillTrigger.handleLmkKill:337 
I/ActivityManager( 1105): Start proc com.jabong.android for broadcast com.jabong.android/com.ad4screen.sdk.GCMHandler: pid=4752 uid=10108 gids={50108, 3003}
I/ActivityManager( 1105): Start proc com.facebook.katana for content provider com.facebook.katana/com.facebook.platform.common.provider.PlatformProviderBase: pid=4781 uid=10120 gids={50120, 1028, 1015, 3003}
D/ConnectivityService( 1105): handleInetConditionHoldEnd: net=1, condition=100, published condition=100
D/WifiService( 1105): New client listening to asynchronous messages
I/ActivityManager( 1105): Process com.facebook.groups (pid 3319) has died.
W/ActivityManager( 1105): Scheduling restart of crashed service com.facebook.groups/com.facebook.mqttlite.MqttService in 64000ms
I/ActivityManager( 1105): Start proc com.jabong.android:A4SService for service com.jabong.android/com.ad4screen.sdk.A4SService: pid=4881 uid=10108 gids={50108, 3003}
I/ActivityManager( 1105): Process com.jabong.android (pid 4752) has died.
I/ActivityManager( 1105): Start proc com.jabong.android for broadcast com.jabong.android/.broadcasts.InAppHandler: pid=4943 uid=10108 gids={50108, 3003}
I/ActivityManager( 1105): Process com.facebook.orca (pid 4091) has died.
W/ActivityManager( 1105): Scheduling restart of crashed service com.facebook.orca/com.facebook.messaging.newphoto.NewPhotoIntentService in 1000ms
W/ActivityManager( 1105): Scheduling restart of crashed service com.facebook.orca/com.facebook.mqttlite.MqttService in 71850ms
I/PowerManagerService( 1105): Waking up from sleep...
I/WindowManager( 1105): Lock screen displayed!
D/DisplayPowerController( 1105): Unblocked screen on after 173733649 ms
I/SFPerfTracer(  295):      triggers: (rate: 0:2) (242067 sw vsyncs) (0 skipped) (0:267865 vsyncs) (77:558392)
I/ActivityManager( 1105): Process com.jabong.android (pid 4943) has died.
W/BroadcastQueue( 1105): Permission Denial: broadcasting Intent { act=android.net.conn.INET_CONDITION_ACTION flg=0x4000010 (has extras) } from null (pid=-1, uid=-1) requires com.facebook.permission.prod.FB_APP_COMMUNICATION due to registered receiver BroadcastFilter{42d177e0 u0 ReceiverList{42ce0af0 4781 com.facebook.katana/10120/u0 remote:428e7b70}}
W/BroadcastQueue( 1105): Permission Denial: broadcasting Intent { act=android.net.conn.CONNECTIVITY_CHANGE flg=0x4000010 (has extras) } from null (pid=-1, uid=-1) requires com.facebook.permission.prod.FB_APP_COMMUNICATION due to registered receiver BroadcastFilter{42d177e0 u0 ReceiverList{42ce0af0 4781 com.facebook.katana/10120/u0 remote:428e7b70}}
W/BroadcastQueue( 1105): Permission Denial: broadcasting Intent { act=android.net.conn.CONNECTIVITY_CHANGE flg=0x4000010 (has extras) } from null (pid=-1, uid=-1) requires com.facebook.permission.prod.FB_APP_COMMUNICATION due to registered receiver BroadcastFilter{42c1bea8 u0 ReceiverList{42bfcdc8 4781 com.facebook.katana/10120/u0 remote:42236038}}
I/ActivityManager( 1105): Start proc com.facebook.orca for content provider com.facebook.orca/com.facebook.messenger.app.MessengerLoggedInUserProvider: pid=5122 uid=10107 gids={50107, 3003, 1028, 1015, 3002}
W/ContextImpl( 1716): Calling a method in the system process without a qualified user: android.app.ContextImpl.startService:1608 android.content.ContextWrapper.startService:494 android.content.ContextWrapper.startService:494 com.motorola.motocare.internal.batterystats.BatteryStatsAction.onReceive:33 android.app.ActivityThread.handleReceiver:2434 
F/ProcessStats( 1105): Starting service ServiceState{44511798 com.google.android.wearable.datatransfer.DataSyncService pkg=com.google.android.music proc=44511798} without owner
F/ProcessStats( 1105): Starting service ServiceState{42944280 com.facebook.mqttlite.MqttService pkg=com.facebook.groups proc=42944280} without owner
W/ContextImpl( 1716): Calling a method in the system process without a qualified user: android.app.ContextImpl.sendBroadcast:1252 android.content.ContextWrapper.sendBroadcast:365 com.motorola.motocare.util.TriggerHelper$TriggerBuilder.send:76 com.motorola.motocare.internal.frameworkevents.PauseResumeTrigger.handleFrameworkEvent:53 com.motorola.motocare.internal.frameworkevents.FwEventMonitor$FrameworkListener.processFrameworkEvent:114 
D/UsbDeviceManager( 1105): MSG_USER_PRESENT
W/InputMethodManagerService( 1105): Window already focused, ignoring focus gain of: com.android.internal.view.IInputMethodClient$Stub$Proxy@43ad4ee0 attribute=android.view.inputmethod.EditorInfo@438197b8, token = android.os.BinderProxy@42a3b488
I/ActivityManager( 1105): Start proc com.myntra.android for broadcast com.myntra.android/com.parse.ParseBroadcastReceiver: pid=5278 uid=10142 gids={50142, 3003, 1028, 1015}
I/ActivityManager( 1105): Process com.myntra.android (pid 5278) has died.
I/SFPerfTracer(  295):      triggers: (rate: 223:8432) (compose: 0:26) (post: 0:8) (render: 3:463) (41:88344 frames) (42:197681)
D/SFPerfTracer(  295):        layers: (4:12) (DimLayer: 0:2)* (DimLayer: 0:8)* (FocusedStackFrame: 0:1983)* (StatusBar: 25:30352) (NavigationBar: 19:22030) (com.android.systemui.ImageWallpaper: 0:1123) (DimLayer: 0:1909)* (DimLayer: 0:288)* (com.android.launcher/com.android.launcher2.Launcher: 14:49) (Keyguard: 0:32)* (ElectronBeam: 0:21)* (ElectronBeam: 0:26)* 
I/SFPerfTracer(  295):      triggers: (rate: 0:2) (242067 sw vsyncs) (0 skipped) (118:268045 vsyncs) (120:558603)
W/InputMethodManagerService( 1105): Window already focused, ignoring focus gain of: com.android.internal.view.IInputMethodClient$Stub$Proxy@44277db8 attribute=null, token = android.os.BinderProxy@42a3b488
W/BroadcastQueue( 1105): Permission Denial: broadcasting Intent { act=android.net.conn.INET_CONDITION_ACTION flg=0x4000010 (has extras) } from null (pid=-1, uid=-1) requires com.facebook.permission.prod.FB_APP_COMMUNICATION due to registered receiver BroadcastFilter{4386e738 u0 ReceiverList{43774f28 5122 com.facebook.orca/10107/u0 remote:4389db50}}
W/BroadcastQueue( 1105): Permission Denial: broadcasting Intent { act=android.net.conn.CONNECTIVITY_CHANGE flg=0x4000010 (has extras) } from null (pid=-1, uid=-1) requires com.facebook.permission.prod.FB_APP_COMMUNICATION due to registered receiver BroadcastFilter{4386e738 u0 ReceiverList{43774f28 5122 com.facebook.orca/10107/u0 remote:4389db50}}
W/BroadcastQueue( 1105): Permission Denial: broadcasting Intent { act=android.net.conn.CONNECTIVITY_CHANGE flg=0x4000010 (has extras) } from null (pid=-1, uid=-1) requires com.facebook.permission.prod.FB_APP_COMMUNICATION due to registered receiver BroadcastFilter{4340b808 u0 ReceiverList{43315fb8 5122 com.facebook.orca/10107/u0 remote:431d6ac0}}
I/ActivityManager( 1105): START u0 {act=android.intent.action.MAIN cat=[android.intent.category.HOME] flg=0x10200000 cmp=com.android.launcher/com.android.launcher2.Launcher} from pid 1105
I/ActivityManager( 1105): Process com.jabong.android:A4SService (pid 4881) has died.
I/SFPerfTracer(  295):      triggers: (rate: 223:8435) (compose: 0:26) (post: 0:8) (render: 3:463) (0:88409 frames) (1:197781)
D/SFPerfTracer(  295):        layers: (4:9) (DimLayer: 0:2)* (DimLayer: 0:8)* (FocusedStackFrame: 0:1983)* (StatusBar: 0:30439) (NavigationBar: 1:22043) (com.android.systemui.ImageWallpaper: 0:1123) (DimLayer: 0:1909)* (DimLayer: 0:288)* (com.android.launcher/com.android.launcher2.Launcher: 1:53) 
I/PowerManagerService( 1105): Going to sleep by user request...
I/SFPerfTracer(  295):      triggers: (rate: 0:2) (242067 sw vsyncs) (0 skipped) (80:268145 vsyncs) (82:558712)
W/ContextImpl( 1716): Calling a method in the system process without a qualified user: android.app.ContextImpl.sendBroadcast:1252 android.content.ContextWrapper.sendBroadcast:365 com.motorola.motocare.util.TriggerHelper$TriggerBuilder.send:76 com.motorola.motocare.internal.frameworkevents.PauseResumeTrigger.handleFrameworkEvent:53 com.motorola.motocare.internal.frameworkevents.FwEventMonitor$FrameworkListener.processFrameworkEvent:114 
F/ProcessStats( 1105): Starting service ServiceState{44511798 com.google.android.wearable.datatransfer.DataSyncService pkg=com.google.android.music proc=44511798} without owner
F/ProcessStats( 1105): Starting service ServiceState{42944280 com.facebook.mqttlite.MqttService pkg=com.facebook.groups proc=42944280} without owner
D/UsbDeviceManager( 1105): MSG_USER_LOCKED
W/ContextImpl( 1716): Calling a method in the system process without a qualified user: android.app.ContextImpl.startService:1608 android.content.ContextWrapper.startService:494 android.content.ContextWrapper.startService:494 com.motorola.motocare.internal.batterystats.BatteryStatsAction.onReceive:33 android.app.ActivityThread.handleReceiver:2434 
V/AlarmManager( 1105): sending alarm Alarm{42ae81f8 type 0 com.android.email}
V/AlarmManager( 1105): sending alarm Alarm{42af9b10 type 3 android}
V/AlarmManager( 1105): sending alarm Alarm{42af1f08 type 2 com.facebook.katana}
V/AlarmManager( 1105): sending alarm Alarm{42aee870 type 2 com.facebook.orca}
I/ActivityManager( 1105): Waited long enough for: ServiceRecord{4464bd00 u0 com.facebook.orca/com.facebook.messaging.newphoto.NewPhotoIntentService}
V/AlarmManager( 1105): sending alarm Alarm{4429c7b8 type 0 com.android.email}
V/AlarmManager( 1105): sending alarm Alarm{43a96868 type 3 com.avast.android.mobilesecurity}
I/ActivityManager( 1105): Waited long enough for: ServiceRecord{442a5258 u0 com.whatsapp/.messaging.MessageService}
V/AlarmManager( 1105): sending alarm Alarm{43a6f6f0 type 2 com.whatsapp}
V/AlarmManager( 1105): sending alarm Alarm{43a6cce0 type 2 com.google.android.gms}
V/AlarmManager( 1105): sending alarm Alarm{43a6cd30 type 0 com.iitb.loadgen}
V/AlarmManager( 1105): sending alarm Alarm{43c21dd8 type 0 com.android.email}
V/AlarmManager( 1105): sending alarm Alarm{43e01dd8 type 2 com.imo.android.imoim}
V/AlarmManager( 1105): sending alarm Alarm{43e65940 type 3 com.google.android.gms}
W/ContextImpl( 1716): Calling a method in the system process without a qualified user: android.app.ContextImpl.sendBroadcast:1252 android.content.ContextWrapper.sendBroadcast:365 com.motorola.motocare.util.TriggerHelper$TriggerBuilder.send:76 com.motorola.motocare.internal.frameworkevents.ProcessKillTrigger.sendTrigger:147 com.motorola.motocare.internal.frameworkevents.ProcessKillTrigger.handleLmkKill:337 
W/ContextImpl( 1716): Calling a method in the system process without a qualified user: android.app.ContextImpl.sendBroadcast:1252 android.content.ContextWrapper.sendBroadcast:365 com.motorola.motocare.util.TriggerHelper$TriggerBuilder.send:76 com.motorola.motocare.internal.frameworkevents.ProcessKillTrigger.sendTrigger:147 com.motorola.motocare.internal.frameworkevents.ProcessKillTrigger.handleLmkKill:337 
W/ContextImpl( 1716): Calling a method in the system process without a qualified user: android.app.ContextImpl.sendBroadcast:1252 android.content.ContextWrapper.sendBroadcast:365 com.motorola.motocare.util.TriggerHelper$TriggerBuilder.send:76 com.motorola.motocare.internal.frameworkevents.ProcessKillTrigger.sendTrigger:147 com.motorola.motocare.internal.frameworkevents.ProcessKillTrigger.handleLmkKill:337 
W/ContextImpl( 1716): Calling a method in the system process without a qualified user: android.app.ContextImpl.sendBroadcast:1252 android.content.ContextWrapper.sendBroadcast:365 com.motorola.motocare.util.TriggerHelper$TriggerBuilder.send:76 com.motorola.motocare.internal.frameworkevents.ProcessKillTrigger.sendTrigger:147 com.motorola.motocare.internal.frameworkevents.ProcessKillTrigger.handleLmkKill:337 
W/ContextImpl( 1716): Calling a method in the system process without a qualified user: android.app.ContextImpl.sendBroadcast:1252 android.content.ContextWrapper.sendBroadcast:365 com.motorola.motocare.util.TriggerHelper$TriggerBuilder.send:76 com.motorola.motocare.internal.frameworkevents.ProcessKillTrigger.sendTrigger:147 com.motorola.motocare.internal.frameworkevents.ProcessKillTrigger.handleLmkKill:337 
W/ContextImpl( 1716): Calling a method in the system process without a qualified user: android.app.ContextImpl.sendBroadcast:1252 android.content.ContextWrapper.sendBroadcast:365 com.motorola.motocare.util.TriggerHelper$TriggerBuilder.send:76 com.motorola.motocare.internal.frameworkevents.ProcessKillTrigger.sendTrigger:147 com.motorola.motocare.internal.frameworkevents.ProcessKillTrigger.handleLmkKill:337 
I/LaunchCheckinHandler( 1105): cleanup(): cleared. Last call was 51967 ms ago
I/ActivityManager( 1105): Start proc com.facebook.groups for service com.facebook.groups/com.facebook.mqttlite.MqttService: pid=6417 uid=10129 gids={50129, 1028, 1015, 3003}
V/AlarmManager( 1105): sending alarm Alarm{431b7358 type 0 com.android.email}
I/ActivityManager( 1105): Process com.facebook.katana (pid 4781) has died.
D/WifiService( 1105): Client connection lost with reason: 4
W/ActivityManager( 1105): Scheduling restart of crashed service com.facebook.katana/com.facebook.mqttlite.MqttService in 1000ms
W/BroadcastQueue( 1105): Permission Denial: broadcasting Intent { act=android.net.conn.INET_CONDITION_ACTION flg=0x4000010 (has extras) } from null (pid=-1, uid=-1) requires com.facebook.permission.prod.FB_APP_COMMUNICATION due to registered receiver BroadcastFilter{42c86e60 u0 ReceiverList{42f6c1a0 6417 com.facebook.groups/10129/u0 remote:42a16a58}}
W/BroadcastQueue( 1105): Permission Denial: broadcasting Intent { act=android.net.conn.CONNECTIVITY_CHANGE flg=0x4000010 (has extras) } from null (pid=-1, uid=-1) requires com.facebook.permission.prod.FB_APP_COMMUNICATION due to registered receiver BroadcastFilter{42c86e60 u0 ReceiverList{42f6c1a0 6417 com.facebook.groups/10129/u0 remote:42a16a58}}
W/BroadcastQueue( 1105): Permission Denial: broadcasting Intent { act=android.net.conn.CONNECTIVITY_CHANGE flg=0x4000010 (has extras) } from null (pid=-1, uid=-1) requires com.facebook.permission.prod.FB_APP_COMMUNICATION due to registered receiver BroadcastFilter{42be1cf8 u0 ReceiverList{42db80a8 6417 com.facebook.groups/10129/u0 remote:429780c0}}
I/ActivityManager( 1105): Start proc com.facebook.katana for service com.facebook.katana/com.facebook.mqttlite.MqttService: pid=6719 uid=10120 gids={50120, 1028, 1015, 3003}
D/WifiService( 1105): New client listening to asynchronous messages
I/ActivityManager( 1105): Process com.facebook.orca (pid 5122) has died.
W/ActivityManager( 1105): Scheduling restart of crashed service com.facebook.orca/com.facebook.messaging.newphoto.NewPhotoIntentService in 1000ms
W/ActivityManager( 1105): Scheduling restart of crashed service com.facebook.orca/com.facebook.mqttlite.MqttService in 1000ms
I/ActivityManager( 1105): Start proc com.facebook.orca for service com.facebook.orca/com.facebook.mqttlite.MqttService: pid=6863 uid=10107 gids={50107, 3003, 1028, 1015, 3002}
W/BroadcastQueue( 1105): Permission Denial: broadcasting Intent { act=android.net.conn.INET_CONDITION_ACTION flg=0x4000010 (has extras) } from null (pid=-1, uid=-1) requires com.facebook.permission.prod.FB_APP_COMMUNICATION due to registered receiver BroadcastFilter{4305c2a0 u0 ReceiverList{42f448a0 6719 com.facebook.katana/10120/u0 remote:42b4fa78}}
W/BroadcastQueue( 1105): Permission Denial: broadcasting Intent { act=android.net.conn.CONNECTIVITY_CHANGE flg=0x4000010 (has extras) } from null (pid=-1, uid=-1) requires com.facebook.permission.prod.FB_APP_COMMUNICATION due to registered receiver BroadcastFilter{4305c2a0 u0 ReceiverList{42f448a0 6719 com.facebook.katana/10120/u0 remote:42b4fa78}}
W/BroadcastQueue( 1105): Permission Denial: broadcasting Intent { act=android.net.conn.CONNECTIVITY_CHANGE flg=0x4000010 (has extras) } from null (pid=-1, uid=-1) requires com.facebook.permission.prod.FB_APP_COMMUNICATION due to registered receiver BroadcastFilter{42d7ad60 u0 ReceiverList{42d063e8 6719 com.facebook.katana/10120/u0 remote:42aa3f20}}
I/ActivityManager( 1105): Process com.whatsapp (pid 3790) has died.
W/ActivityManager( 1105): Scheduling restart of crashed service com.whatsapp/.messaging.MessageService in 1000ms
I/ActivityManager( 1105): Start proc com.whatsapp for service com.whatsapp/.messaging.MessageService: pid=7091 uid=10135 gids={50135, 3002, 3003, 1028, 1015}
W/BroadcastQueue( 1105): Permission Denial: broadcasting Intent { act=android.net.conn.INET_CONDITION_ACTION flg=0x4000010 (has extras) } from null (pid=-1, uid=-1) requires com.facebook.permission.prod.FB_APP_COMMUNICATION due to registered receiver BroadcastFilter{42c260d0 u0 ReceiverList{42c2b240 6863 com.facebook.orca/10107/u0 remote:42c9ee00}}
W/BroadcastQueue( 1105): Permission Denial: broadcasting Intent { act=android.net.conn.CONNECTIVITY_CHANGE flg=0x4000010 (has extras) } from null (pid=-1, uid=-1) requires com.facebook.permission.prod.FB_APP_COMMUNICATION due to registered receiver BroadcastFilter{42c260d0 u0 ReceiverList{42c2b240 6863 com.facebook.orca/10107/u0 remote:42c9ee00}}
V/AlarmManager( 1105): sending alarm Alarm{4203d558 type 3 com.whatsapp}
V/AlarmManager( 1105): sending alarm Alarm{431eb6a8 type 3 com.whatsapp}
W/BroadcastQueue( 1105): Permission Denial: broadcasting Intent { act=android.net.conn.CONNECTIVITY_CHANGE flg=0x4000010 (has extras) } from null (pid=-1, uid=-1) requires com.facebook.permission.prod.FB_APP_COMMUNICATION due to registered receiver BroadcastFilter{429069f0 u0 ReceiverList{42926fd0 6863 com.facebook.orca/10107/u0 remote:429461e8}}
I/ActivityManager( 1105): Process com.truecaller (pid 20621) has died.
W/ActivityManager( 1105): Scheduling restart of crashed service com.truecaller/.service.DataManagerService in 1000ms
W/ActivityManager( 1105): Scheduling restart of crashed service com.truecaller/.service.CallerIdService in 1000ms
W/ActivityManager( 1105): Scheduling restart of crashed service com.truecaller/.service.CallStateService in 11000ms
W/ActivityManager( 1105): Scheduling restart of crashed service com.truecaller/.service.ClipboardService in 21000ms
V/AlarmManager( 1105): sending alarm Alarm{42ac0130 type 3 android}
I/ActivityManager( 1105): Start proc com.truecaller for service com.truecaller/.service.CallerIdService: pid=7300 uid=10103 gids={50103, 3003, 1028, 1015}
I/ActivityManager( 1105): Process com.estrongs.android.pop (pid 24980) has died.
E/WifiService( 1105): Multicaster binderDied
D/WifiService( 1105): Client connection lost with reason: 4
W/ActivityManager( 1105): Scheduling restart of crashed service com.estrongs.android.pop/com.estrongs.android.scanner.service.FileScannerService in 1000ms
W/ActivityManager( 1105): Service ServiceRecord{441a2718 u0 com.estrongs.android.pop/com.estrongs.android.ui.notification.ESTaskService} in process ProcessRecord{4318bcb0 24980:com.estrongs.android.pop/u0a105} not same as in map: null
W/ActivityManager( 1105): Service ServiceRecord{43e91788 u0 com.estrongs.android.pop/com.dianxinos.dxservice.core.DXCoreService} in process ProcessRecord{4318bcb0 24980:com.estrongs.android.pop/u0a105} not same as in map: null
I/ActivityManager( 1105): Start proc com.estrongs.android.pop for service com.estrongs.android.pop/com.estrongs.android.scanner.service.FileScannerService: pid=7406 uid=10105 gids={50105, 3003, 3002, 3001, 1028, 1015}
D/WifiService( 1105): New client listening to asynchronous messages
I/ActivityManager( 1105): Process com.facebook.groups (pid 6417) has died.
W/ActivityManager( 1105): Scheduling restart of crashed service com.facebook.groups/com.facebook.analytics.service.AnalyticsService in 1000ms
W/ActivityManager( 1105): Scheduling restart of crashed service com.facebook.groups/com.facebook.mqttlite.MqttService in 256000ms
I/ActivityManager( 1105): Process com.facebook.katana (pid 6719) has died.
W/ActivityManager( 1105): Scheduling restart of crashed service com.facebook.katana/com.facebook.mqttlite.MqttService in 4000ms
D/WifiService( 1105): Client connection lost with reason: 4
I/ActivityManager( 1105): Start proc com.facebook.katana for service com.facebook.katana/com.facebook.mqttlite.MqttService: pid=7614 uid=10120 gids={50120, 1028, 1015, 3003}
D/WifiService( 1105): New client listening to asynchronous messages
I/ActivityManager( 1105): Waited long enough for: ServiceRecord{4467ef68 u0 com.whatsapp/.AlarmService}
I/ActivityManager( 1105): Waited long enough for: ServiceRecord{44573580 u0 com.facebook.orca/com.facebook.messaging.newphoto.NewPhotoIntentService}
W/BroadcastQueue( 1105): Permission Denial: broadcasting Intent { act=android.net.conn.INET_CONDITION_ACTION flg=0x4000010 (has extras) } from null (pid=-1, uid=-1) requires com.facebook.permission.prod.FB_APP_COMMUNICATION due to registered receiver BroadcastFilter{42aa0ab0 u0 ReceiverList{42ac86b0 7614 com.facebook.katana/10120/u0 remote:42ad19c8}}
W/BroadcastQueue( 1105): Permission Denial: broadcasting Intent { act=android.net.conn.CONNECTIVITY_CHANGE flg=0x4000010 (has extras) } from null (pid=-1, uid=-1) requires com.facebook.permission.prod.FB_APP_COMMUNICATION due to registered receiver BroadcastFilter{42aa0ab0 u0 ReceiverList{42ac86b0 7614 com.facebook.katana/10120/u0 remote:42ad19c8}}
W/BroadcastQueue( 1105): Permission Denial: broadcasting Intent { act=android.net.conn.CONNECTIVITY_CHANGE flg=0x4000010 (has extras) } from null (pid=-1, uid=-1) requires com.facebook.permission.prod.FB_APP_COMMUNICATION due to registered receiver BroadcastFilter{4357a7c8 u0 ReceiverList{4357b048 7614 com.facebook.katana/10120/u0 remote:43a2efc8}}
V/AlarmManager( 1105): sending alarm Alarm{43e88aa8 type 2 com.whatsapp}
V/AlarmManager( 1105): sending alarm Alarm{43e88b10 type 3 com.avast.android.mobilesecurity}
V/AlarmManager( 1105): sending alarm Alarm{43e792f8 type 3 com.google.android.gms}
V/AlarmManager( 1105): sending alarm Alarm{43e79348 type 1 com.estrongs.android.pop}
V/AlarmManager( 1105): sending alarm Alarm{43e75ee8 type 0 com.iitb.loadgen}
W/ContextImpl( 1716): Calling a method in the system process without a qualified user: android.app.ContextImpl.sendBroadcast:1252 android.content.ContextWrapper.sendBroadcast:365 com.motorola.motocare.util.TriggerHelper$TriggerBuilder.send:76 com.motorola.motocare.internal.frameworkevents.ProcessKillTrigger.sendTrigger:147 com.motorola.motocare.internal.frameworkevents.ProcessKillTrigger.handleLmkKill:337 
W/ContextImpl( 1716): Calling a method in the system process without a qualified user: android.app.ContextImpl.sendBroadcast:1252 android.content.ContextWrapper.sendBroadcast:365 com.motorola.motocare.util.TriggerHelper$TriggerBuilder.send:76 com.motorola.motocare.internal.frameworkevents.ProcessKillTrigger.sendTrigger:147 com.motorola.motocare.internal.frameworkevents.ProcessKillTrigger.handleLmkKill:337 
W/ContextImpl( 1716): Calling a method in the system process without a qualified user: android.app.ContextImpl.sendBroadcast:1252 android.content.ContextWrapper.sendBroadcast:365 com.motorola.motocare.util.TriggerHelper$TriggerBuilder.send:76 com.motorola.motocare.internal.frameworkevents.ProcessKillTrigger.sendTrigger:147 com.motorola.motocare.internal.frameworkevents.ProcessKillTrigger.handleLmkKill:337 
W/ContextImpl( 1716): Calling a method in the system process without a qualified user: android.app.ContextImpl.sendBroadcast:1252 android.content.ContextWrapper.sendBroadcast:365 com.motorola.motocare.util.TriggerHelper$TriggerBuilder.send:76 com.motorola.motocare.internal.frameworkevents.ProcessKillTrigger.sendTrigger:147 com.motorola.motocare.internal.frameworkevents.ProcessKillTrigger.handleLmkKill:337 
W/ContextImpl( 1716): Calling a method in the system process without a qualified user: android.app.ContextImpl.sendBroadcast:1252 android.content.ContextWrapper.sendBroadcast:365 com.motorola.motocare.util.TriggerHelper$TriggerBuilder.send:76 com.motorola.motocare.internal.frameworkevents.ProcessKillTrigger.sendTrigger:147 com.motorola.motocare.internal.frameworkevents.ProcessKillTrigger.handleLmkKill:337 
W/ContextImpl( 1716): Calling a method in the system process without a qualified user: android.app.ContextImpl.sendBroadcast:1252 android.content.ContextWrapper.sendBroadcast:365 com.motorola.motocare.util.TriggerHelper$TriggerBuilder.send:76 com.motorola.motocare.internal.frameworkevents.ProcessKillTrigger.sendTrigger:147 com.motorola.motocare.internal.frameworkevents.ProcessKillTrigger.handleLmkKill:337 
W/ContextImpl( 1716): Calling a method in the system process without a qualified user: android.app.ContextImpl.sendBroadcast:1252 android.content.ContextWrapper.sendBroadcast:365 com.motorola.motocare.util.TriggerHelper$TriggerBuilder.send:76 com.motorola.motocare.internal.frameworkevents.ProcessKillTrigger.sendTrigger:147 com.motorola.motocare.internal.frameworkevents.ProcessKillTrigger.handleLmkKill:337 
V/AlarmManager( 1105): sending alarm Alarm{4464ade0 type 3 android}
I/PowerManagerService( 1105): Waking up from sleep...
I/WindowManager( 1105): Lock screen displayed!
D/DisplayPowerController( 1105): Unblocked screen on after 173900152 ms
I/SFPerfTracer(  295):      triggers: (rate: 0:2) (242140 sw vsyncs) (0 skipped) (16:268164 vsyncs) (18:558813)
F/ProcessStats( 1105): Starting service ServiceState{44511798 com.google.android.wearable.datatransfer.DataSyncService pkg=com.google.android.music proc=44511798} without owner
F/ProcessStats( 1105): Starting service ServiceState{42944280 com.facebook.mqttlite.MqttService pkg=com.facebook.groups proc=42944280} without owner
W/ContextImpl( 1716): Calling a method in the system process without a qualified user: android.app.ContextImpl.sendBroadcast:1252 android.content.ContextWrapper.sendBroadcast:365 com.motorola.motocare.util.TriggerHelper$TriggerBuilder.send:76 com.motorola.motocare.internal.frameworkevents.PauseResumeTrigger.handleFrameworkEvent:53 com.motorola.motocare.internal.frameworkevents.FwEventMonitor$FrameworkListener.processFrameworkEvent:114 
W/InputMethodManagerService( 1105): Window already focused, ignoring focus gain of: com.android.internal.view.IInputMethodClient$Stub$Proxy@42029da0 attribute=android.view.inputmethod.EditorInfo@42d289d0, token = android.os.BinderProxy@42a3b488
D/UsbDeviceManager( 1105): MSG_USER_PRESENT
I/SFPerfTracer(  295):      triggers: (rate: 223:8435) (compose: 0:26) (post: 0:8) (render: 3:463) (0:88450 frames) (1:197881)
D/SFPerfTracer(  295):        layers: (3:11) (DimLayer: 0:2)* (DimLayer: 0:8)* (FocusedStackFrame: 0:1986)* (StatusBar: 0:30443) (NavigationBar: 1:22077) (com.android.systemui.ImageWallpaper: 0:1125) (DimLayer: 0:1909)* (DimLayer: 0:288)* (com.android.launcher/com.android.launcher2.Launcher: 0:126)* (ElectronBeam: 0:27)* (Keyguard: 1:26)* 
I/ActivityManager( 1105): Start proc com.myntra.android for broadcast com.myntra.android/com.parse.ParseBroadcastReceiver: pid=9081 uid=10142 gids={50142, 3003, 1028, 1015}
W/ContextImpl( 1716): Calling a method in the system process without a qualified user: android.app.ContextImpl.startService:1608 android.content.ContextWrapper.startService:494 android.content.ContextWrapper.startService:494 com.motorola.motocare.internal.batterystats.BatteryStatsAction.onReceive:33 android.app.ActivityThread.handleReceiver:2434 
I/ActivityManager( 1105): Process com.myntra.android (pid 9081) has died.
I/SFPerfTracer(  295):      triggers: (rate: 0:2) (242140 sw vsyncs) (0 skipped) (63:268269 vsyncs) (65:558933)
I/SFPerfTracer(  295):      triggers: (rate: 223:8435) (compose: 0:26) (post: 0:8) (render: 3:463) (0:88503 frames) (1:197981)
D/SFPerfTracer(  295):        layers: (3:9) (DimLayer: 0:2)* (DimLayer: 0:8)* (FocusedStackFrame: 0:1986)* (StatusBar: 0:30465) (NavigationBar: 0:22123) (com.android.systemui.ImageWallpaper: 0:1126)* (DimLayer: 0:1909)* (DimLayer: 0:288)* (com.android.launcher/com.android.launcher2.Launcher: 1:209) 
I/ActivityManager( 1105): START u0 {act=android.intent.action.MAIN cat=[android.intent.category.LAUNCHER] flg=0x10200000 cmp=com.iitb.loadgen/.MainActivity} from pid 1749
W/ContextImpl( 1716): Calling a method in the system process without a qualified user: android.app.ContextImpl.sendBroadcast:1252 android.content.ContextWrapper.sendBroadcast:365 com.motorola.motocare.util.TriggerHelper$TriggerBuilder.send:76 com.motorola.motocare.internal.frameworkevents.PauseResumeTrigger.handleFrameworkEvent:53 com.motorola.motocare.internal.frameworkevents.FwEventMonitor$FrameworkListener.processFrameworkEvent:114 
W/ContextImpl( 1716): Calling a method in the system process without a qualified user: android.app.ContextImpl.sendBroadcast:1252 android.content.ContextWrapper.sendBroadcast:365 com.motorola.motocare.util.TriggerHelper$TriggerBuilder.send:76 com.motorola.motocare.internal.frameworkevents.PauseResumeTrigger.handleFrameworkEvent:53 com.motorola.motocare.internal.frameworkevents.FwEventMonitor$FrameworkListener.processFrameworkEvent:114 
I/SFPerfTracer(  295):      triggers: (rate: 0:2) (242140 sw vsyncs) (0 skipped) (0:268363 vsyncs) (1:559034)
I/LaunchCheckinHandler( 1105): Displayed com.iitb.loadgen/.MainActivity,wp,ca,478
I/SFPerfTracer(  295):      triggers: (rate: 223:8435) (compose: 0:26) (post: 0:8) (render: 3:463) (8:88524 frames) (9:198087)
D/SFPerfTracer(  295):        layers: (4:11) (DimLayer: 0:2)* (DimLayer: 0:8)* (FocusedStackFrame: 0:1989)* (StatusBar: 0:30466) (NavigationBar: 0:22123) (com.android.systemui.ImageWallpaper: 0:1129)* (DimLayer: 0:1909)* (DimLayer: 0:288)* (com.android.launcher/com.android.launcher2.Launcher: 0:283)* (Starting com.iitb.loadgen: 9:28) (com.iitb.loadgen/com.iitb.loadgen.MainActivity: 1:6) 
V/AlarmManager( 1105): sending alarm Alarm{42129500 type 3 com.google.android.gms}
V/AlarmManager( 1105): sending alarm Alarm{4212bfe0 type 0 com.iitb.loadgen}
W/ContextImpl( 1716): Calling a method in the system process without a qualified user: android.app.ContextImpl.sendBroadcast:1252 android.content.ContextWrapper.sendBroadcast:365 com.motorola.motocare.util.TriggerHelper$TriggerBuilder.send:76 com.motorola.motocare.internal.frameworkevents.PauseResumeTrigger.handleFrameworkEvent:53 com.motorola.motocare.internal.frameworkevents.FwEventMonitor$FrameworkListener.processFrameworkEvent:114 
I/ActivityManager( 1105): Process com.iitb.loadgen (pid 25339) has died.
I/WindowState( 1105): WIN DEATH: Window{42f36938 u0 com.iitb.loadgen/com.iitb.loadgen.MainActivity}
D/WifiService( 1105): Client connection lost with reason: 4
W/ActivityManager( 1105): Scheduling restart of crashed service com.iitb.loadgen/.Heartbeat in 1000ms
W/ActivityManager( 1105): Scheduling restart of crashed service com.iitb.loadgen/.BackgroundServices in 10999ms
W/ContextImpl( 1716): Calling a method in the system process without a qualified user: android.app.ContextImpl.sendBroadcast:1252 android.content.ContextWrapper.sendBroadcast:365 com.motorola.motocare.util.TriggerHelper$TriggerBuilder.send:76 com.motorola.motocare.internal.frameworkevents.PauseResumeTrigger.handleFrameworkEvent:53 com.motorola.motocare.internal.frameworkevents.FwEventMonitor$FrameworkListener.processFrameworkEvent:114 
W/InputMethodManagerService( 1105): Got RemoteException sending setActive(false) notification to pid 25339 uid 10194
I/ActivityManager( 1105): Start proc com.iitb.loadgen for service com.iitb.loadgen/.Heartbeat: pid=9374 uid=10194 gids={50194, 3003, 1028, 1015}
D/WifiService( 1105): New client listening to asynchronous messages
I/SFPerfTracer(  295):      triggers: (rate: 0:2) (242140 sw vsyncs) (0 skipped) (39:268453 vsyncs) (41:559135)
I/ActivityManager( 1105): Waited long enough for: ServiceRecord{4427db48 u0 com.truecaller/.service.DataManagerService}
V/AlarmManager( 1105): sending alarm Alarm{4223b408 type 2 android}
V/AlarmManager( 1105): sending alarm Alarm{4223b3b8 type 0 com.iitb.loadgen}
D/WifiP2pService( 1105): InactiveState{ when=-2ms what=143375 arg1=1 arg2=196615 obj=android.net.DhcpStateMachine@42c9f068 target=com.android.internal.util.StateMachine$SmHandler }
D/WifiP2pService( 1105): P2pEnabledState{ when=-3ms what=143375 arg1=1 arg2=196615 obj=android.net.DhcpStateMachine@42c9f068 target=com.android.internal.util.StateMachine$SmHandler }
D/WifiP2pService( 1105): InactiveState{ when=-1ms what=143375 target=com.android.internal.util.StateMachine$SmHandler }
D/WifiP2pService( 1105): P2pEnabledState{ when=-1ms what=143375 target=com.android.internal.util.StateMachine$SmHandler }
D/ConnectivityService( 1105): Captive portal check NetworkInfo: type: WIFI[], state: CONNECTING/CAPTIVE_PORTAL_CHECK, reason: (unspecified), extra: "IITB-Wireless", roaming: false, failover: false, isAvailable: true, isConnectedToProvisioningNetwork: false
D/ConnectivityService( 1105): handleCaptivePortalTrackerCheck: call captivePortalCheckComplete ni=NetworkInfo: type: WIFI[], state: CONNECTING/CAPTIVE_PORTAL_CHECK, reason: (unspecified), extra: "IITB-Wireless", roaming: false, failover: false, isAvailable: true, isConnectedToProvisioningNetwork: false
D/ConnectivityService( 1105): Captive portal check NetworkInfo: type: WIFI[], state: CONNECTING/CAPTIVE_PORTAL_CHECK, reason: (unspecified), extra: "IITB-Wireless", roaming: false, failover: false, isAvailable: true, isConnectedToProvisioningNetwork: false
D/ConnectivityService( 1105): handleCaptivePortalTrackerCheck: call captivePortalCheckComplete ni=NetworkInfo: type: WIFI[], state: CONNECTING/CAPTIVE_PORTAL_CHECK, reason: (unspecified), extra: "IITB-Wireless", roaming: false, failover: false, isAvailable: true, isConnectedToProvisioningNetwork: false
D/ConnectivityService( 1105): ConnectivityChange for WIFI: CONNECTED/CONNECTED
V/ConnectivityService( 1105): WiFi NOT Tethered!
E/ConnectivityService( 1105): Unexpected mtu value: android.net.wifi.WifiStateTracker@42b26358
D/ConnectivityService( 1105): handleConnectivityChange: address are the same reset per doReset linkProperty[1]: resetMask=0
D/Nat464Xlat( 1105): requiresClat: netType=1, hasIPv4Address=true
D/ConnectivityService( 1105): ConnectivityChange for WIFI: CONNECTED/CONNECTED
V/ConnectivityService( 1105): WiFi NOT Tethered!
E/ConnectivityService( 1105): Unexpected mtu value: android.net.wifi.WifiStateTracker@42b26358
D/ConnectivityService( 1105): handleConnectivityChange: address are the same reset per doReset linkProperty[1]: resetMask=0
D/Nat464Xlat( 1105): requiresClat: netType=1, hasIPv4Address=true
D/ConnectivityService( 1105): NetTransition Wakelock for ConnectedState released by timeout
E/ActivityThread( 2859): Failed to find provider info for com.motorola.blur.setupprovider
I/openssl (20557): Crypto mode not selected, openssl will run on its regular mode.
I/openssl (20557): Crypto mode 0 already enabled
I/ActivityManager( 1105): Start proc com.google.android.setupwizard for broadcast com.google.android.setupwizard/.MobileConnectivityChangeReceiver: pid=9651 uid=10041 gids={50041, 3003}
E/ActivityThread( 2859): Failed to find provider info for com.motorola.blur.setupprovider
I/ActivityManager( 1105): Start proc com.google.android.apps.plus for service com.google.android.apps.plus/com.google.android.libraries.social.autobackup.AutoBackupSyncService: pid=9664 uid=10089 gids={50089, 3003, 3002, 1028, 1015}
I/ActivityManager( 1105): Start proc com.motorola.android.providers.userpreferredsim for broadcast com.motorola.android.providers.userpreferredsim/com.motorola.smartsim.bestcost.SmartSimConnectivityReceiver: pid=9682 uid=10043 gids={50043, 3003}
D/ConnectivityService( 1105): handleInetConditionHoldEnd: net=1, condition=100, published condition=0
D/WifiService( 1105): New client listening to asynchronous messages
E/ActivityThread( 4256): Failed to find provider info for com.google.android.wearable.settings
I/ActivityManager( 1105): Start proc com.google.android.gms.unstable for service com.google.android.gms/.droidguard.DroidGuardService: pid=9732 uid=10022 gids={50022, 3007, 2001, 3003, 1007, 3006, 1028, 1015, 3002, 3001}
I/ActivityManager( 1105): Start proc com.bt.bms for broadcast com.bt.bms/com.freshdesk.mobihelp.receiver.ConnectivityReceiver: pid=9775 uid=10122 gids={50122, 3003, 1028, 1015}
I/ActivityManager( 1105): Start proc cn.xender for broadcast cn.xender/.push.WifiNetWorkStatusReceiver: pid=9837 uid=10112 gids={50112, 1028, 1015, 3003}
F/ProcessStats( 1105): Starting service ServiceState{44511798 com.google.android.wearable.datatransfer.DataSyncService pkg=com.google.android.music proc=44511798} without owner
F/ProcessStats( 1105): Starting service ServiceState{42944280 com.facebook.mqttlite.MqttService pkg=com.facebook.groups proc=42944280} without owner
I/ActivityManager( 1105): Process com.google.android.setupwizard (pid 9651) has died.
F/ProcessStats( 1105): Starting service ServiceState{44511798 com.google.android.wearable.datatransfer.DataSyncService pkg=com.google.android.music proc=44511798} without owner
F/ProcessStats( 1105): Starting service ServiceState{42944280 com.facebook.mqttlite.MqttService pkg=com.facebook.groups proc=42944280} without owner
I/ActivityManager( 1105): Start proc com.iitb.cse.arkenstone.quizapp for broadcast com.iitb.cse.arkenstone.quizapp/.utils.broadcast_listeners.ConnectivityListener: pid=9879 uid=10193 gids={50193, 3003, 3002, 3001}
F/ProcessStats( 1105): Starting service ServiceState{44511798 com.google.android.wearable.datatransfer.DataSyncService pkg=com.google.android.music proc=44511798} without owner
F/ProcessStats( 1105): Starting service ServiceState{42944280 com.facebook.mqttlite.MqttService pkg=com.facebook.groups proc=42944280} without owner
I/ActivityManager( 1105): Process com.motorola.android.providers.userpreferredsim (pid 9682) has died.
F/ProcessStats( 1105): Starting service ServiceState{44511798 com.google.android.wearable.datatransfer.DataSyncService pkg=com.google.android.music proc=44511798} without owner
F/ProcessStats( 1105): Starting service ServiceState{42944280 com.facebook.mqttlite.MqttService pkg=com.facebook.groups proc=42944280} without owner
F/ProcessStats( 1105): Starting service ServiceState{44511798 com.google.android.wearable.datatransfer.DataSyncService pkg=com.google.android.music proc=44511798} without owner
F/ProcessStats( 1105): Starting service ServiceState{42944280 com.facebook.mqttlite.MqttService pkg=com.facebook.groups proc=42944280} without owner
I/ActivityManager( 1105): Process com.bt.bms (pid 9775) has died.
F/ProcessStats( 1105): Starting service ServiceState{44511798 com.google.android.wearable.datatransfer.DataSyncService pkg=com.google.android.music proc=44511798} without owner
F/ProcessStats( 1105): Starting service ServiceState{42944280 com.facebook.mqttlite.MqttService pkg=com.facebook.groups proc=42944280} without owner
I/ActivityManager( 1105): Start proc com.application.zomato for broadcast com.application.zomato/com.freshdesk.hotline.receiver.HotlineReceiver: pid=9907 uid=10125 gids={50125, 3003, 1028, 1015}
I/ActivityManager( 1105): Process com.google.android.apps.plus (pid 9664) has died.
I/openssl (20557): Crypto mode not selected, openssl will run on its regular mode.
I/openssl (20557): Crypto mode 0 already enabled
I/ActivityManager( 1105): Start proc com.google.android.setupwizard for broadcast com.google.android.setupwizard/.MobileConnectivityChangeReceiver: pid=9998 uid=10041 gids={50041, 3003}
I/ActivityManager( 1105): Start proc com.motorola.android.providers.userpreferredsim for broadcast com.motorola.android.providers.userpreferredsim/com.motorola.smartsim.bestcost.SmartSimConnectivityReceiver: pid=10017 uid=10043 gids={50043, 3003}
I/ActivityManager( 1105): Process cn.xender (pid 9837) has died.
I/ActivityManager( 1105): Process com.iitb.cse.arkenstone.quizapp (pid 9879) has died.
V/AlarmManager( 1105): sending alarm Alarm{446e9548 type 3 com.avast.android.mobilesecurity}
V/AlarmManager( 1105): sending alarm Alarm{43e892b0 type 1 com.application.zomato}
I/ActivityManager( 1105): Start proc com.google.android.apps.plus for broadcast com.google.android.apps.plus/com.google.android.libraries.social.autobackup.AutoBackupEnvironment$ConnectivityReceiver: pid=10043 uid=10089 gids={50089, 3003, 3002, 1028, 1015}
D/ConnectivityService( 1105): handleInetConditionHoldEnd: net=1, condition=100, published condition=100
I/ActivityManager( 1105): Process com.google.android.setupwizard (pid 9998) has died.
I/ActivityManager( 1105): Process com.motorola.android.providers.userpreferredsim (pid 10017) has died.
E/ActivityThread( 4256): Failed to find provider info for com.google.android.wearable.settings
I/ActivityManager( 1105): Start proc com.bt.bms for broadcast com.bt.bms/com.freshdesk.mobihelp.receiver.ConnectivityReceiver: pid=10101 uid=10122 gids={50122, 3003, 1028, 1015}
I/ActivityManager( 1105): Process com.google.android.apps.plus (pid 10043) has died.
W/ProcessCpuTracker( 1105): Skipping unknown process pid 10133
I/ActivityManager( 1105): Start proc cn.xender for broadcast cn.xender/.push.WifiNetWorkStatusReceiver: pid=10157 uid=10112 gids={50112, 1028, 1015, 3003}
I/ActivityManager( 1105): Process com.bt.bms (pid 10101) has died.
I/ActivityManager( 1105): Start proc com.iitb.cse.arkenstone.quizapp for broadcast com.iitb.cse.arkenstone.quizapp/.utils.broadcast_listeners.ConnectivityListener: pid=10178 uid=10193 gids={50193, 3003, 3002, 3001}
I/ActivityManager( 1105): Process cn.xender (pid 10157) has died.
I/ActivityManager( 1105): Process com.application.zomato (pid 9907) has died.
I/ActivityManager( 1105): Start proc com.application.zomato for broadcast com.application.zomato/com.freshdesk.hotline.receiver.HotlineReceiver: pid=10206 uid=10125 gids={50125, 3003, 1028, 1015}
I/ActivityManager( 1105): Process com.iitb.cse.arkenstone.quizapp (pid 10178) has died.
V/AlarmManager( 1105): sending alarm Alarm{43451bb0 type 3 android}
I/ActivityManager( 1105): Process com.google.android.gms.unstable (pid 9732) has died.
I/PackageManager( 1105): Adding preferred activity ComponentInfo{com.android.mms/com.android.mms.ui.ComposeMessageActivity} for user 0 :
I/PackageManager( 1105): Adding preferred activity ComponentInfo{com.android.mms/com.android.mms.ui.ComposeMessageActivity} for user 0 :
I/PackageManager( 1105): Adding preferred activity ComponentInfo{com.android.mms/com.android.mms.ui.ComposeMessageActivity} for user 0 :
I/ActivityManager( 1105): Start proc com.motorola.MotGallery2 for broadcast com.motorola.MotGallery2/com.android.gallery3d.app.PackagesMonitor: pid=10388 uid=10033 gids={50033, 3003, 1028, 1015}
I/PackageManager( 1105): Adding preferred activity ComponentInfo{com.android.mms/com.android.mms.ui.ComposeMessageActivity} for user 0 :
I/PackageManager( 1105): Adding preferred activity ComponentInfo{com.android.mms/com.android.mms.ui.ComposeMessageActivity} for user 0 :
I/PackageManager( 1105): Adding preferred activity ComponentInfo{com.android.mms/com.android.mms.ui.ComposeMessageActivity} for user 0 :
I/PackageManager( 1105): Adding preferred activity ComponentInfo{com.android.mms/com.android.mms.ui.ComposeMessageActivity} for user 0 :
I/PackageManager( 1105): Adding preferred activity ComponentInfo{com.android.mms/com.android.mms.ui.ComposeMessageActivity} for user 0 :
W/ProcessCpuTracker( 1105): Skipping unknown process pid 10428
