I/ActivityManager( 1105): Start proc com.google.android.googlequicksearchbox:search for broadcast com.google.android.googlequicksearchbox/com.google.android.apps.gsa.search.core.icingsync.IcingCorporaChangedReceiver: pid=10436 uid=10044 gids={50044, 3003, 1028, 3002, 1015}
I/ActivityManager( 1105): START u0 {act=com.android.systemui.recent.action.TOGGLE_RECENTS flg=0x10800000 cmp=com.android.systemui/.recent.RecentsActivity} from pid 1178
W/ContextImpl( 1716): Calling a method in the system process without a qualified user: android.app.ContextImpl.sendBroadcast:1252 android.content.ContextWrapper.sendBroadcast:365 com.motorola.motocare.util.TriggerHelper$TriggerBuilder.send:76 com.motorola.motocare.internal.frameworkevents.PauseResumeTrigger.handleFrameworkEvent:53 com.motorola.motocare.internal.frameworkevents.FwEventMonitor$FrameworkListener.processFrameworkEvent:114 
W/ContextImpl( 1716): Calling a method in the system process without a qualified user: android.app.ContextImpl.sendBroadcast:1252 android.content.ContextWrapper.sendBroadcast:365 com.motorola.motocare.util.TriggerHelper$TriggerBuilder.send:76 com.motorola.motocare.internal.frameworkevents.PauseResumeTrigger.handleFrameworkEvent:53 com.motorola.motocare.internal.frameworkevents.FwEventMonitor$FrameworkListener.processFrameworkEvent:114 
I/LaunchCheckinHandler( 1105): Displayed com.android.systemui/.recent.RecentsActivity,wp,ca,246
I/ActivityManager( 1105): Start proc com.google.android.apps.plus for broadcast com.google.android.apps.plus/.service.PhotosAppTransitionMonitor: pid=10498 uid=10089 gids={50089, 3003, 3002, 1028, 1015}
D/WifiService( 1105): New client listening to asynchronous messages
I/ActivityManager( 1105): Process com.application.zomato (pid 10206) has died.
I/SFPerfTracer(  295):      triggers: (rate: 0:2) (242140 sw vsyncs) (0 skipped) (34:268548 vsyncs) (36:559261)
W/ContextImpl( 1716): Calling a method in the system process without a qualified user: android.app.ContextImpl.sendBroadcast:1252 android.content.ContextWrapper.sendBroadcast:365 com.motorola.motocare.util.TriggerHelper$TriggerBuilder.send:76 com.motorola.motocare.internal.frameworkevents.PauseResumeTrigger.handleFrameworkEvent:53 com.motorola.motocare.internal.frameworkevents.FwEventMonitor$FrameworkListener.processFrameworkEvent:114 
I/ActivityManager( 1105): Killing 9374:com.iitb.loadgen/u0a194 (adj 8): remove task
W/ContextImpl( 1716): Calling a method in the system process without a qualified user: android.app.ContextImpl.sendBroadcast:1252 android.content.ContextWrapper.sendBroadcast:365 com.motorola.motocare.util.TriggerHelper$TriggerBuilder.send:76 com.motorola.motocare.internal.frameworkevents.ProcessKillTrigger.sendTrigger:147 com.motorola.motocare.internal.frameworkevents.ProcessKillTrigger.handleFrameworkEvent:164 
D/WifiService( 1105): Client connection lost with reason: 4
W/ActivityManager( 1105): Scheduling restart of crashed service com.iitb.loadgen/.Heartbeat in 4000ms
W/ActivityManager( 1105): Scheduling restart of crashed service com.iitb.loadgen/.BackgroundServices in 43996ms
W/ContextImpl( 1716): Calling a method in the system process without a qualified user: android.app.ContextImpl.sendBroadcast:1252 android.content.ContextWrapper.sendBroadcast:365 com.motorola.motocare.util.TriggerHelper$TriggerBuilder.send:76 com.motorola.motocare.internal.frameworkevents.PauseResumeTrigger.handleFrameworkEvent:53 com.motorola.motocare.internal.frameworkevents.FwEventMonitor$FrameworkListener.processFrameworkEvent:114 
I/SFPerfTracer(  295):      triggers: (rate: 223:8437) (compose: 0:26) (post: 0:8) (render: 3:463) (12:88571 frames) (13:198196)
D/SFPerfTracer(  295):        layers: (5:13) (DimLayer: 0:2)* (DimLayer: 0:8)* (FocusedStackFrame: 0:1997)* (StatusBar: 0:30489) (NavigationBar: 0:22130) (com.android.systemui.ImageWallpaper: 0:1132) (DimLayer: 0:1909)* (DimLayer: 0:288)* (Starting com.iitb.loadgen: 0:29)* (com.iitb.loadgen/com.iitb.loadgen.MainActivity: 0:7)* (com.android.launcher/com.android.launcher2.Launcher: 0:31)* (com.android.systemui/com.android.systemui.recent.RecentsActivity: 13:56) (com.android.launcher/com.android.launcher2.Launcher: 13:21) 
I/ActivityManager( 1105): Process com.motorola.MotGallery2 (pid 10388) has died.
I/ActivityManager( 1105): Process com.google.android.googlequicksearchbox:search (pid 10436) has died.
D/WifiService( 1105): Client connection lost with reason: 4
I/ActivityManager( 1105): Process com.google.android.apps.plus (pid 10498) has died.
I/ActivityManager( 1105): START u0 {act=android.intent.action.MAIN cat=[android.intent.category.HOME] flg=0x10200000 cmp=com.android.launcher/com.android.launcher2.Launcher} from pid 1105
D/MobileDataStateTracker( 1105): default: setPolicyDataEnable(enabled=true)
I/ActivityManager( 1105): Start proc com.iitb.loadgen for service com.iitb.loadgen/.Heartbeat: pid=10622 uid=10194 gids={50194, 3003, 1028, 1015}
I/SFPerfTracer(  295):      triggers: (rate: 0:2) (242140 sw vsyncs) (0 skipped) (87:268699 vsyncs) (89:559420)
D/WifiService( 1105): New client listening to asynchronous messages
V/AlarmManager( 1105): sending alarm Alarm{43c20c58 type 2 android}
V/AlarmManager( 1105): sending alarm Alarm{43c20330 type 0 com.application.zomato}
V/AlarmManager( 1105): sending alarm Alarm{43c1f430 type 0 com.application.zomato}
V/AlarmManager( 1105): sending alarm Alarm{43c21ac0 type 0 com.iitb.loadgen}
I/LaunchCheckinHandler( 1105): cleanup(): cleared. Last call was 11734 ms ago
I/ActivityManager( 1105): Start proc com.application.zomato for broadcast com.application.zomato/com.freshdesk.hotline.receiver.HotlineReceiver: pid=10844 uid=10125 gids={50125, 3003, 1028, 1015}
I/SFPerfTracer(  295):      triggers: (rate: 223:8437) (compose: 0:26) (post: 0:8) (render: 3:463) (0:88658 frames) (1:198296)
D/SFPerfTracer(  295):        layers: (4:10) (DimLayer: 0:2)* (DimLayer: 0:8)* (FocusedStackFrame: 0:1997)* (StatusBar: 1:30515) (NavigationBar: 0:22161) (com.android.systemui.ImageWallpaper: 0:1135) (DimLayer: 0:1909)* (DimLayer: 0:288)* (com.android.systemui/com.android.systemui.recent.RecentsActivity: 0:59)* (com.android.launcher/com.android.launcher2.Launcher: 0:104) 
I/ActivityManager( 1105): Process com.application.zomato (pid 10844) has died.
V/AlarmManager( 1105): sending alarm Alarm{42ca2198 type 2 com.imo.android.imoim}
V/AlarmManager( 1105): sending alarm Alarm{441b4540 type 0 com.application.zomato}
I/ActivityManager( 1105): Start proc com.application.zomato for broadcast com.application.zomato/com.freshdesk.hotline.receiver.HotlineReceiver: pid=11037 uid=10125 gids={50125, 3003, 1028, 1015}
D/MobileDataStateTracker( 1105): default: setPolicyDataEnable(enabled=true)
I/ActivityManager( 1105): Process com.application.zomato (pid 11037) has died.
W/ProcessCpuTracker( 1105): Skipping unknown process pid 11205
W/ProcessCpuTracker( 1105): Skipping unknown process pid 11207
W/ProcessCpuTracker( 1105): Skipping unknown process pid 11208
W/ContextImpl( 1716): Calling a method in the system process without a qualified user: android.app.ContextImpl.sendBroadcast:1252 android.content.ContextWrapper.sendBroadcast:365 com.motorola.motocare.util.TriggerHelper$TriggerBuilder.send:76 com.motorola.motocare.internal.frameworkevents.ProcessKillTrigger.sendTrigger:147 com.motorola.motocare.internal.frameworkevents.ProcessKillTrigger.handleLmkKill:337 
W/ContextImpl( 1716): Calling a method in the system process without a qualified user: android.app.ContextImpl.sendBroadcast:1252 android.content.ContextWrapper.sendBroadcast:365 com.motorola.motocare.util.TriggerHelper$TriggerBuilder.send:76 com.motorola.motocare.internal.frameworkevents.ProcessKillTrigger.sendTrigger:147 com.motorola.motocare.internal.frameworkevents.ProcessKillTrigger.handleLmkKill:337 
W/ContextImpl( 1716): Calling a method in the system process without a qualified user: android.app.ContextImpl.sendBroadcast:1252 android.content.ContextWrapper.sendBroadcast:365 com.motorola.motocare.util.TriggerHelper$TriggerBuilder.send:76 com.motorola.motocare.internal.frameworkevents.ProcessKillTrigger.sendTrigger:147 com.motorola.motocare.internal.frameworkevents.ProcessKillTrigger.handleLmkKill:337 
W/ContextImpl( 1716): Calling a method in the system process without a qualified user: android.app.ContextImpl.sendBroadcast:1252 android.content.ContextWrapper.sendBroadcast:365 com.motorola.motocare.util.TriggerHelper$TriggerBuilder.send:76 com.motorola.motocare.internal.frameworkevents.ProcessKillTrigger.sendTrigger:147 com.motorola.motocare.internal.frameworkevents.ProcessKillTrigger.handleLmkKill:337 
W/ContextImpl( 1716): Calling a method in the system process without a qualified user: android.app.ContextImpl.sendBroadcast:1252 android.content.ContextWrapper.sendBroadcast:365 com.motorola.motocare.util.TriggerHelper$TriggerBuilder.send:76 com.motorola.motocare.internal.frameworkevents.ProcessKillTrigger.sendTrigger:147 com.motorola.motocare.internal.frameworkevents.ProcessKillTrigger.handleLmkKill:337 
W/ContextImpl( 1716): Calling a method in the system process without a qualified user: android.app.ContextImpl.sendBroadcast:1252 android.content.ContextWrapper.sendBroadcast:365 com.motorola.motocare.util.TriggerHelper$TriggerBuilder.send:76 com.motorola.motocare.internal.frameworkevents.ProcessKillTrigger.sendTrigger:147 com.motorola.motocare.internal.frameworkevents.ProcessKillTrigger.handleLmkKill:337 
W/ContextImpl( 1716): Calling a method in the system process without a qualified user: android.app.ContextImpl.sendBroadcast:1252 android.content.ContextWrapper.sendBroadcast:365 com.motorola.motocare.util.TriggerHelper$TriggerBuilder.send:76 com.motorola.motocare.internal.frameworkevents.ProcessKillTrigger.sendTrigger:147 com.motorola.motocare.internal.frameworkevents.ProcessKillTrigger.handleLmkKill:337 
W/ContextImpl( 1716): Calling a method in the system process without a qualified user: android.app.ContextImpl.sendBroadcast:1252 android.content.ContextWrapper.sendBroadcast:365 com.motorola.motocare.util.TriggerHelper$TriggerBuilder.send:76 com.motorola.motocare.internal.frameworkevents.ProcessKillTrigger.sendTrigger:147 com.motorola.motocare.internal.frameworkevents.ProcessKillTrigger.handleLmkKill:337 
W/ContextImpl( 1716): Calling a method in the system process without a qualified user: android.app.ContextImpl.sendBroadcast:1252 android.content.ContextWrapper.sendBroadcast:365 com.motorola.motocare.util.TriggerHelper$TriggerBuilder.send:76 com.motorola.motocare.internal.frameworkevents.ProcessKillTrigger.sendTrigger:147 com.motorola.motocare.internal.frameworkevents.ProcessKillTrigger.handleLmkKill:337 
W/ContextImpl( 1716): Calling a method in the system process without a qualified user: android.app.ContextImpl.sendBroadcast:1252 android.content.ContextWrapper.sendBroadcast:365 com.motorola.motocare.util.TriggerHelper$TriggerBuilder.send:76 com.motorola.motocare.internal.frameworkevents.ProcessKillTrigger.sendTrigger:147 com.motorola.motocare.internal.frameworkevents.ProcessKillTrigger.handleLmkKill:337 
W/ContextImpl( 1716): Calling a method in the system process without a qualified user: android.app.ContextImpl.sendBroadcast:1252 android.content.ContextWrapper.sendBroadcast:365 com.motorola.motocare.util.TriggerHelper$TriggerBuilder.send:76 com.motorola.motocare.internal.frameworkevents.ProcessKillTrigger.sendTrigger:147 com.motorola.motocare.internal.frameworkevents.ProcessKillTrigger.handleLmkKill:337 
W/ContextImpl( 1716): Calling a method in the system process without a qualified user: android.app.ContextImpl.sendBroadcast:1252 android.content.ContextWrapper.sendBroadcast:365 com.motorola.motocare.util.TriggerHelper$TriggerBuilder.send:76 com.motorola.motocare.internal.frameworkevents.ProcessKillTrigger.sendTrigger:147 com.motorola.motocare.internal.frameworkevents.ProcessKillTrigger.handleLmkKill:337 
W/ContextImpl( 1716): Calling a method in the system process without a qualified user: android.app.ContextImpl.sendBroadcast:1252 android.content.ContextWrapper.sendBroadcast:365 com.motorola.motocare.util.TriggerHelper$TriggerBuilder.send:76 com.motorola.motocare.internal.frameworkevents.ProcessKillTrigger.sendTrigger:147 com.motorola.motocare.internal.frameworkevents.ProcessKillTrigger.handleLmkKill:337 
W/ContextImpl( 1716): Calling a method in the system process without a qualified user: android.app.ContextImpl.sendBroadcast:1252 android.content.ContextWrapper.sendBroadcast:365 com.motorola.motocare.util.TriggerHelper$TriggerBuilder.send:76 com.motorola.motocare.internal.frameworkevents.ProcessKillTrigger.sendTrigger:147 com.motorola.motocare.internal.frameworkevents.ProcessKillTrigger.handleLmkKill:337 
W/ContextImpl( 1716): Calling a method in the system process without a qualified user: android.app.ContextImpl.sendBroadcast:1252 android.content.ContextWrapper.sendBroadcast:365 com.motorola.motocare.util.TriggerHelper$TriggerBuilder.send:76 com.motorola.motocare.internal.frameworkevents.ProcessKillTrigger.sendTrigger:147 com.motorola.motocare.internal.frameworkevents.ProcessKillTrigger.handleLmkKill:337 
W/ContextImpl( 1716): Calling a method in the system process without a qualified user: android.app.ContextImpl.sendBroadcast:1252 android.content.ContextWrapper.sendBroadcast:365 com.motorola.motocare.util.TriggerHelper$TriggerBuilder.send:76 com.motorola.motocare.internal.frameworkevents.ProcessKillTrigger.sendTrigger:147 com.motorola.motocare.internal.frameworkevents.ProcessKillTrigger.handleLmkKill:337 
W/ContextImpl( 1716): Calling a method in the system process without a qualified user: android.app.ContextImpl.sendBroadcast:1252 android.content.ContextWrapper.sendBroadcast:365 com.motorola.motocare.util.TriggerHelper$TriggerBuilder.send:76 com.motorola.motocare.internal.frameworkevents.ProcessKillTrigger.sendTrigger:147 com.motorola.motocare.internal.frameworkevents.ProcessKillTrigger.handleLmkKill:337 
W/ContextImpl( 1716): Calling a method in the system process without a qualified user: android.app.ContextImpl.sendBroadcast:1252 android.content.ContextWrapper.sendBroadcast:365 com.motorola.motocare.util.TriggerHelper$TriggerBuilder.send:76 com.motorola.motocare.internal.frameworkevents.ProcessKillTrigger.sendTrigger:147 com.motorola.motocare.internal.frameworkevents.ProcessKillTrigger.handleLmkKill:337 
W/ContextImpl( 1716): Calling a method in the system process without a qualified user: android.app.ContextImpl.sendBroadcast:1252 android.content.ContextWrapper.sendBroadcast:365 com.motorola.motocare.util.TriggerHelper$TriggerBuilder.send:76 com.motorola.motocare.internal.frameworkevents.ProcessKillTrigger.sendTrigger:147 com.motorola.motocare.internal.frameworkevents.ProcessKillTrigger.handleLmkKill:337 
W/ContextImpl( 1716): Calling a method in the system process without a qualified user: android.app.ContextImpl.sendBroadcast:1252 android.content.ContextWrapper.sendBroadcast:365 com.motorola.motocare.util.TriggerHelper$TriggerBuilder.send:76 com.motorola.motocare.internal.frameworkevents.ProcessKillTrigger.sendTrigger:147 com.motorola.motocare.internal.frameworkevents.ProcessKillTrigger.handleLmkKill:337 
W/ContextImpl( 1716): Calling a method in the system process without a qualified user: android.app.ContextImpl.sendBroadcast:1252 android.content.ContextWrapper.sendBroadcast:365 com.motorola.motocare.util.TriggerHelper$TriggerBuilder.send:76 com.motorola.motocare.internal.frameworkevents.ProcessKillTrigger.sendTrigger:147 com.motorola.motocare.internal.frameworkevents.ProcessKillTrigger.handleLmkKill:337 
V/AlarmManager( 1105): sending alarm Alarm{42c9b618 type 3 com.google.android.gms}
V/AlarmManager( 1105): sending alarm Alarm{42b9fed0 type 0 com.application.zomato}
V/AlarmManager( 1105): sending alarm Alarm{42c969e8 type 1 com.avast.android.mobilesecurity}
V/AlarmManager( 1105): sending alarm Alarm{42c95e20 type 1 com.avast.android.mobilesecurity}
V/AlarmManager( 1105): sending alarm Alarm{42c93568 type 1 com.avast.android.mobilesecurity}
I/ActivityManager( 1105): Start proc com.application.zomato for broadcast com.application.zomato/com.freshdesk.hotline.receiver.HotlineReceiver: pid=11278 uid=10125 gids={50125, 3003, 1028, 1015}
I/ActivityManager( 1105): START u0 {act=android.intent.action.CHOOSER cmp=android/com.android.internal.app.ChooserActivity (has extras)} from pid 1749
W/ContextImpl( 1716): Calling a method in the system process without a qualified user: android.app.ContextImpl.sendBroadcast:1252 android.content.ContextWrapper.sendBroadcast:365 com.motorola.motocare.util.TriggerHelper$TriggerBuilder.send:76 com.motorola.motocare.internal.frameworkevents.PauseResumeTrigger.handleFrameworkEvent:53 com.motorola.motocare.internal.frameworkevents.FwEventMonitor$FrameworkListener.processFrameworkEvent:114 
W/ContextImpl( 1716): Calling a method in the system process without a qualified user: android.app.ContextImpl.sendBroadcast:1252 android.content.ContextWrapper.sendBroadcast:365 com.motorola.motocare.util.TriggerHelper$TriggerBuilder.send:76 com.motorola.motocare.internal.frameworkevents.PauseResumeTrigger.handleFrameworkEvent:53 com.motorola.motocare.internal.frameworkevents.FwEventMonitor$FrameworkListener.processFrameworkEvent:114 
I/SFPerfTracer(  295):      triggers: (rate: 0:2) (242140 sw vsyncs) (0 skipped) (2:268772 vsyncs) (4:559523)
I/LaunchCheckinHandler( 1105): Displayed android/com.android.internal.app.ChooserActivity,wp,ca,300
I/ActivityManager( 1105): Process com.application.zomato (pid 11278) has died.
W/ProcessCpuTracker( 1105): Skipping unknown process pid 11443
W/ProcessCpuTracker( 1105): Skipping unknown process pid 11444
W/ProcessCpuTracker( 1105): Skipping unknown process pid 11446
W/ProcessCpuTracker( 1105): Skipping unknown process pid 11455
I/SFPerfTracer(  295):      triggers: (rate: 0:2) (242140 sw vsyncs) (0 skipped) (1:268866 vsyncs) (3:559626)
W/ContextImpl( 1716): Calling a method in the system process without a qualified user: android.app.ContextImpl.sendBroadcast:1252 android.content.ContextWrapper.sendBroadcast:365 com.motorola.motocare.util.TriggerHelper$TriggerBuilder.send:76 com.motorola.motocare.internal.frameworkevents.PauseResumeTrigger.handleFrameworkEvent:53 com.motorola.motocare.internal.frameworkevents.FwEventMonitor$FrameworkListener.processFrameworkEvent:114 
W/ContextImpl( 1716): Calling a method in the system process without a qualified user: android.app.ContextImpl.sendBroadcast:1252 android.content.ContextWrapper.sendBroadcast:365 com.motorola.motocare.util.TriggerHelper$TriggerBuilder.send:76 com.motorola.motocare.internal.frameworkevents.PauseResumeTrigger.handleFrameworkEvent:53 com.motorola.motocare.internal.frameworkevents.FwEventMonitor$FrameworkListener.processFrameworkEvent:114 
W/InputMethodManagerService( 1105): Window already focused, ignoring focus gain of: com.android.internal.view.IInputMethodClient$Stub$Proxy@42acc1f0 attribute=android.view.inputmethod.EditorInfo@431d4db0, token = android.os.BinderProxy@42a3b488
I/SFPerfTracer(  295):      triggers: (rate: 223:8439) (compose: 0:26) (post: 0:8) (render: 3:463) (9:88740 frames) (10:198401)
D/SFPerfTracer(  295):        layers: (6:10) (DimLayer: 7:24) (DimLayer: 0:8)* (FocusedStackFrame: 1:2000)* (StatusBar: 1:30526) (NavigationBar: 0:22161) (com.android.systemui.ImageWallpaper: 0:1135) (DimLayer: 0:1909)* (DimLayer: 0:288)* (com.android.launcher/com.android.launcher2.Launcher: 1:149) (android/com.android.internal.app.ChooserActivity: 10:46) 
I/SFPerfTracer(  295):      triggers: (rate: 0:2) (242140 sw vsyncs) (0 skipped) (62:268971 vsyncs) (64:559742)
I/SFPerfTracer(  295):      triggers: (rate: 223:8441) (compose: 0:26) (post: 0:8) (render: 3:463) (0:88773 frames) (1:198501)
D/SFPerfTracer(  295):        layers: (3:10) (DimLayer: 0:31)* (DimLayer: 0:8)* (FocusedStackFrame: 0:2000)* (StatusBar: 0:30546) (NavigationBar: 0:22177) (com.android.systemui.ImageWallpaper: 0:1136)* (DimLayer: 0:1909)* (DimLayer: 0:288)* (com.android.launcher/com.android.launcher2.Launcher: 1:234) (android/com.android.internal.app.ChooserActivity: 0:54)* 
W/ProcessCpuTracker( 1105): Skipping unknown process pid 11596
D/MobileDataStateTracker( 1105): default: setPolicyDataEnable(enabled=true)
I/SFPerfTracer(  295):      triggers: (rate: 223:8441) (compose: 0:26) (post: 0:8) (render: 3:463) (0:88773 frames) (1:198601)
D/SFPerfTracer(  295):        layers: (3:9) (DimLayer: 0:31)* (DimLayer: 0:8)* (FocusedStackFrame: 0:2000)* (StatusBar: 0:30548) (NavigationBar: 0:22177) (com.android.systemui.ImageWallpaper: 0:1136)* (DimLayer: 0:1909)* (DimLayer: 0:288)* (com.android.launcher/com.android.launcher2.Launcher: 1:334) 
I/SFPerfTracer(  295):      triggers: (rate: 0:2) (242140 sw vsyncs) (0 skipped) (104:269124 vsyncs) (106:559909)
I/ActivityManager( 1105): START u0 {act=android.intent.action.MAIN cat=[android.intent.category.LAUNCHER] flg=0x10200000 cmp=com.iitb.loadgen/.MainActivity} from pid 1749
W/ContextImpl( 1716): Calling a method in the system process without a qualified user: android.app.ContextImpl.sendBroadcast:1252 android.content.ContextWrapper.sendBroadcast:365 com.motorola.motocare.util.TriggerHelper$TriggerBuilder.send:76 com.motorola.motocare.internal.frameworkevents.PauseResumeTrigger.handleFrameworkEvent:53 com.motorola.motocare.internal.frameworkevents.FwEventMonitor$FrameworkListener.processFrameworkEvent:114 
W/ContextImpl( 1716): Calling a method in the system process without a qualified user: android.app.ContextImpl.sendBroadcast:1252 android.content.ContextWrapper.sendBroadcast:365 com.motorola.motocare.util.TriggerHelper$TriggerBuilder.send:76 com.motorola.motocare.internal.frameworkevents.PauseResumeTrigger.handleFrameworkEvent:53 com.motorola.motocare.internal.frameworkevents.FwEventMonitor$FrameworkListener.processFrameworkEvent:114 
I/SFPerfTracer(  295):      triggers: (rate: 223:8441) (compose: 0:26) (post: 0:8) (render: 3:463) (0:88773 frames) (1:198701)
D/SFPerfTracer(  295):        layers: (4:10) (DimLayer: 0:31)* (DimLayer: 0:8)* (FocusedStackFrame: 0:2001)* (StatusBar: 0:30550) (NavigationBar: 0:22177) (com.android.systemui.ImageWallpaper: 1:1138) (DimLayer: 0:1909)* (DimLayer: 0:288)* (com.android.launcher/com.android.launcher2.Launcher: 1:433) (Starting com.iitb.loadgen: 1:3)* 
--------- beginning of /dev/log/main
D/dalvikvm(10622): VFY: replacing opcode 0x6e at 0x0002
I/dalvikvm(10622): Could not find method android.content.res.TypedArray.getType, referenced from method android.support.v7.widget.TintTypedArray.getType
W/dalvikvm(10622): VFY: unable to resolve virtual method 454: Landroid/content/res/TypedArray;.getType (I)I
D/dalvikvm(10622): VFY: replacing opcode 0x6e at 0x0002
D/Checking flow(10622):  MainActivity on create.....
D/Main Activity(10622): Starting the heartbeat service
D/Checking flow(10622):  heartbeat: Initializing and registering everything.....
D/Heartbeat(10622): Starting the background service
E/Cataloger( 7406): syncFile:/storage/emulated/0/loadgenerator/logs/Debug_logs
E/Cataloger( 7406): need not sync path:/storage/emulated/0/loadgenerator/logs/Debug_logs
D/WifiStateMachine( 1105): handleMessage: E msg.what=151572
D/WifiStateMachine( 1105): processMsg: ConnectedState
D/WifiStateMachine( 1105): processMsg: L2ConnectedState
D/Heartbeat(10622): Alarmscheduled.... :)
E/Cataloger( 7406): syncFile:/storage/emulated/0/loadgenerator/logs/Debug_logs
E/Cataloger( 7406): need not sync path:/storage/emulated/0/loadgenerator/logs/Debug_logs
D/WifiStateMachine( 1105): handleMessage: X
I/Adreno-EGL(10622): <qeglDrvAPI_eglInitialize:410>: EGL 1.4 QUALCOMM build: AU_LINUX_ANDROID_LNX.LA.3.5.1_RB1.04.04.02.048.018_msm8226_LNX.LA.3.5.1_RB1__release_AU ()
I/Adreno-EGL(10622): OpenGL ES Shader Compiler Version: E031.24.00.08
I/Adreno-EGL(10622): Build Date: 03/07/14 Fri
I/Adreno-EGL(10622): Local Branch: 
I/Adreno-EGL(10622): Remote Branch: quic/LNX.LA.3.5.1_RB1.1
I/Adreno-EGL(10622): Local Patches: NONE
I/Adreno-EGL(10622): Reconstruct Branch: AU_LINUX_ANDROID_LNX.LA.3.5.1_RB1.04.04.02.048.018 + f2fd134 +  NOTHING
D/SBar.MSimNetwCntrl( 1178): updateTelephonySignalStrength[0]: iconList[iconLevel]=7f020299/zz_moto_stat_sys_signal_4_fully_wide iconLevel=4 mMSimMobileInetCondition=1 mMSimMobileInetConditionSB=1
D/SBar.MSimNetwCntrl( 1178): updateDataIcon[0]: subscription=0
D/SBar.MSimNetwCntrl( 1178): updateDataIcon[0]: dataSub=0
D/SBar.MSimNetwCntrl( 1178): updateDataIcon[0]: SimState=READY
I/SBar.MSimNetwCntrl( 1178): notifySignalsChangedCallbacks[0]: isEmergencyOnly(0)=false enabled=true sim=(none)="(empty)" signal=zz_moto_stat_sys_signal_4_fully_wide="Phone signal full." roaming=zz_moto_ic_qs_signal_full_r_wide="Roaming."
I/SBar.MSimNetwCntrl( 1178):  type=(none)="No data." activity=(none)="(empty)"
I/SBar.MSimNetwCntrl( 1178):  slot=1="1" network="Dolphin|DOLPHIN"
D/OpenGLRenderer(10622): Enabling debug mode 0
I/LaunchCheckinHandler( 1105): Displayed com.iitb.loadgen/.MainActivity,wp,ca,341
I/ActivityManager( 1105): Displayed com.iitb.loadgen/.MainActivity: +341ms
E/rsC++   ( 1749): RS Message thread exiting.
D/WifiStateMachine( 1105): handleMessage: E msg.what=131155
D/WifiStateMachine( 1105): processMsg: ConnectedState
D/WifiStateMachine( 1105): processMsg: L2ConnectedState
D/WifiStateMachine( 1105): handleMessage: X
D/WifiStateMachine( 1105): handleMessage: E msg.what=151572
D/WifiStateMachine( 1105): processMsg: ConnectedState
D/WifiStateMachine( 1105): processMsg: L2ConnectedState
D/WifiStateMachine( 1105): handleMessage: X
D/WifiStateMachine( 1105): handleMessage: E msg.what=151572
D/WifiStateMachine( 1105): processMsg: ConnectedState
D/WifiStateMachine( 1105): processMsg: L2ConnectedState
D/WifiStateMachine( 1105): handleMessage: X
I/SBar.MSimNetwCntrl( 1178): onSignalStrengthsChanged[0]:SignalStrength: 10 0 -120 -160 -120 -1 -1 99 2147483647 2147483647 2147483647 2147483647 2147483647 gsm|lte 0 -108 -1 false 3 3 0 0 0 99 99 99 4 level=3
D/SBar.MSimNetwCntrl( 1178): updateTelephonySignalStrength[0]: iconList[iconLevel]=7f020299/zz_moto_stat_sys_signal_4_fully_wide iconLevel=4 mMSimMobileInetCondition=1 mMSimMobileInetConditionSB=1
D/SBar.MSimNetwCntrl( 1178): updateDataIcon[0]: subscription=0
D/SBar.MSimNetwCntrl( 1178): updateDataIcon[0]: dataSub=0
D/SBar.MSimNetwCntrl( 1178): updateDataIcon[0]: SimState=READY
I/SBar.MSimNetwCntrl( 1178): notifySignalsChangedCallbacks[0]: isEmergencyOnly(0)=false enabled=true sim=(none)="(empty)" signal=zz_moto_stat_sys_signal_4_fully_wide="Phone signal full." roaming=zz_moto_ic_qs_signal_full_r_wide="Roaming."
I/SBar.MSimNetwCntrl( 1178):  type=(none)="No data." activity=(none)="(empty)"
I/SBar.MSimNetwCntrl( 1178):  slot=1="1" network="Dolphin|DOLPHIN"
I/SFPerfTracer(  295):      triggers: (rate: 0:2) (242140 sw vsyncs) (0 skipped) (97:269222 vsyncs) (99:560011)
D/WifiStateMachine( 1105): handleMessage: E msg.what=151572
D/WifiStateMachine( 1105): processMsg: ConnectedState
D/WifiStateMachine( 1105): processMsg: L2ConnectedState
I/SBar.MSimNetwCntrl( 1178): onReceive: WifiManager.RSSI_CHANGED_ACTION Received
D/SBar.MSimNetwCntrl( 1178): updateTelephonySignalStrength[0]: iconList[iconLevel]=7f020299/zz_moto_stat_sys_signal_4_fully_wide iconLevel=4 mMSimMobileInetCondition=1 mMSimMobileInetConditionSB=1
D/SBar.MSimNetwCntrl( 1178): updateDataIcon[0]: subscription=0
D/WifiStateMachine( 1105): handleMessage: X
D/SBar.MSimNetwCntrl( 1178): updateDataIcon[0]: dataSub=0
D/SBar.MSimNetwCntrl( 1178): updateDataIcon[0]: SimState=READY
I/SBar.MSimNetwCntrl( 1178): notifySignalsChangedCallbacks[0]: isEmergencyOnly(0)=false enabled=true sim=(none)="(empty)" signal=zz_moto_stat_sys_signal_4_fully_wide="Phone signal full." roaming=zz_moto_ic_qs_signal_full_r_wide="Roaming."
I/SBar.MSimNetwCntrl( 1178):  type=(none)="No data." activity=(none)="(empty)"
I/SBar.MSimNetwCntrl( 1178):  slot=1="1" network="Dolphin|DOLPHIN"
D/LOADGENERATOR(10622): 
D/LOADGENERATOR(10622):  EventRunner : 
I/SBar.MSimNetwCntrl( 1178): refreshSignalCluster[0]: wifi: mWifiConnected=true Wifi=zz_moto_stat_sys_wifi_signal_3_fully_wide Activity=zz_moto_stat_sys_wifi_in_wide in=false out=false Accessibility="Wifi three bars."
D/SBar.MSimNetwCntrl( 1178): updateTelephonySignalStrength[1]: iconList[iconLevel]=7f020299/zz_moto_stat_sys_signal_4_fully_wide iconLevel=4 mMSimMobileInetCondition=1 mMSimMobileInetConditionSB=1
D/SBar.MSimNetwCntrl( 1178): updateDataNetType[1]: subscription1 is not DDS(=subscription0)!
D/SBar.MSimNetwCntrl( 1178): updateDataIcon[1]: subscription=1
D/SBar.MSimNetwCntrl( 1178): updateDataIcon[1]: dataSub=0
D/SBar.MSimNetwCntrl( 1178): updateDataIcon[1]: subscription=1 is not DDS.  Clear the mMSimDataConnected Flag and return
I/SBar.MSimNetwCntrl( 1178): notifySignalsChangedCallbacks[1]: isEmergencyOnly(1)=false enabled=true sim=(none)="(empty)" signal=zz_moto_stat_sys_signal_4_fully_wide="Phone signal full." roaming=(none)="Not roaming."
I/SBar.MSimNetwCntrl( 1178):  type=(none)="No data." activity=(none)="(empty)"
I/SBar.MSimNetwCntrl( 1178):  slot=2="2" network="Vodafone IN"
I/SBar.MSimNetwCntrl( 1178): refreshSignalCluster[1]: wifi: mWifiConnected=true Wifi=zz_moto_stat_sys_wifi_signal_3_fully_wide Activity=zz_moto_stat_sys_wifi_in_wide in=false out=false Accessibility="Wifi three bars."
E/Cataloger( 7406): syncFile:/storage/emulated/0/loadgenerator/logs/Debug_logs
E/Cataloger( 7406): need not sync path:/storage/emulated/0/loadgenerator/logs/Debug_logs
D/LOADGENERATOR(10622): java.lang.NullPointerException
D/LOADGENERATOR(10622):  ConnectionManager Read : Caught an exception 2 in socket read java.lang.NullPointerExceptionThe received data is :null
E/Cataloger( 7406): syncFile:/storage/emulated/0/loadgenerator/logs/Debug_logs
E/Cataloger( 7406): need not sync path:/storage/emulated/0/loadgenerator/logs/Debug_logs
D/WifiStateMachine( 1105): handleMessage: E msg.what=131155
D/WifiStateMachine( 1105): processMsg: ConnectedState
D/WifiStateMachine( 1105): processMsg: L2ConnectedState
D/WifiStateMachine( 1105): handleMessage: X
D/WifiStateMachine( 1105): handleMessage: E msg.what=151572
D/WifiStateMachine( 1105): processMsg: ConnectedState
D/WifiStateMachine( 1105): processMsg: L2ConnectedState
D/SBar.MSimNetwCntrl( 1178): updateTelephonySignalStrength[0]: iconList[iconLevel]=7f020299/zz_moto_stat_sys_signal_4_fully_wide iconLevel=4 mMSimMobileInetCondition=1 mMSimMobileInetConditionSB=1
I/SBar.MSimNetwCntrl( 1178): onReceive: WifiManager.RSSI_CHANGED_ACTION Received
D/SBar.MSimNetwCntrl( 1178): updateTelephonySignalStrength[0]: iconList[iconLevel]=7f020299/zz_moto_stat_sys_signal_4_fully_wide iconLevel=4 mMSimMobileInetCondition=1 mMSimMobileInetConditionSB=1
D/SBar.MSimNetwCntrl( 1178): updateDataIcon[0]: subscription=0
D/SBar.MSimNetwCntrl( 1178): updateDataIcon[0]: dataSub=0
D/SBar.MSimNetwCntrl( 1178): updateDataIcon[0]: SimState=READY
I/SBar.MSimNetwCntrl( 1178): notifySignalsChangedCallbacks[0]: isEmergencyOnly(0)=false enabled=true sim=(none)="(empty)" signal=zz_moto_stat_sys_signal_4_fully_wide="Phone signal full." roaming=zz_moto_ic_qs_signal_full_r_wide="Roaming."
I/SBar.MSimNetwCntrl( 1178):  type=(none)="No data." activity=(none)="(empty)"
I/SBar.MSimNetwCntrl( 1178):  slot=1="1" network="Dolphin|DOLPHIN"
I/SBar.MSimNetwCntrl( 1178): refreshSignalCluster[0]: wifi: mWifiConnected=true Wifi=zz_moto_stat_sys_wifi_signal_2_fully_wide Activity=zz_moto_stat_sys_wifi_in_wide in=false out=false Accessibility="Wifi two bars."
D/SBar.MSimNetwCntrl( 1178): updateTelephonySignalStrength[1]: iconList[iconLevel]=7f020299/zz_moto_stat_sys_signal_4_fully_wide iconLevel=4 mMSimMobileInetCondition=1 mMSimMobileInetConditionSB=1
D/SBar.MSimNetwCntrl( 1178): updateDataNetType[1]: subscription1 is not DDS(=subscription0)!
D/SBar.MSimNetwCntrl( 1178): updateDataIcon[1]: subscription=1
D/SBar.MSimNetwCntrl( 1178): updateDataIcon[1]: dataSub=0
D/SBar.MSimNetwCntrl( 1178): updateDataIcon[1]: subscription=1 is not DDS.  Clear the mMSimDataConnected Flag and return
I/SBar.MSimNetwCntrl( 1178): notifySignalsChangedCallbacks[1]: isEmergencyOnly(1)=false enabled=true sim=(none)="(empty)" signal=zz_moto_stat_sys_signal_4_fully_wide="Phone signal full." roaming=(none)="Not roaming."
I/SBar.MSimNetwCntrl( 1178):  type=(none)="No data." activity=(none)="(empty)"
I/SBar.MSimNetwCntrl( 1178):  slot=2="2" network="Vodafone IN"
I/SBar.MSimNetwCntrl( 1178): refreshSignalCluster[1]: wifi: mWifiConnected=true Wifi=zz_moto_stat_sys_wifi_signal_2_fully_wide Activity=zz_moto_stat_sys_wifi_in_wide in=false out=false Accessibility="Wifi two bars."
D/WifiStateMachine( 1105): handleMessage: X
D/WifiStateMachine( 1105): handleMessage: E msg.what=151572
D/WifiStateMachine( 1105): processMsg: ConnectedState
D/WifiStateMachine( 1105): processMsg: L2ConnectedState
D/WifiStateMachine( 1105): handleMessage: X
D/SBar.MSimNetwCntrl( 1178): updateTelephonySignalStrength[0]: iconList[iconLevel]=7f020299/zz_moto_stat_sys_signal_4_fully_wide iconLevel=4 mMSimMobileInetCondition=1 mMSimMobileInetConditionSB=1
D/WifiStateMachine( 1105): handleMessage: E msg.what=151572
D/WifiStateMachine( 1105): processMsg: ConnectedState
D/WifiStateMachine( 1105): processMsg: L2ConnectedState
I/SBar.MSimNetwCntrl( 1178): onReceive: WifiManager.RSSI_CHANGED_ACTION Received
D/SBar.MSimNetwCntrl( 1178): updateTelephonySignalStrength[0]: iconList[iconLevel]=7f020299/zz_moto_stat_sys_signal_4_fully_wide iconLevel=4 mMSimMobileInetCondition=1 mMSimMobileInetConditionSB=1
D/SBar.MSimNetwCntrl( 1178): updateDataIcon[0]: subscription=0
D/SBar.MSimNetwCntrl( 1178): updateDataIcon[0]: dataSub=0
D/SBar.MSimNetwCntrl( 1178): updateDataIcon[0]: SimState=READY
I/SBar.MSimNetwCntrl( 1178): notifySignalsChangedCallbacks[0]: isEmergencyOnly(0)=false enabled=true sim=(none)="(empty)" signal=zz_moto_stat_sys_signal_4_fully_wide="Phone signal full." roaming=zz_moto_ic_qs_signal_full_r_wide="Roaming."
I/SBar.MSimNetwCntrl( 1178):  type=(none)="No data." activity=(none)="(empty)"
I/SBar.MSimNetwCntrl( 1178):  slot=1="1" network="Dolphin|DOLPHIN"
D/WifiStateMachine( 1105): handleMessage: X
I/SBar.MSimNetwCntrl( 1178): refreshSignalCluster[0]: wifi: mWifiConnected=true Wifi=zz_moto_stat_sys_wifi_signal_3_fully_wide Activity=zz_moto_stat_sys_wifi_in_wide in=false out=false Accessibility="Wifi three bars."
D/SBar.MSimNetwCntrl( 1178): updateTelephonySignalStrength[1]: iconList[iconLevel]=7f020299/zz_moto_stat_sys_signal_4_fully_wide iconLevel=4 mMSimMobileInetCondition=1 mMSimMobileInetConditionSB=1
D/SBar.MSimNetwCntrl( 1178): updateDataNetType[1]: subscription1 is not DDS(=subscription0)!
D/SBar.MSimNetwCntrl( 1178): updateDataIcon[1]: subscription=1
D/SBar.MSimNetwCntrl( 1178): updateDataIcon[1]: dataSub=0
D/SBar.MSimNetwCntrl( 1178): updateDataIcon[1]: subscription=1 is not DDS.  Clear the mMSimDataConnected Flag and return
I/SBar.MSimNetwCntrl( 1178): notifySignalsChangedCallbacks[1]: isEmergencyOnly(1)=false enabled=true sim=(none)="(empty)" signal=zz_moto_stat_sys_signal_4_fully_wide="Phone signal full." roaming=(none)="Not roaming."
I/SBar.MSimNetwCntrl( 1178):  type=(none)="No data." activity=(none)="(empty)"
I/SBar.MSimNetwCntrl( 1178):  slot=2="2" network="Vodafone IN"
I/SBar.MSimNetwCntrl( 1178): refreshSignalCluster[1]: wifi: mWifiConnected=true Wifi=zz_moto_stat_sys_wifi_signal_3_fully_wide Activity=zz_moto_stat_sys_wifi_in_wide in=false out=false Accessibility="Wifi three bars."
D/dalvikvm( 1178): GC_FOR_ALLOC freed 1149K, 27% free 12724K/17228K, paused 19ms, total 19ms
I/ActivityManager( 1105): START u0 {act=android.intent.action.MAIN cat=[android.intent.category.HOME] flg=0x10200000 cmp=com.android.launcher/com.android.launcher2.Launcher} from pid 1105
W/ContextImpl( 1716): Calling a method in the system process without a qualified user: android.app.ContextImpl.sendBroadcast:1252 android.content.ContextWrapper.sendBroadcast:365 com.motorola.motocare.util.TriggerHelper$TriggerBuilder.send:76 com.motorola.motocare.internal.frameworkevents.PauseResumeTrigger.handleFrameworkEvent:53 com.motorola.motocare.internal.frameworkevents.FwEventMonitor$FrameworkListener.processFrameworkEvent:114 
W/ContextImpl( 1716): Calling a method in the system process without a qualified user: android.app.ContextImpl.sendBroadcast:1252 android.content.ContextWrapper.sendBroadcast:365 com.motorola.motocare.util.TriggerHelper$TriggerBuilder.send:76 com.motorola.motocare.internal.frameworkevents.PauseResumeTrigger.handleFrameworkEvent:53 com.motorola.motocare.internal.frameworkevents.FwEventMonitor$FrameworkListener.processFrameworkEvent:114 
I/Adreno-EGL( 1749): <qeglDrvAPI_eglInitialize:410>: EGL 1.4 QUALCOMM build: AU_LINUX_ANDROID_LNX.LA.3.5.1_RB1.04.04.02.048.018_msm8226_LNX.LA.3.5.1_RB1__release_AU ()
I/Adreno-EGL( 1749): OpenGL ES Shader Compiler Version: E031.24.00.08
I/Adreno-EGL( 1749): Build Date: 03/07/14 Fri
I/Adreno-EGL( 1749): Local Branch: 
I/Adreno-EGL( 1749): Remote Branch: quic/LNX.LA.3.5.1_RB1.1
I/Adreno-EGL( 1749): Local Patches: NONE
I/Adreno-EGL( 1749): Reconstruct Branch: AU_LINUX_ANDROID_LNX.LA.3.5.1_RB1.04.04.02.048.018 + f2fd134 +  NOTHING
V/RenderScript( 1749): 0x6928c7d8 Launching thread(s), CPUs 4
I/LaunchCheckinHandler( 1105): Displayed com.android.launcher/com.android.launcher2.Launcher,wp,wa,212
D/WifiStateMachine( 1105): handleMessage: E msg.what=131155
D/WifiStateMachine( 1105): processMsg: ConnectedState
D/WifiStateMachine( 1105): processMsg: L2ConnectedState
D/WifiStateMachine( 1105): handleMessage: X
D/WifiStateMachine( 1105): handleMessage: E msg.what=151572
D/WifiStateMachine( 1105): processMsg: ConnectedState
D/WifiStateMachine( 1105): processMsg: L2ConnectedState
D/WifiStateMachine( 1105): handleMessage: X
D/SBar.MSimNetwCntrl( 1178): updateTelephonySignalStrength[0]: iconList[iconLevel]=7f020299/zz_moto_stat_sys_signal_4_fully_wide iconLevel=4 mMSimMobileInetCondition=1 mMSimMobileInetConditionSB=1
I/SFPerfTracer(  295):      triggers: (rate: 223:8441) (compose: 0:26) (post: 0:8) (render: 3:463) (0:88821 frames) (1:198801)
D/SFPerfTracer(  295):        layers: (4:12) (DimLayer: 0:31)* (DimLayer: 0:8)* (FocusedStackFrame: 0:2004)* (StatusBar: 0:30574) (NavigationBar: 0:22211) (com.android.systemui.ImageWallpaper: 0:1140) (DimLayer: 0:1909)* (DimLayer: 0:288)* (com.android.launcher/com.android.launcher2.Launcher: 0:433)* (Starting com.iitb.loadgen: 0:30)* (com.iitb.loadgen/com.iitb.loadgen.MainActivity: 0:36)* (com.android.launcher/com.android.launcher2.Launcher: 1:33) 
I/ActivityManager( 1105): START u0 {act=com.android.systemui.recent.action.TOGGLE_RECENTS flg=0x10800000 cmp=com.android.systemui/.recent.RecentsActivity} from pid 1178
W/ContextImpl( 1716): Calling a method in the system process without a qualified user: android.app.ContextImpl.sendBroadcast:1252 android.content.ContextWrapper.sendBroadcast:365 com.motorola.motocare.util.TriggerHelper$TriggerBuilder.send:76 com.motorola.motocare.internal.frameworkevents.PauseResumeTrigger.handleFrameworkEvent:53 com.motorola.motocare.internal.frameworkevents.FwEventMonitor$FrameworkListener.processFrameworkEvent:114 
W/ContextImpl( 1716): Calling a method in the system process without a qualified user: android.app.ContextImpl.sendBroadcast:1252 android.content.ContextWrapper.sendBroadcast:365 com.motorola.motocare.util.TriggerHelper$TriggerBuilder.send:76 com.motorola.motocare.internal.frameworkevents.PauseResumeTrigger.handleFrameworkEvent:53 com.motorola.motocare.internal.frameworkevents.FwEventMonitor$FrameworkListener.processFrameworkEvent:114 
D/WifiStateMachine( 1105): handleMessage: E msg.what=151572
D/WifiStateMachine( 1105): processMsg: ConnectedState
D/WifiStateMachine( 1105): processMsg: L2ConnectedState
I/LaunchCheckinHandler( 1105): Displayed com.android.systemui/.recent.RecentsActivity,wp,ca,119
I/ActivityManager( 1105): Displayed com.android.systemui/.recent.RecentsActivity: +119ms
D/WifiStateMachine( 1105): handleMessage: X
D/SBar.MSimNetwCntrl( 1178): updateTelephonySignalStrength[0]: iconList[iconLevel]=7f020299/zz_moto_stat_sys_signal_4_fully_wide iconLevel=4 mMSimMobileInetCondition=1 mMSimMobileInetConditionSB=1
D/LOADGENERATOR(10622): 
D/LOADGENERATOR(10622):  EventRunner : 
D/LOADGENERATOR(10622): java.lang.NullPointerException
D/LOADGENERATOR(10622):  ConnectionManager Read : Caught an exception 2 in socket read java.lang.NullPointerExceptionThe received data is :null
E/Cataloger( 7406): syncFile:/storage/emulated/0/loadgenerator/logs/Debug_logs
E/Cataloger( 7406): need not sync path:/storage/emulated/0/loadgenerator/logs/Debug_logs
E/Cataloger( 7406): syncFile:/storage/emulated/0/loadgenerator/logs/Debug_logs
E/Cataloger( 7406): need not sync path:/storage/emulated/0/loadgenerator/logs/Debug_logs
V/AlarmManager( 1105): sending alarm Alarm{433767f8 type 3 android}
E/rsC++   ( 1749): RS Message thread exiting.
D/WifiStateMachine( 1105): handleMessage: E msg.what=151572
D/WifiStateMachine( 1105): processMsg: ConnectedState
D/WifiStateMachine( 1105): processMsg: L2ConnectedState
D/WifiStateMachine( 1105): handleMessage: X
D/SBar.MSimNetwCntrl( 1178): updateTelephonySignalStrength[0]: iconList[iconLevel]=7f020299/zz_moto_stat_sys_signal_4_fully_wide iconLevel=4 mMSimMobileInetCondition=1 mMSimMobileInetConditionSB=1
D/WifiStateMachine( 1105): handleMessage: E msg.what=131155
D/WifiStateMachine( 1105): processMsg: ConnectedState
D/WifiStateMachine( 1105): processMsg: L2ConnectedState
D/WifiStateMachine( 1105): handleMessage: X
D/WifiStateMachine( 1105): handleMessage: E msg.what=151572
D/WifiStateMachine( 1105): processMsg: ConnectedState
D/WifiStateMachine( 1105): processMsg: L2ConnectedState
D/WifiStateMachine( 1105): handleMessage: X
D/SBar.MSimNetwCntrl( 1178): updateTelephonySignalStrength[0]: iconList[iconLevel]=7f020299/zz_moto_stat_sys_signal_4_fully_wide iconLevel=4 mMSimMobileInetCondition=1 mMSimMobileInetConditionSB=1
D/WifiStateMachine( 1105): handleMessage: E msg.what=151572
D/WifiStateMachine( 1105): processMsg: ConnectedState
D/WifiStateMachine( 1105): processMsg: L2ConnectedState
D/WifiStateMachine( 1105): handleMessage: X
D/SBar.MSimNetwCntrl( 1178): updateTelephonySignalStrength[0]: iconList[iconLevel]=7f020295/zz_moto_stat_sys_signal_3_fully_wide iconLevel=3 mMSimMobileInetCondition=1 mMSimMobileInetConditionSB=1
D/WifiStateMachine( 1105): handleMessage: E msg.what=151572
D/WifiStateMachine( 1105): processMsg: ConnectedState
D/WifiStateMachine( 1105): processMsg: L2ConnectedState
I/SBar.MSimNetwCntrl( 1178): onReceive: WifiManager.RSSI_CHANGED_ACTION Received
D/SBar.MSimNetwCntrl( 1178): updateTelephonySignalStrength[0]: iconList[iconLevel]=7f020295/zz_moto_stat_sys_signal_3_fully_wide iconLevel=3 mMSimMobileInetCondition=1 mMSimMobileInetConditionSB=1
D/SBar.MSimNetwCntrl( 1178): updateDataIcon[0]: subscription=0
D/SBar.MSimNetwCntrl( 1178): updateDataIcon[0]: dataSub=0
D/SBar.MSimNetwCntrl( 1178): updateDataIcon[0]: SimState=READY
D/WifiStateMachine( 1105): handleMessage: X
I/SBar.MSimNetwCntrl( 1178): notifySignalsChangedCallbacks[0]: isEmergencyOnly(0)=false enabled=true sim=(none)="(empty)" signal=zz_moto_stat_sys_signal_3_fully_wide="Phone three bars." roaming=zz_moto_ic_qs_signal_full_r_wide="Roaming."
I/SBar.MSimNetwCntrl( 1178):  type=(none)="No data." activity=(none)="(empty)"
I/SBar.MSimNetwCntrl( 1178):  slot=1="1" network="Dolphin|DOLPHIN"
I/SBar.MSimNetwCntrl( 1178): refreshSignalCluster[0]: wifi: mWifiConnected=true Wifi=zz_moto_stat_sys_wifi_signal_2_fully_wide Activity=zz_moto_stat_sys_wifi_in_wide in=false out=false Accessibility="Wifi two bars."
I/SBar.MSimNetwCntrl( 1178): refreshSignalCluster[0]: mobile: Signal=zz_moto_stat_sys_signal_3_fully_wide Roaming=zz_moto_stat_sys_data_fully_connected_roam_wide mMSimSimIconId[0]=(none) Accessibility="Phone three bars.","Roaming.",""
D/SBar.MSimNetwCntrl( 1178): updateTelephonySignalStrength[1]: iconList[iconLevel]=7f020299/zz_moto_stat_sys_signal_4_fully_wide iconLevel=4 mMSimMobileInetCondition=1 mMSimMobileInetConditionSB=1
D/SBar.MSimNetwCntrl( 1178): updateDataNetType[1]: subscription1 is not DDS(=subscription0)!
D/SBar.MSimNetwCntrl( 1178): updateDataIcon[1]: subscription=1
D/SBar.MSimNetwCntrl( 1178): updateDataIcon[1]: dataSub=0
D/SBar.MSimNetwCntrl( 1178): updateDataIcon[1]: subscription=1 is not DDS.  Clear the mMSimDataConnected Flag and return
I/SBar.MSimNetwCntrl( 1178): notifySignalsChangedCallbacks[1]: isEmergencyOnly(1)=false enabled=true sim=(none)="(empty)" signal=zz_moto_stat_sys_signal_4_fully_wide="Phone signal full." roaming=(none)="Not roaming."
I/SBar.MSimNetwCntrl( 1178):  type=(none)="No data." activity=(none)="(empty)"
I/SBar.MSimNetwCntrl( 1178):  slot=2="2" network="Vodafone IN"
I/SBar.MSimNetwCntrl( 1178): refreshSignalCluster[1]: wifi: mWifiConnected=true Wifi=zz_moto_stat_sys_wifi_signal_2_fully_wide Activity=zz_moto_stat_sys_wifi_in_wide in=false out=false Accessibility="Wifi two bars."
I/SFPerfTracer(  295):      triggers: (rate: 0:2) (242140 sw vsyncs) (0 skipped) (73:269340 vsyncs) (75:560137)
D/WifiStateMachine( 1105): handleMessage: E msg.what=131155
D/WifiStateMachine( 1105): processMsg: ConnectedState
D/WifiStateMachine( 1105): processMsg: L2ConnectedState
D/WifiStateMachine( 1105): handleMessage: X
D/WifiStateMachine( 1105): handleMessage: E msg.what=151572
D/WifiStateMachine( 1105): processMsg: ConnectedState
D/WifiStateMachine( 1105): processMsg: L2ConnectedState
D/WifiStateMachine( 1105): handleMessage: X
D/LOADGENERATOR(10622): 
D/LOADGENERATOR(10622):  EventRunner : 
E/Cataloger( 7406): syncFile:/storage/emulated/0/loadgenerator/logs/Debug_logs
E/Cataloger( 7406): need not sync path:/storage/emulated/0/loadgenerator/logs/Debug_logs
D/LOADGENERATOR(10622): java.lang.NullPointerException
D/LOADGENERATOR(10622):  ConnectionManager Read : Caught an exception 2 in socket read java.lang.NullPointerExceptionThe received data is :null
E/Cataloger( 7406): syncFile:/storage/emulated/0/loadgenerator/logs/Debug_logs
E/Cataloger( 7406): need not sync path:/storage/emulated/0/loadgenerator/logs/Debug_logs
D/SBar.MSimNetwCntrl( 1178): updateTelephonySignalStrength[0]: iconList[iconLevel]=7f020295/zz_moto_stat_sys_signal_3_fully_wide iconLevel=3 mMSimMobileInetCondition=1 mMSimMobileInetConditionSB=1
D/SBar.MSimNetwCntrl( 1178): updateDataIcon[0]: subscription=0
D/SBar.MSimNetwCntrl( 1178): updateDataIcon[0]: dataSub=0
D/SBar.MSimNetwCntrl( 1178): updateDataIcon[0]: SimState=READY
I/SBar.MSimNetwCntrl( 1178): notifySignalsChangedCallbacks[0]: isEmergencyOnly(0)=false enabled=true sim=(none)="(empty)" signal=zz_moto_stat_sys_signal_3_fully_wide="Phone three bars." roaming=zz_moto_ic_qs_signal_full_r_wide="Roaming."
I/SBar.MSimNetwCntrl( 1178):  type=(none)="No data." activity=(none)="(empty)"
I/SBar.MSimNetwCntrl( 1178):  slot=1="1" network="Dolphin|DOLPHIN"
D/WifiStateMachine( 1105): handleMessage: E msg.what=151572
D/WifiStateMachine( 1105): processMsg: ConnectedState
D/WifiStateMachine( 1105): processMsg: L2ConnectedState
D/WifiStateMachine( 1105): handleMessage: X
D/SBar.MSimNetwCntrl( 1178): updateTelephonySignalStrength[0]: iconList[iconLevel]=7f020295/zz_moto_stat_sys_signal_3_fully_wide iconLevel=3 mMSimMobileInetCondition=1 mMSimMobileInetConditionSB=1
D/SBar.MSimNetwCntrl( 1178): updateDataIcon[0]: subscription=0
D/SBar.MSimNetwCntrl( 1178): updateDataIcon[0]: dataSub=0
D/SBar.MSimNetwCntrl( 1178): updateDataIcon[0]: SimState=READY
I/SBar.MSimNetwCntrl( 1178): notifySignalsChangedCallbacks[0]: isEmergencyOnly(0)=false enabled=true sim=(none)="(empty)" signal=zz_moto_stat_sys_signal_3_fully_wide="Phone three bars." roaming=zz_moto_ic_qs_signal_full_r_wide="Roaming."
I/SBar.MSimNetwCntrl( 1178):  type=(none)="No data." activity=(none)="(empty)"
I/SBar.MSimNetwCntrl( 1178):  slot=1="1" network="Dolphin|DOLPHIN"
W/ContextImpl( 1716): Calling a method in the system process without a qualified user: android.app.ContextImpl.sendBroadcast:1252 android.content.ContextWrapper.sendBroadcast:365 com.motorola.motocare.util.TriggerHelper$TriggerBuilder.send:76 com.motorola.motocare.internal.frameworkevents.PauseResumeTrigger.handleFrameworkEvent:53 com.motorola.motocare.internal.frameworkevents.FwEventMonitor$FrameworkListener.processFrameworkEvent:114 
I/ActivityManager( 1105): Killing 10622:com.iitb.loadgen/u0a194 (adj 16): remove task
W/ContextImpl( 1716): Calling a method in the system process without a qualified user: android.app.ContextImpl.sendBroadcast:1252 android.content.ContextWrapper.sendBroadcast:365 com.motorola.motocare.util.TriggerHelper$TriggerBuilder.send:76 com.motorola.motocare.internal.frameworkevents.ProcessKillTrigger.sendTrigger:147 com.motorola.motocare.internal.frameworkevents.ProcessKillTrigger.handleFrameworkEvent:164 
W/ContextImpl( 1716): Calling a method in the system process without a qualified user: android.app.ContextImpl.sendBroadcast:1252 android.content.ContextWrapper.sendBroadcast:365 com.motorola.motocare.util.TriggerHelper$TriggerBuilder.send:76 com.motorola.motocare.internal.frameworkevents.PauseResumeTrigger.handleFrameworkEvent:53 com.motorola.motocare.internal.frameworkevents.FwEventMonitor$FrameworkListener.processFrameworkEvent:114 
D/WifiService( 1105): Client connection lost with reason: 4
W/ActivityManager( 1105): Scheduling restart of crashed service com.iitb.loadgen/.Heartbeat in 16000ms
W/ActivityManager( 1105): Scheduling restart of crashed service com.iitb.loadgen/.BackgroundServices in 175984ms
I/Adreno-EGL( 1749): <qeglDrvAPI_eglInitialize:410>: EGL 1.4 QUALCOMM build: AU_LINUX_ANDROID_LNX.LA.3.5.1_RB1.04.04.02.048.018_msm8226_LNX.LA.3.5.1_RB1__release_AU ()
I/Adreno-EGL( 1749): OpenGL ES Shader Compiler Version: E031.24.00.08
I/Adreno-EGL( 1749): Build Date: 03/07/14 Fri
I/Adreno-EGL( 1749): Local Branch: 
I/Adreno-EGL( 1749): Remote Branch: quic/LNX.LA.3.5.1_RB1.1
I/Adreno-EGL( 1749): Local Patches: NONE
I/Adreno-EGL( 1749): Reconstruct Branch: AU_LINUX_ANDROID_LNX.LA.3.5.1_RB1.04.04.02.048.018 + f2fd134 +  NOTHING
