D/WifiStateMachine( 1105): handleMessage: E msg.what=151572
D/WifiStateMachine( 1105): processMsg: ConnectedState
D/WifiStateMachine( 1105): processMsg: L2ConnectedState
I/SBar.MSimNetwCntrl( 1178): onReceive: WifiManager.RSSI_CHANGED_ACTION Received
D/WifiStateMachine( 1105): handleMessage: X
D/SBar.MSimNetwCntrl( 1178): updateTelephonySignalStrength[0]: iconList[iconLevel]=7f020295/zz_moto_stat_sys_signal_3_fully_wide iconLevel=3 mMSimMobileInetCondition=1 mMSimMobileInetConditionSB=1
D/SBar.MSimNetwCntrl( 1178): updateDataIcon[0]: subscription=0
D/SBar.MSimNetwCntrl( 1178): updateDataIcon[0]: dataSub=0
D/SBar.MSimNetwCntrl( 1178): updateDataIcon[0]: SimState=READY
I/SBar.MSimNetwCntrl( 1178): notifySignalsChangedCallbacks[0]: isEmergencyOnly(0)=false enabled=true sim=(none)="(empty)" signal=zz_moto_stat_sys_signal_3_fully_wide="Phone three bars." roaming=zz_moto_ic_qs_signal_full_r_wide="Roaming."
I/SBar.MSimNetwCntrl( 1178):  type=(none)="No data." activity=(none)="(empty)"
I/SBar.MSimNetwCntrl( 1178):  slot=1="1" network="Dolphin|DOLPHIN"
I/SBar.MSimNetwCntrl( 1178): refreshSignalCluster[0]: wifi: mWifiConnected=true Wifi=zz_moto_stat_sys_wifi_signal_3_fully_wide Activity=zz_moto_stat_sys_wifi_in_wide in=false out=false Accessibility="Wifi three bars."
D/SBar.MSimNetwCntrl( 1178): updateTelephonySignalStrength[1]: iconList[iconLevel]=7f020299/zz_moto_stat_sys_signal_4_fully_wide iconLevel=4 mMSimMobileInetCondition=1 mMSimMobileInetConditionSB=1
D/SBar.MSimNetwCntrl( 1178): updateDataNetType[1]: subscription1 is not DDS(=subscription0)!
D/SBar.MSimNetwCntrl( 1178): updateDataIcon[1]: subscription=1
D/SBar.MSimNetwCntrl( 1178): updateDataIcon[1]: dataSub=0
D/SBar.MSimNetwCntrl( 1178): updateDataIcon[1]: subscription=1 is not DDS.  Clear the mMSimDataConnected Flag and return
I/SBar.MSimNetwCntrl( 1178): notifySignalsChangedCallbacks[1]: isEmergencyOnly(1)=false enabled=true sim=(none)="(empty)" signal=zz_moto_stat_sys_signal_4_fully_wide="Phone signal full." roaming=(none)="Not roaming."
I/SBar.MSimNetwCntrl( 1178):  type=(none)="No data." activity=(none)="(empty)"
I/SBar.MSimNetwCntrl( 1178):  slot=2="2" network="Vodafone IN"
I/SBar.MSimNetwCntrl( 1178): refreshSignalCluster[1]: wifi: mWifiConnected=true Wifi=zz_moto_stat_sys_wifi_signal_3_fully_wide Activity=zz_moto_stat_sys_wifi_in_wide in=false out=false Accessibility="Wifi three bars."
V/RenderScript( 1749): 0x6928c7d8 Launching thread(s), CPUs 4
D/WifiStateMachine( 1105): handleMessage: E msg.what=131155
D/WifiStateMachine( 1105): processMsg: ConnectedState
D/WifiStateMachine( 1105): processMsg: L2ConnectedState
D/WifiStateMachine( 1105): handleMessage: X
D/MobileDataStateTracker( 1105): default: setPolicyDataEnable(enabled=true)
D/WifiStateMachine( 1105): handleMessage: E msg.what=151572
D/WifiStateMachine( 1105): processMsg: ConnectedState
D/WifiStateMachine( 1105): processMsg: L2ConnectedState
D/WifiStateMachine( 1105): handleMessage: X
D/SBar.MSimNetwCntrl( 1178): updateTelephonySignalStrength[0]: iconList[iconLevel]=7f020295/zz_moto_stat_sys_signal_3_fully_wide iconLevel=3 mMSimMobileInetCondition=1 mMSimMobileInetConditionSB=1
D/SBar.MSimNetwCntrl( 1178): updateDataIcon[0]: subscription=0
D/SBar.MSimNetwCntrl( 1178): updateDataIcon[0]: dataSub=0
D/SBar.MSimNetwCntrl( 1178): updateDataIcon[0]: SimState=READY
I/SBar.MSimNetwCntrl( 1178): notifySignalsChangedCallbacks[0]: isEmergencyOnly(0)=false enabled=true sim=(none)="(empty)" signal=zz_moto_stat_sys_signal_3_fully_wide="Phone three bars." roaming=zz_moto_ic_qs_signal_full_r_wide="Roaming."
I/SBar.MSimNetwCntrl( 1178):  type=(none)="No data." activity=(none)="(empty)"
I/SBar.MSimNetwCntrl( 1178):  slot=1="1" network="Dolphin|DOLPHIN"
D/WifiStateMachine( 1105): handleMessage: E msg.what=151572
D/WifiStateMachine( 1105): processMsg: ConnectedState
D/WifiStateMachine( 1105): processMsg: L2ConnectedState
D/WifiStateMachine( 1105): handleMessage: X
D/SBar.MSimNetwCntrl( 1178): updateTelephonySignalStrength[0]: iconList[iconLevel]=7f020295/zz_moto_stat_sys_signal_3_fully_wide iconLevel=3 mMSimMobileInetCondition=1 mMSimMobileInetConditionSB=1
D/SBar.MSimNetwCntrl( 1178): updateDataIcon[0]: subscription=0
D/SBar.MSimNetwCntrl( 1178): updateDataIcon[0]: dataSub=0
D/SBar.MSimNetwCntrl( 1178): updateDataIcon[0]: SimState=READY
I/SBar.MSimNetwCntrl( 1178): notifySignalsChangedCallbacks[0]: isEmergencyOnly(0)=false enabled=true sim=(none)="(empty)" signal=zz_moto_stat_sys_signal_3_fully_wide="Phone three bars." roaming=zz_moto_ic_qs_signal_full_r_wide="Roaming."
I/SBar.MSimNetwCntrl( 1178):  type=(none)="No data." activity=(none)="(empty)"
I/SBar.MSimNetwCntrl( 1178):  slot=1="1" network="Dolphin|DOLPHIN"
D/WifiStateMachine( 1105): handleMessage: E msg.what=151572
D/WifiStateMachine( 1105): processMsg: ConnectedState
D/WifiStateMachine( 1105): processMsg: L2ConnectedState
D/WifiStateMachine( 1105): handleMessage: X
D/WifiStateMachine( 1105): handleMessage: E msg.what=131155
D/WifiStateMachine( 1105): processMsg: ConnectedState
D/WifiStateMachine( 1105): processMsg: L2ConnectedState
D/WifiStateMachine( 1105): handleMessage: X
D/WifiStateMachine( 1105): handleMessage: E msg.what=151572
D/WifiStateMachine( 1105): processMsg: ConnectedState
D/WifiStateMachine( 1105): processMsg: L2ConnectedState
D/WifiStateMachine( 1105): handleMessage: X
D/WifiStateMachine( 1105): handleMessage: E msg.what=151572
D/WifiStateMachine( 1105): processMsg: ConnectedState
D/WifiStateMachine( 1105): processMsg: L2ConnectedState
D/WifiStateMachine( 1105): handleMessage: X
D/WifiStateMachine( 1105): handleMessage: E msg.what=151572
D/WifiStateMachine( 1105): processMsg: ConnectedState
D/WifiStateMachine( 1105): processMsg: L2ConnectedState
D/WifiStateMachine( 1105): handleMessage: X
D/WifiStateMachine( 1105): handleMessage: E msg.what=131155
D/WifiStateMachine( 1105): processMsg: ConnectedState
D/WifiStateMachine( 1105): processMsg: L2ConnectedState
D/WifiStateMachine( 1105): handleMessage: X
D/WifiStateMachine( 1105): handleMessage: E msg.what=151572
D/WifiStateMachine( 1105): processMsg: ConnectedState
D/WifiStateMachine( 1105): processMsg: L2ConnectedState
D/WifiStateMachine( 1105): handleMessage: X
D/WifiStateMachine( 1105): handleMessage: E msg.what=151572
D/WifiStateMachine( 1105): processMsg: ConnectedState
D/WifiStateMachine( 1105): processMsg: L2ConnectedState
D/WifiStateMachine( 1105): handleMessage: X
D/WifiStateMachine( 1105): handleMessage: E msg.what=151572
D/WifiStateMachine( 1105): processMsg: ConnectedState
D/WifiStateMachine( 1105): processMsg: L2ConnectedState
D/WifiStateMachine( 1105): handleMessage: X
D/WifiStateMachine( 1105): handleMessage: E msg.what=131155
D/WifiStateMachine( 1105): processMsg: ConnectedState
D/WifiStateMachine( 1105): processMsg: L2ConnectedState
D/WifiStateMachine( 1105): handleMessage: X
D/WifiStateMachine( 1105): handleMessage: E msg.what=151572
D/WifiStateMachine( 1105): processMsg: ConnectedState
D/WifiStateMachine( 1105): processMsg: L2ConnectedState
D/WifiStateMachine( 1105): handleMessage: X
D/WifiStateMachine( 1105): handleMessage: E msg.what=151572
D/WifiStateMachine( 1105): processMsg: ConnectedState
D/WifiStateMachine( 1105): processMsg: L2ConnectedState
D/WifiStateMachine( 1105): handleMessage: X
D/WifiStateMachine( 1105): handleMessage: E msg.what=151572
D/WifiStateMachine( 1105): processMsg: ConnectedState
D/WifiStateMachine( 1105): processMsg: L2ConnectedState
D/WifiStateMachine( 1105): handleMessage: X
D/WifiStateMachine( 1105): handleMessage: E msg.what=131155
D/WifiStateMachine( 1105): processMsg: ConnectedState
D/WifiStateMachine( 1105): processMsg: L2ConnectedState
D/WifiStateMachine( 1105): handleMessage: X
D/WifiStateMachine( 1105): handleMessage: E msg.what=151572
D/WifiStateMachine( 1105): processMsg: ConnectedState
D/WifiStateMachine( 1105): processMsg: L2ConnectedState
D/WifiStateMachine( 1105): handleMessage: X
D/WifiStateMachine( 1105): handleMessage: E msg.what=151572
D/WifiStateMachine( 1105): processMsg: ConnectedState
D/WifiStateMachine( 1105): processMsg: L2ConnectedState
D/WifiStateMachine( 1105): handleMessage: X
D/WifiStateMachine( 1105): handleMessage: E msg.what=151572
D/WifiStateMachine( 1105): processMsg: ConnectedState
D/WifiStateMachine( 1105): processMsg: L2ConnectedState
D/WifiStateMachine( 1105): handleMessage: X
V/AlarmManager( 1105): sending alarm Alarm{43370058 type 3 com.avast.android.mobilesecurity}
V/AlarmManager( 1105): sending alarm Alarm{4336dbe8 type 2 android}
V/AlarmManager( 1105): sending alarm Alarm{4336c060 type 1 com.application.zomato}
I/ActivityManager( 1105): Start proc com.application.zomato for service com.application.zomato/.services.CacheCleanerService: pid=12021 uid=10125 gids={50125, 3003, 1028, 1015}
V/AlarmManager( 1105): sending alarm Alarm{4336b120 type 0 com.application.zomato}
V/AlarmManager( 1105): sending alarm Alarm{4337a218 type 0 com.iitb.loadgen}
I/MultiDex(12021): VM with version 1.6.0 does not have multidex support
I/MultiDex(12021): install
I/MultiDex(12021): MultiDexExtractor.load(/data/app/com.application.zomato-1.apk, false)
I/MultiDex(12021): loading existing secondary dex files
I/MultiDex(12021): load found 1 secondary dex files
I/MultiDex(12021): install done
I/dalvikvm(12021): Could not find method android.app.Notification$Builder.setLocalOnly, referenced from method com.google.android.gms.common.GooglePlayServicesUtil.zza
W/dalvikvm(12021): VFY: unable to resolve virtual method 422: Landroid/app/Notification$Builder;.setLocalOnly (Z)Landroid/app/Notification$Builder;
D/dalvikvm(12021): VFY: replacing opcode 0x6e at 0x00c8
I/dalvikvm(12021): Could not find method android.content.pm.PackageManager.getPackageInstaller, referenced from method com.google.android.gms.common.GooglePlayServicesUtil.zzh
W/dalvikvm(12021): VFY: unable to resolve virtual method 740: Landroid/content/pm/PackageManager;.getPackageInstaller ()Landroid/content/pm/PackageInstaller;
D/dalvikvm(12021): VFY: replacing opcode 0x6e at 0x000b
I/GMPM    (12021): App measurement is starting up
I/GAv4    (12021): Google Analytics 8.2.98 is starting up. To enable debug logging on a device run:
I/GAv4    (12021):   adb shell setprop log.tag.GAv4 DEBUG
I/GAv4    (12021):   adb logcat -s GAv4
W/GAv4    (12021): CampaignTrackingReceiver is not registered, not exported or is disabled. Installation campaign tracking is not possible. See http://goo.gl/8Rd3yj for instructions.
D/WifiStateMachine( 1105): handleMessage: E msg.what=131155
D/WifiStateMachine( 1105): processMsg: ConnectedState
D/WifiStateMachine( 1105): processMsg: L2ConnectedState
D/WifiStateMachine( 1105): handleMessage: X
D/SBar.MSimNetwCntrl( 1178): updateTelephonySignalStrength[0]: iconList[iconLevel]=7f020295/zz_moto_stat_sys_signal_3_fully_wide iconLevel=3 mMSimMobileInetCondition=1 mMSimMobileInetConditionSB=1
D/SBar.MSimNetwCntrl( 1178): updateDataIcon[0]: subscription=0
D/SBar.MSimNetwCntrl( 1178): updateDataIcon[0]: dataSub=0
D/SBar.MSimNetwCntrl( 1178): updateDataIcon[0]: SimState=READY
I/SBar.MSimNetwCntrl( 1178): notifySignalsChangedCallbacks[0]: isEmergencyOnly(0)=false enabled=true sim=(none)="(empty)" signal=zz_moto_stat_sys_signal_3_fully_wide="Phone three bars." roaming=zz_moto_ic_qs_signal_full_r_wide="Roaming."
I/SBar.MSimNetwCntrl( 1178):  type=(none)="No data." activity=(none)="(empty)"
I/SBar.MSimNetwCntrl( 1178):  slot=1="1" network="Dolphin|DOLPHIN"
I/CrashlyticsCore(12021): Initializing Crashlytics 2.3.8.97
I/ActivityManager( 1105): Start proc com.iitb.loadgen for service com.iitb.loadgen/.Heartbeat: pid=12087 uid=10194 gids={50194, 3003, 1028, 1015}
D/dalvikvm(12087): Late-enabling CheckJNI
E/jdwp    (12087): Failed sending reply to debugger: Broken pipe
D/dalvikvm(12087): Debugger has detached; object registry had 1 entries
D/Checking flow(12087):  heartbeat: Initializing and registering everything.....
D/WifiService( 1105): New client listening to asynchronous messages
D/WifiStateMachine( 1105): handleMessage: E msg.what=151572
D/WifiStateMachine( 1105): processMsg: ConnectedState
D/WifiStateMachine( 1105): processMsg: L2ConnectedState
D/Heartbeat(12087): Starting the background service
E/Cataloger( 7406): syncFile:/storage/emulated/0/loadgenerator/logs/Debug_logs
D/WifiStateMachine( 1105): handleMessage: X
E/Cataloger( 7406): need not sync path:/storage/emulated/0/loadgenerator/logs/Debug_logs
D/Heartbeat(12087): Alarmscheduled.... :)
E/Cataloger( 7406): syncFile:/storage/emulated/0/loadgenerator/logs/Debug_logs
E/Cataloger( 7406): need not sync path:/storage/emulated/0/loadgenerator/logs/Debug_logs
D/Backgroundservices(12087): Starting event Runner Async Task
E/Cataloger( 7406): syncFile:/storage/emulated/0/loadgenerator/logs/Debug_logs
E/Cataloger( 7406): need not sync path:/storage/emulated/0/loadgenerator/logs/Debug_logs
D/LOADGENERATOR(12087): java.lang.NullPointerException
D/LOADGENERATOR(12087):  ConnectionManager Read : Caught an exception 2 in socket read java.lang.NullPointerExceptionThe received data is :null
E/Cataloger( 7406): syncFile:/storage/emulated/0/loadgenerator/logs/Debug_logs
E/Cataloger( 7406): need not sync path:/storage/emulated/0/loadgenerator/logs/Debug_logs
I/dalvikvm(12021): Could not find method android.content.Context.checkSelfPermission, referenced from method com.freshdesk.hotline.util.p.j
W/dalvikvm(12021): VFY: unable to resolve virtual method 566: Landroid/content/Context;.checkSelfPermission (Ljava/lang/String;)I
D/dalvikvm(12021): VFY: replacing opcode 0x6e at 0x000c
D/LOADGENERATOR(12087):  Alram Receiver entered.....
D/LOADGENERATOR(12087):  In alarm Receiver server connection is null 
D/LOADGENERATOR(12087):  Alram Receiver exited.....
E/Cataloger( 7406): syncFile:/storage/emulated/0/loadgenerator/logs/Debug_logs
D/LOADGENERATOR(12087): DeviceInfo : Starting Wifi Scan.
D/WifiStateMachine( 1105): handleMessage: E msg.what=131143
D/WifiStateMachine( 1105): processMsg: ConnectedState
D/WifiStateMachine( 1105): processMsg: L2ConnectedState
E/Cataloger( 7406): need not sync path:/storage/emulated/0/loadgenerator/logs/Debug_logs
D/WifiStateMachine( 1105): handleMessage: X
E/Cataloger( 7406): syncFile:/storage/emulated/0/loadgenerator/logs/Debug_logs
E/Cataloger( 7406): need not sync path:/storage/emulated/0/loadgenerator/logs/Debug_logs
I/HOTLINE_SERVICE(12021): Now Processing InitializeRequest
I/dalvikvm(12021): Total arena pages for JIT: 11
I/dalvikvm(12021): Total arena pages for JIT: 12
I/dalvikvm(12021): Total arena pages for JIT: 13
I/dalvikvm(12021): Total arena pages for JIT: 14
I/HOTLINE_SERVICE(12021): Now Processing FetchChannelsRequest
I/HOTLINE_SERVICE(12021): Now Processing FetchMessagesRequest
W/GCoreFlp( 1673): No location to return for getLastLocation()
D/dalvikvm(12021): GC_CONCURRENT freed 6259K, 38% free 10831K/17224K, paused 2ms+5ms, total 44ms
D/WifiStateMachine( 1105): handleMessage: E msg.what=151572
D/WifiStateMachine( 1105): processMsg: ConnectedState
D/WifiStateMachine( 1105): processMsg: L2ConnectedState
D/WifiStateMachine( 1105): handleMessage: X
D/MDMCTBK (  386): reply_len: 40 reply is = IFNAME=wlan0 <3>CTRL-EVENT-SCAN-RESULTS 
D/MDMCTBK (  386): Event received = CTRL-EVENT-SCAN-RESULTS 
D/TCMD    (  580): NL - Read 56 bytes from update socket.
D/TCMD    (  580): NL - message type is RTM_NEWLINK
D/TCMD    (  580): Listening for incoming client connection request
D/WifiStateMachine( 1105): handleMessage: E msg.what=147461
D/WifiStateMachine( 1105): processMsg: ConnectedState
D/WifiStateMachine( 1105): processMsg: L2ConnectedState
D/WifiStateMachine( 1105): processMsg: ConnectModeState
D/WifiStateMachine( 1105): processMsg: DriverStartedState
D/WifiStateMachine( 1105): processMsg: SupplicantStartedState
D/WifiStateMachine( 1105): handleMessage: X
D/LOADGENERATOR(12087):  WiFiScan : 
E/Cataloger( 7406): syncFile:/storage/emulated/0/loadgenerator/logs/Debug_logs
E/Cataloger( 7406): need not sync path:/storage/emulated/0/loadgenerator/logs/Debug_logs
D/LOADGENERATOR(12087):  ConnectionManager Write: Length : 975 Data :{"port":"","processorSpeed":"1190","bssid":"18:64:72:6a:f5:c0","linkSpeed":"52","bssidList":"IITB-Wireless, 18:64:72:6a:f5:c0, -63;eduroam, 18:64:72:6a:f5:c1, -62;clickersoft, 20:aa:4b:41:e1:df, -79;IITB-Guest, 18:64:72:6a:f5:c2, -63;IITB-Wireless, 18:64:72:6a:f7:60, -83;eduroam, 18:64:72:6a:f7:61, -82;IITB-Guest, 18:64:72:6a:f7:62, -82;eduroam, 18:64:72:6a:ef:f1, -90;IITB-Wireless, 04:bd:88:b2:74:c0, -91;IITB-Wireless, 18:64:72:6a:ef:f0, -91;IITB-Guest, 18:64:72:6a:ef:f2, -90;eduroam, d8:c7:c8:1a:c9:61, -82;, 18:64:72:6a:ef:f3, -82;IITB-Wireless, d8:c7:c8:1a:c9:60, -85;[Signage]EB48D, 54:88:0e:a4:b3:83, -92;IITB-Guest, d8:c7:c8:1a:c9:62, -79;IITB-Guest, 04:bd:88:b2:74:c2, -87;, 18:64:72:6a:f5:c3, -63;IITB-Wireless, 18:64:72:6a:f5:40, -86;eduroam, 18:64:72:6a:f5:41, -87;, 04:bd:88:b2:74:c3, -88;","action":"heartBeat","ssid":"IITB-Wireless","rssi":"-63","macAddress":"f4:f1:e1:51:47:ef","numberOfCores":"4","memory":"882","storageSpace":"-241","ip":"10.196.19.53"} Caught an exception 2 while writing to Socketjava.lang.NullPointerException
D/LOADGENERATOR(12087):  response Code : -1
E/Cataloger( 7406): syncFile:/storage/emulated/0/loadgenerator/logs/Debug_logs
E/Cataloger( 7406): need not sync path:/storage/emulated/0/loadgenerator/logs/Debug_logs
E/Cataloger( 7406): syncFile:/storage/emulated/0/loadgenerator/logs/Debug_logs
E/Cataloger( 7406): need not sync path:/storage/emulated/0/loadgenerator/logs/Debug_logs
W/System.err(12087): java.net.ConnectException: failed to connect to /10.129.28.176 (port 8001): connect failed: ECONNREFUSED (Connection refused)
W/System.err(12087): 	at libcore.io.IoBridge.connect(IoBridge.java:114)
W/System.err(12087): 	at java.net.PlainSocketImpl.connect(PlainSocketImpl.java:192)
W/System.err(12087): 	at java.net.PlainSocketImpl.connect(PlainSocketImpl.java:172)
W/System.err(12087): 	at java.net.Socket.startupSocket(Socket.java:566)
W/System.err(12087): 	at java.net.Socket.tryAllAddresses(Socket.java:128)
W/System.err(12087): 	at java.net.Socket.<init>(Socket.java:178)
W/System.err(12087): 	at java.net.Socket.<init>(Socket.java:150)
W/System.err(12087): 	at com.iitb.loadgen.WifiScan$1.run(WifiScan.java:64)
W/System.err(12087): Caused by: libcore.io.ErrnoException: connect failed: ECONNREFUSED (Connection refused)
W/System.err(12087): 	at libcore.io.Posix.connect(Native Method)
W/System.err(12087): 	at libcore.io.BlockGuardOs.connect(BlockGuardOs.java:85)
W/System.err(12087): 	at libcore.io.IoBridge.connectErrno(IoBridge.java:127)
W/System.err(12087): 	at libcore.io.IoBridge.connect(IoBridge.java:112)
W/System.err(12087): 	... 7 more
D/LOADGENERATOR(12087): WiFiScan : Sending Device Info Thread Status Code-1
D/LOADGENERATOR(12087):  Exception handling while creating a new connectionjava.net.ConnectException: failed to connect to /10.129.28.176 (port 8001): connect failed: ECONNREFUSED (Connection refused)
E/Cataloger( 7406): syncFile:/storage/emulated/0/loadgenerator/logs/Debug_logs
E/Cataloger( 7406): need not sync path:/storage/emulated/0/loadgenerator/logs/Debug_logs
D/WifiStateMachine( 1105): handleMessage: E msg.what=151572
D/WifiStateMachine( 1105): processMsg: ConnectedState
D/WifiStateMachine( 1105): processMsg: L2ConnectedState
D/WifiStateMachine( 1105): handleMessage: X
I/HOTLINE_SERVICE(12021): Now Processing FetchSolutionsRequest
I/HOTLINE_SERVICE(12021): Now Processing UpdateVersionRequest
I/HOTLINE_SERVICE(12021): Now Processing AlarmSetupRequest
D/dalvikvm( 1105): GC_EXPLICIT freed 3285K, 44% free 29956K/53468K, paused 10ms+20ms, total 176ms
I/HOTLINE_SERVICE(12021): Now Processing HandleBacklogRequest
D/WifiStateMachine( 1105): handleMessage: E msg.what=131155
D/WifiStateMachine( 1105): processMsg: ConnectedState
D/WifiStateMachine( 1105): processMsg: L2ConnectedState
D/WifiStateMachine( 1105): handleMessage: X
D/WifiStateMachine( 1105): handleMessage: E msg.what=151572
D/WifiStateMachine( 1105): processMsg: ConnectedState
D/WifiStateMachine( 1105): processMsg: L2ConnectedState
D/WifiStateMachine( 1105): handleMessage: X
D/SBar.MSimNetwCntrl( 1178): updateTelephonySignalStrength[0]: iconList[iconLevel]=7f020295/zz_moto_stat_sys_signal_3_fully_wide iconLevel=3 mMSimMobileInetCondition=1 mMSimMobileInetConditionSB=1
D/SBar.MSimNetwCntrl( 1178): updateDataIcon[0]: subscription=0
D/SBar.MSimNetwCntrl( 1178): updateDataIcon[0]: dataSub=0
D/SBar.MSimNetwCntrl( 1178): updateDataIcon[0]: SimState=READY
I/SBar.MSimNetwCntrl( 1178): notifySignalsChangedCallbacks[0]: isEmergencyOnly(0)=false enabled=true sim=(none)="(empty)" signal=zz_moto_stat_sys_signal_3_fully_wide="Phone three bars." roaming=zz_moto_ic_qs_signal_full_r_wide="Roaming."
I/SBar.MSimNetwCntrl( 1178):  type=(none)="No data." activity=(none)="(empty)"
I/SBar.MSimNetwCntrl( 1178):  slot=1="1" network="Dolphin|DOLPHIN"
D/WifiStateMachine( 1105): handleMessage: E msg.what=151572
D/WifiStateMachine( 1105): processMsg: ConnectedState
D/WifiStateMachine( 1105): processMsg: L2ConnectedState
D/WifiStateMachine( 1105): handleMessage: X
I/ActivityManager( 1105): Process com.application.zomato (pid 12021) has died.
E/Cataloger( 7406): syncFile:/storage/emulated/0/Android/data/com.application.zomato/cache/uil-images/journal
E/Cataloger( 7406): need not sync path:/storage/emulated/0/Android/data/com.application.zomato/cache/uil-images/journal
D/SBar.MSimNetwCntrl( 1178): updateTelephonySignalStrength[0]: iconList[iconLevel]=7f020295/zz_moto_stat_sys_signal_3_fully_wide iconLevel=3 mMSimMobileInetCondition=1 mMSimMobileInetConditionSB=1
D/SBar.MSimNetwCntrl( 1178): updateDataIcon[0]: subscription=0
D/SBar.MSimNetwCntrl( 1178): updateDataIcon[0]: dataSub=0
D/SBar.MSimNetwCntrl( 1178): updateDataIcon[0]: SimState=READY
I/SBar.MSimNetwCntrl( 1178): notifySignalsChangedCallbacks[0]: isEmergencyOnly(0)=false enabled=true sim=(none)="(empty)" signal=zz_moto_stat_sys_signal_3_fully_wide="Phone three bars." roaming=zz_moto_ic_qs_signal_full_r_wide="Roaming."
I/SBar.MSimNetwCntrl( 1178):  type=(none)="No data." activity=(none)="(empty)"
I/SBar.MSimNetwCntrl( 1178):  slot=1="1" network="Dolphin|DOLPHIN"
I/SFPerfTracer(  295):      triggers: (rate: 0:2) (242140 sw vsyncs) (0 skipped) (17:269435 vsyncs) (19:560246)
D/MobileDataStateTracker( 1105): default: setPolicyDataEnable(enabled=true)
D/WifiStateMachine( 1105): handleMessage: E msg.what=151572
D/WifiStateMachine( 1105): processMsg: ConnectedState
D/WifiStateMachine( 1105): processMsg: L2ConnectedState
I/SBar.MSimNetwCntrl( 1178): onReceive: WifiManager.RSSI_CHANGED_ACTION Received
D/SBar.MSimNetwCntrl( 1178): updateTelephonySignalStrength[0]: iconList[iconLevel]=7f020295/zz_moto_stat_sys_signal_3_fully_wide iconLevel=3 mMSimMobileInetCondition=1 mMSimMobileInetConditionSB=1
D/SBar.MSimNetwCntrl( 1178): updateDataIcon[0]: subscription=0
D/SBar.MSimNetwCntrl( 1178): updateDataIcon[0]: dataSub=0
D/SBar.MSimNetwCntrl( 1178): updateDataIcon[0]: SimState=READY
I/SBar.MSimNetwCntrl( 1178): notifySignalsChangedCallbacks[0]: isEmergencyOnly(0)=false enabled=true sim=(none)="(empty)" signal=zz_moto_stat_sys_signal_3_fully_wide="Phone three bars." roaming=zz_moto_ic_qs_signal_full_r_wide="Roaming."
I/SBar.MSimNetwCntrl( 1178):  type=(none)="No data." activity=(none)="(empty)"
I/SBar.MSimNetwCntrl( 1178):  slot=1="1" network="Dolphin|DOLPHIN"
D/WifiStateMachine( 1105): handleMessage: X
I/SBar.MSimNetwCntrl( 1178): refreshSignalCluster[0]: wifi: mWifiConnected=true Wifi=zz_moto_stat_sys_wifi_signal_2_fully_wide Activity=zz_moto_stat_sys_wifi_inout_wide in=false out=false Accessibility="Wifi two bars."
D/SBar.MSimNetwCntrl( 1178): updateTelephonySignalStrength[1]: iconList[iconLevel]=7f020299/zz_moto_stat_sys_signal_4_fully_wide iconLevel=4 mMSimMobileInetCondition=1 mMSimMobileInetConditionSB=1
D/LOADGENERATOR(12087): 
D/LOADGENERATOR(12087):  EventRunner : 
D/SBar.MSimNetwCntrl( 1178): updateDataNetType[1]: subscription1 is not DDS(=subscription0)!
D/SBar.MSimNetwCntrl( 1178): updateDataIcon[1]: subscription=1
D/SBar.MSimNetwCntrl( 1178): updateDataIcon[1]: dataSub=0
D/SBar.MSimNetwCntrl( 1178): updateDataIcon[1]: subscription=1 is not DDS.  Clear the mMSimDataConnected Flag and return
I/SBar.MSimNetwCntrl( 1178): notifySignalsChangedCallbacks[1]: isEmergencyOnly(1)=false enabled=true sim=(none)="(empty)" signal=zz_moto_stat_sys_signal_4_fully_wide="Phone signal full." roaming=(none)="Not roaming."
I/SBar.MSimNetwCntrl( 1178):  type=(none)="No data." activity=(none)="(empty)"
I/SBar.MSimNetwCntrl( 1178):  slot=2="2" network="Vodafone IN"
I/SBar.MSimNetwCntrl( 1178): refreshSignalCluster[1]: wifi: mWifiConnected=true Wifi=zz_moto_stat_sys_wifi_signal_2_fully_wide Activity=zz_moto_stat_sys_wifi_inout_wide in=false out=false Accessibility="Wifi two bars."
E/Cataloger( 7406): syncFile:/storage/emulated/0/loadgenerator/logs/Debug_logs
E/Cataloger( 7406): need not sync path:/storage/emulated/0/loadgenerator/logs/Debug_logs
D/Utils   (12087): Exceptionwhile creating a new connectionjava.net.ConnectException: failed to connect to /10.129.28.176 (port 8001): connect failed: ECONNREFUSED (Connection refused)
D/Utils New COnnection :(12087): I am in post Exceute
D/LOADGENERATOR(12087): java.lang.NullPointerException
D/LOADGENERATOR(12087):  ConnectionManager Read : Caught an exception 2 in socket read java.lang.NullPointerExceptionThe received data is :null
E/Cataloger( 7406): syncFile:/storage/emulated/0/loadgenerator/logs/Debug_logs
E/Cataloger( 7406): need not sync path:/storage/emulated/0/loadgenerator/logs/Debug_logs
D/WifiStateMachine( 1105): handleMessage: E msg.what=131155
D/WifiStateMachine( 1105): processMsg: ConnectedState
D/WifiStateMachine( 1105): processMsg: L2ConnectedState
I/SBar.MSimNetwCntrl( 1178): onReceive: WifiManager.RSSI_CHANGED_ACTION Received
D/SBar.MSimNetwCntrl( 1178): updateTelephonySignalStrength[0]: iconList[iconLevel]=7f020295/zz_moto_stat_sys_signal_3_fully_wide iconLevel=3 mMSimMobileInetCondition=1 mMSimMobileInetConditionSB=1
D/WifiStateMachine( 1105): handleMessage: X
D/SBar.MSimNetwCntrl( 1178): updateDataIcon[0]: subscription=0
D/SBar.MSimNetwCntrl( 1178): updateDataIcon[0]: dataSub=0
D/SBar.MSimNetwCntrl( 1178): updateDataIcon[0]: SimState=READY
I/SBar.MSimNetwCntrl( 1178): notifySignalsChangedCallbacks[0]: isEmergencyOnly(0)=false enabled=true sim=(none)="(empty)" signal=zz_moto_stat_sys_signal_3_fully_wide="Phone three bars." roaming=zz_moto_ic_qs_signal_full_r_wide="Roaming."
I/SBar.MSimNetwCntrl( 1178):  type=(none)="No data." activity=(none)="(empty)"
I/SBar.MSimNetwCntrl( 1178):  slot=1="1" network="Dolphin|DOLPHIN"
I/SBar.MSimNetwCntrl( 1178): refreshSignalCluster[0]: wifi: mWifiConnected=true Wifi=zz_moto_stat_sys_wifi_signal_3_fully_wide Activity=zz_moto_stat_sys_wifi_inout_wide in=false out=false Accessibility="Wifi three bars."
D/SBar.MSimNetwCntrl( 1178): updateTelephonySignalStrength[1]: iconList[iconLevel]=7f020299/zz_moto_stat_sys_signal_4_fully_wide iconLevel=4 mMSimMobileInetCondition=1 mMSimMobileInetConditionSB=1
D/SBar.MSimNetwCntrl( 1178): updateDataNetType[1]: subscription1 is not DDS(=subscription0)!
D/SBar.MSimNetwCntrl( 1178): updateDataIcon[1]: subscription=1
D/SBar.MSimNetwCntrl( 1178): updateDataIcon[1]: dataSub=0
D/SBar.MSimNetwCntrl( 1178): updateDataIcon[1]: subscription=1 is not DDS.  Clear the mMSimDataConnected Flag and return
I/SBar.MSimNetwCntrl( 1178): notifySignalsChangedCallbacks[1]: isEmergencyOnly(1)=false enabled=true sim=(none)="(empty)" signal=zz_moto_stat_sys_signal_4_fully_wide="Phone signal full." roaming=(none)="Not roaming."
I/SBar.MSimNetwCntrl( 1178):  type=(none)="No data." activity=(none)="(empty)"
I/SBar.MSimNetwCntrl( 1178):  slot=2="2" network="Vodafone IN"
I/SBar.MSimNetwCntrl( 1178): refreshSignalCluster[1]: wifi: mWifiConnected=true Wifi=zz_moto_stat_sys_wifi_signal_3_fully_wide Activity=zz_moto_stat_sys_wifi_inout_wide in=false out=false Accessibility="Wifi three bars."
D/WifiStateMachine( 1105): handleMessage: E msg.what=151572
D/WifiStateMachine( 1105): processMsg: ConnectedState
D/WifiStateMachine( 1105): processMsg: L2ConnectedState
I/SBar.MSimNetwCntrl( 1178): onReceive: WifiManager.RSSI_CHANGED_ACTION Received
D/SBar.MSimNetwCntrl( 1178): updateTelephonySignalStrength[0]: iconList[iconLevel]=7f020295/zz_moto_stat_sys_signal_3_fully_wide iconLevel=3 mMSimMobileInetCondition=1 mMSimMobileInetConditionSB=1
D/SBar.MSimNetwCntrl( 1178): updateDataIcon[0]: subscription=0
D/SBar.MSimNetwCntrl( 1178): updateDataIcon[0]: dataSub=0
D/SBar.MSimNetwCntrl( 1178): updateDataIcon[0]: SimState=READY
I/SBar.MSimNetwCntrl( 1178): notifySignalsChangedCallbacks[0]: isEmergencyOnly(0)=false enabled=true sim=(none)="(empty)" signal=zz_moto_stat_sys_signal_3_fully_wide="Phone three bars." roaming=zz_moto_ic_qs_signal_full_r_wide="Roaming."
I/SBar.MSimNetwCntrl( 1178):  type=(none)="No data." activity=(none)="(empty)"
I/SBar.MSimNetwCntrl( 1178):  slot=1="1" network="Dolphin|DOLPHIN"
I/SBar.MSimNetwCntrl( 1178): refreshSignalCluster[0]: wifi: mWifiConnected=true Wifi=zz_moto_stat_sys_wifi_signal_2_fully_wide Activity=zz_moto_stat_sys_wifi_inout_wide in=false out=false Accessibility="Wifi two bars."
D/SBar.MSimNetwCntrl( 1178): updateTelephonySignalStrength[1]: iconList[iconLevel]=7f020299/zz_moto_stat_sys_signal_4_fully_wide iconLevel=4 mMSimMobileInetCondition=1 mMSimMobileInetConditionSB=1
D/SBar.MSimNetwCntrl( 1178): updateDataNetType[1]: subscription1 is not DDS(=subscription0)!
D/SBar.MSimNetwCntrl( 1178): updateDataIcon[1]: subscription=1
D/WifiStateMachine( 1105): handleMessage: X
D/SBar.MSimNetwCntrl( 1178): updateDataIcon[1]: dataSub=0
D/SBar.MSimNetwCntrl( 1178): updateDataIcon[1]: subscription=1 is not DDS.  Clear the mMSimDataConnected Flag and return
I/SBar.MSimNetwCntrl( 1178): notifySignalsChangedCallbacks[1]: isEmergencyOnly(1)=false enabled=true sim=(none)="(empty)" signal=zz_moto_stat_sys_signal_4_fully_wide="Phone signal full." roaming=(none)="Not roaming."
I/SBar.MSimNetwCntrl( 1178):  type=(none)="No data." activity=(none)="(empty)"
I/SBar.MSimNetwCntrl( 1178):  slot=2="2" network="Vodafone IN"
I/SBar.MSimNetwCntrl( 1178): refreshSignalCluster[1]: wifi: mWifiConnected=true Wifi=zz_moto_stat_sys_wifi_signal_2_fully_wide Activity=zz_moto_stat_sys_wifi_inout_wide in=false out=false Accessibility="Wifi two bars."
I/SFPerfTracer(  295):      triggers: (rate: 223:8441) (compose: 0:26) (post: 0:8) (render: 3:463) (0:88854 frames) (1:198901)
D/SFPerfTracer(  295):        layers: (4:11) (DimLayer: 0:31)* (DimLayer: 0:8)* (FocusedStackFrame: 0:2007)* (StatusBar: 1:30586) (NavigationBar: 0:22241) (com.android.systemui.ImageWallpaper: 0:1140) (DimLayer: 0:1909)* (DimLayer: 0:288)* (com.android.launcher/com.android.launcher2.Launcher: 0:68)* (com.android.systemui/com.android.systemui.recent.RecentsActivity: 0:58)* (com.android.launcher/com.android.launcher2.Launcher: 0:24) 
D/dalvikvm( 9739): GC_CONCURRENT freed 2361K, 41% free 13653K/23100K, paused 3ms+3ms, total 34ms
D/WifiStateMachine( 1105): handleMessage: E msg.what=151572
D/WifiStateMachine( 1105): processMsg: ConnectedState
D/WifiStateMachine( 1105): processMsg: L2ConnectedState
D/WifiStateMachine( 1105): handleMessage: X
D/SBar.MSimNetwCntrl( 1178): updateTelephonySignalStrength[0]: iconList[iconLevel]=7f020295/zz_moto_stat_sys_signal_3_fully_wide iconLevel=3 mMSimMobileInetCondition=1 mMSimMobileInetConditionSB=1
D/SBar.MSimNetwCntrl( 1178): updateDataIcon[0]: subscription=0
D/SBar.MSimNetwCntrl( 1178): updateDataIcon[0]: dataSub=0
D/SBar.MSimNetwCntrl( 1178): updateDataIcon[0]: SimState=READY
I/SBar.MSimNetwCntrl( 1178): notifySignalsChangedCallbacks[0]: isEmergencyOnly(0)=false enabled=true sim=(none)="(empty)" signal=zz_moto_stat_sys_signal_3_fully_wide="Phone three bars." roaming=zz_moto_ic_qs_signal_full_r_wide="Roaming."
I/SBar.MSimNetwCntrl( 1178):  type=(none)="No data." activity=(none)="(empty)"
I/SBar.MSimNetwCntrl( 1178):  slot=1="1" network="Dolphin|DOLPHIN"
I/SBar.MSimNetwCntrl( 1178): refreshSignalCluster[0]: mobile: mMSimHasMobileDataFeature[0]=true DataTypeShown=(none) Activity=(none) in=false out=false Accessibility="No data."
D/WifiStateMachine( 1105): handleMessage: E msg.what=151572
D/WifiStateMachine( 1105): processMsg: ConnectedState
D/WifiStateMachine( 1105): processMsg: L2ConnectedState
I/SBar.MSimNetwCntrl( 1178): onReceive: WifiManager.RSSI_CHANGED_ACTION Received
D/SBar.MSimNetwCntrl( 1178): updateTelephonySignalStrength[0]: iconList[iconLevel]=7f020295/zz_moto_stat_sys_signal_3_fully_wide iconLevel=3 mMSimMobileInetCondition=1 mMSimMobileInetConditionSB=1
D/SBar.MSimNetwCntrl( 1178): updateDataIcon[0]: subscription=0
D/SBar.MSimNetwCntrl( 1178): updateDataIcon[0]: dataSub=0
D/WifiStateMachine( 1105): handleMessage: X
D/SBar.MSimNetwCntrl( 1178): updateDataIcon[0]: SimState=READY
I/SBar.MSimNetwCntrl( 1178): notifySignalsChangedCallbacks[0]: isEmergencyOnly(0)=false enabled=true sim=(none)="(empty)" signal=zz_moto_stat_sys_signal_3_fully_wide="Phone three bars." roaming=zz_moto_ic_qs_signal_full_r_wide="Roaming."
I/SBar.MSimNetwCntrl( 1178):  type=(none)="No data." activity=(none)="(empty)"
I/SBar.MSimNetwCntrl( 1178):  slot=1="1" network="Dolphin|DOLPHIN"
I/SBar.MSimNetwCntrl( 1178): refreshSignalCluster[0]: wifi: mWifiConnected=true Wifi=zz_moto_stat_sys_wifi_signal_3_fully_wide Activity=zz_moto_stat_sys_wifi_in_wide in=false out=false Accessibility="Wifi three bars."
D/SBar.MSimNetwCntrl( 1178): updateTelephonySignalStrength[1]: iconList[iconLevel]=7f020299/zz_moto_stat_sys_signal_4_fully_wide iconLevel=4 mMSimMobileInetCondition=1 mMSimMobileInetConditionSB=1
D/SBar.MSimNetwCntrl( 1178): updateDataNetType[1]: subscription1 is not DDS(=subscription0)!
D/SBar.MSimNetwCntrl( 1178): updateDataIcon[1]: subscription=1
D/SBar.MSimNetwCntrl( 1178): updateDataIcon[1]: dataSub=0
D/SBar.MSimNetwCntrl( 1178): updateDataIcon[1]: subscription=1 is not DDS.  Clear the mMSimDataConnected Flag and return
I/SBar.MSimNetwCntrl( 1178): notifySignalsChangedCallbacks[1]: isEmergencyOnly(1)=false enabled=true sim=(none)="(empty)" signal=zz_moto_stat_sys_signal_4_fully_wide="Phone signal full." roaming=(none)="Not roaming."
I/SBar.MSimNetwCntrl( 1178):  type=(none)="No data." activity=(none)="(empty)"
I/SBar.MSimNetwCntrl( 1178):  slot=2="2" network="Vodafone IN"
I/SBar.MSimNetwCntrl( 1178): refreshSignalCluster[1]: wifi: mWifiConnected=true Wifi=zz_moto_stat_sys_wifi_signal_3_fully_wide Activity=zz_moto_stat_sys_wifi_in_wide in=false out=false Accessibility="Wifi three bars."
D/WifiStateMachine( 1105): handleMessage: E msg.what=131155
D/WifiStateMachine( 1105): processMsg: ConnectedState
D/WifiStateMachine( 1105): processMsg: L2ConnectedState
D/WifiStateMachine( 1105): handleMessage: X
D/WifiStateMachine( 1105): handleMessage: E msg.what=151572
D/WifiStateMachine( 1105): processMsg: ConnectedState
D/WifiStateMachine( 1105): processMsg: L2ConnectedState
I/MDMCTBK (  386): NetlinkHandler, power_supply subsys
I/MDMCTBK (  386): NetlinkHandler, usbChargerStateChanged
I/MDMCTBK (  386): checkDefaultInst, current pid is = 386
I/MDMCTBK (  386): checkDefaultInst, pid match
I/MDMCTBK (  386): MdmCutbackHndler,readFromFile = 
E/MDMCTBK (  386): MdmCutbackHndler,Could not open ''
I/MDMCTBK (  386): MdmCutbackHndler,readFromFile = 
E/MDMCTBK (  386): MdmCutbackHndler,Could not open ''
I/MDMCTBK (  442): NetlinkHandler, power_supply subsys
I/MDMCTBK (  442): NetlinkHandler, usbChargerStateChanged
I/MDMCTBK (  442): checkDefaultInst, current pid is = 442
I/MDMCTBK (  442): checkDefaultInst, no pid match
D/WifiStateMachine( 1105): handleMessage: X
I/MDMCTBK (  386): NetlinkHandler, power_supply subsys
I/MDMCTBK (  386): NetlinkHandler, usbChargerStateChanged
I/MDMCTBK (  386): checkDefaultInst, current pid is = 386
I/MDMCTBK (  386): checkDefaultInst, pid match
I/MDMCTBK (  386): MdmCutbackHndler,readFromFile = 
E/MDMCTBK (  386): MdmCutbackHndler,Could not open ''
I/MDMCTBK (  386): MdmCutbackHndler,readFromFile = 
E/MDMCTBK (  386): MdmCutbackHndler,Could not open ''
I/MDMCTBK (  442): NetlinkHandler, power_supply subsys
I/MDMCTBK (  442): NetlinkHandler, usbChargerStateChanged
I/MDMCTBK (  442): checkDefaultInst, current pid is = 442
I/MDMCTBK (  442): checkDefaultInst, no pid match
I/DownloadManagerWrapper( 1658): onReceive() : Charging = true
I/DownloadManagerWrapper( 1658): onReceive() : Charging = true
D/SBar.MSimNetwCntrl( 1178): updateTelephonySignalStrength[0]: iconList[iconLevel]=7f020295/zz_moto_stat_sys_signal_3_fully_wide iconLevel=3 mMSimMobileInetCondition=1 mMSimMobileInetConditionSB=1
D/SBar.MSimNetwCntrl( 1178): updateDataIcon[0]: subscription=0
D/SBar.MSimNetwCntrl( 1178): updateDataIcon[0]: dataSub=0
D/SBar.MSimNetwCntrl( 1178): updateDataIcon[0]: SimState=READY
I/SBar.MSimNetwCntrl( 1178): notifySignalsChangedCallbacks[0]: isEmergencyOnly(0)=false enabled=true sim=(none)="(empty)" signal=zz_moto_stat_sys_signal_3_fully_wide="Phone three bars." roaming=zz_moto_ic_qs_signal_full_r_wide="Roaming."
I/SBar.MSimNetwCntrl( 1178):  type=(none)="No data." activity=(none)="(empty)"
I/SBar.MSimNetwCntrl( 1178):  slot=1="1" network="Dolphin|DOLPHIN"
D/WifiStateMachine( 1105): handleMessage: E msg.what=151572
D/WifiStateMachine( 1105): processMsg: ConnectedState
D/WifiStateMachine( 1105): processMsg: L2ConnectedState
D/WifiStateMachine( 1105): handleMessage: X
D/LOADGENERATOR(12087): 
D/LOADGENERATOR(12087):  EventRunner : 
E/Cataloger( 7406): syncFile:/storage/emulated/0/loadgenerator/logs/Debug_logs
E/Cataloger( 7406): need not sync path:/storage/emulated/0/loadgenerator/logs/Debug_logs
D/LOADGENERATOR(12087): java.lang.NullPointerException
D/LOADGENERATOR(12087):  ConnectionManager Read : Caught an exception 2 in socket read java.lang.NullPointerExceptionThe received data is :null
E/Cataloger( 7406): syncFile:/storage/emulated/0/loadgenerator/logs/Debug_logs
E/Cataloger( 7406): need not sync path:/storage/emulated/0/loadgenerator/logs/Debug_logs
D/WifiStateMachine( 1105): handleMessage: E msg.what=151572
D/WifiStateMachine( 1105): processMsg: ConnectedState
D/WifiStateMachine( 1105): processMsg: L2ConnectedState
D/WifiStateMachine( 1105): handleMessage: X
D/WifiStateMachine( 1105): handleMessage: E msg.what=131155
D/WifiStateMachine( 1105): processMsg: ConnectedState
D/WifiStateMachine( 1105): processMsg: L2ConnectedState
D/WifiStateMachine( 1105): handleMessage: X
D/SBar.MSimNetwCntrl( 1178): updateTelephonySignalStrength[0]: iconList[iconLevel]=7f020295/zz_moto_stat_sys_signal_3_fully_wide iconLevel=3 mMSimMobileInetCondition=1 mMSimMobileInetConditionSB=1
D/SBar.MSimNetwCntrl( 1178): updateDataIcon[0]: subscription=0
D/SBar.MSimNetwCntrl( 1178): updateDataIcon[0]: dataSub=0
D/SBar.MSimNetwCntrl( 1178): updateDataIcon[0]: SimState=READY
I/SBar.MSimNetwCntrl( 1178): notifySignalsChangedCallbacks[0]: isEmergencyOnly(0)=false enabled=true sim=(none)="(empty)" signal=zz_moto_stat_sys_signal_3_fully_wide="Phone three bars." roaming=zz_moto_ic_qs_signal_full_r_wide="Roaming."
I/SBar.MSimNetwCntrl( 1178):  type=(none)="No data." activity=(none)="(empty)"
I/SBar.MSimNetwCntrl( 1178):  slot=1="1" network="Dolphin|DOLPHIN"
D/WifiStateMachine( 1105): handleMessage: E msg.what=151572
D/WifiStateMachine( 1105): processMsg: ConnectedState
D/WifiStateMachine( 1105): processMsg: L2ConnectedState
D/WifiStateMachine( 1105): handleMessage: X
I/SBar.MSimNetwCntrl( 1178): onSignalStrengthsChanged[0]:SignalStrength: 12 0 -120 -160 -120 -1 -1 99 2147483647 2147483647 2147483647 2147483647 2147483647 gsm|lte 0 -108 -1 false 4 4 0 0 0 99 99 99 4 level=4
D/SBar.MSimNetwCntrl( 1178): updateTelephonySignalStrength[0]: iconList[iconLevel]=7f020299/zz_moto_stat_sys_signal_4_fully_wide iconLevel=4 mMSimMobileInetCondition=1 mMSimMobileInetConditionSB=1
D/SBar.MSimNetwCntrl( 1178): updateDataIcon[0]: subscription=0
D/SBar.MSimNetwCntrl( 1178): updateDataIcon[0]: dataSub=0
D/SBar.MSimNetwCntrl( 1178): updateDataIcon[0]: SimState=READY
I/SBar.MSimNetwCntrl( 1178): notifySignalsChangedCallbacks[0]: isEmergencyOnly(0)=false enabled=true sim=(none)="(empty)" signal=zz_moto_stat_sys_signal_4_fully_wide="Phone signal full." roaming=zz_moto_ic_qs_signal_full_r_wide="Roaming."
I/SBar.MSimNetwCntrl( 1178):  type=(none)="No data." activity=(none)="(empty)"
I/SBar.MSimNetwCntrl( 1178):  slot=1="1" network="Dolphin|DOLPHIN"
I/SBar.MSimNetwCntrl( 1178): refreshSignalCluster[0]: mobile: Signal=zz_moto_stat_sys_signal_4_fully_wide Roaming=zz_moto_stat_sys_data_fully_connected_roam_wide mMSimSimIconId[0]=(none) Accessibility="Phone signal full.","Roaming.",""
I/SBar.MSimNetwCntrl( 1178): onSignalStrengthsChanged[1]:SignalStrength: 24 0 -120 -160 -120 -1 -1 99 2147483647 2147483647 2147483647 2147483647 2147483647 gsm|lte 0 -108 -1 false 4 4 0 0 0 99 99 99 4 level=4
D/SBar.MSimNetwCntrl( 1178): updateTelephonySignalStrength[1]: iconList[iconLevel]=7f020299/zz_moto_stat_sys_signal_4_fully_wide iconLevel=4 mMSimMobileInetCondition=1 mMSimMobileInetConditionSB=1
D/SBar.MSimNetwCntrl( 1178): updateDataNetType[1]: subscription1 is not DDS(=subscription0)!
D/SBar.MSimNetwCntrl( 1178): updateDataIcon[1]: subscription=1
D/SBar.MSimNetwCntrl( 1178): updateDataIcon[1]: dataSub=0
D/SBar.MSimNetwCntrl( 1178): updateDataIcon[1]: subscription=1 is not DDS.  Clear the mMSimDataConnected Flag and return
I/SBar.MSimNetwCntrl( 1178): notifySignalsChangedCallbacks[1]: isEmergencyOnly(1)=false enabled=true sim=(none)="(empty)" signal=zz_moto_stat_sys_signal_4_fully_wide="Phone signal full." roaming=(none)="Not roaming."
I/SBar.MSimNetwCntrl( 1178):  type=(none)="No data." activity=(none)="(empty)"
I/SBar.MSimNetwCntrl( 1178):  slot=2="2" network="Vodafone IN"
I/SBar.MSimNetwCntrl( 1178): refreshSignalCluster[1]: mobile: Signal=zz_moto_stat_sys_signal_4_fully_wide Roaming=(none) mMSimSimIconId[1]=(none) Accessibility="Phone signal full.","Not roaming.",""
I/SBar.MSimNetwCntrl( 1178): refreshSignalCluster[1]: mobile: mMSimHasMobileDataFeature[1]=true DataTypeShown=(none) Activity=(none) in=false out=false Accessibility="No data."
D/SBar.MSimNetwCntrl( 1178): updateTelephonySignalStrength[0]: iconList[iconLevel]=7f020299/zz_moto_stat_sys_signal_4_fully_wide iconLevel=4 mMSimMobileInetCondition=1 mMSimMobileInetConditionSB=1
D/SBar.MSimNetwCntrl( 1178): updateDataIcon[0]: subscription=0
D/SBar.MSimNetwCntrl( 1178): updateDataIcon[0]: dataSub=0
D/SBar.MSimNetwCntrl( 1178): updateDataIcon[0]: SimState=READY
I/SBar.MSimNetwCntrl( 1178): notifySignalsChangedCallbacks[0]: isEmergencyOnly(0)=false enabled=true sim=(none)="(empty)" signal=zz_moto_stat_sys_signal_4_fully_wide="Phone signal full." roaming=zz_moto_ic_qs_signal_full_r_wide="Roaming."
I/SBar.MSimNetwCntrl( 1178):  type=(none)="No data." activity=(none)="(empty)"
I/SBar.MSimNetwCntrl( 1178):  slot=1="1" network="Dolphin|DOLPHIN"
D/WifiStateMachine( 1105): handleMessage: E msg.what=151572
D/WifiStateMachine( 1105): processMsg: ConnectedState
D/WifiStateMachine( 1105): processMsg: L2ConnectedState
D/WifiStateMachine( 1105): handleMessage: X
I/PowerManagerService( 1105): Nap time...
I/PowerManagerService( 1105): Going to sleep due to screen timeout...
D/SBar.MSimNetwCntrl( 1178): updateTelephonySignalStrength[0]: iconList[iconLevel]=7f020299/zz_moto_stat_sys_signal_4_fully_wide iconLevel=4 mMSimMobileInetCondition=1 mMSimMobileInetConditionSB=1
D/SBar.MSimNetwCntrl( 1178): updateDataIcon[0]: subscription=0
D/SBar.MSimNetwCntrl( 1178): updateDataIcon[0]: dataSub=0
D/SBar.MSimNetwCntrl( 1178): updateDataIcon[0]: SimState=READY
I/SBar.MSimNetwCntrl( 1178): notifySignalsChangedCallbacks[0]: isEmergencyOnly(0)=false enabled=true sim=(none)="(empty)" signal=zz_moto_stat_sys_signal_4_fully_wide="Phone signal full." roaming=zz_moto_ic_qs_signal_full_r_wide="Roaming."
I/SBar.MSimNetwCntrl( 1178):  type=(none)="No data." activity=(none)="(empty)"
I/SBar.MSimNetwCntrl( 1178):  slot=1="1" network="Dolphin|DOLPHIN"
D/WifiStateMachine( 1105): handleMessage: E msg.what=151572
D/WifiStateMachine( 1105): processMsg: ConnectedState
D/WifiStateMachine( 1105): processMsg: L2ConnectedState
D/SurfaceFlinger(  295): Screen released, type=0 flinger=0xb81d0450
D/qdhwcomposer(  295): hwc_blank: Blanking display: 0
D/WifiStateMachine( 1105): handleMessage: X
D/qdhwcomposer(  295): hwc_blank: Done blanking display: 0
D/SurfaceControl( 1105): Excessive delay in blankDisplay() while turning screen off: 193ms
I/AonLTInterfaceService( 1716): AodLT package version: 1000000
W/ContextImpl( 1716): Calling a method in the system process without a qualified user: android.app.ContextImpl.sendBroadcast:1252 android.content.ContextWrapper.sendBroadcast:365 com.motorola.motocare.util.TriggerHelper$TriggerBuilder.send:76 com.motorola.motocare.internal.frameworkevents.PauseResumeTrigger.handleFrameworkEvent:53 com.motorola.motocare.internal.frameworkevents.FwEventMonitor$FrameworkListener.processFrameworkEvent:114 
F/ProcessStats( 1105): Starting service ServiceState{44511798 com.google.android.wearable.datatransfer.DataSyncService pkg=com.google.android.music proc=44511798} without owner
F/ProcessStats( 1105): Starting service ServiceState{42944280 com.facebook.mqttlite.MqttService pkg=com.facebook.groups proc=42944280} without owner
D/WifiStateMachine( 1105): handleScreenStateChanged: false
D/WifiStateMachine( 1105): handleMessage: E msg.what=131154
D/WifiStateMachine( 1105): processMsg: ConnectedState
D/WifiStateMachine( 1105): processMsg: L2ConnectedState
D/WifiStateMachine( 1105): handleMessage: X
D/WifiStateMachine( 1105): handleMessage: E msg.what=131163
D/WifiStateMachine( 1105): processMsg: ConnectedState
D/WifiStateMachine( 1105): processMsg: L2ConnectedState
D/WifiStateMachine( 1105): processMsg: ConnectModeState
D/WifiStateMachine( 1105): processMsg: DriverStartedState
D/WifiStateMachine( 1105): processMsg: SupplicantStartedState
D/WifiStateMachine( 1105): processMsg: DefaultState
D/WifiStateMachine( 1105): handleMessage: X
D/WifiStateMachine( 1105): handleMessage: E msg.what=131158
D/WifiStateMachine( 1105): processMsg: ConnectedState
D/WifiStateMachine( 1105): processMsg: L2ConnectedState
D/WifiStateMachine( 1105): processMsg: ConnectModeState
D/WifiStateMachine( 1105): processMsg: DriverStartedState
D/WifiStateMachine( 1105): setSuspendOptimizationsNative: 4 true
D/Sensors ( 1105): AccelerationSensor: Set Sensors state 0x0
D/audio_hw_primary(  300): adev_set_parameters: enter: screen_state=off
V/msm8974_platform(  300): platform_set_parameters: enter: screen_state=off
V/msm8974_platform(  300): platform_set_parameters: exit with code(-2)
E/audio_a2dp_hw(  300): adev_set_parameters: ERROR: set param called even when stream out is null
D/DropBoxEntryAddedChimeraService( 4256): User is not opted-in to Usage & Diagnostics or Lockbox.
I/GoogleInputMethod( 1658): onReceive() : Action = android.intent.action.SCREEN_OFF
V/AlarmManager( 1105): sending alarm Alarm{431d4eb8 type 3 com.google.android.gms}
V/AlarmManager( 1105): sending alarm Alarm{431d4220 type 0 com.iitb.loadgen}
V/AlarmManager( 1105): sending alarm Alarm{431d1380 type 0 com.application.zomato}
D/LOADGENERATOR(12087):  Alram Receiver entered.....
D/LOADGENERATOR(12087):  In alarm Receiver server connection is null 
D/DropBoxEntryAddedChimeraService( 4256): User is not opted-in to Usage & Diagnostics or Lockbox.
D/LOADGENERATOR(12087):  Alram Receiver exited.....
E/Cataloger( 7406): syncFile:/storage/emulated/0/loadgenerator/logs/Debug_logs
E/Cataloger( 7406): need not sync path:/storage/emulated/0/loadgenerator/logs/Debug_logs
I/ActivityManager( 1105): Start proc com.application.zomato for broadcast com.application.zomato/com.freshdesk.hotline.receiver.HotlineReceiver: pid=12376 uid=10125 gids={50125, 3003, 1028, 1015}
D/LOADGENERATOR(12087): DeviceInfo : Starting Wifi Scan.
E/Cataloger( 7406): syncFile:/storage/emulated/0/loadgenerator/logs/Debug_logs
E/Cataloger( 7406): need not sync path:/storage/emulated/0/loadgenerator/logs/Debug_logs
D/WifiStateMachine( 1105): handleMessage: X
D/WifiStateMachine( 1105): handleMessage: E msg.what=131143
D/WifiStateMachine( 1105): processMsg: ConnectedState
D/WifiStateMachine( 1105): processMsg: L2ConnectedState
D/WifiStateMachine( 1105): handleMessage: X
I/MultiDex(12376): VM with version 1.6.0 does not have multidex support
I/MultiDex(12376): install
I/MultiDex(12376): MultiDexExtractor.load(/data/app/com.application.zomato-1.apk, false)
I/MultiDex(12376): loading existing secondary dex files
I/MultiDex(12376): load found 1 secondary dex files
I/MultiDex(12376): install done
I/dalvikvm(12376): Could not find method android.app.Notification$Builder.setLocalOnly, referenced from method com.google.android.gms.common.GooglePlayServicesUtil.zza
W/dalvikvm(12376): VFY: unable to resolve virtual method 422: Landroid/app/Notification$Builder;.setLocalOnly (Z)Landroid/app/Notification$Builder;
D/dalvikvm(12376): VFY: replacing opcode 0x6e at 0x00c8
I/dalvikvm(12376): Could not find method android.content.pm.PackageManager.getPackageInstaller, referenced from method com.google.android.gms.common.GooglePlayServicesUtil.zzh
W/dalvikvm(12376): VFY: unable to resolve virtual method 740: Landroid/content/pm/PackageManager;.getPackageInstaller ()Landroid/content/pm/PackageInstaller;
D/dalvikvm(12376): VFY: replacing opcode 0x6e at 0x000b
I/GMPM    (12376): App measurement is starting up
I/GAv4    (12376): Google Analytics 8.2.98 is starting up. To enable debug logging on a device run:
I/GAv4    (12376):   adb shell setprop log.tag.GAv4 DEBUG
I/GAv4    (12376):   adb logcat -s GAv4
D/WifiStateMachine( 1105): handleMessage: E msg.what=131155
D/WifiStateMachine( 1105): processMsg: ConnectedState
D/WifiStateMachine( 1105): processMsg: L2ConnectedState
D/WifiStateMachine( 1105): handleMessage: X
W/GAv4    (12376): CampaignTrackingReceiver is not registered, not exported or is disabled. Installation campaign tracking is not possible. See http://goo.gl/8Rd3yj for instructions.
D/LOADGENERATOR(12087): 
